58 #SUP: 2480
58 85 #SUP: 2480
38 #SUP: 2512
38 85 #SUP: 2512
38 90 #SUP: 2512
38 90 85 #SUP: 2512
38 90 34 #SUP: 2512
38 90 34 85 #SUP: 2512
38 90 34 86 #SUP: 2504
38 90 34 86 85 #SUP: 2504
38 90 86 #SUP: 2504
38 90 86 85 #SUP: 2504
38 34 #SUP: 2512
38 34 85 #SUP: 2512
38 34 86 #SUP: 2504
38 34 86 85 #SUP: 2504
38 86 #SUP: 2504
38 86 85 #SUP: 2504
9 #SUP: 2556
9 85 #SUP: 2556
94 #SUP: 2776
94 85 #SUP: 2776
94 53 #SUP: 2496
94 53 85 #SUP: 2496
94 53 90 #SUP: 2496
94 53 85 90 #SUP: 2496
94 53 34 #SUP: 2496
94 53 85 34 #SUP: 2496
94 53 90 34 #SUP: 2496
94 53 85 90 34 #SUP: 2496
94 53 86 #SUP: 2496
94 53 85 86 #SUP: 2496
94 53 90 86 #SUP: 2496
94 53 85 90 86 #SUP: 2496
94 53 34 86 #SUP: 2496
94 53 85 34 86 #SUP: 2496
94 53 90 34 86 #SUP: 2496
94 53 85 90 34 86 #SUP: 2496
94 53 24 #SUP: 2496
94 53 24 85 #SUP: 2496
94 53 24 90 #SUP: 2496
94 53 24 85 90 #SUP: 2496
94 53 24 34 #SUP: 2496
94 53 24 85 34 #SUP: 2496
94 53 24 90 34 #SUP: 2496
94 53 24 85 90 34 #SUP: 2496
94 53 24 86 #SUP: 2496
94 53 24 85 86 #SUP: 2496
94 53 24 90 86 #SUP: 2496
94 53 24 85 90 86 #SUP: 2496
94 53 24 34 86 #SUP: 2496
94 53 24 85 34 86 #SUP: 2496
94 53 24 90 34 86 #SUP: 2496
94 53 24 85 90 34 86 #SUP: 2496
94 24 #SUP: 2584
94 24 85 #SUP: 2584
94 24 90 #SUP: 2584
94 24 90 85 #SUP: 2584
94 24 90 34 #SUP: 2584
94 24 90 34 85 #SUP: 2584
94 24 90 34 86 #SUP: 2576
94 24 90 34 86 85 #SUP: 2576
94 24 90 86 #SUP: 2576
94 24 90 86 85 #SUP: 2576
94 24 34 #SUP: 2584
94 24 34 85 #SUP: 2584
94 24 34 86 #SUP: 2576
94 24 34 86 85 #SUP: 2576
94 24 86 #SUP: 2576
94 24 86 85 #SUP: 2576
94 90 #SUP: 2584
94 90 85 #SUP: 2584
94 90 34 #SUP: 2584
94 90 34 85 #SUP: 2584
94 90 34 86 #SUP: 2576
94 90 34 86 85 #SUP: 2576
94 90 86 #SUP: 2576
94 90 86 85 #SUP: 2576
94 34 #SUP: 2776
94 34 85 #SUP: 2776
94 34 86 #SUP: 2768
94 34 86 85 #SUP: 2768
94 86 #SUP: 2768
94 86 85 #SUP: 2768
116 #SUP: 3148
116 86 #SUP: 3148
116 85 #SUP: 3148
116 86 85 #SUP: 3148
116 56 #SUP: 2456
116 56 86 #SUP: 2456
116 56 85 #SUP: 2456
116 56 86 85 #SUP: 2456
116 56 34 #SUP: 2456
116 56 86 34 #SUP: 2456
116 56 85 34 #SUP: 2456
116 56 86 85 34 #SUP: 2456
116 56 90 #SUP: 2448
116 56 90 86 #SUP: 2448
116 56 90 85 #SUP: 2448
116 56 90 86 85 #SUP: 2448
116 56 90 34 #SUP: 2448
116 56 90 86 34 #SUP: 2448
116 56 90 85 34 #SUP: 2448
116 56 90 86 85 34 #SUP: 2448
116 36 #SUP: 2956
116 36 86 #SUP: 2956
116 36 85 #SUP: 2956
116 36 86 85 #SUP: 2956
116 36 90 #SUP: 2912
116 36 90 86 #SUP: 2912
116 36 90 85 #SUP: 2912
116 36 90 86 85 #SUP: 2912
116 36 90 34 #SUP: 2912
116 36 90 86 34 #SUP: 2912
116 36 90 85 34 #SUP: 2912
116 36 90 86 85 34 #SUP: 2912
116 36 34 #SUP: 2938
116 36 34 86 #SUP: 2938
116 36 34 85 #SUP: 2938
116 36 34 86 85 #SUP: 2938
116 90 #SUP: 3104
116 90 86 #SUP: 3104
116 90 85 #SUP: 3104
116 90 86 85 #SUP: 3104
116 90 34 #SUP: 3104
116 90 86 34 #SUP: 3104
116 90 85 34 #SUP: 3104
116 90 86 85 34 #SUP: 3104
116 34 #SUP: 3130
116 34 86 #SUP: 3130
116 34 85 #SUP: 3130
116 34 86 85 #SUP: 3130
6 #SUP: 3152
6 85 #SUP: 3152
6 36 #SUP: 2700
6 36 85 #SUP: 2700
6 36 90 #SUP: 2568
6 36 90 85 #SUP: 2568
6 36 90 34 #SUP: 2520
6 36 90 34 85 #SUP: 2520
6 36 90 34 86 #SUP: 2520
6 36 90 34 85 86 #SUP: 2520
6 36 90 86 #SUP: 2520
6 36 90 86 85 #SUP: 2520
6 36 34 #SUP: 2646
6 36 34 85 #SUP: 2646
6 36 34 86 #SUP: 2646
6 36 34 85 86 #SUP: 2646
6 36 86 #SUP: 2652
6 36 86 85 #SUP: 2652
6 90 #SUP: 3020
6 90 85 #SUP: 3020
6 90 34 #SUP: 2972
6 90 34 85 #SUP: 2972
6 90 34 86 #SUP: 2970
6 90 34 86 85 #SUP: 2970
6 90 86 #SUP: 2970
6 90 86 85 #SUP: 2970
6 34 #SUP: 3098
6 34 85 #SUP: 3098
6 34 86 #SUP: 3096
6 34 86 85 #SUP: 3096
6 86 #SUP: 3102
6 86 85 #SUP: 3102
10 #SUP: 3244
10 85 #SUP: 3244
10 36 #SUP: 3208
10 36 85 #SUP: 3208
10 36 86 #SUP: 3208
10 36 85 86 #SUP: 3208
10 36 90 #SUP: 3016
10 36 90 85 #SUP: 3016
10 36 90 86 #SUP: 3016
10 36 90 85 86 #SUP: 3016
10 36 90 34 #SUP: 3016
10 36 90 85 34 #SUP: 3016
10 36 90 86 34 #SUP: 3016
10 36 90 85 86 34 #SUP: 3016
10 36 34 #SUP: 3190
10 36 34 85 #SUP: 3190
10 36 34 86 #SUP: 3190
10 36 34 85 86 #SUP: 3190
10 90 #SUP: 3052
10 90 85 #SUP: 3052
10 90 34 #SUP: 3052
10 90 34 85 #SUP: 3052
10 90 34 86 #SUP: 3044
10 90 34 86 85 #SUP: 3044
10 90 86 #SUP: 3044
10 90 86 85 #SUP: 3044
10 34 #SUP: 3226
10 34 85 #SUP: 3226
10 34 86 #SUP: 3218
10 34 86 85 #SUP: 3218
10 86 #SUP: 3236
10 86 85 #SUP: 3236
23 #SUP: 3376
23 34 #SUP: 3376
23 86 #SUP: 3376
23 34 86 #SUP: 3376
23 85 #SUP: 3376
23 34 85 #SUP: 3376
23 86 85 #SUP: 3376
23 34 86 85 #SUP: 3376
23 93 #SUP: 3184
23 93 34 #SUP: 3184
23 93 86 #SUP: 3184
23 93 34 86 #SUP: 3184
23 93 85 #SUP: 3184
23 93 34 85 #SUP: 3184
23 93 86 85 #SUP: 3184
23 93 34 86 85 #SUP: 3184
23 93 2 #SUP: 2560
23 93 2 34 #SUP: 2560
23 93 2 86 #SUP: 2560
23 93 2 34 86 #SUP: 2560
23 93 2 85 #SUP: 2560
23 93 2 34 85 #SUP: 2560
23 93 2 86 85 #SUP: 2560
23 93 2 34 86 85 #SUP: 2560
23 93 2 59 #SUP: 2560
23 93 2 59 34 #SUP: 2560
23 93 2 59 86 #SUP: 2560
23 93 2 59 34 86 #SUP: 2560
23 93 2 59 85 #SUP: 2560
23 93 2 59 34 85 #SUP: 2560
23 93 2 59 86 85 #SUP: 2560
23 93 2 59 34 86 85 #SUP: 2560
23 93 2 59 39 #SUP: 2464
23 93 2 59 39 34 #SUP: 2464
23 93 2 59 39 86 #SUP: 2464
23 93 2 59 39 34 86 #SUP: 2464
23 93 2 59 39 85 #SUP: 2464
23 93 2 59 39 34 85 #SUP: 2464
23 93 2 59 39 86 85 #SUP: 2464
23 93 2 59 39 34 86 85 #SUP: 2464
23 93 2 59 39 36 #SUP: 2464
23 93 2 59 39 36 34 #SUP: 2464
23 93 2 59 39 36 86 #SUP: 2464
23 93 2 59 39 36 34 86 #SUP: 2464
23 93 2 59 39 36 85 #SUP: 2464
23 93 2 59 39 36 34 85 #SUP: 2464
23 93 2 59 39 36 86 85 #SUP: 2464
23 93 2 59 39 36 34 86 85 #SUP: 2464
23 93 2 59 36 #SUP: 2464
23 93 2 59 36 34 #SUP: 2464
23 93 2 59 36 86 #SUP: 2464
23 93 2 59 36 34 86 #SUP: 2464
23 93 2 59 36 85 #SUP: 2464
23 93 2 59 36 34 85 #SUP: 2464
23 93 2 59 36 86 85 #SUP: 2464
23 93 2 59 36 34 86 85 #SUP: 2464
23 93 2 59 90 #SUP: 2528
23 93 2 59 90 34 #SUP: 2528
23 93 2 59 90 86 #SUP: 2528
23 93 2 59 90 34 86 #SUP: 2528
23 93 2 59 90 85 #SUP: 2528
23 93 2 59 90 34 85 #SUP: 2528
23 93 2 59 90 86 85 #SUP: 2528
23 93 2 59 90 34 86 85 #SUP: 2528
23 93 2 39 #SUP: 2464
23 93 2 39 34 #SUP: 2464
23 93 2 39 86 #SUP: 2464
23 93 2 39 34 86 #SUP: 2464
23 93 2 39 85 #SUP: 2464
23 93 2 39 34 85 #SUP: 2464
23 93 2 39 86 85 #SUP: 2464
23 93 2 39 34 86 85 #SUP: 2464
23 93 2 39 36 #SUP: 2464
23 93 2 39 36 34 #SUP: 2464
23 93 2 39 36 86 #SUP: 2464
23 93 2 39 36 34 86 #SUP: 2464
23 93 2 39 36 85 #SUP: 2464
23 93 2 39 36 34 85 #SUP: 2464
23 93 2 39 36 86 85 #SUP: 2464
23 93 2 39 36 34 86 85 #SUP: 2464
23 93 2 36 #SUP: 2464
23 93 2 36 34 #SUP: 2464
23 93 2 36 86 #SUP: 2464
23 93 2 36 34 86 #SUP: 2464
23 93 2 36 85 #SUP: 2464
23 93 2 36 34 85 #SUP: 2464
23 93 2 36 86 85 #SUP: 2464
23 93 2 36 34 86 85 #SUP: 2464
23 93 2 90 #SUP: 2528
23 93 2 90 34 #SUP: 2528
23 93 2 90 86 #SUP: 2528
23 93 2 90 34 86 #SUP: 2528
23 93 2 90 85 #SUP: 2528
23 93 2 90 34 85 #SUP: 2528
23 93 2 90 86 85 #SUP: 2528
23 93 2 90 34 86 85 #SUP: 2528
23 93 63 #SUP: 2848
23 93 63 34 #SUP: 2848
23 93 63 86 #SUP: 2848
23 93 63 34 86 #SUP: 2848
23 93 63 85 #SUP: 2848
23 93 63 34 85 #SUP: 2848
23 93 63 86 85 #SUP: 2848
23 93 63 34 86 85 #SUP: 2848
23 93 63 59 #SUP: 2776
23 93 63 59 34 #SUP: 2776
23 93 63 59 86 #SUP: 2776
23 93 63 59 34 86 #SUP: 2776
23 93 63 59 85 #SUP: 2776
23 93 63 59 34 85 #SUP: 2776
23 93 63 59 86 85 #SUP: 2776
23 93 63 59 34 86 85 #SUP: 2776
23 93 63 59 36 #SUP: 2672
23 93 63 59 36 34 #SUP: 2672
23 93 63 59 36 86 #SUP: 2672
23 93 63 59 36 34 86 #SUP: 2672
23 93 63 59 36 85 #SUP: 2672
23 93 63 59 36 34 85 #SUP: 2672
23 93 63 59 36 86 85 #SUP: 2672
23 93 63 59 36 34 86 85 #SUP: 2672
23 93 63 59 36 90 #SUP: 2568
23 93 63 59 36 90 34 #SUP: 2568
23 93 63 59 36 90 86 #SUP: 2568
23 93 63 59 36 90 34 86 #SUP: 2568
23 93 63 59 36 90 85 #SUP: 2568
23 93 63 59 36 90 34 85 #SUP: 2568
23 93 63 59 36 90 86 85 #SUP: 2568
23 93 63 59 36 90 34 86 85 #SUP: 2568
23 93 63 59 90 #SUP: 2672
23 93 63 59 90 34 #SUP: 2672
23 93 63 59 90 86 #SUP: 2672
23 93 63 59 90 34 86 #SUP: 2672
23 93 63 59 90 85 #SUP: 2672
23 93 63 59 90 34 85 #SUP: 2672
23 93 63 59 90 86 85 #SUP: 2672
23 93 63 59 90 34 86 85 #SUP: 2672
23 93 63 39 #SUP: 2488
23 93 63 39 34 #SUP: 2488
23 93 63 39 86 #SUP: 2488
23 93 63 39 34 86 #SUP: 2488
23 93 63 39 85 #SUP: 2488
23 93 63 39 34 85 #SUP: 2488
23 93 63 39 86 85 #SUP: 2488
23 93 63 39 34 86 85 #SUP: 2488
23 93 63 39 36 #SUP: 2488
23 93 63 39 36 34 #SUP: 2488
23 93 63 39 36 86 #SUP: 2488
23 93 63 39 36 34 86 #SUP: 2488
23 93 63 39 36 85 #SUP: 2488
23 93 63 39 36 34 85 #SUP: 2488
23 93 63 39 36 86 85 #SUP: 2488
23 93 63 39 36 34 86 85 #SUP: 2488
23 93 63 36 #SUP: 2744
23 93 63 36 34 #SUP: 2744
23 93 63 36 86 #SUP: 2744
23 93 63 36 34 86 #SUP: 2744
23 93 63 36 85 #SUP: 2744
23 93 63 36 34 85 #SUP: 2744
23 93 63 36 86 85 #SUP: 2744
23 93 63 36 34 86 85 #SUP: 2744
23 93 63 36 90 #SUP: 2640
23 93 63 36 90 34 #SUP: 2640
23 93 63 36 90 86 #SUP: 2640
23 93 63 36 90 34 86 #SUP: 2640
23 93 63 36 90 85 #SUP: 2640
23 93 63 36 90 34 85 #SUP: 2640
23 93 63 36 90 86 85 #SUP: 2640
23 93 63 36 90 34 86 85 #SUP: 2640
23 93 63 90 #SUP: 2744
23 93 63 90 34 #SUP: 2744
23 93 63 90 86 #SUP: 2744
23 93 63 90 34 86 #SUP: 2744
23 93 63 90 85 #SUP: 2744
23 93 63 90 34 85 #SUP: 2744
23 93 63 90 86 85 #SUP: 2744
23 93 63 90 34 86 85 #SUP: 2744
23 93 59 #SUP: 3040
23 93 59 34 #SUP: 3040
23 93 59 86 #SUP: 3040
23 93 59 34 86 #SUP: 3040
23 93 59 85 #SUP: 3040
23 93 59 34 85 #SUP: 3040
23 93 59 86 85 #SUP: 3040
23 93 59 34 86 85 #SUP: 3040
23 93 59 39 #SUP: 2680
23 93 59 39 34 #SUP: 2680
23 93 59 39 86 #SUP: 2680
23 93 59 39 34 86 #SUP: 2680
23 93 59 39 85 #SUP: 2680
23 93 59 39 34 85 #SUP: 2680
23 93 59 39 86 85 #SUP: 2680
23 93 59 39 34 86 85 #SUP: 2680
23 93 59 39 36 #SUP: 2680
23 93 59 39 36 34 #SUP: 2680
23 93 59 39 36 86 #SUP: 2680
23 93 59 39 36 34 86 #SUP: 2680
23 93 59 39 36 85 #SUP: 2680
23 93 59 39 36 34 85 #SUP: 2680
23 93 59 39 36 86 85 #SUP: 2680
23 93 59 39 36 34 86 85 #SUP: 2680
23 93 59 39 36 90 #SUP: 2576
23 93 59 39 36 90 34 #SUP: 2576
23 93 59 39 36 90 86 #SUP: 2576
23 93 59 39 36 90 34 86 #SUP: 2576
23 93 59 39 36 90 85 #SUP: 2576
23 93 59 39 36 90 34 85 #SUP: 2576
23 93 59 39 36 90 86 85 #SUP: 2576
23 93 59 39 36 90 34 86 85 #SUP: 2576
23 93 59 39 90 #SUP: 2576
23 93 59 39 90 34 #SUP: 2576
23 93 59 39 90 86 #SUP: 2576
23 93 59 39 90 34 86 #SUP: 2576
23 93 59 39 90 85 #SUP: 2576
23 93 59 39 90 34 85 #SUP: 2576
23 93 59 39 90 86 85 #SUP: 2576
23 93 59 39 90 34 86 85 #SUP: 2576
23 93 59 36 #SUP: 2936
23 93 59 36 34 #SUP: 2936
23 93 59 36 86 #SUP: 2936
23 93 59 36 34 86 #SUP: 2936
23 93 59 36 85 #SUP: 2936
23 93 59 36 34 85 #SUP: 2936
23 93 59 36 86 85 #SUP: 2936
23 93 59 36 34 86 85 #SUP: 2936
23 93 59 36 90 #SUP: 2832
23 93 59 36 90 34 #SUP: 2832
23 93 59 36 90 86 #SUP: 2832
23 93 59 36 90 34 86 #SUP: 2832
23 93 59 36 90 85 #SUP: 2832
23 93 59 36 90 34 85 #SUP: 2832
23 93 59 36 90 86 85 #SUP: 2832
23 93 59 36 90 34 86 85 #SUP: 2832
23 93 59 90 #SUP: 2936
23 93 59 90 34 #SUP: 2936
23 93 59 90 86 #SUP: 2936
23 93 59 90 34 86 #SUP: 2936
23 93 59 90 85 #SUP: 2936
23 93 59 90 34 85 #SUP: 2936
23 93 59 90 86 85 #SUP: 2936
23 93 59 90 34 86 85 #SUP: 2936
23 93 39 #SUP: 2824
23 93 39 34 #SUP: 2824
23 93 39 86 #SUP: 2824
23 93 39 34 86 #SUP: 2824
23 93 39 85 #SUP: 2824
23 93 39 34 85 #SUP: 2824
23 93 39 86 85 #SUP: 2824
23 93 39 34 86 85 #SUP: 2824
23 93 39 36 #SUP: 2824
23 93 39 36 34 #SUP: 2824
23 93 39 36 86 #SUP: 2824
23 93 39 36 34 86 #SUP: 2824
23 93 39 36 85 #SUP: 2824
23 93 39 36 34 85 #SUP: 2824
23 93 39 36 86 85 #SUP: 2824
23 93 39 36 34 86 85 #SUP: 2824
23 93 39 36 90 #SUP: 2720
23 93 39 36 90 34 #SUP: 2720
23 93 39 36 90 86 #SUP: 2720
23 93 39 36 90 34 86 #SUP: 2720
23 93 39 36 90 85 #SUP: 2720
23 93 39 36 90 34 85 #SUP: 2720
23 93 39 36 90 86 85 #SUP: 2720
23 93 39 36 90 34 86 85 #SUP: 2720
23 93 39 90 #SUP: 2720
23 93 39 90 34 #SUP: 2720
23 93 39 90 86 #SUP: 2720
23 93 39 90 34 86 #SUP: 2720
23 93 39 90 85 #SUP: 2720
23 93 39 90 34 85 #SUP: 2720
23 93 39 90 86 85 #SUP: 2720
23 93 39 90 34 86 85 #SUP: 2720
23 93 36 #SUP: 3080
23 93 36 34 #SUP: 3080
23 93 36 86 #SUP: 3080
23 93 36 34 86 #SUP: 3080
23 93 36 85 #SUP: 3080
23 93 36 34 85 #SUP: 3080
23 93 36 86 85 #SUP: 3080
23 93 36 34 86 85 #SUP: 3080
23 93 36 90 #SUP: 2976
23 93 36 90 34 #SUP: 2976
23 93 36 90 86 #SUP: 2976
23 93 36 90 34 86 #SUP: 2976
23 93 36 90 85 #SUP: 2976
23 93 36 90 34 85 #SUP: 2976
23 93 36 90 86 85 #SUP: 2976
23 93 36 90 34 86 85 #SUP: 2976
23 93 90 #SUP: 3080
23 93 90 34 #SUP: 3080
23 93 90 86 #SUP: 3080
23 93 90 34 86 #SUP: 3080
23 93 90 85 #SUP: 3080
23 93 90 34 85 #SUP: 3080
23 93 90 86 85 #SUP: 3080
23 93 90 34 86 85 #SUP: 3080
23 2 #SUP: 2752
23 2 34 #SUP: 2752
23 2 86 #SUP: 2752
23 2 34 86 #SUP: 2752
23 2 85 #SUP: 2752
23 2 34 85 #SUP: 2752
23 2 86 85 #SUP: 2752
23 2 34 86 85 #SUP: 2752
23 2 63 #SUP: 2560
23 2 63 34 #SUP: 2560
23 2 63 86 #SUP: 2560
23 2 63 34 86 #SUP: 2560
23 2 63 85 #SUP: 2560
23 2 63 34 85 #SUP: 2560
23 2 63 86 85 #SUP: 2560
23 2 63 34 86 85 #SUP: 2560
23 2 63 59 #SUP: 2560
23 2 63 59 34 #SUP: 2560
23 2 63 59 86 #SUP: 2560
23 2 63 59 34 86 #SUP: 2560
23 2 63 59 85 #SUP: 2560
23 2 63 59 34 85 #SUP: 2560
23 2 63 59 86 85 #SUP: 2560
23 2 63 59 34 86 85 #SUP: 2560
23 2 63 59 39 #SUP: 2464
23 2 63 59 39 34 #SUP: 2464
23 2 63 59 39 86 #SUP: 2464
23 2 63 59 39 34 86 #SUP: 2464
23 2 63 59 39 85 #SUP: 2464
23 2 63 59 39 34 85 #SUP: 2464
23 2 63 59 39 86 85 #SUP: 2464
23 2 63 59 39 34 86 85 #SUP: 2464
23 2 63 59 39 36 #SUP: 2464
23 2 63 59 39 36 34 #SUP: 2464
23 2 63 59 39 36 86 #SUP: 2464
23 2 63 59 39 36 34 86 #SUP: 2464
23 2 63 59 39 36 85 #SUP: 2464
23 2 63 59 39 36 34 85 #SUP: 2464
23 2 63 59 39 36 86 85 #SUP: 2464
23 2 63 59 39 36 34 86 85 #SUP: 2464
23 2 63 59 36 #SUP: 2464
23 2 63 59 36 34 #SUP: 2464
23 2 63 59 36 86 #SUP: 2464
23 2 63 59 36 34 86 #SUP: 2464
23 2 63 59 36 85 #SUP: 2464
23 2 63 59 36 34 85 #SUP: 2464
23 2 63 59 36 86 85 #SUP: 2464
23 2 63 59 36 34 86 85 #SUP: 2464
23 2 63 39 #SUP: 2464
23 2 63 39 34 #SUP: 2464
23 2 63 39 86 #SUP: 2464
23 2 63 39 34 86 #SUP: 2464
23 2 63 39 85 #SUP: 2464
23 2 63 39 34 85 #SUP: 2464
23 2 63 39 86 85 #SUP: 2464
23 2 63 39 34 86 85 #SUP: 2464
23 2 63 39 36 #SUP: 2464
23 2 63 39 36 34 #SUP: 2464
23 2 63 39 36 86 #SUP: 2464
23 2 63 39 36 34 86 #SUP: 2464
23 2 63 39 36 85 #SUP: 2464
23 2 63 39 36 34 85 #SUP: 2464
23 2 63 39 36 86 85 #SUP: 2464
23 2 63 39 36 34 86 85 #SUP: 2464
23 2 63 36 #SUP: 2464
23 2 63 36 34 #SUP: 2464
23 2 63 36 86 #SUP: 2464
23 2 63 36 34 86 #SUP: 2464
23 2 63 36 85 #SUP: 2464
23 2 63 36 34 85 #SUP: 2464
23 2 63 36 86 85 #SUP: 2464
23 2 63 36 34 86 85 #SUP: 2464
23 2 59 #SUP: 2752
23 2 59 34 #SUP: 2752
23 2 59 86 #SUP: 2752
23 2 59 34 86 #SUP: 2752
23 2 59 85 #SUP: 2752
23 2 59 34 85 #SUP: 2752
23 2 59 86 85 #SUP: 2752
23 2 59 34 86 85 #SUP: 2752
23 2 59 39 #SUP: 2656
23 2 59 39 34 #SUP: 2656
23 2 59 39 86 #SUP: 2656
23 2 59 39 34 86 #SUP: 2656
23 2 59 39 85 #SUP: 2656
23 2 59 39 34 85 #SUP: 2656
23 2 59 39 86 85 #SUP: 2656
23 2 59 39 34 86 85 #SUP: 2656
23 2 59 39 36 #SUP: 2656
23 2 59 39 36 34 #SUP: 2656
23 2 59 39 36 86 #SUP: 2656
23 2 59 39 36 34 86 #SUP: 2656
23 2 59 39 36 85 #SUP: 2656
23 2 59 39 36 34 85 #SUP: 2656
23 2 59 39 36 86 85 #SUP: 2656
23 2 59 39 36 34 86 85 #SUP: 2656
23 2 59 36 #SUP: 2656
23 2 59 36 34 #SUP: 2656
23 2 59 36 86 #SUP: 2656
23 2 59 36 34 86 #SUP: 2656
23 2 59 36 85 #SUP: 2656
23 2 59 36 34 85 #SUP: 2656
23 2 59 36 86 85 #SUP: 2656
23 2 59 36 34 86 85 #SUP: 2656
23 2 59 90 #SUP: 2528
23 2 59 90 34 #SUP: 2528
23 2 59 90 86 #SUP: 2528
23 2 59 90 34 86 #SUP: 2528
23 2 59 90 85 #SUP: 2528
23 2 59 90 34 85 #SUP: 2528
23 2 59 90 86 85 #SUP: 2528
23 2 59 90 34 86 85 #SUP: 2528
23 2 39 #SUP: 2656
23 2 39 34 #SUP: 2656
23 2 39 86 #SUP: 2656
23 2 39 34 86 #SUP: 2656
23 2 39 85 #SUP: 2656
23 2 39 34 85 #SUP: 2656
23 2 39 86 85 #SUP: 2656
23 2 39 34 86 85 #SUP: 2656
23 2 39 36 #SUP: 2656
23 2 39 36 34 #SUP: 2656
23 2 39 36 86 #SUP: 2656
23 2 39 36 34 86 #SUP: 2656
23 2 39 36 85 #SUP: 2656
23 2 39 36 34 85 #SUP: 2656
23 2 39 36 86 85 #SUP: 2656
23 2 39 36 34 86 85 #SUP: 2656
23 2 36 #SUP: 2656
23 2 36 34 #SUP: 2656
23 2 36 86 #SUP: 2656
23 2 36 34 86 #SUP: 2656
23 2 36 85 #SUP: 2656
23 2 36 34 85 #SUP: 2656
23 2 36 86 85 #SUP: 2656
23 2 36 34 86 85 #SUP: 2656
23 2 90 #SUP: 2528
23 2 90 34 #SUP: 2528
23 2 90 86 #SUP: 2528
23 2 90 34 86 #SUP: 2528
23 2 90 85 #SUP: 2528
23 2 90 34 85 #SUP: 2528
23 2 90 86 85 #SUP: 2528
23 2 90 34 86 85 #SUP: 2528
23 63 #SUP: 3040
23 63 34 #SUP: 3040
23 63 86 #SUP: 3040
23 63 34 86 #SUP: 3040
23 63 85 #SUP: 3040
23 63 34 85 #SUP: 3040
23 63 86 85 #SUP: 3040
23 63 34 86 85 #SUP: 3040
23 63 59 #SUP: 2968
23 63 59 34 #SUP: 2968
23 63 59 86 #SUP: 2968
23 63 59 34 86 #SUP: 2968
23 63 59 85 #SUP: 2968
23 63 59 34 85 #SUP: 2968
23 63 59 86 85 #SUP: 2968
23 63 59 34 86 85 #SUP: 2968
23 63 59 39 #SUP: 2608
23 63 59 39 34 #SUP: 2608
23 63 59 39 86 #SUP: 2608
23 63 59 39 34 86 #SUP: 2608
23 63 59 39 85 #SUP: 2608
23 63 59 39 34 85 #SUP: 2608
23 63 59 39 86 85 #SUP: 2608
23 63 59 39 34 86 85 #SUP: 2608
23 63 59 39 36 #SUP: 2608
23 63 59 39 36 34 #SUP: 2608
23 63 59 39 36 86 #SUP: 2608
23 63 59 39 36 34 86 #SUP: 2608
23 63 59 39 36 85 #SUP: 2608
23 63 59 39 36 34 85 #SUP: 2608
23 63 59 39 36 86 85 #SUP: 2608
23 63 59 39 36 34 86 85 #SUP: 2608
23 63 59 36 #SUP: 2864
23 63 59 36 34 #SUP: 2864
23 63 59 36 86 #SUP: 2864
23 63 59 36 34 86 #SUP: 2864
23 63 59 36 85 #SUP: 2864
23 63 59 36 34 85 #SUP: 2864
23 63 59 36 86 85 #SUP: 2864
23 63 59 36 34 86 85 #SUP: 2864
23 63 59 36 90 #SUP: 2568
23 63 59 36 90 34 #SUP: 2568
23 63 59 36 90 86 #SUP: 2568
23 63 59 36 90 34 86 #SUP: 2568
23 63 59 36 90 85 #SUP: 2568
23 63 59 36 90 34 85 #SUP: 2568
23 63 59 36 90 86 85 #SUP: 2568
23 63 59 36 90 34 86 85 #SUP: 2568
23 63 59 90 #SUP: 2672
23 63 59 90 34 #SUP: 2672
23 63 59 90 86 #SUP: 2672
23 63 59 90 34 86 #SUP: 2672
23 63 59 90 85 #SUP: 2672
23 63 59 90 34 85 #SUP: 2672
23 63 59 90 86 85 #SUP: 2672
23 63 59 90 34 86 85 #SUP: 2672
23 63 39 #SUP: 2680
23 63 39 34 #SUP: 2680
23 63 39 86 #SUP: 2680
23 63 39 34 86 #SUP: 2680
23 63 39 85 #SUP: 2680
23 63 39 34 85 #SUP: 2680
23 63 39 86 85 #SUP: 2680
23 63 39 34 86 85 #SUP: 2680
23 63 39 36 #SUP: 2680
23 63 39 36 34 #SUP: 2680
23 63 39 36 86 #SUP: 2680
23 63 39 36 34 86 #SUP: 2680
23 63 39 36 85 #SUP: 2680
23 63 39 36 34 85 #SUP: 2680
23 63 39 36 86 85 #SUP: 2680
23 63 39 36 34 86 85 #SUP: 2680
23 63 36 #SUP: 2936
23 63 36 34 #SUP: 2936
23 63 36 86 #SUP: 2936
23 63 36 34 86 #SUP: 2936
23 63 36 85 #SUP: 2936
23 63 36 34 85 #SUP: 2936
23 63 36 86 85 #SUP: 2936
23 63 36 34 86 85 #SUP: 2936
23 63 36 90 #SUP: 2640
23 63 36 90 34 #SUP: 2640
23 63 36 90 86 #SUP: 2640
23 63 36 90 34 86 #SUP: 2640
23 63 36 90 85 #SUP: 2640
23 63 36 90 34 85 #SUP: 2640
23 63 36 90 86 85 #SUP: 2640
23 63 36 90 34 86 85 #SUP: 2640
23 63 90 #SUP: 2744
23 63 90 34 #SUP: 2744
23 63 90 86 #SUP: 2744
23 63 90 34 86 #SUP: 2744
23 63 90 85 #SUP: 2744
23 63 90 34 85 #SUP: 2744
23 63 90 86 85 #SUP: 2744
23 63 90 34 86 85 #SUP: 2744
23 59 #SUP: 3232
23 59 34 #SUP: 3232
23 59 86 #SUP: 3232
23 59 34 86 #SUP: 3232
23 59 85 #SUP: 3232
23 59 34 85 #SUP: 3232
23 59 86 85 #SUP: 3232
23 59 34 86 85 #SUP: 3232
23 59 39 #SUP: 2872
23 59 39 34 #SUP: 2872
23 59 39 86 #SUP: 2872
23 59 39 34 86 #SUP: 2872
23 59 39 85 #SUP: 2872
23 59 39 34 85 #SUP: 2872
23 59 39 86 85 #SUP: 2872
23 59 39 34 86 85 #SUP: 2872
23 59 39 36 #SUP: 2872
23 59 39 36 34 #SUP: 2872
23 59 39 36 86 #SUP: 2872
23 59 39 36 34 86 #SUP: 2872
23 59 39 36 85 #SUP: 2872
23 59 39 36 34 85 #SUP: 2872
23 59 39 36 86 85 #SUP: 2872
23 59 39 36 34 86 85 #SUP: 2872
23 59 39 36 90 #SUP: 2576
23 59 39 36 90 34 #SUP: 2576
23 59 39 36 90 86 #SUP: 2576
23 59 39 36 90 34 86 #SUP: 2576
23 59 39 36 90 85 #SUP: 2576
23 59 39 36 90 34 85 #SUP: 2576
23 59 39 36 90 86 85 #SUP: 2576
23 59 39 36 90 34 86 85 #SUP: 2576
23 59 39 90 #SUP: 2576
23 59 39 90 34 #SUP: 2576
23 59 39 90 86 #SUP: 2576
23 59 39 90 34 86 #SUP: 2576
23 59 39 90 85 #SUP: 2576
23 59 39 90 34 85 #SUP: 2576
23 59 39 90 86 85 #SUP: 2576
23 59 39 90 34 86 85 #SUP: 2576
23 59 36 #SUP: 3128
23 59 36 34 #SUP: 3128
23 59 36 86 #SUP: 3128
23 59 36 34 86 #SUP: 3128
23 59 36 85 #SUP: 3128
23 59 36 34 85 #SUP: 3128
23 59 36 86 85 #SUP: 3128
23 59 36 34 86 85 #SUP: 3128
23 59 36 90 #SUP: 2832
23 59 36 90 34 #SUP: 2832
23 59 36 90 86 #SUP: 2832
23 59 36 90 34 86 #SUP: 2832
23 59 36 90 85 #SUP: 2832
23 59 36 90 34 85 #SUP: 2832
23 59 36 90 86 85 #SUP: 2832
23 59 36 90 34 86 85 #SUP: 2832
23 59 90 #SUP: 2936
23 59 90 34 #SUP: 2936
23 59 90 86 #SUP: 2936
23 59 90 34 86 #SUP: 2936
23 59 90 85 #SUP: 2936
23 59 90 34 85 #SUP: 2936
23 59 90 86 85 #SUP: 2936
23 59 90 34 86 85 #SUP: 2936
23 39 #SUP: 3016
23 39 34 #SUP: 3016
23 39 86 #SUP: 3016
23 39 34 86 #SUP: 3016
23 39 85 #SUP: 3016
23 39 34 85 #SUP: 3016
23 39 86 85 #SUP: 3016
23 39 34 86 85 #SUP: 3016
23 39 36 #SUP: 3016
23 39 36 34 #SUP: 3016
23 39 36 86 #SUP: 3016
23 39 36 34 86 #SUP: 3016
23 39 36 85 #SUP: 3016
23 39 36 34 85 #SUP: 3016
23 39 36 86 85 #SUP: 3016
23 39 36 34 86 85 #SUP: 3016
23 39 36 90 #SUP: 2720
23 39 36 90 34 #SUP: 2720
23 39 36 90 86 #SUP: 2720
23 39 36 90 34 86 #SUP: 2720
23 39 36 90 85 #SUP: 2720
23 39 36 90 34 85 #SUP: 2720
23 39 36 90 86 85 #SUP: 2720
23 39 36 90 34 86 85 #SUP: 2720
23 39 90 #SUP: 2720
23 39 90 34 #SUP: 2720
23 39 90 86 #SUP: 2720
23 39 90 34 86 #SUP: 2720
23 39 90 85 #SUP: 2720
23 39 90 34 85 #SUP: 2720
23 39 90 86 85 #SUP: 2720
23 39 90 34 86 85 #SUP: 2720
23 36 #SUP: 3272
23 36 34 #SUP: 3272
23 36 86 #SUP: 3272
23 36 34 86 #SUP: 3272
23 36 85 #SUP: 3272
23 36 34 85 #SUP: 3272
23 36 86 85 #SUP: 3272
23 36 34 86 85 #SUP: 3272
23 36 90 #SUP: 2976
23 36 90 34 #SUP: 2976
23 36 90 86 #SUP: 2976
23 36 90 34 86 #SUP: 2976
23 36 90 85 #SUP: 2976
23 36 90 34 85 #SUP: 2976
23 36 90 86 85 #SUP: 2976
23 36 90 34 86 85 #SUP: 2976
23 90 #SUP: 3080
23 90 34 #SUP: 3080
23 90 86 #SUP: 3080
23 90 34 86 #SUP: 3080
23 90 85 #SUP: 3080
23 90 34 85 #SUP: 3080
23 90 86 85 #SUP: 3080
23 90 34 86 85 #SUP: 3080
52 #SUP: 3516
52 85 #SUP: 3516
52 39 #SUP: 2828
52 39 85 #SUP: 2828
52 39 36 #SUP: 2540
52 39 36 85 #SUP: 2540
52 39 34 #SUP: 2618
52 39 34 85 #SUP: 2618
52 39 34 86 #SUP: 2618
52 39 34 85 86 #SUP: 2618
52 39 86 #SUP: 2636
52 39 86 85 #SUP: 2636
52 36 #SUP: 3068
52 36 85 #SUP: 3068
52 36 90 #SUP: 2720
52 36 90 85 #SUP: 2720
52 36 90 34 #SUP: 2528
52 36 90 34 85 #SUP: 2528
52 36 90 34 86 #SUP: 2528
52 36 90 34 85 86 #SUP: 2528
52 36 90 86 #SUP: 2528
52 36 90 86 85 #SUP: 2528
52 36 34 #SUP: 2858
52 36 34 85 #SUP: 2858
52 36 34 86 #SUP: 2858
52 36 34 85 86 #SUP: 2858
52 36 86 #SUP: 2876
52 36 86 85 #SUP: 2876
52 90 #SUP: 2880
52 90 85 #SUP: 2880
52 90 34 #SUP: 2688
52 90 34 85 #SUP: 2688
52 90 34 86 #SUP: 2680
52 90 34 86 85 #SUP: 2680
52 90 86 #SUP: 2680
52 90 86 85 #SUP: 2680
52 34 #SUP: 3306
52 34 85 #SUP: 3306
52 34 86 #SUP: 3298
52 34 86 85 #SUP: 3298
52 86 #SUP: 3316
52 86 85 #SUP: 3316
28 #SUP: 3528
28 85 #SUP: 3528
28 2 #SUP: 3408
28 2 85 #SUP: 3408
28 2 53 #SUP: 2496
28 2 53 85 #SUP: 2496
28 2 53 90 #SUP: 2496
28 2 53 85 90 #SUP: 2496
28 2 53 34 #SUP: 2496
28 2 53 85 34 #SUP: 2496
28 2 53 90 34 #SUP: 2496
28 2 53 85 90 34 #SUP: 2496
28 2 53 86 #SUP: 2496
28 2 53 85 86 #SUP: 2496
28 2 53 90 86 #SUP: 2496
28 2 53 85 90 86 #SUP: 2496
28 2 53 34 86 #SUP: 2496
28 2 53 85 34 86 #SUP: 2496
28 2 53 90 34 86 #SUP: 2496
28 2 53 85 90 34 86 #SUP: 2496
28 2 53 39 #SUP: 2496
28 2 53 39 85 #SUP: 2496
28 2 53 39 90 #SUP: 2496
28 2 53 39 85 90 #SUP: 2496
28 2 53 39 34 #SUP: 2496
28 2 53 39 85 34 #SUP: 2496
28 2 53 39 90 34 #SUP: 2496
28 2 53 39 85 90 34 #SUP: 2496
28 2 53 39 86 #SUP: 2496
28 2 53 39 85 86 #SUP: 2496
28 2 53 39 90 86 #SUP: 2496
28 2 53 39 85 90 86 #SUP: 2496
28 2 53 39 34 86 #SUP: 2496
28 2 53 39 85 34 86 #SUP: 2496
28 2 53 39 90 34 86 #SUP: 2496
28 2 53 39 85 90 34 86 #SUP: 2496
28 2 63 #SUP: 2792
28 2 63 85 #SUP: 2792
28 2 63 59 #SUP: 2516
28 2 63 59 85 #SUP: 2516
28 2 63 39 #SUP: 2672
28 2 63 39 85 #SUP: 2672
28 2 63 39 34 #SUP: 2480
28 2 63 39 34 85 #SUP: 2480
28 2 63 39 34 86 #SUP: 2480
28 2 63 39 34 85 86 #SUP: 2480
28 2 63 39 86 #SUP: 2480
28 2 63 39 86 85 #SUP: 2480
28 2 63 34 #SUP: 2600
28 2 63 34 85 #SUP: 2600
28 2 63 34 86 #SUP: 2600
28 2 63 34 85 86 #SUP: 2600
28 2 63 86 #SUP: 2600
28 2 63 86 85 #SUP: 2600
28 2 59 #SUP: 2840
28 2 59 85 #SUP: 2840
28 2 59 39 #SUP: 2672
28 2 59 39 85 #SUP: 2672
28 2 59 39 34 #SUP: 2480
28 2 59 39 34 85 #SUP: 2480
28 2 59 39 34 86 #SUP: 2480
28 2 59 39 34 85 86 #SUP: 2480
28 2 59 39 86 #SUP: 2480
28 2 59 39 86 85 #SUP: 2480
28 2 59 90 #SUP: 2472
28 2 59 90 85 #SUP: 2472
28 2 59 34 #SUP: 2648
28 2 59 34 85 #SUP: 2648
28 2 59 34 86 #SUP: 2648
28 2 59 34 85 86 #SUP: 2648
28 2 59 86 #SUP: 2648
28 2 59 86 85 #SUP: 2648
28 2 39 #SUP: 3216
28 2 39 85 #SUP: 3216
28 2 39 90 #SUP: 2688
28 2 39 90 85 #SUP: 2688
28 2 39 90 34 #SUP: 2496
28 2 39 90 34 85 #SUP: 2496
28 2 39 90 34 86 #SUP: 2496
28 2 39 90 34 85 86 #SUP: 2496
28 2 39 90 86 #SUP: 2496
28 2 39 90 86 85 #SUP: 2496
28 2 39 34 #SUP: 3024
28 2 39 34 85 #SUP: 3024
28 2 39 34 86 #SUP: 3024
28 2 39 34 85 86 #SUP: 3024
28 2 39 86 #SUP: 3024
28 2 39 86 85 #SUP: 3024
28 2 90 #SUP: 2880
28 2 90 85 #SUP: 2880
28 2 90 34 #SUP: 2688
28 2 90 34 85 #SUP: 2688
28 2 90 34 86 #SUP: 2688
28 2 90 34 85 86 #SUP: 2688
28 2 90 86 #SUP: 2688
28 2 90 86 85 #SUP: 2688
28 2 34 #SUP: 3216
28 2 34 85 #SUP: 3216
28 2 34 86 #SUP: 3216
28 2 34 85 86 #SUP: 3216
28 2 86 #SUP: 3216
28 2 86 85 #SUP: 3216
28 53 #SUP: 2496
28 53 85 #SUP: 2496
28 53 90 #SUP: 2496
28 53 85 90 #SUP: 2496
28 53 34 #SUP: 2496
28 53 85 34 #SUP: 2496
28 53 90 34 #SUP: 2496
28 53 85 90 34 #SUP: 2496
28 53 86 #SUP: 2496
28 53 85 86 #SUP: 2496
28 53 90 86 #SUP: 2496
28 53 85 90 86 #SUP: 2496
28 53 34 86 #SUP: 2496
28 53 85 34 86 #SUP: 2496
28 53 90 34 86 #SUP: 2496
28 53 85 90 34 86 #SUP: 2496
28 53 39 #SUP: 2496
28 53 39 85 #SUP: 2496
28 53 39 90 #SUP: 2496
28 53 39 85 90 #SUP: 2496
28 53 39 34 #SUP: 2496
28 53 39 85 34 #SUP: 2496
28 53 39 90 34 #SUP: 2496
28 53 39 85 90 34 #SUP: 2496
28 53 39 86 #SUP: 2496
28 53 39 85 86 #SUP: 2496
28 53 39 90 86 #SUP: 2496
28 53 39 85 90 86 #SUP: 2496
28 53 39 34 86 #SUP: 2496
28 53 39 85 34 86 #SUP: 2496
28 53 39 90 34 86 #SUP: 2496
28 53 39 85 90 34 86 #SUP: 2496
28 63 #SUP: 2872
28 63 85 #SUP: 2872
28 63 59 #SUP: 2596
28 63 59 85 #SUP: 2596
28 63 59 39 #SUP: 2480
28 63 59 39 85 #SUP: 2480
28 63 39 #SUP: 2744
28 63 39 85 #SUP: 2744
28 63 39 34 #SUP: 2552
28 63 39 34 85 #SUP: 2552
28 63 39 34 86 #SUP: 2552
28 63 39 34 85 86 #SUP: 2552
28 63 39 86 #SUP: 2552
28 63 39 86 85 #SUP: 2552
28 63 34 #SUP: 2680
28 63 34 85 #SUP: 2680
28 63 34 86 #SUP: 2680
28 63 34 85 86 #SUP: 2680
28 63 86 #SUP: 2680
28 63 86 85 #SUP: 2680
28 59 #SUP: 2920
28 59 85 #SUP: 2920
28 59 39 #SUP: 2744
28 59 39 85 #SUP: 2744
28 59 39 34 #SUP: 2552
28 59 39 34 85 #SUP: 2552
28 59 39 34 86 #SUP: 2552
28 59 39 34 85 86 #SUP: 2552
28 59 39 86 #SUP: 2552
28 59 39 86 85 #SUP: 2552
28 59 90 #SUP: 2480
28 59 90 85 #SUP: 2480
28 59 34 #SUP: 2728
28 59 34 85 #SUP: 2728
28 59 34 86 #SUP: 2728
28 59 34 85 86 #SUP: 2728
28 59 86 #SUP: 2728
28 59 86 85 #SUP: 2728
28 39 #SUP: 3288
28 39 85 #SUP: 3288
28 39 90 #SUP: 2688
28 39 90 85 #SUP: 2688
28 39 90 34 #SUP: 2496
28 39 90 34 85 #SUP: 2496
28 39 90 34 86 #SUP: 2496
28 39 90 34 85 86 #SUP: 2496
28 39 90 86 #SUP: 2496
28 39 90 86 85 #SUP: 2496
28 39 34 #SUP: 3096
28 39 34 85 #SUP: 3096
28 39 34 86 #SUP: 3096
28 39 34 85 86 #SUP: 3096
28 39 86 #SUP: 3096
28 39 86 85 #SUP: 3096
28 90 #SUP: 2928
28 90 85 #SUP: 2928
28 90 34 #SUP: 2736
28 90 34 85 #SUP: 2736
28 90 34 86 #SUP: 2728
28 90 34 86 85 #SUP: 2728
28 90 86 #SUP: 2728
28 90 86 85 #SUP: 2728
28 34 #SUP: 3336
28 34 85 #SUP: 3336
28 34 86 #SUP: 3328
28 34 86 85 #SUP: 3328
28 86 #SUP: 3328
28 86 85 #SUP: 3328
3 #SUP: 3656
3 85 #SUP: 3656
3 39 #SUP: 2632
3 39 85 #SUP: 2632
3 39 90 #SUP: 2440
3 39 90 85 #SUP: 2440
3 39 34 #SUP: 2578
3 39 34 85 #SUP: 2578
3 39 34 86 #SUP: 2578
3 39 34 85 86 #SUP: 2578
3 39 86 #SUP: 2584
3 39 86 85 #SUP: 2584
3 36 #SUP: 3016
3 36 85 #SUP: 3016
3 36 90 #SUP: 2920
3 36 90 85 #SUP: 2920
3 36 90 34 #SUP: 2872
3 36 90 34 85 #SUP: 2872
3 36 90 34 86 #SUP: 2872
3 36 90 34 85 86 #SUP: 2872
3 36 90 86 #SUP: 2872
3 36 90 86 85 #SUP: 2872
3 36 34 #SUP: 2962
3 36 34 85 #SUP: 2962
3 36 34 86 #SUP: 2962
3 36 34 85 86 #SUP: 2962
3 36 86 #SUP: 2968
3 36 86 85 #SUP: 2968
3 90 #SUP: 3464
3 90 85 #SUP: 3464
3 90 34 #SUP: 3416
3 90 34 85 #SUP: 3416
3 90 34 86 #SUP: 3416
3 90 34 85 86 #SUP: 3416
3 90 86 #SUP: 3416
3 90 86 85 #SUP: 3416
3 34 #SUP: 3602
3 34 85 #SUP: 3602
3 34 86 #SUP: 3602
3 34 85 86 #SUP: 3602
3 86 #SUP: 3608
3 86 85 #SUP: 3608
56 #SUP: 3776
56 34 #SUP: 3776
56 86 #SUP: 3776
56 34 86 #SUP: 3776
56 85 #SUP: 3776
56 34 85 #SUP: 3776
56 86 85 #SUP: 3776
56 34 86 85 #SUP: 3776
56 39 #SUP: 3432
56 39 34 #SUP: 3432
56 39 86 #SUP: 3432
56 39 34 86 #SUP: 3432
56 39 85 #SUP: 3432
56 39 34 85 #SUP: 3432
56 39 86 85 #SUP: 3432
56 39 34 86 85 #SUP: 3432
56 39 36 #SUP: 3432
56 39 36 34 #SUP: 3432
56 39 36 86 #SUP: 3432
56 39 36 34 86 #SUP: 3432
56 39 36 85 #SUP: 3432
56 39 36 34 85 #SUP: 3432
56 39 36 86 85 #SUP: 3432
56 39 36 34 86 85 #SUP: 3432
56 39 36 90 #SUP: 3312
56 39 36 90 34 #SUP: 3312
56 39 36 90 86 #SUP: 3312
56 39 36 90 34 86 #SUP: 3312
56 39 36 90 85 #SUP: 3312
56 39 36 90 34 85 #SUP: 3312
56 39 36 90 86 85 #SUP: 3312
56 39 36 90 34 86 85 #SUP: 3312
56 39 90 #SUP: 3312
56 39 90 34 #SUP: 3312
56 39 90 86 #SUP: 3312
56 39 90 34 86 #SUP: 3312
56 39 90 85 #SUP: 3312
56 39 90 34 85 #SUP: 3312
56 39 90 86 85 #SUP: 3312
56 39 90 34 86 85 #SUP: 3312
56 36 #SUP: 3528
56 36 34 #SUP: 3528
56 36 86 #SUP: 3528
56 36 34 86 #SUP: 3528
56 36 85 #SUP: 3528
56 36 34 85 #SUP: 3528
56 36 86 85 #SUP: 3528
56 36 34 86 85 #SUP: 3528
56 36 90 #SUP: 3408
56 36 90 34 #SUP: 3408
56 36 90 86 #SUP: 3408
56 36 90 34 86 #SUP: 3408
56 36 90 85 #SUP: 3408
56 36 90 34 85 #SUP: 3408
56 36 90 86 85 #SUP: 3408
56 36 90 34 86 85 #SUP: 3408
56 90 #SUP: 3656
56 90 34 #SUP: 3656
56 90 86 #SUP: 3656
56 90 34 86 #SUP: 3656
56 90 85 #SUP: 3656
56 90 34 85 #SUP: 3656
56 90 86 85 #SUP: 3656
56 90 34 86 85 #SUP: 3656
1 #SUP: 3916
1 85 #SUP: 3916
1 110 #SUP: 2848
1 110 85 #SUP: 2848
1 110 34 #SUP: 2848
1 110 85 34 #SUP: 2848
1 110 86 #SUP: 2848
1 110 85 86 #SUP: 2848
1 110 34 86 #SUP: 2848
1 110 85 34 86 #SUP: 2848
1 110 24 #SUP: 2504
1 110 24 85 #SUP: 2504
1 110 24 34 #SUP: 2504
1 110 24 85 34 #SUP: 2504
1 110 24 86 #SUP: 2504
1 110 24 85 86 #SUP: 2504
1 110 24 34 86 #SUP: 2504
1 110 24 85 34 86 #SUP: 2504
1 110 24 90 #SUP: 2504
1 110 24 85 90 #SUP: 2504
1 110 24 34 90 #SUP: 2504
1 110 24 85 34 90 #SUP: 2504
1 110 24 86 90 #SUP: 2504
1 110 24 85 86 90 #SUP: 2504
1 110 24 34 86 90 #SUP: 2504
1 110 24 85 34 86 90 #SUP: 2504
1 110 24 36 #SUP: 2456
1 110 24 36 85 #SUP: 2456
1 110 24 36 34 #SUP: 2456
1 110 24 36 85 34 #SUP: 2456
1 110 24 36 86 #SUP: 2456
1 110 24 36 85 86 #SUP: 2456
1 110 24 36 34 86 #SUP: 2456
1 110 24 36 85 34 86 #SUP: 2456
1 110 24 36 90 #SUP: 2456
1 110 24 36 85 90 #SUP: 2456
1 110 24 36 34 90 #SUP: 2456
1 110 24 36 85 34 90 #SUP: 2456
1 110 24 36 86 90 #SUP: 2456
1 110 24 36 85 86 90 #SUP: 2456
1 110 24 36 34 86 90 #SUP: 2456
1 110 24 36 85 34 86 90 #SUP: 2456
1 110 36 #SUP: 2800
1 110 36 85 #SUP: 2800
1 110 36 34 #SUP: 2800
1 110 36 85 34 #SUP: 2800
1 110 36 86 #SUP: 2800
1 110 36 85 86 #SUP: 2800
1 110 36 34 86 #SUP: 2800
1 110 36 85 34 86 #SUP: 2800
1 110 36 90 #SUP: 2728
1 110 36 90 85 #SUP: 2728
1 110 36 90 34 #SUP: 2728
1 110 36 90 85 34 #SUP: 2728
1 110 36 90 86 #SUP: 2728
1 110 36 90 85 86 #SUP: 2728
1 110 36 90 34 86 #SUP: 2728
1 110 36 90 85 34 86 #SUP: 2728
1 110 90 #SUP: 2776
1 110 90 85 #SUP: 2776
1 110 90 34 #SUP: 2776
1 110 90 85 34 #SUP: 2776
1 110 90 86 #SUP: 2776
1 110 90 85 86 #SUP: 2776
1 110 90 34 86 #SUP: 2776
1 110 90 85 34 86 #SUP: 2776
1 24 #SUP: 3292
1 24 85 #SUP: 3292
1 24 36 #SUP: 3188
1 24 36 85 #SUP: 3188
1 24 36 86 #SUP: 3188
1 24 36 85 86 #SUP: 3188
1 24 36 90 #SUP: 3152
1 24 36 90 85 #SUP: 3152
1 24 36 90 86 #SUP: 3152
1 24 36 90 85 86 #SUP: 3152
1 24 36 90 34 #SUP: 3152
1 24 36 90 85 34 #SUP: 3152
1 24 36 90 86 34 #SUP: 3152
1 24 36 90 85 86 34 #SUP: 3152
1 24 36 34 #SUP: 3170
1 24 36 34 85 #SUP: 3170
1 24 36 34 86 #SUP: 3170
1 24 36 34 85 86 #SUP: 3170
1 24 90 #SUP: 3256
1 24 90 85 #SUP: 3256
1 24 90 34 #SUP: 3256
1 24 90 34 85 #SUP: 3256
1 24 90 34 86 #SUP: 3248
1 24 90 34 86 85 #SUP: 3248
1 24 90 86 #SUP: 3248
1 24 90 86 85 #SUP: 3248
1 24 34 #SUP: 3274
1 24 34 85 #SUP: 3274
1 24 34 86 #SUP: 3266
1 24 34 86 85 #SUP: 3266
1 24 86 #SUP: 3284
1 24 86 85 #SUP: 3284
1 36 #SUP: 3804
1 36 85 #SUP: 3804
1 36 86 #SUP: 3804
1 36 85 86 #SUP: 3804
1 36 90 #SUP: 3696
1 36 90 85 #SUP: 3696
1 36 90 86 #SUP: 3696
1 36 90 85 86 #SUP: 3696
1 36 90 34 #SUP: 3696
1 36 90 85 34 #SUP: 3696
1 36 90 86 34 #SUP: 3696
1 36 90 85 86 34 #SUP: 3696
1 36 34 #SUP: 3786
1 36 34 85 #SUP: 3786
1 36 34 86 #SUP: 3786
1 36 34 85 86 #SUP: 3786
1 90 #SUP: 3808
1 90 85 #SUP: 3808
1 90 34 #SUP: 3808
1 90 34 85 #SUP: 3808
1 90 34 86 #SUP: 3800
1 90 34 86 85 #SUP: 3800
1 90 86 #SUP: 3800
1 90 86 85 #SUP: 3800
1 34 #SUP: 3898
1 34 85 #SUP: 3898
1 34 86 #SUP: 3890
1 34 86 85 #SUP: 3890
1 86 #SUP: 3908
1 86 85 #SUP: 3908
93 #SUP: 3968
93 85 #SUP: 3968
93 2 #SUP: 3152
93 2 85 #SUP: 3152
93 2 63 #SUP: 2800
93 2 63 85 #SUP: 2800
93 2 63 59 #SUP: 2728
93 2 63 59 85 #SUP: 2728
93 2 63 59 39 #SUP: 2536
93 2 63 59 39 85 #SUP: 2536
93 2 63 59 39 36 #SUP: 2464
93 2 63 59 39 36 85 #SUP: 2464
93 2 63 59 36 #SUP: 2560
93 2 63 59 36 85 #SUP: 2560
93 2 63 59 36 90 #SUP: 2528
93 2 63 59 36 90 85 #SUP: 2528
93 2 63 59 90 #SUP: 2624
93 2 63 59 90 85 #SUP: 2624
93 2 63 59 34 #SUP: 2536
93 2 63 59 34 85 #SUP: 2536
93 2 63 59 34 86 #SUP: 2536
93 2 63 59 34 85 86 #SUP: 2536
93 2 63 59 86 #SUP: 2536
93 2 63 59 86 85 #SUP: 2536
93 2 63 39 #SUP: 2608
93 2 63 39 85 #SUP: 2608
93 2 63 39 36 #SUP: 2464
93 2 63 39 36 85 #SUP: 2464
93 2 63 36 #SUP: 2560
93 2 63 36 85 #SUP: 2560
93 2 63 36 90 #SUP: 2528
93 2 63 36 90 85 #SUP: 2528
93 2 63 90 #SUP: 2624
93 2 63 90 85 #SUP: 2624
93 2 63 34 #SUP: 2608
93 2 63 34 85 #SUP: 2608
93 2 63 34 86 #SUP: 2608
93 2 63 34 85 86 #SUP: 2608
93 2 63 86 #SUP: 2608
93 2 63 86 85 #SUP: 2608
93 2 59 #SUP: 2992
93 2 59 85 #SUP: 2992
93 2 59 39 #SUP: 2800
93 2 59 39 85 #SUP: 2800
93 2 59 39 36 #SUP: 2656
93 2 59 39 36 85 #SUP: 2656
93 2 59 39 36 90 #SUP: 2624
93 2 59 39 36 90 85 #SUP: 2624
93 2 59 39 36 34 #SUP: 2464
93 2 59 39 36 34 85 #SUP: 2464
93 2 59 39 36 34 86 #SUP: 2464
93 2 59 39 36 34 85 86 #SUP: 2464
93 2 59 39 36 86 #SUP: 2464
93 2 59 39 36 86 85 #SUP: 2464
93 2 59 39 90 #SUP: 2624
93 2 59 39 90 85 #SUP: 2624
93 2 59 39 34 #SUP: 2608
93 2 59 39 34 85 #SUP: 2608
93 2 59 39 34 86 #SUP: 2608
93 2 59 39 34 85 86 #SUP: 2608
93 2 59 39 86 #SUP: 2608
93 2 59 39 86 85 #SUP: 2608
93 2 59 36 #SUP: 2752
93 2 59 36 85 #SUP: 2752
93 2 59 36 90 #SUP: 2720
93 2 59 36 90 85 #SUP: 2720
93 2 59 36 90 34 #SUP: 2528
93 2 59 36 90 34 85 #SUP: 2528
93 2 59 36 90 34 86 #SUP: 2528
93 2 59 36 90 34 85 86 #SUP: 2528
93 2 59 36 90 86 #SUP: 2528
93 2 59 36 90 86 85 #SUP: 2528
93 2 59 36 34 #SUP: 2560
93 2 59 36 34 85 #SUP: 2560
93 2 59 36 34 86 #SUP: 2560
93 2 59 36 34 85 86 #SUP: 2560
93 2 59 36 86 #SUP: 2560
93 2 59 36 86 85 #SUP: 2560
93 2 59 90 #SUP: 2816
93 2 59 90 85 #SUP: 2816
93 2 59 90 34 #SUP: 2624
93 2 59 90 34 85 #SUP: 2624
93 2 59 90 34 86 #SUP: 2624
93 2 59 90 34 85 86 #SUP: 2624
93 2 59 90 86 #SUP: 2624
93 2 59 90 86 85 #SUP: 2624
93 2 59 34 #SUP: 2800
93 2 59 34 85 #SUP: 2800
93 2 59 34 86 #SUP: 2800
93 2 59 34 85 86 #SUP: 2800
93 2 59 86 #SUP: 2800
93 2 59 86 85 #SUP: 2800
93 2 39 #SUP: 2960
93 2 39 85 #SUP: 2960
93 2 39 36 #SUP: 2672
93 2 39 36 85 #SUP: 2672
93 2 39 36 90 #SUP: 2624
93 2 39 36 90 85 #SUP: 2624
93 2 39 36 34 #SUP: 2480
93 2 39 36 34 85 #SUP: 2480
93 2 39 36 34 86 #SUP: 2480
93 2 39 36 34 85 86 #SUP: 2480
93 2 39 36 86 #SUP: 2480
93 2 39 36 86 85 #SUP: 2480
93 2 39 90 #SUP: 2624
93 2 39 90 85 #SUP: 2624
93 2 39 34 #SUP: 2768
93 2 39 34 85 #SUP: 2768
93 2 39 34 86 #SUP: 2768
93 2 39 34 85 86 #SUP: 2768
93 2 39 86 #SUP: 2768
93 2 39 86 85 #SUP: 2768
93 2 36 #SUP: 2768
93 2 36 85 #SUP: 2768
93 2 36 90 #SUP: 2720
93 2 36 90 85 #SUP: 2720
93 2 36 90 34 #SUP: 2528
93 2 36 90 34 85 #SUP: 2528
93 2 36 90 34 86 #SUP: 2528
93 2 36 90 34 85 86 #SUP: 2528
93 2 36 90 86 #SUP: 2528
93 2 36 90 86 85 #SUP: 2528
93 2 36 34 #SUP: 2576
93 2 36 34 85 #SUP: 2576
93 2 36 34 86 #SUP: 2576
93 2 36 34 85 86 #SUP: 2576
93 2 36 86 #SUP: 2576
93 2 36 86 85 #SUP: 2576
93 2 90 #SUP: 2816
93 2 90 85 #SUP: 2816
93 2 90 34 #SUP: 2624
93 2 90 34 85 #SUP: 2624
93 2 90 34 86 #SUP: 2624
93 2 90 34 85 86 #SUP: 2624
93 2 90 86 #SUP: 2624
93 2 90 86 85 #SUP: 2624
93 2 34 #SUP: 2960
93 2 34 85 #SUP: 2960
93 2 34 86 #SUP: 2960
93 2 34 85 86 #SUP: 2960
93 2 86 #SUP: 2960
93 2 86 85 #SUP: 2960
93 76 #SUP: 2608
93 76 85 #SUP: 2608
93 76 34 #SUP: 2608
93 76 85 34 #SUP: 2608
93 76 86 #SUP: 2608
93 76 85 86 #SUP: 2608
93 76 34 86 #SUP: 2608
93 76 85 34 86 #SUP: 2608
93 67 #SUP: 2608
93 67 85 #SUP: 2608
93 67 34 #SUP: 2608
93 67 85 34 #SUP: 2608
93 67 86 #SUP: 2608
93 67 85 86 #SUP: 2608
93 67 34 86 #SUP: 2608
93 67 85 34 86 #SUP: 2608
93 63 #SUP: 3472
93 63 85 #SUP: 3472
93 63 59 #SUP: 3328
93 63 59 85 #SUP: 3328
93 63 59 39 #SUP: 2680
93 63 59 39 85 #SUP: 2680
93 63 59 39 36 #SUP: 2608
93 63 59 39 36 85 #SUP: 2608
93 63 59 39 36 90 #SUP: 2504
93 63 59 39 36 90 85 #SUP: 2504
93 63 59 39 90 #SUP: 2504
93 63 59 39 90 85 #SUP: 2504
93 63 59 39 34 #SUP: 2488
93 63 59 39 34 85 #SUP: 2488
93 63 59 39 34 86 #SUP: 2488
93 63 59 39 34 85 86 #SUP: 2488
93 63 59 39 86 #SUP: 2488
93 63 59 39 86 85 #SUP: 2488
93 63 59 36 #SUP: 3056
93 63 59 36 85 #SUP: 3056
93 63 59 36 90 #SUP: 2952
93 63 59 36 90 85 #SUP: 2952
93 63 59 36 90 34 #SUP: 2760
93 63 59 36 90 34 85 #SUP: 2760
93 63 59 36 90 34 86 #SUP: 2760
93 63 59 36 90 34 85 86 #SUP: 2760
93 63 59 36 90 86 #SUP: 2760
93 63 59 36 90 86 85 #SUP: 2760
93 63 59 36 34 #SUP: 2864
93 63 59 36 34 85 #SUP: 2864
93 63 59 36 34 86 #SUP: 2864
93 63 59 36 34 85 86 #SUP: 2864
93 63 59 36 86 #SUP: 2864
93 63 59 36 86 85 #SUP: 2864
93 63 59 90 #SUP: 3152
93 63 59 90 85 #SUP: 3152
93 63 59 90 34 #SUP: 2960
93 63 59 90 34 85 #SUP: 2960
93 63 59 90 34 86 #SUP: 2960
93 63 59 90 34 85 86 #SUP: 2960
93 63 59 90 86 #SUP: 2960
93 63 59 90 86 85 #SUP: 2960
93 63 59 34 #SUP: 3136
93 63 59 34 85 #SUP: 3136
93 63 59 34 86 #SUP: 3136
93 63 59 34 85 86 #SUP: 3136
93 63 59 86 #SUP: 3136
93 63 59 86 85 #SUP: 3136
93 63 39 #SUP: 2824
93 63 39 85 #SUP: 2824
93 63 39 36 #SUP: 2680
93 63 39 36 85 #SUP: 2680
93 63 39 36 90 #SUP: 2576
93 63 39 36 90 85 #SUP: 2576
93 63 39 36 34 #SUP: 2488
93 63 39 36 34 85 #SUP: 2488
93 63 39 36 34 86 #SUP: 2488
93 63 39 36 34 85 86 #SUP: 2488
93 63 39 36 86 #SUP: 2488
93 63 39 36 86 85 #SUP: 2488
93 63 39 90 #SUP: 2576
93 63 39 90 85 #SUP: 2576
93 63 39 34 #SUP: 2632
93 63 39 34 85 #SUP: 2632
93 63 39 34 86 #SUP: 2632
93 63 39 34 85 86 #SUP: 2632
93 63 39 86 #SUP: 2632
93 63 39 86 85 #SUP: 2632
93 63 36 #SUP: 3128
93 63 36 85 #SUP: 3128
93 63 36 90 #SUP: 3024
93 63 36 90 85 #SUP: 3024
93 63 36 90 34 #SUP: 2832
93 63 36 90 34 85 #SUP: 2832
93 63 36 90 34 86 #SUP: 2832
93 63 36 90 34 85 86 #SUP: 2832
93 63 36 90 86 #SUP: 2832
93 63 36 90 86 85 #SUP: 2832
93 63 36 34 #SUP: 2936
93 63 36 34 85 #SUP: 2936
93 63 36 34 86 #SUP: 2936
93 63 36 34 85 86 #SUP: 2936
93 63 36 86 #SUP: 2936
93 63 36 86 85 #SUP: 2936
93 63 90 #SUP: 3224
93 63 90 85 #SUP: 3224
93 63 90 34 #SUP: 3032
93 63 90 34 85 #SUP: 3032
93 63 90 34 86 #SUP: 3032
93 63 90 34 85 86 #SUP: 3032
93 63 90 86 #SUP: 3032
93 63 90 86 85 #SUP: 3032
93 63 34 #SUP: 3280
93 63 34 85 #SUP: 3280
93 63 34 86 #SUP: 3280
93 63 34 85 86 #SUP: 3280
93 63 86 #SUP: 3280
93 63 86 85 #SUP: 3280
93 59 #SUP: 3664
93 59 85 #SUP: 3664
93 59 39 #SUP: 3016
93 59 39 85 #SUP: 3016
93 59 39 36 #SUP: 2872
93 59 39 36 85 #SUP: 2872
93 59 39 36 90 #SUP: 2768
93 59 39 36 90 85 #SUP: 2768
93 59 39 36 90 34 #SUP: 2576
93 59 39 36 90 34 85 #SUP: 2576
93 59 39 36 90 34 86 #SUP: 2576
93 59 39 36 90 34 85 86 #SUP: 2576
93 59 39 36 90 86 #SUP: 2576
93 59 39 36 90 86 85 #SUP: 2576
93 59 39 36 34 #SUP: 2680
93 59 39 36 34 85 #SUP: 2680
93 59 39 36 34 86 #SUP: 2680
93 59 39 36 34 85 86 #SUP: 2680
93 59 39 36 86 #SUP: 2680
93 59 39 36 86 85 #SUP: 2680
93 59 39 90 #SUP: 2768
93 59 39 90 85 #SUP: 2768
93 59 39 90 34 #SUP: 2576
93 59 39 90 34 85 #SUP: 2576
93 59 39 90 34 86 #SUP: 2576
93 59 39 90 34 85 86 #SUP: 2576
93 59 39 90 86 #SUP: 2576
93 59 39 90 86 85 #SUP: 2576
93 59 39 34 #SUP: 2824
93 59 39 34 85 #SUP: 2824
93 59 39 34 86 #SUP: 2824
93 59 39 34 85 86 #SUP: 2824
93 59 39 86 #SUP: 2824
93 59 39 86 85 #SUP: 2824
93 59 36 #SUP: 3320
93 59 36 85 #SUP: 3320
93 59 36 90 #SUP: 3216
93 59 36 90 85 #SUP: 3216
93 59 36 90 34 #SUP: 3024
93 59 36 90 34 85 #SUP: 3024
93 59 36 90 34 86 #SUP: 3024
93 59 36 90 34 85 86 #SUP: 3024
93 59 36 90 86 #SUP: 3024
93 59 36 90 86 85 #SUP: 3024
93 59 36 34 #SUP: 3128
93 59 36 34 85 #SUP: 3128
93 59 36 34 86 #SUP: 3128
93 59 36 34 85 86 #SUP: 3128
93 59 36 86 #SUP: 3128
93 59 36 86 85 #SUP: 3128
93 59 90 #SUP: 3416
93 59 90 85 #SUP: 3416
93 59 90 34 #SUP: 3224
93 59 90 34 85 #SUP: 3224
93 59 90 34 86 #SUP: 3224
93 59 90 34 85 86 #SUP: 3224
93 59 90 86 #SUP: 3224
93 59 90 86 85 #SUP: 3224
93 59 34 #SUP: 3472
93 59 34 85 #SUP: 3472
93 59 34 86 #SUP: 3472
93 59 34 85 86 #SUP: 3472
93 59 86 #SUP: 3472
93 59 86 85 #SUP: 3472
93 39 #SUP: 3320
93 39 85 #SUP: 3320
93 39 36 #SUP: 3032
93 39 36 85 #SUP: 3032
93 39 36 90 #SUP: 2912
93 39 36 90 85 #SUP: 2912
93 39 36 90 34 #SUP: 2720
93 39 36 90 34 85 #SUP: 2720
93 39 36 90 34 86 #SUP: 2720
93 39 36 90 34 85 86 #SUP: 2720
93 39 36 90 86 #SUP: 2720
93 39 36 90 86 85 #SUP: 2720
93 39 36 34 #SUP: 2840
93 39 36 34 85 #SUP: 2840
93 39 36 34 86 #SUP: 2840
93 39 36 34 85 86 #SUP: 2840
93 39 36 86 #SUP: 2840
93 39 36 86 85 #SUP: 2840
93 39 90 #SUP: 2912
93 39 90 85 #SUP: 2912
93 39 90 34 #SUP: 2720
93 39 90 34 85 #SUP: 2720
93 39 90 34 86 #SUP: 2720
93 39 90 34 85 86 #SUP: 2720
93 39 90 86 #SUP: 2720
93 39 90 86 85 #SUP: 2720
93 39 34 #SUP: 3128
93 39 34 85 #SUP: 3128
93 39 34 86 #SUP: 3128
93 39 34 85 86 #SUP: 3128
93 39 86 #SUP: 3128
93 39 86 85 #SUP: 3128
93 36 #SUP: 3480
93 36 85 #SUP: 3480
93 36 90 #SUP: 3360
93 36 90 85 #SUP: 3360
93 36 90 34 #SUP: 3168
93 36 90 34 85 #SUP: 3168
93 36 90 34 86 #SUP: 3168
93 36 90 34 85 86 #SUP: 3168
93 36 90 86 #SUP: 3168
93 36 90 86 85 #SUP: 3168
93 36 34 #SUP: 3288
93 36 34 85 #SUP: 3288
93 36 34 86 #SUP: 3288
93 36 34 85 86 #SUP: 3288
93 36 86 #SUP: 3288
93 36 86 85 #SUP: 3288
93 90 #SUP: 3560
93 90 85 #SUP: 3560
93 90 34 #SUP: 3368
93 90 34 85 #SUP: 3368
93 90 34 86 #SUP: 3368
93 90 34 85 86 #SUP: 3368
93 90 86 #SUP: 3368
93 90 86 85 #SUP: 3368
93 34 #SUP: 3776
93 34 85 #SUP: 3776
93 34 86 #SUP: 3776
93 34 85 86 #SUP: 3776
93 86 #SUP: 3776
93 86 85 #SUP: 3776
110 #SUP: 4040
110 85 #SUP: 4040
110 53 #SUP: 2832
110 53 85 #SUP: 2832
110 53 90 #SUP: 2832
110 53 85 90 #SUP: 2832
110 53 34 #SUP: 2832
110 53 85 34 #SUP: 2832
110 53 90 34 #SUP: 2832
110 53 85 90 34 #SUP: 2832
110 53 86 #SUP: 2832
110 53 85 86 #SUP: 2832
110 53 90 86 #SUP: 2832
110 53 85 90 86 #SUP: 2832
110 53 34 86 #SUP: 2832
110 53 85 34 86 #SUP: 2832
110 53 90 34 86 #SUP: 2832
110 53 85 90 34 86 #SUP: 2832
110 53 36 #SUP: 2736
110 53 36 85 #SUP: 2736
110 53 36 90 #SUP: 2736
110 53 36 85 90 #SUP: 2736
110 53 36 34 #SUP: 2736
110 53 36 85 34 #SUP: 2736
110 53 36 90 34 #SUP: 2736
110 53 36 85 90 34 #SUP: 2736
110 53 36 86 #SUP: 2736
110 53 36 85 86 #SUP: 2736
110 53 36 90 86 #SUP: 2736
110 53 36 85 90 86 #SUP: 2736
110 53 36 34 86 #SUP: 2736
110 53 36 85 34 86 #SUP: 2736
110 53 36 90 34 86 #SUP: 2736
110 53 36 85 90 34 86 #SUP: 2736
110 24 #SUP: 2720
110 24 85 #SUP: 2720
110 24 36 #SUP: 2624
110 24 36 85 #SUP: 2624
110 24 36 90 #SUP: 2624
110 24 36 90 85 #SUP: 2624
110 24 36 90 34 #SUP: 2528
110 24 36 90 34 85 #SUP: 2528
110 24 36 90 34 86 #SUP: 2528
110 24 36 90 34 85 86 #SUP: 2528
110 24 36 90 86 #SUP: 2528
110 24 36 90 86 85 #SUP: 2528
110 24 36 34 #SUP: 2528
110 24 36 34 85 #SUP: 2528
110 24 36 34 86 #SUP: 2528
110 24 36 34 85 86 #SUP: 2528
110 24 36 86 #SUP: 2528
110 24 36 86 85 #SUP: 2528
110 24 90 #SUP: 2720
110 24 90 85 #SUP: 2720
110 24 90 34 #SUP: 2624
110 24 90 34 85 #SUP: 2624
110 24 90 34 86 #SUP: 2624
110 24 90 34 85 86 #SUP: 2624
110 24 90 86 #SUP: 2624
110 24 90 86 85 #SUP: 2624
110 24 34 #SUP: 2624
110 24 34 85 #SUP: 2624
110 24 34 86 #SUP: 2624
110 24 34 85 86 #SUP: 2624
110 24 86 #SUP: 2624
110 24 86 85 #SUP: 2624
110 36 #SUP: 3848
110 36 85 #SUP: 3848
110 36 90 #SUP: 3760
110 36 90 85 #SUP: 3760
110 36 90 34 #SUP: 3664
110 36 90 34 85 #SUP: 3664
110 36 90 34 86 #SUP: 3664
110 36 90 34 85 86 #SUP: 3664
110 36 90 86 #SUP: 3664
110 36 90 86 85 #SUP: 3664
110 36 34 #SUP: 3752
110 36 34 85 #SUP: 3752
110 36 34 86 #SUP: 3752
110 36 34 85 86 #SUP: 3752
110 36 86 #SUP: 3752
110 36 86 85 #SUP: 3752
110 90 #SUP: 3952
110 90 85 #SUP: 3952
110 90 34 #SUP: 3856
110 90 34 85 #SUP: 3856
110 90 34 86 #SUP: 3856
110 90 34 85 86 #SUP: 3856
110 90 86 #SUP: 3856
110 90 86 85 #SUP: 3856
110 34 #SUP: 3944
110 34 85 #SUP: 3944
110 34 86 #SUP: 3944
110 34 85 86 #SUP: 3944
110 86 #SUP: 3944
110 86 85 #SUP: 3944
2 #SUP: 4208
2 85 #SUP: 4208
2 76 #SUP: 2704
2 76 85 #SUP: 2704
2 76 34 #SUP: 2704
2 76 85 34 #SUP: 2704
2 76 86 #SUP: 2704
2 76 85 86 #SUP: 2704
2 76 34 86 #SUP: 2704
2 76 85 34 86 #SUP: 2704
2 76 39 #SUP: 2464
2 76 39 85 #SUP: 2464
2 76 39 34 #SUP: 2464
2 76 39 85 34 #SUP: 2464
2 76 39 86 #SUP: 2464
2 76 39 85 86 #SUP: 2464
2 76 39 34 86 #SUP: 2464
2 76 39 85 34 86 #SUP: 2464
2 67 #SUP: 2752
2 67 85 #SUP: 2752
2 67 34 #SUP: 2752
2 67 85 34 #SUP: 2752
2 67 86 #SUP: 2752
2 67 85 86 #SUP: 2752
2 67 34 86 #SUP: 2752
2 67 85 34 86 #SUP: 2752
2 67 39 #SUP: 2464
2 67 39 85 #SUP: 2464
2 67 39 34 #SUP: 2464
2 67 39 85 34 #SUP: 2464
2 67 39 86 #SUP: 2464
2 67 39 85 86 #SUP: 2464
2 67 39 34 86 #SUP: 2464
2 67 39 85 34 86 #SUP: 2464
2 53 #SUP: 2592
2 53 85 #SUP: 2592
2 53 90 #SUP: 2592
2 53 85 90 #SUP: 2592
2 53 34 #SUP: 2592
2 53 85 34 #SUP: 2592
2 53 90 34 #SUP: 2592
2 53 85 90 34 #SUP: 2592
2 53 86 #SUP: 2592
2 53 85 86 #SUP: 2592
2 53 90 86 #SUP: 2592
2 53 85 90 86 #SUP: 2592
2 53 34 86 #SUP: 2592
2 53 85 34 86 #SUP: 2592
2 53 90 34 86 #SUP: 2592
2 53 85 90 34 86 #SUP: 2592
2 53 39 #SUP: 2496
2 53 39 85 #SUP: 2496
2 53 39 90 #SUP: 2496
2 53 39 85 90 #SUP: 2496
2 53 39 34 #SUP: 2496
2 53 39 85 34 #SUP: 2496
2 53 39 90 34 #SUP: 2496
2 53 39 85 90 34 #SUP: 2496
2 53 39 86 #SUP: 2496
2 53 39 85 86 #SUP: 2496
2 53 39 90 86 #SUP: 2496
2 53 39 85 90 86 #SUP: 2496
2 53 39 34 86 #SUP: 2496
2 53 39 85 34 86 #SUP: 2496
2 53 39 90 34 86 #SUP: 2496
2 53 39 85 90 34 86 #SUP: 2496
2 63 #SUP: 3400
2 63 85 #SUP: 3400
2 63 59 #SUP: 3124
2 63 59 85 #SUP: 3124
2 63 59 39 #SUP: 2920
2 63 59 39 85 #SUP: 2920
2 63 59 39 36 #SUP: 2656
2 63 59 39 36 85 #SUP: 2656
2 63 59 39 36 34 #SUP: 2464
2 63 59 39 36 34 85 #SUP: 2464
2 63 59 39 36 34 86 #SUP: 2464
2 63 59 39 36 34 85 86 #SUP: 2464
2 63 59 39 36 86 #SUP: 2464
2 63 59 39 36 86 85 #SUP: 2464
2 63 59 39 90 #SUP: 2624
2 63 59 39 90 85 #SUP: 2624
2 63 59 39 34 #SUP: 2728
2 63 59 39 34 85 #SUP: 2728
2 63 59 39 34 86 #SUP: 2728
2 63 59 39 34 85 86 #SUP: 2728
2 63 59 39 86 #SUP: 2728
2 63 59 39 86 85 #SUP: 2728
2 63 59 36 #SUP: 2752
2 63 59 36 85 #SUP: 2752
2 63 59 36 90 #SUP: 2528
2 63 59 36 90 85 #SUP: 2528
2 63 59 36 34 #SUP: 2560
2 63 59 36 34 85 #SUP: 2560
2 63 59 36 34 86 #SUP: 2560
2 63 59 36 34 85 86 #SUP: 2560
2 63 59 36 86 #SUP: 2560
2 63 59 36 86 85 #SUP: 2560
2 63 59 90 #SUP: 2828
2 63 59 90 85 #SUP: 2828
2 63 59 90 34 #SUP: 2636
2 63 59 90 34 85 #SUP: 2636
2 63 59 90 34 86 #SUP: 2636
2 63 59 90 34 85 86 #SUP: 2636
2 63 59 90 86 #SUP: 2636
2 63 59 90 86 85 #SUP: 2636
2 63 59 34 #SUP: 2932
2 63 59 34 85 #SUP: 2932
2 63 59 34 86 #SUP: 2932
2 63 59 34 85 86 #SUP: 2932
2 63 59 86 #SUP: 2932
2 63 59 86 85 #SUP: 2932
2 63 39 #SUP: 3184
2 63 39 85 #SUP: 3184
2 63 39 36 #SUP: 2656
2 63 39 36 85 #SUP: 2656
2 63 39 36 34 #SUP: 2464
2 63 39 36 34 85 #SUP: 2464
2 63 39 36 34 86 #SUP: 2464
2 63 39 36 34 85 86 #SUP: 2464
2 63 39 36 86 #SUP: 2464
2 63 39 36 86 85 #SUP: 2464
2 63 39 90 #SUP: 2816
2 63 39 90 85 #SUP: 2816
2 63 39 90 34 #SUP: 2624
2 63 39 90 34 85 #SUP: 2624
2 63 39 90 34 86 #SUP: 2624
2 63 39 90 34 85 86 #SUP: 2624
2 63 39 90 86 #SUP: 2624
2 63 39 90 86 85 #SUP: 2624
2 63 39 34 #SUP: 2992
2 63 39 34 85 #SUP: 2992
2 63 39 34 86 #SUP: 2992
2 63 39 34 85 86 #SUP: 2992
2 63 39 86 #SUP: 2992
2 63 39 86 85 #SUP: 2992
2 63 36 #SUP: 2752
2 63 36 85 #SUP: 2752
2 63 36 90 #SUP: 2528
2 63 36 90 85 #SUP: 2528
2 63 36 34 #SUP: 2560
2 63 36 34 85 #SUP: 2560
2 63 36 34 86 #SUP: 2560
2 63 36 34 85 86 #SUP: 2560
2 63 36 86 #SUP: 2560
2 63 36 86 85 #SUP: 2560
2 63 90 #SUP: 3032
2 63 90 85 #SUP: 3032
2 63 90 34 #SUP: 2840
2 63 90 34 85 #SUP: 2840
2 63 90 34 86 #SUP: 2840
2 63 90 34 85 86 #SUP: 2840
2 63 90 86 #SUP: 2840
2 63 90 86 85 #SUP: 2840
2 63 34 #SUP: 3208
2 63 34 85 #SUP: 3208
2 63 34 86 #SUP: 3208
2 63 34 85 86 #SUP: 3208
2 63 86 #SUP: 3208
2 63 86 85 #SUP: 3208
2 59 #SUP: 3640
2 59 85 #SUP: 3640
2 59 39 #SUP: 3376
2 59 39 85 #SUP: 3376
2 59 39 36 #SUP: 2848
2 59 39 36 85 #SUP: 2848
2 59 39 36 90 #SUP: 2624
2 59 39 36 90 85 #SUP: 2624
2 59 39 36 34 #SUP: 2656
2 59 39 36 34 85 #SUP: 2656
2 59 39 36 34 86 #SUP: 2656
2 59 39 36 34 85 86 #SUP: 2656
2 59 39 36 86 #SUP: 2656
2 59 39 36 86 85 #SUP: 2656
2 59 39 90 #SUP: 3008
2 59 39 90 85 #SUP: 3008
2 59 39 90 34 #SUP: 2816
2 59 39 90 34 85 #SUP: 2816
2 59 39 90 34 86 #SUP: 2816
2 59 39 90 34 85 86 #SUP: 2816
2 59 39 90 86 #SUP: 2816
2 59 39 90 86 85 #SUP: 2816
2 59 39 34 #SUP: 3184
2 59 39 34 85 #SUP: 3184
2 59 39 34 86 #SUP: 3184
2 59 39 34 85 86 #SUP: 3184
2 59 39 86 #SUP: 3184
2 59 39 86 85 #SUP: 3184
2 59 36 #SUP: 2992
2 59 36 85 #SUP: 2992
2 59 36 90 #SUP: 2768
2 59 36 90 85 #SUP: 2768
2 59 36 90 34 #SUP: 2576
2 59 36 90 34 85 #SUP: 2576
2 59 36 90 34 86 #SUP: 2576
2 59 36 90 34 85 86 #SUP: 2576
2 59 36 90 86 #SUP: 2576
2 59 36 90 86 85 #SUP: 2576
2 59 36 34 #SUP: 2800
2 59 36 34 85 #SUP: 2800
2 59 36 34 86 #SUP: 2800
2 59 36 34 85 86 #SUP: 2800
2 59 36 86 #SUP: 2800
2 59 36 86 85 #SUP: 2800
2 59 90 #SUP: 3272
2 59 90 85 #SUP: 3272
2 59 90 34 #SUP: 3080
2 59 90 34 85 #SUP: 3080
2 59 90 34 86 #SUP: 3080
2 59 90 34 85 86 #SUP: 3080
2 59 90 86 #SUP: 3080
2 59 90 86 85 #SUP: 3080
2 59 34 #SUP: 3448
2 59 34 85 #SUP: 3448
2 59 34 86 #SUP: 3448
2 59 34 85 86 #SUP: 3448
2 59 86 #SUP: 3448
2 59 86 85 #SUP: 3448
2 39 #SUP: 3920
2 39 85 #SUP: 3920
2 39 36 #SUP: 2864
2 39 36 85 #SUP: 2864
2 39 36 90 #SUP: 2624
2 39 36 90 85 #SUP: 2624
2 39 36 34 #SUP: 2672
2 39 36 34 85 #SUP: 2672
2 39 36 34 86 #SUP: 2672
2 39 36 34 85 86 #SUP: 2672
2 39 36 86 #SUP: 2672
2 39 36 86 85 #SUP: 2672
2 39 90 #SUP: 3392
2 39 90 85 #SUP: 3392
2 39 90 34 #SUP: 3200
2 39 90 34 85 #SUP: 3200
2 39 90 34 86 #SUP: 3200
2 39 90 34 85 86 #SUP: 3200
2 39 90 86 #SUP: 3200
2 39 90 86 85 #SUP: 3200
2 39 34 #SUP: 3728
2 39 34 85 #SUP: 3728
2 39 34 86 #SUP: 3728
2 39 34 85 86 #SUP: 3728
2 39 86 #SUP: 3728
2 39 86 85 #SUP: 3728
2 36 #SUP: 3008
2 36 85 #SUP: 3008
2 36 90 #SUP: 2768
2 36 90 85 #SUP: 2768
2 36 90 34 #SUP: 2576
2 36 90 34 85 #SUP: 2576
2 36 90 34 86 #SUP: 2576
2 36 90 34 85 86 #SUP: 2576
2 36 90 86 #SUP: 2576
2 36 90 86 85 #SUP: 2576
2 36 34 #SUP: 2816
2 36 34 85 #SUP: 2816
2 36 34 86 #SUP: 2816
2 36 34 85 86 #SUP: 2816
2 36 86 #SUP: 2816
2 36 86 85 #SUP: 2816
2 90 #SUP: 3680
2 90 85 #SUP: 3680
2 90 34 #SUP: 3488
2 90 34 85 #SUP: 3488
2 90 34 86 #SUP: 3488
2 90 34 85 86 #SUP: 3488
2 90 86 #SUP: 3488
2 90 86 85 #SUP: 3488
2 34 #SUP: 4016
2 34 85 #SUP: 4016
2 34 86 #SUP: 4016
2 34 85 86 #SUP: 4016
2 86 #SUP: 4016
2 86 85 #SUP: 4016
76 #SUP: 4384
76 34 #SUP: 4384
76 86 #SUP: 4384
76 34 86 #SUP: 4384
76 85 #SUP: 4384
76 34 85 #SUP: 4384
76 86 85 #SUP: 4384
76 34 86 85 #SUP: 4384
76 67 #SUP: 3520
76 67 34 #SUP: 3520
76 67 86 #SUP: 3520
76 67 34 86 #SUP: 3520
76 67 85 #SUP: 3520
76 67 34 85 #SUP: 3520
76 67 86 85 #SUP: 3520
76 67 34 86 85 #SUP: 3520
76 67 59 #SUP: 2632
76 67 59 34 #SUP: 2632
76 67 59 86 #SUP: 2632
76 67 59 34 86 #SUP: 2632
76 67 59 85 #SUP: 2632
76 67 59 34 85 #SUP: 2632
76 67 59 86 85 #SUP: 2632
76 67 59 34 86 85 #SUP: 2632
76 67 90 #SUP: 3080
76 67 90 34 #SUP: 3080
76 67 90 86 #SUP: 3080
76 67 90 34 86 #SUP: 3080
76 67 90 85 #SUP: 3080
76 67 90 34 85 #SUP: 3080
76 67 90 86 85 #SUP: 3080
76 67 90 34 86 85 #SUP: 3080
76 53 #SUP: 2592
76 53 34 #SUP: 2592
76 53 86 #SUP: 2592
76 53 34 86 #SUP: 2592
76 53 85 #SUP: 2592
76 53 34 85 #SUP: 2592
76 53 86 85 #SUP: 2592
76 53 34 86 85 #SUP: 2592
76 53 90 #SUP: 2592
76 53 34 90 #SUP: 2592
76 53 86 90 #SUP: 2592
76 53 34 86 90 #SUP: 2592
76 53 85 90 #SUP: 2592
76 53 34 85 90 #SUP: 2592
76 53 86 85 90 #SUP: 2592
76 53 34 86 85 90 #SUP: 2592
76 63 #SUP: 3040
76 63 34 #SUP: 3040
76 63 86 #SUP: 3040
76 63 34 86 #SUP: 3040
76 63 85 #SUP: 3040
76 63 34 85 #SUP: 3040
76 63 86 85 #SUP: 3040
76 63 34 86 85 #SUP: 3040
76 63 59 #SUP: 2488
76 63 59 34 #SUP: 2488
76 63 59 86 #SUP: 2488
76 63 59 34 86 #SUP: 2488
76 63 59 85 #SUP: 2488
76 63 59 34 85 #SUP: 2488
76 63 59 86 85 #SUP: 2488
76 63 59 34 86 85 #SUP: 2488
76 63 90 #SUP: 2696
76 63 90 34 #SUP: 2696
76 63 90 86 #SUP: 2696
76 63 90 34 86 #SUP: 2696
76 63 90 85 #SUP: 2696
76 63 90 34 85 #SUP: 2696
76 63 90 86 85 #SUP: 2696
76 63 90 34 86 85 #SUP: 2696
76 59 #SUP: 3280
76 59 34 #SUP: 3280
76 59 86 #SUP: 3280
76 59 34 86 #SUP: 3280
76 59 85 #SUP: 3280
76 59 34 85 #SUP: 3280
76 59 86 85 #SUP: 3280
76 59 34 86 85 #SUP: 3280
76 59 36 #SUP: 2552
76 59 36 34 #SUP: 2552
76 59 36 86 #SUP: 2552
76 59 36 34 86 #SUP: 2552
76 59 36 85 #SUP: 2552
76 59 36 34 85 #SUP: 2552
76 59 36 86 85 #SUP: 2552
76 59 36 34 86 85 #SUP: 2552
76 59 90 #SUP: 2936
76 59 90 34 #SUP: 2936
76 59 90 86 #SUP: 2936
76 59 90 34 86 #SUP: 2936
76 59 90 85 #SUP: 2936
76 59 90 34 85 #SUP: 2936
76 59 90 86 85 #SUP: 2936
76 59 90 34 86 85 #SUP: 2936
76 39 #SUP: 2824
76 39 34 #SUP: 2824
76 39 86 #SUP: 2824
76 39 34 86 #SUP: 2824
76 39 85 #SUP: 2824
76 39 34 85 #SUP: 2824
76 39 86 85 #SUP: 2824
76 39 34 86 85 #SUP: 2824
76 36 #SUP: 3128
76 36 34 #SUP: 3128
76 36 86 #SUP: 3128
76 36 34 86 #SUP: 3128
76 36 85 #SUP: 3128
76 36 34 85 #SUP: 3128
76 36 86 85 #SUP: 3128
76 36 34 86 85 #SUP: 3128
76 36 90 #SUP: 2928
76 36 90 34 #SUP: 2928
76 36 90 86 #SUP: 2928
76 36 90 34 86 #SUP: 2928
76 36 90 85 #SUP: 2928
76 36 90 34 85 #SUP: 2928
76 36 90 86 85 #SUP: 2928
76 36 90 34 86 85 #SUP: 2928
76 90 #SUP: 3896
76 90 34 #SUP: 3896
76 90 86 #SUP: 3896
76 90 34 86 #SUP: 3896
76 90 85 #SUP: 3896
76 90 34 85 #SUP: 3896
76 90 86 85 #SUP: 3896
76 90 34 86 85 #SUP: 3896
67 #SUP: 4464
67 34 #SUP: 4464
67 86 #SUP: 4464
67 34 86 #SUP: 4464
67 85 #SUP: 4464
67 34 85 #SUP: 4464
67 86 85 #SUP: 4464
67 34 86 85 #SUP: 4464
67 53 #SUP: 2592
67 53 34 #SUP: 2592
67 53 86 #SUP: 2592
67 53 34 86 #SUP: 2592
67 53 85 #SUP: 2592
67 53 34 85 #SUP: 2592
67 53 86 85 #SUP: 2592
67 53 34 86 85 #SUP: 2592
67 53 90 #SUP: 2592
67 53 34 90 #SUP: 2592
67 53 86 90 #SUP: 2592
67 53 34 86 90 #SUP: 2592
67 53 85 90 #SUP: 2592
67 53 34 85 90 #SUP: 2592
67 53 86 85 90 #SUP: 2592
67 53 34 86 85 90 #SUP: 2592
67 63 #SUP: 3064
67 63 34 #SUP: 3064
67 63 86 #SUP: 3064
67 63 34 86 #SUP: 3064
67 63 85 #SUP: 3064
67 63 34 85 #SUP: 3064
67 63 86 85 #SUP: 3064
67 63 34 86 85 #SUP: 3064
67 63 59 #SUP: 2500
67 63 59 34 #SUP: 2500
67 63 59 86 #SUP: 2500
67 63 59 34 86 #SUP: 2500
67 63 59 85 #SUP: 2500
67 63 59 34 85 #SUP: 2500
67 63 59 86 85 #SUP: 2500
67 63 59 34 86 85 #SUP: 2500
67 63 90 #SUP: 2720
67 63 90 34 #SUP: 2720
67 63 90 86 #SUP: 2720
67 63 90 34 86 #SUP: 2720
67 63 90 85 #SUP: 2720
67 63 90 34 85 #SUP: 2720
67 63 90 86 85 #SUP: 2720
67 63 90 34 86 85 #SUP: 2720
67 59 #SUP: 3304
67 59 34 #SUP: 3304
67 59 86 #SUP: 3304
67 59 34 86 #SUP: 3304
67 59 85 #SUP: 3304
67 59 34 85 #SUP: 3304
67 59 86 85 #SUP: 3304
67 59 34 86 85 #SUP: 3304
67 59 36 #SUP: 2552
67 59 36 34 #SUP: 2552
67 59 36 86 #SUP: 2552
67 59 36 34 86 #SUP: 2552
67 59 36 85 #SUP: 2552
67 59 36 34 85 #SUP: 2552
67 59 36 86 85 #SUP: 2552
67 59 36 34 86 85 #SUP: 2552
67 59 90 #SUP: 2960
67 59 90 34 #SUP: 2960
67 59 90 86 #SUP: 2960
67 59 90 34 86 #SUP: 2960
67 59 90 85 #SUP: 2960
67 59 90 34 85 #SUP: 2960
67 59 90 86 85 #SUP: 2960
67 59 90 34 86 85 #SUP: 2960
67 39 #SUP: 2824
67 39 34 #SUP: 2824
67 39 86 #SUP: 2824
67 39 34 86 #SUP: 2824
67 39 85 #SUP: 2824
67 39 34 85 #SUP: 2824
67 39 86 85 #SUP: 2824
67 39 34 86 85 #SUP: 2824
67 36 #SUP: 3160
67 36 34 #SUP: 3160
67 36 86 #SUP: 3160
67 36 34 86 #SUP: 3160
67 36 85 #SUP: 3160
67 36 34 85 #SUP: 3160
67 36 86 85 #SUP: 3160
67 36 34 86 85 #SUP: 3160
67 36 90 #SUP: 2960
67 36 90 34 #SUP: 2960
67 36 90 86 #SUP: 2960
67 36 90 34 86 #SUP: 2960
67 36 90 85 #SUP: 2960
67 36 90 34 85 #SUP: 2960
67 36 90 86 85 #SUP: 2960
67 36 90 34 86 85 #SUP: 2960
67 90 #SUP: 3976
67 90 34 #SUP: 3976
67 90 86 #SUP: 3976
67 90 34 86 #SUP: 3976
67 90 85 #SUP: 3976
67 90 34 85 #SUP: 3976
67 90 86 85 #SUP: 3976
67 90 34 86 85 #SUP: 3976
53 #SUP: 4608
53 90 #SUP: 4608
53 34 #SUP: 4608
53 90 34 #SUP: 4608
53 86 #SUP: 4608
53 90 86 #SUP: 4608
53 34 86 #SUP: 4608
53 90 34 86 #SUP: 4608
53 85 #SUP: 4608
53 90 85 #SUP: 4608
53 34 85 #SUP: 4608
53 90 34 85 #SUP: 4608
53 86 85 #SUP: 4608
53 90 86 85 #SUP: 4608
53 34 86 85 #SUP: 4608
53 90 34 86 85 #SUP: 4608
53 24 #SUP: 2496
53 24 90 #SUP: 2496
53 24 34 #SUP: 2496
53 24 90 34 #SUP: 2496
53 24 86 #SUP: 2496
53 24 90 86 #SUP: 2496
53 24 34 86 #SUP: 2496
53 24 90 34 86 #SUP: 2496
53 24 85 #SUP: 2496
53 24 90 85 #SUP: 2496
53 24 34 85 #SUP: 2496
53 24 90 34 85 #SUP: 2496
53 24 86 85 #SUP: 2496
53 24 90 86 85 #SUP: 2496
53 24 34 86 85 #SUP: 2496
53 24 90 34 86 85 #SUP: 2496
53 63 #SUP: 3216
53 63 90 #SUP: 3216
53 63 34 #SUP: 3216
53 63 90 34 #SUP: 3216
53 63 86 #SUP: 3216
53 63 90 86 #SUP: 3216
53 63 34 86 #SUP: 3216
53 63 90 34 86 #SUP: 3216
53 63 85 #SUP: 3216
53 63 90 85 #SUP: 3216
53 63 34 85 #SUP: 3216
53 63 90 34 85 #SUP: 3216
53 63 86 85 #SUP: 3216
53 63 90 86 85 #SUP: 3216
53 63 34 86 85 #SUP: 3216
53 63 90 34 86 85 #SUP: 3216
53 63 59 #SUP: 2520
53 63 59 90 #SUP: 2520
53 63 59 34 #SUP: 2520
53 63 59 90 34 #SUP: 2520
53 63 59 86 #SUP: 2520
53 63 59 90 86 #SUP: 2520
53 63 59 34 86 #SUP: 2520
53 63 59 90 34 86 #SUP: 2520
53 63 59 85 #SUP: 2520
53 63 59 90 85 #SUP: 2520
53 63 59 34 85 #SUP: 2520
53 63 59 90 34 85 #SUP: 2520
53 63 59 86 85 #SUP: 2520
53 63 59 90 86 85 #SUP: 2520
53 63 59 34 86 85 #SUP: 2520
53 63 59 90 34 86 85 #SUP: 2520
53 63 36 #SUP: 2736
53 63 36 90 #SUP: 2736
53 63 36 34 #SUP: 2736
53 63 36 90 34 #SUP: 2736
53 63 36 86 #SUP: 2736
53 63 36 90 86 #SUP: 2736
53 63 36 34 86 #SUP: 2736
53 63 36 90 34 86 #SUP: 2736
53 63 36 85 #SUP: 2736
53 63 36 90 85 #SUP: 2736
53 63 36 34 85 #SUP: 2736
53 63 36 90 34 85 #SUP: 2736
53 63 36 86 85 #SUP: 2736
53 63 36 90 86 85 #SUP: 2736
53 63 36 34 86 85 #SUP: 2736
53 63 36 90 34 86 85 #SUP: 2736
53 59 #SUP: 3216
53 59 90 #SUP: 3216
53 59 34 #SUP: 3216
53 59 90 34 #SUP: 3216
53 59 86 #SUP: 3216
53 59 90 86 #SUP: 3216
53 59 34 86 #SUP: 3216
53 59 90 34 86 #SUP: 3216
53 59 85 #SUP: 3216
53 59 90 85 #SUP: 3216
53 59 34 85 #SUP: 3216
53 59 90 34 85 #SUP: 3216
53 59 86 85 #SUP: 3216
53 59 90 86 85 #SUP: 3216
53 59 34 86 85 #SUP: 3216
53 59 90 34 86 85 #SUP: 3216
53 59 36 #SUP: 2736
53 59 36 90 #SUP: 2736
53 59 36 34 #SUP: 2736
53 59 36 90 34 #SUP: 2736
53 59 36 86 #SUP: 2736
53 59 36 90 86 #SUP: 2736
53 59 36 34 86 #SUP: 2736
53 59 36 90 34 86 #SUP: 2736
53 59 36 85 #SUP: 2736
53 59 36 90 85 #SUP: 2736
53 59 36 34 85 #SUP: 2736
53 59 36 90 34 85 #SUP: 2736
53 59 36 86 85 #SUP: 2736
53 59 36 90 86 85 #SUP: 2736
53 59 36 34 86 85 #SUP: 2736
53 59 36 90 34 86 85 #SUP: 2736
53 39 #SUP: 2784
53 39 90 #SUP: 2784
53 39 34 #SUP: 2784
53 39 90 34 #SUP: 2784
53 39 86 #SUP: 2784
53 39 90 86 #SUP: 2784
53 39 34 86 #SUP: 2784
53 39 90 34 86 #SUP: 2784
53 39 85 #SUP: 2784
53 39 90 85 #SUP: 2784
53 39 34 85 #SUP: 2784
53 39 90 34 85 #SUP: 2784
53 39 86 85 #SUP: 2784
53 39 90 86 85 #SUP: 2784
53 39 34 86 85 #SUP: 2784
53 39 90 34 86 85 #SUP: 2784
53 36 #SUP: 3744
53 36 90 #SUP: 3744
53 36 34 #SUP: 3744
53 36 90 34 #SUP: 3744
53 36 86 #SUP: 3744
53 36 90 86 #SUP: 3744
53 36 34 86 #SUP: 3744
53 36 90 34 86 #SUP: 3744
53 36 85 #SUP: 3744
53 36 90 85 #SUP: 3744
53 36 34 85 #SUP: 3744
53 36 90 34 85 #SUP: 3744
53 36 86 85 #SUP: 3744
53 36 90 86 85 #SUP: 3744
53 36 34 86 85 #SUP: 3744
53 36 90 34 86 85 #SUP: 3744
24 #SUP: 4748
24 85 #SUP: 4748
24 39 #SUP: 2596
24 39 85 #SUP: 2596
24 36 #SUP: 3540
24 36 85 #SUP: 3540
24 36 90 #SUP: 3488
24 36 90 85 #SUP: 3488
24 36 90 34 #SUP: 3296
24 36 90 34 85 #SUP: 3296
24 36 90 34 86 #SUP: 3296
24 36 90 34 85 86 #SUP: 3296
24 36 90 86 #SUP: 3296
24 36 90 86 85 #SUP: 3296
24 36 34 #SUP: 3330
24 36 34 85 #SUP: 3330
24 36 34 86 #SUP: 3330
24 36 34 85 86 #SUP: 3330
24 36 86 #SUP: 3348
24 36 86 85 #SUP: 3348
24 90 #SUP: 4408
24 90 85 #SUP: 4408
24 90 34 #SUP: 4216
24 90 34 85 #SUP: 4216
24 90 34 86 #SUP: 4208
24 90 34 86 85 #SUP: 4208
24 90 86 #SUP: 4208
24 90 86 85 #SUP: 4208
24 34 #SUP: 4538
24 34 85 #SUP: 4538
24 34 86 #SUP: 4530
24 34 86 85 #SUP: 4530
24 86 #SUP: 4548
24 86 85 #SUP: 4548
63 #SUP: 4936
63 85 #SUP: 4936
63 59 #SUP: 4156
63 59 85 #SUP: 4156
63 59 39 #SUP: 3064
63 59 39 85 #SUP: 3064
63 59 39 36 #SUP: 2800
63 59 39 36 85 #SUP: 2800
63 59 39 36 90 #SUP: 2504
63 59 39 36 90 85 #SUP: 2504
63 59 39 36 34 #SUP: 2608
63 59 39 36 34 85 #SUP: 2608
63 59 39 36 34 86 #SUP: 2608
63 59 39 36 34 85 86 #SUP: 2608
63 59 39 36 86 #SUP: 2608
63 59 39 36 86 85 #SUP: 2608
63 59 39 90 #SUP: 2696
63 59 39 90 85 #SUP: 2696
63 59 39 90 34 #SUP: 2504
63 59 39 90 34 85 #SUP: 2504
63 59 39 90 34 86 #SUP: 2504
63 59 39 90 34 85 86 #SUP: 2504
63 59 39 90 86 #SUP: 2504
63 59 39 90 86 85 #SUP: 2504
63 59 39 34 #SUP: 2872
63 59 39 34 85 #SUP: 2872
63 59 39 34 86 #SUP: 2872
63 59 39 34 85 86 #SUP: 2872
63 59 39 86 #SUP: 2872
63 59 39 86 85 #SUP: 2872
63 59 36 #SUP: 3680
63 59 36 85 #SUP: 3680
63 59 36 90 #SUP: 3384
63 59 36 90 85 #SUP: 3384
63 59 36 90 34 #SUP: 3192
63 59 36 90 34 85 #SUP: 3192
63 59 36 90 34 86 #SUP: 3192
63 59 36 90 34 85 86 #SUP: 3192
63 59 36 90 86 #SUP: 3192
63 59 36 90 86 85 #SUP: 3192
63 59 36 34 #SUP: 3488
63 59 36 34 85 #SUP: 3488
63 59 36 34 86 #SUP: 3488
63 59 36 34 85 86 #SUP: 3488
63 59 36 86 #SUP: 3488
63 59 36 86 85 #SUP: 3488
63 59 90 #SUP: 3788
63 59 90 85 #SUP: 3788
63 59 90 34 #SUP: 3596
63 59 90 34 85 #SUP: 3596
63 59 90 34 86 #SUP: 3596
63 59 90 34 85 86 #SUP: 3596
63 59 90 86 #SUP: 3596
63 59 90 86 85 #SUP: 3596
63 59 34 #SUP: 3964
63 59 34 85 #SUP: 3964
63 59 34 86 #SUP: 3964
63 59 34 85 86 #SUP: 3964
63 59 86 #SUP: 3964
63 59 86 85 #SUP: 3964
63 39 #SUP: 3400
63 39 85 #SUP: 3400
63 39 36 #SUP: 2872
63 39 36 85 #SUP: 2872
63 39 36 90 #SUP: 2576
63 39 36 90 85 #SUP: 2576
63 39 36 34 #SUP: 2680
63 39 36 34 85 #SUP: 2680
63 39 36 34 86 #SUP: 2680
63 39 36 34 85 86 #SUP: 2680
63 39 36 86 #SUP: 2680
63 39 36 86 85 #SUP: 2680
63 39 90 #SUP: 2960
63 39 90 85 #SUP: 2960
63 39 90 34 #SUP: 2768
63 39 90 34 85 #SUP: 2768
63 39 90 34 86 #SUP: 2768
63 39 90 34 85 86 #SUP: 2768
63 39 90 86 #SUP: 2768
63 39 90 86 85 #SUP: 2768
63 39 34 #SUP: 3208
63 39 34 85 #SUP: 3208
63 39 34 86 #SUP: 3208
63 39 34 85 86 #SUP: 3208
63 39 86 #SUP: 3208
63 39 86 85 #SUP: 3208
63 36 #SUP: 4184
63 36 85 #SUP: 4184
63 36 90 #SUP: 3888
63 36 90 85 #SUP: 3888
63 36 90 34 #SUP: 3696
63 36 90 34 85 #SUP: 3696
63 36 90 34 86 #SUP: 3696
63 36 90 34 85 86 #SUP: 3696
63 36 90 86 #SUP: 3696
63 36 90 86 85 #SUP: 3696
63 36 34 #SUP: 3992
63 36 34 85 #SUP: 3992
63 36 34 86 #SUP: 3992
63 36 34 85 86 #SUP: 3992
63 36 86 #SUP: 3992
63 36 86 85 #SUP: 3992
63 90 #SUP: 4496
63 90 85 #SUP: 4496
63 90 34 #SUP: 4304
63 90 34 85 #SUP: 4304
63 90 34 86 #SUP: 4304
63 90 34 85 86 #SUP: 4304
63 90 86 #SUP: 4304
63 90 86 85 #SUP: 4304
63 34 #SUP: 4744
63 34 85 #SUP: 4744
63 34 86 #SUP: 4744
63 34 85 86 #SUP: 4744
63 86 #SUP: 4744
63 86 85 #SUP: 4744
59 #SUP: 5176
59 85 #SUP: 5176
59 39 #SUP: 3592
59 39 85 #SUP: 3592
59 39 36 #SUP: 3064
59 39 36 85 #SUP: 3064
59 39 36 90 #SUP: 2768
59 39 36 90 85 #SUP: 2768
59 39 36 90 34 #SUP: 2576
59 39 36 90 34 85 #SUP: 2576
59 39 36 90 34 86 #SUP: 2576
59 39 36 90 34 85 86 #SUP: 2576
59 39 36 90 86 #SUP: 2576
59 39 36 90 86 85 #SUP: 2576
59 39 36 34 #SUP: 2872
59 39 36 34 85 #SUP: 2872
59 39 36 34 86 #SUP: 2872
59 39 36 34 85 86 #SUP: 2872
59 39 36 86 #SUP: 2872
59 39 36 86 85 #SUP: 2872
59 39 90 #SUP: 3152
59 39 90 85 #SUP: 3152
59 39 90 34 #SUP: 2960
59 39 90 34 85 #SUP: 2960
59 39 90 34 86 #SUP: 2960
59 39 90 34 85 86 #SUP: 2960
59 39 90 86 #SUP: 2960
59 39 90 86 85 #SUP: 2960
59 39 34 #SUP: 3400
59 39 34 85 #SUP: 3400
59 39 34 86 #SUP: 3400
59 39 34 85 86 #SUP: 3400
59 39 86 #SUP: 3400
59 39 86 85 #SUP: 3400
59 36 #SUP: 4424
59 36 85 #SUP: 4424
59 36 90 #SUP: 4128
59 36 90 85 #SUP: 4128
59 36 90 34 #SUP: 3936
59 36 90 34 85 #SUP: 3936
59 36 90 34 86 #SUP: 3936
59 36 90 34 85 86 #SUP: 3936
59 36 90 86 #SUP: 3936
59 36 90 86 85 #SUP: 3936
59 36 34 #SUP: 4232
59 36 34 85 #SUP: 4232
59 36 34 86 #SUP: 4232
59 36 34 85 86 #SUP: 4232
59 36 86 #SUP: 4232
59 36 86 85 #SUP: 4232
59 90 #SUP: 4736
59 90 85 #SUP: 4736
59 90 34 #SUP: 4544
59 90 34 85 #SUP: 4544
59 90 34 86 #SUP: 4544
59 90 34 85 86 #SUP: 4544
59 90 86 #SUP: 4544
59 90 86 85 #SUP: 4544
59 34 #SUP: 4984
59 34 85 #SUP: 4984
59 34 86 #SUP: 4984
59 34 85 86 #SUP: 4984
59 86 #SUP: 4984
59 86 85 #SUP: 4984
39 #SUP: 5612
39 85 #SUP: 5612
39 36 #SUP: 4556
39 36 85 #SUP: 4556
39 36 90 #SUP: 4208
39 36 90 85 #SUP: 4208
39 36 90 34 #SUP: 4016
39 36 90 34 85 #SUP: 4016
39 36 90 34 86 #SUP: 4016
39 36 90 34 85 86 #SUP: 4016
39 36 90 86 #SUP: 4016
39 36 90 86 85 #SUP: 4016
39 36 34 #SUP: 4346
39 36 34 85 #SUP: 4346
39 36 34 86 #SUP: 4346
39 36 34 85 86 #SUP: 4346
39 36 86 #SUP: 4364
39 36 86 85 #SUP: 4364
39 90 #SUP: 4976
39 90 85 #SUP: 4976
39 90 34 #SUP: 4784
39 90 34 85 #SUP: 4784
39 90 34 86 #SUP: 4784
39 90 34 85 86 #SUP: 4784
39 90 86 #SUP: 4784
39 90 86 85 #SUP: 4784
39 34 #SUP: 5402
39 34 85 #SUP: 5402
39 34 86 #SUP: 5402
39 34 85 86 #SUP: 5402
39 86 #SUP: 5420
39 86 85 #SUP: 5420
36 #SUP: 6812
36 85 #SUP: 6812
36 90 #SUP: 6464
36 90 85 #SUP: 6464
36 90 34 #SUP: 6272
36 90 34 85 #SUP: 6272
36 90 34 86 #SUP: 6272
36 90 34 85 86 #SUP: 6272
36 90 86 #SUP: 6272
36 90 86 85 #SUP: 6272
36 34 #SUP: 6602
36 34 85 #SUP: 6602
36 34 86 #SUP: 6602
36 34 85 86 #SUP: 6602
36 86 #SUP: 6620
36 86 85 #SUP: 6620
90 #SUP: 7488
90 85 #SUP: 7488
90 34 #SUP: 7296
90 34 85 #SUP: 7296
90 34 86 #SUP: 7288
90 34 86 85 #SUP: 7288
90 86 #SUP: 7288
90 86 85 #SUP: 7288
34 #SUP: 7914
34 85 #SUP: 7914
34 86 #SUP: 7906
34 86 85 #SUP: 7906
86 #SUP: 7924
86 85 #SUP: 7924
85 #SUP: 8124
