4156 #SUP: 44
3977 #SUP: 44
2741 #SUP: 44
2147 #SUP: 44
1704 #SUP: 44
1624 #SUP: 44
1585 #SUP: 44
1132 #SUP: 44
751 #SUP: 44
675 #SUP: 44
498 #SUP: 44
3358 #SUP: 45
2212 #SUP: 45
2080 #SUP: 45
1481 #SUP: 45
806 #SUP: 45
150 #SUP: 45
2694 #SUP: 46
1966 #SUP: 46
1513 #SUP: 46
1355 #SUP: 46
1062 #SUP: 46
785 #SUP: 46
715 #SUP: 46
572 #SUP: 46
4072 #SUP: 47
3638 #SUP: 47
3291 #SUP: 47
2006 #SUP: 47
1938 #SUP: 47
1568 #SUP: 47
1257 #SUP: 47
591 #SUP: 47
543 #SUP: 47
402 #SUP: 47
4113 #SUP: 48
840 #SUP: 48
840 38 #SUP: 47
425 #SUP: 48
3774 #SUP: 49
2775 #SUP: 49
2749 #SUP: 49
1714 #SUP: 49
1144 #SUP: 49
1096 #SUP: 49
1020 #SUP: 49
750 #SUP: 49
703 #SUP: 49
571 #SUP: 49
426 #SUP: 49
209 #SUP: 49
2441 #SUP: 50
947 #SUP: 50
694 #SUP: 50
68 #SUP: 50
2424 #SUP: 51
2284 #SUP: 51
1814 #SUP: 51
910 #SUP: 51
809 #SUP: 51
704 #SUP: 51
488 #SUP: 51
420 #SUP: 51
347 #SUP: 51
281 #SUP: 51
281 38 #SUP: 49
47 #SUP: 51
47 38 #SUP: 50
30 #SUP: 51
2103 #SUP: 52
1126 #SUP: 52
885 #SUP: 52
2847 #SUP: 53
2552 #SUP: 53
2199 #SUP: 53
441 #SUP: 53
105 #SUP: 53
105 38 #SUP: 49
4636 #SUP: 54
2994 #SUP: 54
2793 #SUP: 54
2505 #SUP: 54
1010 #SUP: 54
186 #SUP: 54
2492 #SUP: 55
267 #SUP: 55
50 #SUP: 55
3840 #SUP: 56
2118 #SUP: 56
2015 #SUP: 56
727 #SUP: 56
432 #SUP: 56
4111 #SUP: 57
2638 #SUP: 57
464 #SUP: 57
449 #SUP: 57
4251 #SUP: 58
2126 #SUP: 58
365 #SUP: 58
229 #SUP: 58
55 #SUP: 58
55 38 #SUP: 50
1239 #SUP: 59
913 #SUP: 59
887 #SUP: 59
384 #SUP: 59
251 #SUP: 59
916 #SUP: 60
690 #SUP: 60
156 #SUP: 60
3186 #SUP: 61
2515 #SUP: 61
1425 #SUP: 61
544 #SUP: 61
1123 #SUP: 62
1123 48 #SUP: 45
790 #SUP: 62
790 38 #SUP: 61
4198 #SUP: 63
2815 #SUP: 63
1796 #SUP: 63
1113 #SUP: 63
259 #SUP: 63
1867 #SUP: 64
1783 #SUP: 64
766 #SUP: 64
2894 #SUP: 65
2343 #SUP: 65
1956 #SUP: 65
1956 48 #SUP: 54
981 #SUP: 65
345 #SUP: 65
78 #SUP: 65
78 48 #SUP: 45
78 39 #SUP: 46
2344 #SUP: 66
2168 #SUP: 66
1043 #SUP: 66
865 #SUP: 66
865 39 #SUP: 45
2374 #SUP: 67
2374 39 #SUP: 48
878 #SUP: 67
612 #SUP: 67
549 #SUP: 67
107 #SUP: 67
62 #SUP: 67
2413 #SUP: 68
2413 39 #SUP: 44
2046 #SUP: 68
1765 #SUP: 68
979 #SUP: 68
979 39 #SUP: 46
175 #SUP: 68
175 39 #SUP: 46
52 #SUP: 68
1872 #SUP: 69
1435 #SUP: 69
772 #SUP: 69
861 #SUP: 70
789 #SUP: 70
396 #SUP: 70
334 #SUP: 70
334 39 #SUP: 49
264 #SUP: 70
264 39 #SUP: 46
3693 #SUP: 71
1135 #SUP: 71
1135 48 #SUP: 57
1135 39 #SUP: 47
279 #SUP: 71
279 39 #SUP: 44
258 #SUP: 71
1809 #SUP: 72
1809 48 #SUP: 49
1809 39 #SUP: 49
49 #SUP: 72
49 48 #SUP: 55
49 39 #SUP: 46
3616 #SUP: 73
3616 39 #SUP: 45
155 #SUP: 73
408 #SUP: 74
408 39 #SUP: 44
371 #SUP: 74
371 38 #SUP: 74
371 38 39 #SUP: 48
371 39 #SUP: 48
45 #SUP: 74
11 #SUP: 74
11 48 #SUP: 49
11 39 #SUP: 47
3462 #SUP: 75
2425 #SUP: 75
1372 #SUP: 75
1372 39 #SUP: 48
269 #SUP: 75
269 48 #SUP: 44
269 39 #SUP: 49
18 #SUP: 75
18 39 #SUP: 44
479 #SUP: 76
479 39 #SUP: 56
812 #SUP: 77
812 39 #SUP: 48
664 #SUP: 77
664 39 #SUP: 50
1578 #SUP: 78
1578 39 #SUP: 46
535 #SUP: 78
570 #SUP: 79
570 48 #SUP: 53
570 39 #SUP: 55
349 #SUP: 79
348 #SUP: 79
348 39 #SUP: 50
76 #SUP: 79
76 39 #SUP: 45
31 #SUP: 79
31 39 #SUP: 50
3981 #SUP: 80
3981 39 #SUP: 55
246 #SUP: 80
246 48 #SUP: 52
246 39 #SUP: 52
2958 #SUP: 81
2958 48 #SUP: 70
2958 48 39 #SUP: 48
2958 39 #SUP: 55
1600 #SUP: 81
856 #SUP: 81
856 39 #SUP: 47
1013 #SUP: 82
1013 39 #SUP: 53
272 #SUP: 82
272 48 #SUP: 51
272 39 #SUP: 58
1393 #SUP: 83
1393 48 #SUP: 46
1393 39 #SUP: 48
2325 #SUP: 84
2325 39 #SUP: 51
340 #SUP: 84
340 48 #SUP: 50
340 39 #SUP: 54
242 #SUP: 84
242 39 #SUP: 54
23 #SUP: 85
23 39 #SUP: 52
2633 #SUP: 86
2633 48 #SUP: 48
2633 39 #SUP: 55
681 #SUP: 86
681 39 #SUP: 47
3411 #SUP: 87
3411 39 #SUP: 55
260 #SUP: 90
260 39 #SUP: 57
1659 #SUP: 91
1659 39 #SUP: 54
66 #SUP: 91
66 48 #SUP: 45
66 39 #SUP: 54
548 #SUP: 92
548 48 #SUP: 49
548 39 #SUP: 46
374 #SUP: 94
374 48 #SUP: 50
374 39 #SUP: 53
185 #SUP: 94
185 48 #SUP: 47
185 39 #SUP: 56
381 #SUP: 95
381 48 #SUP: 56
381 39 #SUP: 48
2990 #SUP: 96
2990 3735 #SUP: 46
2990 48 #SUP: 62
2990 39 #SUP: 56
956 #SUP: 96
956 48 #SUP: 53
956 39 #SUP: 63
3735 #SUP: 98
3735 48 #SUP: 60
3735 39 #SUP: 54
1004 #SUP: 98
1004 48 #SUP: 58
1004 39 #SUP: 51
413 #SUP: 100
413 48 #SUP: 48
413 39 #SUP: 57
37 #SUP: 101
37 38 #SUP: 101
37 38 48 #SUP: 56
37 38 39 #SUP: 61
37 48 #SUP: 56
37 39 #SUP: 61
476 #SUP: 102
476 39 #SUP: 54
286 #SUP: 103
286 38 #SUP: 98
286 38 48 #SUP: 45
286 38 39 #SUP: 58
286 48 #SUP: 46
286 39 #SUP: 61
677 #SUP: 104
677 48 #SUP: 58
677 39 #SUP: 64
846 #SUP: 105
846 48 #SUP: 46
846 39 #SUP: 58
3270 #SUP: 106
3270 48 #SUP: 66
3270 39 #SUP: 57
161 #SUP: 106
161 48 #SUP: 44
161 39 #SUP: 57
19 #SUP: 108
19 48 #SUP: 54
19 39 #SUP: 69
249 #SUP: 109
249 48 #SUP: 59
249 48 39 #SUP: 46
249 39 #SUP: 76
1344 #SUP: 111
1344 48 #SUP: 60
1344 48 39 #SUP: 44
1344 39 #SUP: 66
536 #SUP: 116
536 48 #SUP: 70
536 48 39 #SUP: 47
536 39 #SUP: 72
855 #SUP: 117
855 41 #SUP: 44
855 48 #SUP: 66
855 48 39 #SUP: 46
855 39 #SUP: 72
179 #SUP: 120
179 48 #SUP: 73
179 48 39 #SUP: 50
179 39 #SUP: 71
1233 #SUP: 121
1233 41 #SUP: 47
1233 48 #SUP: 57
1233 39 #SUP: 71
208 #SUP: 121
208 41 #SUP: 51
208 48 #SUP: 73
208 48 39 #SUP: 56
208 39 #SUP: 76
592 #SUP: 122
592 41 #SUP: 45
592 48 #SUP: 76
592 48 39 #SUP: 57
592 39 #SUP: 76
201 #SUP: 124
201 41 #SUP: 47
201 48 #SUP: 70
201 39 #SUP: 62
301 #SUP: 125
301 41 #SUP: 45
301 48 #SUP: 63
301 48 39 #SUP: 44
301 39 #SUP: 70
123 #SUP: 125
123 48 #SUP: 73
123 39 #SUP: 66
589 #SUP: 129
589 48 #SUP: 63
589 39 #SUP: 74
740 #SUP: 130
740 48 #SUP: 46
740 39 #SUP: 85
3966 #SUP: 132
3966 48 #SUP: 62
3966 39 #SUP: 82
94 #SUP: 139
94 41 #SUP: 51
94 48 #SUP: 72
94 48 39 #SUP: 53
94 39 #SUP: 80
338 #SUP: 142
338 41 #SUP: 50
338 48 #SUP: 88
338 48 39 #SUP: 60
338 39 #SUP: 85
189 #SUP: 142
189 41 #SUP: 52
189 48 #SUP: 68
189 48 39 #SUP: 55
189 39 #SUP: 87
2238 #SUP: 143
2238 41 #SUP: 65
2238 41 39 #SUP: 55
2238 48 #SUP: 67
2238 48 39 #SUP: 56
2238 39 #SUP: 105
824 #SUP: 143
824 48 #SUP: 80
824 48 39 #SUP: 54
824 39 #SUP: 82
976 #SUP: 146
976 117 #SUP: 75
976 48 #SUP: 72
976 48 39 #SUP: 47
976 39 #SUP: 71
79 #SUP: 149
79 41 #SUP: 82
79 41 48 #SUP: 44
79 41 39 #SUP: 60
79 48 #SUP: 74
79 48 39 #SUP: 58
79 39 #SUP: 107
783 #SUP: 153
783 41 #SUP: 59
783 41 39 #SUP: 46
783 48 #SUP: 94
783 48 39 #SUP: 62
783 39 #SUP: 92
270 #SUP: 153
270 271 #SUP: 56
270 32 #SUP: 49
270 41 #SUP: 72
270 41 39 #SUP: 54
270 48 #SUP: 67
270 48 39 #SUP: 45
270 39 #SUP: 95
255 #SUP: 155
255 41 #SUP: 44
255 48 #SUP: 111
255 48 39 #SUP: 83
255 39 #SUP: 106
1198 #SUP: 157
1198 41 #SUP: 56
1198 48 #SUP: 79
1198 48 39 #SUP: 57
1198 39 #SUP: 91
522 #SUP: 160
522 41 #SUP: 59
522 48 #SUP: 89
522 48 39 #SUP: 63
522 39 #SUP: 101
533 #SUP: 162
533 41 #SUP: 62
533 41 48 #SUP: 46
533 41 39 #SUP: 49
533 48 #SUP: 92
533 48 39 #SUP: 68
533 39 #SUP: 94
9 #SUP: 163
9 41 #SUP: 58
9 48 #SUP: 88
9 48 39 #SUP: 49
9 39 #SUP: 91
117 #SUP: 169
117 41 #SUP: 48
117 48 #SUP: 99
117 48 39 #SUP: 56
117 39 #SUP: 83
1146 #SUP: 179
1146 32 #SUP: 51
1146 41 #SUP: 81
1146 41 48 #SUP: 52
1146 41 39 #SUP: 57
1146 48 #SUP: 98
1146 48 39 #SUP: 71
1146 39 #SUP: 118
271 #SUP: 180
271 32 #SUP: 59
271 41 #SUP: 83
271 41 39 #SUP: 63
271 48 #SUP: 71
271 48 39 #SUP: 54
271 39 #SUP: 117
147 #SUP: 180
147 32 #SUP: 46
147 41 #SUP: 77
147 41 48 #SUP: 49
147 41 39 #SUP: 57
147 48 #SUP: 110
147 48 39 #SUP: 76
147 39 #SUP: 109
749 #SUP: 190
749 41 #SUP: 66
749 41 39 #SUP: 53
749 48 #SUP: 99
749 48 39 #SUP: 73
749 39 #SUP: 110
438 #SUP: 212
438 38 #SUP: 46
438 41 #SUP: 62
438 41 39 #SUP: 48
438 48 #SUP: 103
438 48 39 #SUP: 76
438 39 #SUP: 131
1859 #SUP: 216
1859 352 #SUP: 112
1859 352 48 #SUP: 61
1859 352 39 #SUP: 51
1859 32 #SUP: 56
1859 41 #SUP: 77
1859 41 48 #SUP: 48
1859 41 39 #SUP: 49
1859 48 #SUP: 114
1859 48 39 #SUP: 66
1859 39 #SUP: 103
101 #SUP: 221
101 32 #SUP: 50
101 41 #SUP: 70
101 41 48 #SUP: 45
101 41 39 #SUP: 53
101 48 #SUP: 121
101 48 39 #SUP: 82
101 39 #SUP: 124
1121 #SUP: 222
1121 41 #SUP: 72
1121 41 39 #SUP: 53
1121 48 #SUP: 126
1121 48 39 #SUP: 73
1121 39 #SUP: 124
1715 #SUP: 228
1715 32 #SUP: 65
1715 32 39 #SUP: 44
1715 41 #SUP: 82
1715 41 48 #SUP: 53
1715 41 48 39 #SUP: 45
1715 41 39 #SUP: 64
1715 48 #SUP: 129
1715 48 39 #SUP: 86
1715 39 #SUP: 136
475 #SUP: 251
475 32 #SUP: 59
475 41 #SUP: 103
475 41 48 #SUP: 71
475 41 48 39 #SUP: 62
475 41 39 #SUP: 85
475 48 #SUP: 141
475 48 39 #SUP: 113
475 39 #SUP: 172
60 #SUP: 264
60 604 #SUP: 46
60 32 #SUP: 54
60 41 #SUP: 73
60 41 48 #SUP: 44
60 41 39 #SUP: 58
60 48 #SUP: 130
60 48 39 #SUP: 95
60 39 #SUP: 163
310 #SUP: 268
310 32 #SUP: 72
310 32 48 #SUP: 51
310 32 39 #SUP: 49
310 41 #SUP: 112
310 41 48 #SUP: 86
310 41 48 39 #SUP: 74
310 41 39 #SUP: 95
310 48 #SUP: 168
310 48 39 #SUP: 126
310 39 #SUP: 184
110 #SUP: 271
110 38 #SUP: 259
110 38 41 #SUP: 107
110 38 41 48 #SUP: 63
110 38 41 48 39 #SUP: 56
110 38 41 39 #SUP: 87
110 38 48 #SUP: 116
110 38 48 39 #SUP: 92
110 38 39 #SUP: 160
110 32 #SUP: 44
110 41 #SUP: 108
110 41 48 #SUP: 63
110 41 48 39 #SUP: 56
110 41 39 #SUP: 87
110 48 #SUP: 117
110 48 39 #SUP: 92
110 39 #SUP: 164
237 #SUP: 283
237 38 #SUP: 59
237 38 39 #SUP: 46
237 32 #SUP: 68
237 41 #SUP: 90
237 41 48 #SUP: 50
237 41 39 #SUP: 69
237 48 #SUP: 143
237 48 39 #SUP: 107
237 39 #SUP: 177
36 #SUP: 287
36 38 #SUP: 275
36 38 32 #SUP: 49
36 38 41 #SUP: 107
36 38 41 48 #SUP: 52
36 38 41 48 39 #SUP: 47
36 38 41 39 #SUP: 88
36 38 48 #SUP: 118
36 38 48 39 #SUP: 89
36 38 39 #SUP: 187
36 32 #SUP: 50
36 41 #SUP: 114
36 41 48 #SUP: 55
36 41 48 39 #SUP: 50
36 41 39 #SUP: 93
36 48 #SUP: 123
36 48 39 #SUP: 92
36 39 #SUP: 195
225 #SUP: 289
225 38 #SUP: 62
225 38 39 #SUP: 56
225 32 #SUP: 71
225 32 39 #SUP: 59
225 41 #SUP: 124
225 41 48 #SUP: 69
225 41 48 39 #SUP: 61
225 41 39 #SUP: 104
225 48 #SUP: 135
225 48 39 #SUP: 113
225 39 #SUP: 209
352 #SUP: 297
352 32 #SUP: 87
352 32 48 #SUP: 56
352 41 #SUP: 116
352 41 48 #SUP: 81
352 41 48 39 #SUP: 63
352 41 39 #SUP: 85
352 48 #SUP: 168
352 48 39 #SUP: 101
352 39 #SUP: 147
604 #SUP: 306
604 38 #SUP: 51
604 32 #SUP: 63
604 41 #SUP: 97
604 41 48 #SUP: 64
604 41 48 39 #SUP: 55
604 41 39 #SUP: 79
604 48 #SUP: 149
604 48 39 #SUP: 118
604 39 #SUP: 197
89 #SUP: 335
89 38 #SUP: 73
89 38 48 #SUP: 56
89 38 39 #SUP: 54
89 32 #SUP: 57
89 41 #SUP: 117
89 41 48 #SUP: 85
89 41 48 39 #SUP: 69
89 41 39 #SUP: 94
89 48 #SUP: 223
89 48 39 #SUP: 165
89 39 #SUP: 233
65 #SUP: 337
65 38 #SUP: 54
65 32 #SUP: 65
65 41 #SUP: 117
65 41 48 #SUP: 70
65 41 48 39 #SUP: 51
65 41 39 #SUP: 84
65 48 #SUP: 179
65 48 39 #SUP: 115
65 39 #SUP: 187
1327 #SUP: 339
1327 38 #SUP: 61
1327 38 39 #SUP: 44
1327 32 #SUP: 53
1327 41 #SUP: 105
1327 41 48 #SUP: 62
1327 41 48 39 #SUP: 52
1327 41 39 #SUP: 86
1327 48 #SUP: 169
1327 48 39 #SUP: 130
1327 39 #SUP: 212
170 #SUP: 359
170 38 #SUP: 351
170 38 32 #SUP: 60
170 38 41 #SUP: 131
170 38 41 48 #SUP: 69
170 38 41 48 39 #SUP: 55
170 38 41 39 #SUP: 96
170 38 48 #SUP: 149
170 38 48 39 #SUP: 108
170 38 39 #SUP: 222
170 32 #SUP: 60
170 41 #SUP: 133
170 41 48 #SUP: 70
170 41 48 39 #SUP: 56
170 41 39 #SUP: 98
170 48 #SUP: 154
170 48 39 #SUP: 112
170 39 #SUP: 229
38 #SUP: 1549
38 32 #SUP: 289
38 32 41 #SUP: 140
38 32 41 48 #SUP: 86
38 32 41 48 39 #SUP: 72
38 32 41 39 #SUP: 105
38 32 48 #SUP: 160
38 32 48 39 #SUP: 119
38 32 39 #SUP: 183
38 41 #SUP: 619
38 41 48 #SUP: 332
38 41 48 39 #SUP: 283
38 41 39 #SUP: 477
38 48 #SUP: 699
38 48 39 #SUP: 530
38 39 #SUP: 1004
32 #SUP: 1578
32 41 #SUP: 506
32 41 48 #SUP: 307
32 41 48 39 #SUP: 241
32 41 39 #SUP: 361
32 48 #SUP: 820
32 48 39 #SUP: 525
32 39 #SUP: 861
41 #SUP: 2293
41 48 #SUP: 1269
41 48 39 #SUP: 1029
41 39 #SUP: 1713
48 #SUP: 3802
48 39 #SUP: 2578
39 #SUP: 4879
