147 #SUP: 1779
1327 #SUP: 1786
438 #SUP: 1863
413 #SUP: 1880
271 #SUP: 2094
475 #SUP: 2167
101 #SUP: 2237
310 #SUP: 2594
310 39 #SUP: 1852
110 #SUP: 2794
110 38 #SUP: 2725
36 #SUP: 2936
36 38 #SUP: 2790
36 38 39 #SUP: 1945
36 39 #SUP: 2037
237 #SUP: 3032
237 39 #SUP: 1929
170 #SUP: 3099
170 38 #SUP: 3031
170 38 39 #SUP: 2019
170 39 #SUP: 2059
225 #SUP: 3257
225 39 #SUP: 2351
89 #SUP: 3837
89 48 #SUP: 2798
89 48 39 #SUP: 2125
89 39 #SUP: 2749
65 #SUP: 4472
65 48 #SUP: 2529
65 48 39 #SUP: 1797
65 39 #SUP: 2787
41 #SUP: 14945
41 32 #SUP: 3196
41 32 48 #SUP: 2063
41 32 39 #SUP: 2359
41 38 #SUP: 3897
41 38 48 #SUP: 2374
41 38 48 39 #SUP: 1991
41 38 39 #SUP: 3051
41 48 #SUP: 9018
41 48 39 #SUP: 7366
41 39 #SUP: 11414
32 #SUP: 15167
32 38 #SUP: 2833
32 38 39 #SUP: 1840
32 48 #SUP: 8034
32 48 39 #SUP: 5402
32 39 #SUP: 8455
38 #SUP: 15596
38 48 #SUP: 7944
38 48 39 #SUP: 6102
38 39 #SUP: 10345
48 #SUP: 42135
48 39 #SUP: 29142
39 #SUP: 50675
