10515 #SUP: 882
264 #SUP: 895
2958 #SUP: 904
956 #SUP: 911
242 #SUP: 911
45 #SUP: 911
31 #SUP: 920
479 #SUP: 926
3270 #SUP: 950
783 #SUP: 965
175 #SUP: 970
522 #SUP: 974
258 #SUP: 987
179 #SUP: 998
19 #SUP: 1005
161 #SUP: 1010
117 #SUP: 1026
13041 #SUP: 1051
78 #SUP: 1060
37 #SUP: 1074
37 38 #SUP: 1046
1004 #SUP: 1102
677 #SUP: 1110
589 #SUP: 1119
49 #SUP: 1120
201 #SUP: 1133
548 #SUP: 1137
15832 #SUP: 1143
249 #SUP: 1160
1393 #SUP: 1161
16217 #SUP: 1166
740 #SUP: 1181
286 #SUP: 1183
286 38 #SUP: 1116
301 #SUP: 1204
604 #SUP: 1209
824 #SUP: 1210
592 #SUP: 1227
338 #SUP: 1274
14098 #SUP: 1291
123 #SUP: 1302
16010 #SUP: 1316
9 #SUP: 1372
185 #SUP: 1376
1146 #SUP: 1426
1146 39 #SUP: 983
12925 #SUP: 1467
12925 39 #SUP: 938
255 #SUP: 1474
255 48 #SUP: 1057
255 39 #SUP: 1057
533 #SUP: 1487
533 39 #SUP: 922
60 #SUP: 1489
60 39 #SUP: 983
79 #SUP: 1600
79 48 #SUP: 893
79 39 #SUP: 1111
2238 #SUP: 1715
2238 48 #SUP: 955
2238 39 #SUP: 1287
270 #SUP: 1734
270 48 #SUP: 957
270 39 #SUP: 1194
147 #SUP: 1779
147 48 #SUP: 1036
147 39 #SUP: 1137
1327 #SUP: 1786
1327 48 #SUP: 968
1327 39 #SUP: 1156
438 #SUP: 1863
438 48 #SUP: 1025
438 39 #SUP: 1260
413 #SUP: 1880
413 48 #SUP: 1135
413 39 #SUP: 1130
271 #SUP: 2094
271 48 #SUP: 1090
271 39 #SUP: 1434
475 #SUP: 2167
475 48 #SUP: 1428
475 48 39 #SUP: 1092
475 39 #SUP: 1500
101 #SUP: 2237
101 48 #SUP: 1311
101 48 39 #SUP: 946
101 39 #SUP: 1400
310 #SUP: 2594
310 48 #SUP: 1692
310 48 39 #SUP: 1347
310 39 #SUP: 1852
110 #SUP: 2794
110 38 #SUP: 2725
110 38 48 #SUP: 1361
110 38 48 39 #SUP: 1031
110 38 39 #SUP: 1740
110 48 #SUP: 1380
110 48 39 #SUP: 1037
110 39 #SUP: 1759
36 #SUP: 2936
36 38 #SUP: 2790
36 38 48 #SUP: 1360
36 38 48 39 #SUP: 1080
36 38 39 #SUP: 1945
36 48 #SUP: 1416
36 48 39 #SUP: 1116
36 39 #SUP: 2037
237 #SUP: 3032
237 48 #SUP: 1682
237 48 39 #SUP: 1244
237 39 #SUP: 1929
170 #SUP: 3099
170 38 #SUP: 3031
170 38 48 #SUP: 1538
170 38 48 39 #SUP: 1193
170 38 39 #SUP: 2019
170 48 #SUP: 1557
170 48 39 #SUP: 1206
170 39 #SUP: 2059
225 #SUP: 3257
225 48 #SUP: 1736
225 48 39 #SUP: 1400
225 39 #SUP: 2351
89 #SUP: 3837
89 48 #SUP: 2798
89 48 39 #SUP: 2125
89 39 #SUP: 2749
65 #SUP: 4472
65 41 #SUP: 995
65 48 #SUP: 2529
65 48 39 #SUP: 1797
65 39 #SUP: 2787
41 #SUP: 14945
41 32 #SUP: 3196
41 32 48 #SUP: 2063
41 32 48 39 #SUP: 1646
41 32 39 #SUP: 2359
41 38 #SUP: 3897
41 38 48 #SUP: 2374
41 38 48 39 #SUP: 1991
41 38 39 #SUP: 3051
41 48 #SUP: 9018
41 48 39 #SUP: 7366
41 39 #SUP: 11414
32 #SUP: 15167
32 38 #SUP: 2833
32 38 48 #SUP: 1646
32 38 48 39 #SUP: 1236
32 38 39 #SUP: 1840
32 48 #SUP: 8034
32 48 39 #SUP: 5402
32 39 #SUP: 8455
38 #SUP: 15596
38 48 #SUP: 7944
38 48 39 #SUP: 6102
38 39 #SUP: 10345
48 #SUP: 42135
48 39 #SUP: 29142
39 #SUP: 50675
