2515 #SUP: 220
3966 #SUP: 221
3799 #SUP: 221
351 #SUP: 221
10525 #SUP: 222
1593 #SUP: 222
10491 #SUP: 223
2775 #SUP: 224
1585 #SUP: 225
1417 #SUP: 225
647 #SUP: 225
727 #SUP: 227
581 #SUP: 227
405 #SUP: 227
2440 #SUP: 230
1867 #SUP: 230
1404 #SUP: 230
281 #SUP: 232
281 38 #SUP: 222
2284 #SUP: 233
2241 #SUP: 233
798 #SUP: 233
1000 #SUP: 234
408 #SUP: 235
1677 #SUP: 238
200 #SUP: 239
2552 #SUP: 240
9555 #SUP: 244
910 #SUP: 244
10490 #SUP: 245
734 #SUP: 246
734 48 #SUP: 223
2 #SUP: 246
749 #SUP: 247
856 #SUP: 248
261 #SUP: 248
2492 #SUP: 249
2187 #SUP: 249
10515 #SUP: 253
1956 #SUP: 253
2399 #SUP: 255
1714 #SUP: 255
1966 #SUP: 257
398 #SUP: 259
189 #SUP: 259
961 #SUP: 261
267 #SUP: 261
56 #SUP: 261
56 38 #SUP: 248
1239 #SUP: 262
916 #SUP: 263
497 #SUP: 265
2383 #SUP: 266
2329 #SUP: 266
979 #SUP: 267
793 #SUP: 267
178 #SUP: 267
150 #SUP: 267
2118 #SUP: 268
345 #SUP: 268
1144 #SUP: 269
913 #SUP: 269
1113 #SUP: 270
384 #SUP: 272
52 #SUP: 272
246 #SUP: 273
186 #SUP: 273
53 #SUP: 274
1034 #SUP: 275
30 #SUP: 277
374 #SUP: 278
426 #SUP: 279
155 #SUP: 279
947 #SUP: 280
425 #SUP: 281
790 #SUP: 283
790 38 #SUP: 277
704 #SUP: 283
623 #SUP: 287
1355 #SUP: 288
297 #SUP: 290
2437 #SUP: 294
4336 #SUP: 297
878 #SUP: 298
420 #SUP: 298
1872 #SUP: 299
1067 #SUP: 299
1043 #SUP: 300
62 #SUP: 301
105 #SUP: 303
105 38 #SUP: 293
251 #SUP: 304
1783 #SUP: 307
769 #SUP: 307
865 #SUP: 309
649 #SUP: 311
94 #SUP: 312
2199 #SUP: 313
571 #SUP: 313
2168 #SUP: 316
703 #SUP: 316
379 #SUP: 316
209 #SUP: 316
269 #SUP: 318
1986 #SUP: 319
464 #SUP: 319
1214 #SUP: 320
259 #SUP: 320
675 #SUP: 324
675 39 #SUP: 224
396 #SUP: 326
8978 #SUP: 328
8978 39 #SUP: 237
1135 #SUP: 328
1135 48 #SUP: 257
1135 39 #SUP: 232
260 #SUP: 328
806 #SUP: 330
103 #SUP: 333
279 #SUP: 335
340 #SUP: 338
365 #SUP: 339
365 39 #SUP: 229
766 #SUP: 341
488 #SUP: 347
407 #SUP: 350
55 #SUP: 352
55 38 #SUP: 323
55 39 #SUP: 230
449 #SUP: 356
664 #SUP: 357
664 39 #SUP: 240
272 #SUP: 357
272 48 #SUP: 222
272 39 #SUP: 249
1814 #SUP: 359
1814 48 #SUP: 235
1814 39 #SUP: 240
681 #SUP: 359
681 39 #SUP: 220
11 #SUP: 359
11 48 #SUP: 238
11 39 #SUP: 234
789 #SUP: 361
789 48 #SUP: 233
789 39 #SUP: 242
772 #SUP: 361
1435 #SUP: 362
2046 #SUP: 369
1600 #SUP: 371
10 #SUP: 372
10 48 #SUP: 220
9501 #SUP: 379
9501 39 #SUP: 242
334 #SUP: 382
334 39 #SUP: 247
107 #SUP: 382
107 48 #SUP: 235
107 39 #SUP: 226
229 #SUP: 384
229 48 #SUP: 253
229 39 #SUP: 227
535 #SUP: 385
1715 #SUP: 386
1715 48 #SUP: 227
1715 39 #SUP: 231
3616 #SUP: 387
3616 39 #SUP: 253
2958 #SUP: 387
2958 48 #SUP: 338
2958 48 39 #SUP: 245
2958 39 #SUP: 277
371 #SUP: 388
371 38 #SUP: 383
371 38 39 #SUP: 262
371 39 #SUP: 265
1859 #SUP: 391
23 #SUP: 398
23 39 #SUP: 273
10446 #SUP: 400
10446 48 #SUP: 234
10446 39 #SUP: 247
570 #SUP: 401
570 48 #SUP: 279
570 48 39 #SUP: 223
570 39 #SUP: 290
1659 #SUP: 404
1659 48 #SUP: 229
1659 39 #SUP: 270
18 #SUP: 405
18 39 #SUP: 250
3270 #SUP: 419
3270 48 #SUP: 266
3270 39 #SUP: 261
812 #SUP: 420
812 48 #SUP: 238
812 39 #SUP: 253
1121 #SUP: 425
1121 48 #SUP: 250
1121 39 #SUP: 257
549 #SUP: 425
549 48 #SUP: 253
549 39 #SUP: 256
242 #SUP: 433
242 39 #SUP: 275
479 #SUP: 434
479 48 #SUP: 240
479 39 #SUP: 279
175 #SUP: 434
175 39 #SUP: 274
352 #SUP: 438
352 48 #SUP: 246
352 39 #SUP: 224
45 #SUP: 438
45 48 #SUP: 244
45 39 #SUP: 270
156 #SUP: 439
156 48 #SUP: 242
156 39 #SUP: 296
956 #SUP: 446
956 48 #SUP: 259
956 39 #SUP: 289
855 #SUP: 448
855 48 #SUP: 266
855 39 #SUP: 282
78 #SUP: 448
78 48 #SUP: 341
78 48 39 #SUP: 254
78 39 #SUP: 328
76 #SUP: 455
76 48 #SUP: 262
76 39 #SUP: 278
264 #SUP: 460
264 48 #SUP: 275
264 39 #SUP: 308
19 #SUP: 461
19 48 #SUP: 263
19 39 #SUP: 280
31 #SUP: 462
31 48 #SUP: 245
31 39 #SUP: 272
432 #SUP: 465
432 48 #SUP: 250
432 39 #SUP: 285
544 #SUP: 471
544 48 #SUP: 278
544 39 #SUP: 302
976 #SUP: 472
976 48 #SUP: 262
976 39 #SUP: 259
1578 #SUP: 475
1578 48 #SUP: 254
1578 39 #SUP: 310
179 #SUP: 489
179 48 #SUP: 305
179 48 39 #SUP: 228
179 39 #SUP: 329
522 #SUP: 496
522 48 #SUP: 285
522 39 #SUP: 330
1004 #SUP: 497
1004 48 #SUP: 284
1004 39 #SUP: 263
161 #SUP: 505
161 48 #SUP: 257
161 39 #SUP: 310
258 #SUP: 506
258 48 #SUP: 334
258 48 39 #SUP: 241
258 39 #SUP: 331
1393 #SUP: 513
1393 48 #SUP: 300
1393 48 39 #SUP: 234
1393 39 #SUP: 348
548 #SUP: 516
548 48 #SUP: 308
548 48 39 #SUP: 227
548 39 #SUP: 305
846 #SUP: 519
846 48 #SUP: 258
846 39 #SUP: 290
37 #SUP: 527
37 38 #SUP: 521
37 38 48 #SUP: 303
37 38 48 39 #SUP: 234
37 38 39 #SUP: 338
37 48 #SUP: 305
37 48 39 #SUP: 236
37 39 #SUP: 342
208 #SUP: 529
208 48 #SUP: 330
208 48 39 #SUP: 222
208 39 #SUP: 326
249 #SUP: 541
249 48 #SUP: 323
249 48 39 #SUP: 235
249 39 #SUP: 346
286 #SUP: 557
286 38 #SUP: 520
286 38 48 #SUP: 259
286 38 39 #SUP: 311
286 48 #SUP: 265
286 39 #SUP: 323
589 #SUP: 561
589 48 #SUP: 304
589 39 #SUP: 354
824 #SUP: 566
824 48 #SUP: 319
824 39 #SUP: 327
740 #SUP: 568
740 48 #SUP: 242
740 39 #SUP: 368
49 #SUP: 570
49 48 #SUP: 428
49 48 39 #SUP: 309
49 39 #SUP: 387
783 #SUP: 574
783 48 #SUP: 355
783 48 39 #SUP: 264
783 39 #SUP: 383
677 #SUP: 574
677 48 #SUP: 341
677 48 39 #SUP: 235
677 39 #SUP: 352
389 #SUP: 579
389 48 #SUP: 304
389 48 39 #SUP: 234
389 39 #SUP: 391
413 #SUP: 597
413 48 #SUP: 332
413 48 39 #SUP: 231
413 39 #SUP: 358
201 #SUP: 604
201 48 #SUP: 358
201 48 39 #SUP: 236
201 39 #SUP: 350
301 #SUP: 606
301 48 #SUP: 328
301 48 39 #SUP: 234
301 39 #SUP: 362
1198 #SUP: 626
1198 48 #SUP: 355
1198 48 39 #SUP: 261
1198 39 #SUP: 387
338 #SUP: 627
338 48 #SUP: 388
338 48 39 #SUP: 257
338 39 #SUP: 372
117 #SUP: 632
117 48 #SUP: 374
117 48 39 #SUP: 231
117 39 #SUP: 337
123 #SUP: 642
123 48 #SUP: 388
123 48 39 #SUP: 244
123 39 #SUP: 355
1344 #SUP: 644
1344 41 #SUP: 253
1344 48 #SUP: 363
1344 48 39 #SUP: 270
1344 39 #SUP: 421
592 #SUP: 664
592 41 #SUP: 235
592 48 #SUP: 411
592 48 39 #SUP: 289
592 39 #SUP: 406
9 #SUP: 724
9 41 #SUP: 232
9 48 #SUP: 425
9 48 39 #SUP: 288
9 39 #SUP: 434
533 #SUP: 733
533 41 #SUP: 230
533 48 #SUP: 425
533 48 39 #SUP: 317
533 39 #SUP: 474
185 #SUP: 749
185 48 #SUP: 448
185 48 39 #SUP: 318
185 39 #SUP: 472
604 #SUP: 753
604 41 #SUP: 238
604 48 #SUP: 418
604 48 39 #SUP: 318
604 39 #SUP: 477
79 #SUP: 806
79 41 #SUP: 360
79 41 48 #SUP: 232
79 41 39 #SUP: 272
79 48 #SUP: 455
79 48 39 #SUP: 358
79 39 #SUP: 568
255 #SUP: 827
255 41 #SUP: 254
255 48 #SUP: 591
255 48 39 #SUP: 449
255 39 #SUP: 591
60 #SUP: 833
60 41 #SUP: 229
60 48 #SUP: 444
60 48 39 #SUP: 324
60 39 #SUP: 543
1146 #SUP: 894
1146 41 #SUP: 412
1146 41 48 #SUP: 255
1146 41 39 #SUP: 318
1146 48 #SUP: 509
1146 48 39 #SUP: 388
1146 39 #SUP: 620
147 #SUP: 900
147 41 #SUP: 320
147 41 39 #SUP: 247
147 48 #SUP: 517
147 48 39 #SUP: 365
147 39 #SUP: 564
270 #SUP: 911
270 271 #SUP: 340
270 271 39 #SUP: 238
270 32 #SUP: 242
270 41 #SUP: 375
270 41 48 #SUP: 240
270 41 39 #SUP: 288
270 48 #SUP: 493
270 48 39 #SUP: 367
270 39 #SUP: 604
2238 #SUP: 925
2238 41 #SUP: 412
2238 41 48 #SUP: 256
2238 41 48 39 #SUP: 220
2238 41 39 #SUP: 337
2238 48 #SUP: 492
2238 48 39 #SUP: 403
2238 39 #SUP: 678
438 #SUP: 978
438 41 #SUP: 296
438 41 39 #SUP: 253
438 48 #SUP: 537
438 48 39 #SUP: 410
438 39 #SUP: 658
101 #SUP: 1066
101 41 #SUP: 335
101 41 48 #SUP: 226
101 41 39 #SUP: 253
101 48 #SUP: 608
101 48 39 #SUP: 435
101 39 #SUP: 643
271 #SUP: 1106
271 32 #SUP: 250
271 41 #SUP: 421
271 41 48 #SUP: 254
271 41 39 #SUP: 323
271 48 #SUP: 563
271 48 39 #SUP: 421
271 39 #SUP: 753
475 #SUP: 1146
475 32 #SUP: 249
475 41 #SUP: 428
475 41 48 #SUP: 315
475 41 48 39 #SUP: 270
475 41 39 #SUP: 352
475 48 #SUP: 767
475 48 39 #SUP: 577
475 39 #SUP: 783
110 #SUP: 1310
110 38 #SUP: 1271
110 38 41 #SUP: 450
110 38 41 48 #SUP: 293
110 38 41 48 39 #SUP: 249
110 38 41 39 #SUP: 360
110 38 48 #SUP: 624
110 38 48 39 #SUP: 484
110 38 39 #SUP: 810
110 41 #SUP: 457
110 41 48 #SUP: 295
110 41 48 39 #SUP: 250
110 41 39 #SUP: 363
110 48 #SUP: 632
110 48 39 #SUP: 489
110 39 #SUP: 823
310 #SUP: 1358
310 32 #SUP: 306
310 32 39 #SUP: 229
310 38 #SUP: 222
310 41 #SUP: 514
310 41 48 #SUP: 379
310 41 48 39 #SUP: 336
310 41 39 #SUP: 444
310 48 #SUP: 876
310 48 39 #SUP: 706
310 39 #SUP: 991
237 #SUP: 1463
237 32 #SUP: 281
237 38 #SUP: 307
237 38 39 #SUP: 223
237 41 #SUP: 403
237 41 48 #SUP: 254
237 41 39 #SUP: 319
237 48 #SUP: 785
237 48 39 #SUP: 562
237 39 #SUP: 914
36 #SUP: 1479
36 32 #SUP: 262
36 32 38 #SUP: 252
36 38 #SUP: 1412
36 38 41 #SUP: 486
36 38 41 48 #SUP: 268
36 38 41 48 39 #SUP: 238
36 38 41 39 #SUP: 404
36 38 48 #SUP: 681
36 38 48 39 #SUP: 528
36 38 39 #SUP: 977
36 41 #SUP: 510
36 41 48 #SUP: 277
36 41 48 39 #SUP: 245
36 41 39 #SUP: 420
36 48 #SUP: 704
36 48 39 #SUP: 539
36 39 #SUP: 1017
1327 #SUP: 1498
1327 32 #SUP: 253
1327 38 #SUP: 301
1327 38 39 #SUP: 242
1327 41 #SUP: 450
1327 41 48 #SUP: 299
1327 41 48 39 #SUP: 253
1327 41 39 #SUP: 372
1327 48 #SUP: 819
1327 48 39 #SUP: 617
1327 39 #SUP: 985
89 #SUP: 1685
89 32 #SUP: 311
89 32 48 #SUP: 246
89 32 39 #SUP: 231
89 38 #SUP: 335
89 38 48 #SUP: 256
89 38 39 #SUP: 255
89 41 #SUP: 463
89 41 48 #SUP: 375
89 41 48 39 #SUP: 318
89 41 39 #SUP: 385
89 48 #SUP: 1216
89 48 39 #SUP: 912
89 39 #SUP: 1188
170 #SUP: 1691
170 32 #SUP: 295
170 32 38 #SUP: 290
170 38 #SUP: 1661
170 38 41 #SUP: 590
170 38 41 48 #SUP: 351
170 38 41 48 39 #SUP: 298
170 38 41 39 #SUP: 453
170 38 48 #SUP: 802
170 38 48 39 #SUP: 610
170 38 39 #SUP: 1090
170 41 #SUP: 601
170 41 48 #SUP: 359
170 41 48 39 #SUP: 304
170 41 39 #SUP: 462
170 48 #SUP: 818
170 48 39 #SUP: 621
170 39 #SUP: 1113
225 #SUP: 1723
225 32 #SUP: 356
225 32 39 #SUP: 259
225 38 #SUP: 371
225 38 39 #SUP: 301
225 41 #SUP: 663
225 41 48 #SUP: 402
225 41 48 39 #SUP: 350
225 41 39 #SUP: 549
225 48 #SUP: 907
225 48 39 #SUP: 719
225 39 #SUP: 1224
65 #SUP: 2162
65 32 #SUP: 384
65 32 48 #SUP: 241
65 32 39 #SUP: 258
65 38 #SUP: 323
65 38 39 #SUP: 249
65 41 #SUP: 709
65 41 48 #SUP: 461
65 41 48 39 #SUP: 367
65 41 39 #SUP: 547
65 48 #SUP: 1232
65 48 39 #SUP: 873
65 39 #SUP: 1348
32 #SUP: 7739
32 38 #SUP: 1456
32 38 41 #SUP: 594
32 38 41 48 #SUP: 393
32 38 41 48 39 #SUP: 332
32 38 41 39 #SUP: 464
32 38 48 #SUP: 827
32 38 48 39 #SUP: 623
32 38 39 #SUP: 942
32 41 #SUP: 2296
32 41 48 #SUP: 1465
32 41 48 39 #SUP: 1176
32 41 39 #SUP: 1703
32 48 #SUP: 4113
32 48 39 #SUP: 2746
32 39 #SUP: 4355
38 #SUP: 7849
38 41 #SUP: 2773
38 41 48 #SUP: 1683
38 41 48 39 #SUP: 1421
38 41 39 #SUP: 2186
38 48 #SUP: 3968
38 48 39 #SUP: 3018
38 39 #SUP: 5171
41 #SUP: 10554
41 48 #SUP: 6300
41 48 39 #SUP: 5142
41 39 #SUP: 8058
48 #SUP: 20899
48 39 #SUP: 14376
39 #SUP: 25174
