1135 #SUP: 667
16011 #SUP: 669
396 #SUP: 674
379 #SUP: 677
259 #SUP: 684
1814 #SUP: 688
449 #SUP: 690
260 #SUP: 691
407 #SUP: 693
464 #SUP: 695
269 #SUP: 701
681 #SUP: 704
55 #SUP: 704
11 #SUP: 711
10 #SUP: 712
535 #SUP: 718
488 #SUP: 720
806 #SUP: 741
12929 #SUP: 742
772 #SUP: 752
664 #SUP: 752
1344 #SUP: 753
23 #SUP: 758
1435 #SUP: 765
107 #SUP: 765
334 #SUP: 774
371 #SUP: 782
371 38 #SUP: 767
570 #SUP: 792
766 #SUP: 797
1600 #SUP: 801
703 #SUP: 806
103 #SUP: 812
976 #SUP: 817
229 #SUP: 820
812 #SUP: 821
156 #SUP: 830
389 #SUP: 831
549 #SUP: 843
544 #SUP: 851
649 #SUP: 857
18 #SUP: 860
76 #SUP: 869
1578 #SUP: 874
405 #SUP: 879
10515 #SUP: 882
264 #SUP: 895
2958 #SUP: 904
2958 48 #SUP: 779
956 #SUP: 911
242 #SUP: 911
45 #SUP: 911
31 #SUP: 920
479 #SUP: 926
3270 #SUP: 950
783 #SUP: 965
175 #SUP: 970
522 #SUP: 974
258 #SUP: 987
179 #SUP: 998
19 #SUP: 1005
161 #SUP: 1010
117 #SUP: 1026
13041 #SUP: 1051
13041 39 #SUP: 688
78 #SUP: 1060
78 48 #SUP: 824
78 39 #SUP: 774
37 #SUP: 1074
37 38 #SUP: 1046
37 38 39 #SUP: 684
37 39 #SUP: 707
1004 #SUP: 1102
677 #SUP: 1110
677 48 #SUP: 666
589 #SUP: 1119
589 39 #SUP: 708
49 #SUP: 1120
49 48 #SUP: 843
49 39 #SUP: 768
201 #SUP: 1133
201 48 #SUP: 674
201 39 #SUP: 669
548 #SUP: 1137
548 39 #SUP: 663
15832 #SUP: 1143
15832 39 #SUP: 718
249 #SUP: 1160
249 48 #SUP: 675
249 39 #SUP: 752
1393 #SUP: 1161
1393 48 #SUP: 669
1393 39 #SUP: 789
16217 #SUP: 1166
16217 39 #SUP: 728
740 #SUP: 1181
740 39 #SUP: 759
286 #SUP: 1183
286 38 #SUP: 1116
286 38 39 #SUP: 728
286 39 #SUP: 750
301 #SUP: 1204
301 39 #SUP: 715
604 #SUP: 1209
604 48 #SUP: 687
604 39 #SUP: 775
824 #SUP: 1210
824 48 #SUP: 701
824 39 #SUP: 703
592 #SUP: 1227
592 48 #SUP: 743
592 39 #SUP: 723
338 #SUP: 1274
338 48 #SUP: 779
338 39 #SUP: 742
14098 #SUP: 1291
14098 48 #SUP: 698
14098 39 #SUP: 801
123 #SUP: 1302
123 48 #SUP: 797
123 39 #SUP: 726
16010 #SUP: 1316
16010 48 #SUP: 730
16010 39 #SUP: 829
9 #SUP: 1372
9 48 #SUP: 790
9 39 #SUP: 832
185 #SUP: 1376
185 48 #SUP: 816
185 39 #SUP: 828
1146 #SUP: 1426
1146 48 #SUP: 811
1146 39 #SUP: 983
12925 #SUP: 1467
12925 48 #SUP: 817
12925 39 #SUP: 938
255 #SUP: 1474
255 48 #SUP: 1057
255 48 39 #SUP: 813
255 39 #SUP: 1057
533 #SUP: 1487
533 48 #SUP: 861
533 39 #SUP: 922
60 #SUP: 1489
60 48 #SUP: 815
60 39 #SUP: 983
79 #SUP: 1600
79 48 #SUP: 893
79 48 39 #SUP: 699
79 39 #SUP: 1111
2238 #SUP: 1715
2238 48 #SUP: 955
2238 48 39 #SUP: 788
2238 39 #SUP: 1287
270 #SUP: 1734
270 271 #SUP: 680
270 48 #SUP: 957
270 48 39 #SUP: 733
270 39 #SUP: 1194
147 #SUP: 1779
147 48 #SUP: 1036
147 48 39 #SUP: 742
147 39 #SUP: 1137
1327 #SUP: 1786
1327 48 #SUP: 968
1327 48 39 #SUP: 720
1327 39 #SUP: 1156
438 #SUP: 1863
438 48 #SUP: 1025
438 48 39 #SUP: 780
438 39 #SUP: 1260
413 #SUP: 1880
413 48 #SUP: 1135
413 48 39 #SUP: 781
413 39 #SUP: 1130
271 #SUP: 2094
271 48 #SUP: 1090
271 48 39 #SUP: 827
271 39 #SUP: 1434
475 #SUP: 2167
475 48 #SUP: 1428
475 48 39 #SUP: 1092
475 39 #SUP: 1500
101 #SUP: 2237
101 48 #SUP: 1311
101 48 39 #SUP: 946
101 39 #SUP: 1400
310 #SUP: 2594
310 41 #SUP: 719
310 48 #SUP: 1692
310 48 39 #SUP: 1347
310 39 #SUP: 1852
110 #SUP: 2794
110 41 #SUP: 677
110 41 38 #SUP: 666
110 38 #SUP: 2725
110 38 48 #SUP: 1361
110 38 48 39 #SUP: 1031
110 38 39 #SUP: 1740
110 48 #SUP: 1380
110 48 39 #SUP: 1037
110 39 #SUP: 1759
36 #SUP: 2936
36 41 #SUP: 700
36 41 38 #SUP: 671
36 38 #SUP: 2790
36 38 48 #SUP: 1360
36 38 48 39 #SUP: 1080
36 38 39 #SUP: 1945
36 48 #SUP: 1416
36 48 39 #SUP: 1116
36 39 #SUP: 2037
237 #SUP: 3032
237 38 #SUP: 683
237 48 #SUP: 1682
237 48 39 #SUP: 1244
237 39 #SUP: 1929
170 #SUP: 3099
170 41 #SUP: 805
170 41 38 #SUP: 794
170 38 #SUP: 3031
170 38 48 #SUP: 1538
170 38 48 39 #SUP: 1193
170 38 39 #SUP: 2019
170 48 #SUP: 1557
170 48 39 #SUP: 1206
170 39 #SUP: 2059
225 #SUP: 3257
225 41 #SUP: 877
225 41 39 #SUP: 726
225 38 #SUP: 681
225 48 #SUP: 1736
225 48 39 #SUP: 1400
225 39 #SUP: 2351
89 #SUP: 3837
89 41 #SUP: 732
89 32 #SUP: 713
89 38 #SUP: 764
89 48 #SUP: 2798
89 48 39 #SUP: 2125
89 39 #SUP: 2749
65 #SUP: 4472
65 41 #SUP: 995
65 41 48 #SUP: 663
65 41 39 #SUP: 792
65 32 #SUP: 774
65 48 #SUP: 2529
65 48 39 #SUP: 1797
65 39 #SUP: 2787
41 #SUP: 14945
41 32 #SUP: 3196
41 32 38 #SUP: 805
41 32 48 #SUP: 2063
41 32 48 39 #SUP: 1646
41 32 39 #SUP: 2359
41 38 #SUP: 3897
41 38 48 #SUP: 2374
41 38 48 39 #SUP: 1991
41 38 39 #SUP: 3051
41 48 #SUP: 9018
41 48 39 #SUP: 7366
41 39 #SUP: 11414
32 #SUP: 15167
32 38 #SUP: 2833
32 38 48 #SUP: 1646
32 38 48 39 #SUP: 1236
32 38 39 #SUP: 1840
32 48 #SUP: 8034
32 48 39 #SUP: 5402
32 39 #SUP: 8455
38 #SUP: 15596
38 48 #SUP: 7944
38 48 39 #SUP: 6102
38 39 #SUP: 10345
48 #SUP: 42135
48 39 #SUP: 29142
39 #SUP: 50675
