591 #SUP: 331
47 #SUP: 331
1585 #SUP: 332
831 #SUP: 334
281 #SUP: 335
4883 #SUP: 336
1486 #SUP: 336
418 #SUP: 336
136 #SUP: 337
246 #SUP: 343
809 #SUP: 345
384 #SUP: 345
979 #SUP: 346
12929 #SUP: 347
441 #SUP: 349
2343 #SUP: 350
2879 #SUP: 351
798 #SUP: 352
10491 #SUP: 353
1113 #SUP: 354
2051 #SUP: 357
1987 #SUP: 358
1867 #SUP: 359
53 #SUP: 365
178 #SUP: 366
1714 #SUP: 369
910 #SUP: 371
351 #SUP: 372
856 #SUP: 373
623 #SUP: 373
2284 #SUP: 374
2399 #SUP: 375
1677 #SUP: 376
426 #SUP: 376
2080 #SUP: 377
345 #SUP: 378
1214 #SUP: 381
913 #SUP: 381
793 #SUP: 381
398 #SUP: 383
581 #SUP: 389
12935 #SUP: 390
261 #SUP: 390
52 #SUP: 390
1859 #SUP: 391
150 #SUP: 392
267 #SUP: 393
408 #SUP: 394
2329 #SUP: 398
961 #SUP: 399
790 #SUP: 399
790 38 #SUP: 388
56 #SUP: 400
56 38 #SUP: 382
2118 #SUP: 402
1355 #SUP: 404
1239 #SUP: 404
2168 #SUP: 408
916 #SUP: 408
30 #SUP: 408
878 #SUP: 409
94 #SUP: 409
2 #SUP: 409
704 #SUP: 411
297 #SUP: 415
571 #SUP: 417
155 #SUP: 419
62 #SUP: 420
9555 #SUP: 421
1872 #SUP: 421
1417 #SUP: 425
1121 #SUP: 425
374 #SUP: 428
9501 #SUP: 429
1043 #SUP: 430
1986 #SUP: 434
947 #SUP: 434
425 #SUP: 435
2383 #SUP: 437
420 #SUP: 437
352 #SUP: 438
2437 #SUP: 441
1144 #SUP: 441
365 #SUP: 442
12946 #SUP: 446
1783 #SUP: 446
2199 #SUP: 447
4336 #SUP: 449
1067 #SUP: 449
675 #SUP: 451
1715 #SUP: 452
1659 #SUP: 452
865 #SUP: 460
464 #SUP: 461
251 #SUP: 464
432 #SUP: 466
806 #SUP: 473
105 #SUP: 476
105 38 #SUP: 464
105 39 #SUP: 333
340 #SUP: 481
209 #SUP: 484
1135 #SUP: 487
1135 48 #SUP: 391
1135 39 #SUP: 338
269 #SUP: 488
186 #SUP: 489
789 #SUP: 491
789 39 #SUP: 333
259 #SUP: 492
396 #SUP: 498
14098 #SUP: 503
279 #SUP: 503
260 #SUP: 507
449 #SUP: 511
2046 #SUP: 512
855 #SUP: 513
649 #SUP: 513
407 #SUP: 515
272 #SUP: 523
272 39 #SUP: 364
10 #SUP: 525
10446 #SUP: 529
208 #SUP: 529
3616 #SUP: 531
3616 39 #SUP: 335
55 #SUP: 534
55 38 #SUP: 496
55 39 #SUP: 348
11 #SUP: 534
11 48 #SUP: 345
11 39 #SUP: 348
681 #SUP: 540
405 #SUP: 542
1435 #SUP: 543
772 #SUP: 543
703 #SUP: 543
1814 #SUP: 548
1814 48 #SUP: 360
1814 39 #SUP: 370
535 #SUP: 554
10515 #SUP: 558
10515 48 #SUP: 332
10515 39 #SUP: 336
488 #SUP: 560
664 #SUP: 563
664 39 #SUP: 365
1600 #SUP: 564
23 #SUP: 565
23 39 #SUP: 374
379 #SUP: 572
379 39 #SUP: 360
107 #SUP: 575
107 48 #SUP: 351
570 #SUP: 578
570 48 #SUP: 390
570 39 #SUP: 410
371 #SUP: 578
371 38 #SUP: 571
371 38 39 #SUP: 402
371 39 #SUP: 406
2958 #SUP: 580
2958 48 #SUP: 504
2958 48 39 #SUP: 371
2958 39 #SUP: 422
846 #SUP: 581
334 #SUP: 589
334 48 #SUP: 331
334 39 #SUP: 384
175 #SUP: 595
175 39 #SUP: 375
766 #SUP: 598
766 48 #SUP: 360
766 39 #SUP: 348
812 #SUP: 609
812 48 #SUP: 339
812 39 #SUP: 356
229 #SUP: 613
229 48 #SUP: 407
229 39 #SUP: 365
18 #SUP: 616
18 39 #SUP: 386
156 #SUP: 628
156 48 #SUP: 355
156 39 #SUP: 440
3270 #SUP: 636
3270 48 #SUP: 396
3270 39 #SUP: 390
76 #SUP: 642
76 48 #SUP: 357
76 39 #SUP: 393
956 #SUP: 647
956 48 #SUP: 381
956 39 #SUP: 419
549 #SUP: 649
549 48 #SUP: 383
549 39 #SUP: 377
976 #SUP: 651
976 48 #SUP: 363
976 39 #SUP: 368
1198 #SUP: 657
1198 48 #SUP: 374
1198 39 #SUP: 405
479 #SUP: 665
479 48 #SUP: 358
479 39 #SUP: 421
45 #SUP: 666
45 48 #SUP: 357
45 39 #SUP: 406
103 #SUP: 668
103 48 #SUP: 357
103 39 #SUP: 426
242 #SUP: 670
242 39 #SUP: 413
544 #SUP: 680
544 48 #SUP: 400
544 39 #SUP: 420
264 #SUP: 682
264 48 #SUP: 399
264 39 #SUP: 457
389 #SUP: 689
389 48 #SUP: 351
389 39 #SUP: 459
1578 #SUP: 692
1578 48 #SUP: 364
1578 39 #SUP: 454
31 #SUP: 693
31 48 #SUP: 351
31 39 #SUP: 400
12925 #SUP: 707
12925 48 #SUP: 370
12925 39 #SUP: 443
179 #SUP: 727
179 48 #SUP: 451
179 39 #SUP: 473
161 #SUP: 732
161 48 #SUP: 369
161 39 #SUP: 449
1344 #SUP: 736
1344 48 #SUP: 418
1344 39 #SUP: 473
258 #SUP: 736
258 48 #SUP: 489
258 48 39 #SUP: 344
258 39 #SUP: 469
19 #SUP: 748
19 48 #SUP: 426
19 39 #SUP: 447
522 #SUP: 764
522 48 #SUP: 447
522 39 #SUP: 513
78 #SUP: 776
78 48 #SUP: 595
78 48 39 #SUP: 445
78 39 #SUP: 572
783 #SUP: 798
783 48 #SUP: 480
783 48 39 #SUP: 357
783 39 #SUP: 526
37 #SUP: 798
37 38 #SUP: 784
37 38 48 #SUP: 424
37 38 48 39 #SUP: 332
37 38 39 #SUP: 520
37 48 #SUP: 430
37 48 39 #SUP: 337
37 39 #SUP: 531
49 #SUP: 824
49 48 #SUP: 618
49 48 39 #SUP: 443
49 39 #SUP: 555
1004 #SUP: 825
1004 48 #SUP: 455
1004 39 #SUP: 441
824 #SUP: 827
824 48 #SUP: 471
824 39 #SUP: 488
677 #SUP: 829
677 48 #SUP: 491
677 48 39 #SUP: 333
677 39 #SUP: 480
117 #SUP: 836
117 48 #SUP: 491
117 39 #SUP: 454
1393 #SUP: 837
1393 48 #SUP: 478
1393 48 39 #SUP: 366
1393 39 #SUP: 565
589 #SUP: 837
589 48 #SUP: 460
589 39 #SUP: 535
249 #SUP: 837
249 48 #SUP: 486
249 48 39 #SUP: 362
249 39 #SUP: 539
548 #SUP: 841
548 48 #SUP: 480
548 48 39 #SUP: 341
548 39 #SUP: 489
286 #SUP: 849
286 38 #SUP: 797
286 38 48 #SUP: 404
286 38 39 #SUP: 497
286 48 #SUP: 413
286 39 #SUP: 513
201 #SUP: 853
201 48 #SUP: 504
201 39 #SUP: 495
740 #SUP: 890
740 48 #SUP: 373
740 39 #SUP: 566
301 #SUP: 891
301 48 #SUP: 479
301 48 39 #SUP: 350
301 39 #SUP: 541
338 #SUP: 944
338 48 #SUP: 581
338 48 39 #SUP: 382
338 39 #SUP: 552
604 #SUP: 948
604 48 #SUP: 535
604 48 39 #SUP: 406
604 39 #SUP: 604
123 #SUP: 975
123 48 #SUP: 587
123 48 39 #SUP: 376
123 39 #SUP: 544
592 #SUP: 976
592 48 #SUP: 599
592 48 39 #SUP: 414
592 39 #SUP: 575
9 #SUP: 1021
9 48 #SUP: 586
9 48 39 #SUP: 404
9 39 #SUP: 617
185 #SUP: 1068
185 48 #SUP: 631
185 48 39 #SUP: 434
185 39 #SUP: 649
533 #SUP: 1092
533 48 #SUP: 631
533 48 39 #SUP: 466
533 39 #SUP: 687
413 #SUP: 1121
413 48 #SUP: 651
413 48 39 #SUP: 448
413 39 #SUP: 666
255 #SUP: 1147
255 48 #SUP: 815
255 48 39 #SUP: 618
255 39 #SUP: 814
79 #SUP: 1184
79 41 #SUP: 360
79 48 #SUP: 654
79 48 39 #SUP: 508
79 39 #SUP: 822
1146 #SUP: 1208
1146 41 #SUP: 412
1146 48 #SUP: 686
1146 48 39 #SUP: 528
1146 39 #SUP: 840
60 #SUP: 1295
60 48 #SUP: 704
60 48 39 #SUP: 522
60 39 #SUP: 850
2238 #SUP: 1309
2238 41 #SUP: 412
2238 41 39 #SUP: 337
2238 48 #SUP: 709
2238 48 39 #SUP: 586
2238 39 #SUP: 977
438 #SUP: 1316
438 48 #SUP: 727
438 48 39 #SUP: 546
438 39 #SUP: 886
270 #SUP: 1347
270 271 #SUP: 524
270 271 39 #SUP: 378
270 41 #SUP: 375
270 32 #SUP: 347
270 48 #SUP: 741
270 48 39 #SUP: 569
270 39 #SUP: 921
147 #SUP: 1357
147 48 #SUP: 786
147 48 39 #SUP: 569
147 39 #SUP: 874
271 #SUP: 1622
271 41 #SUP: 421
271 32 #SUP: 373
271 48 #SUP: 844
271 48 39 #SUP: 639
271 39 #SUP: 1106
475 #SUP: 1658
475 41 #SUP: 428
475 41 39 #SUP: 352
475 32 #SUP: 340
475 48 #SUP: 1084
475 48 39 #SUP: 825
475 39 #SUP: 1142
101 #SUP: 1659
101 41 #SUP: 335
101 48 #SUP: 945
101 48 39 #SUP: 677
101 39 #SUP: 1020
1327 #SUP: 1729
1327 41 #SUP: 450
1327 41 39 #SUP: 372
1327 38 #SUP: 336
1327 48 #SUP: 933
1327 48 39 #SUP: 699
1327 39 #SUP: 1126
310 #SUP: 1916
310 41 #SUP: 514
310 41 48 #SUP: 379
310 41 48 39 #SUP: 336
310 41 39 #SUP: 444
310 32 #SUP: 417
310 48 #SUP: 1233
310 48 39 #SUP: 981
310 39 #SUP: 1372
110 #SUP: 2058
110 41 #SUP: 457
110 41 38 #SUP: 450
110 41 38 39 #SUP: 360
110 41 39 #SUP: 363
110 32 #SUP: 337
110 32 38 #SUP: 331
110 38 #SUP: 2000
110 38 48 #SUP: 1004
110 38 48 39 #SUP: 768
110 38 39 #SUP: 1286
110 48 #SUP: 1019
110 48 39 #SUP: 773
110 39 #SUP: 1301
36 #SUP: 2247
36 41 #SUP: 510
36 41 38 #SUP: 486
36 41 38 39 #SUP: 404
36 41 39 #SUP: 420
36 32 #SUP: 396
36 32 38 #SUP: 379
36 38 #SUP: 2136
36 38 48 #SUP: 1049
36 38 48 39 #SUP: 824
36 38 39 #SUP: 1480
36 48 #SUP: 1092
36 48 39 #SUP: 851
36 39 #SUP: 1550
237 #SUP: 2260
237 41 #SUP: 403
237 32 #SUP: 422
237 38 #SUP: 506
237 38 39 #SUP: 380
237 48 #SUP: 1244
237 48 39 #SUP: 911
237 39 #SUP: 1428
170 #SUP: 2400
170 41 #SUP: 601
170 41 38 #SUP: 590
170 41 38 48 #SUP: 351
170 41 38 39 #SUP: 453
170 41 48 #SUP: 359
170 41 39 #SUP: 462
170 32 #SUP: 428
170 32 38 #SUP: 421
170 38 #SUP: 2347
170 38 48 #SUP: 1154
170 38 48 39 #SUP: 881
170 38 39 #SUP: 1542
170 48 #SUP: 1173
170 48 39 #SUP: 894
170 39 #SUP: 1575
225 #SUP: 2515
225 41 #SUP: 663
225 41 48 #SUP: 402
225 41 48 39 #SUP: 350
225 41 39 #SUP: 549
225 32 #SUP: 523
225 32 39 #SUP: 375
225 38 #SUP: 541
225 38 39 #SUP: 429
225 48 #SUP: 1319
225 48 39 #SUP: 1058
225 39 #SUP: 1807
89 #SUP: 2867
89 41 #SUP: 463
89 41 48 #SUP: 375
89 41 39 #SUP: 385
89 32 #SUP: 529
89 32 48 #SUP: 423
89 32 48 39 #SUP: 335
89 32 39 #SUP: 394
89 38 #SUP: 561
89 38 48 #SUP: 429
89 38 48 39 #SUP: 342
89 38 39 #SUP: 425
89 48 #SUP: 2063
89 48 39 #SUP: 1560
89 39 #SUP: 2029
65 #SUP: 3385
65 41 #SUP: 709
65 41 48 #SUP: 461
65 41 48 39 #SUP: 367
65 41 39 #SUP: 547
65 32 #SUP: 562
65 32 48 #SUP: 350
65 32 39 #SUP: 382
65 38 #SUP: 497
65 38 39 #SUP: 378
65 48 #SUP: 1893
65 48 39 #SUP: 1336
65 39 #SUP: 2096
41 #SUP: 10554
41 32 #SUP: 2296
41 32 38 #SUP: 594
41 32 38 48 #SUP: 393
41 32 38 48 39 #SUP: 332
41 32 38 39 #SUP: 464
41 32 48 #SUP: 1465
41 32 48 39 #SUP: 1176
41 32 39 #SUP: 1703
41 38 #SUP: 2773
41 38 48 #SUP: 1683
41 38 48 39 #SUP: 1421
41 38 39 #SUP: 2186
41 48 #SUP: 6300
41 48 39 #SUP: 5142
41 39 #SUP: 8058
32 #SUP: 11448
32 38 #SUP: 2168
32 38 48 #SUP: 1243
32 38 48 39 #SUP: 927
32 38 39 #SUP: 1401
32 48 #SUP: 6028
32 48 39 #SUP: 4041
32 39 #SUP: 6394
38 #SUP: 11748
38 48 #SUP: 5951
38 48 39 #SUP: 4551
38 39 #SUP: 7782
48 #SUP: 31286
48 39 #SUP: 21553
39 #SUP: 37875
