2399 #SUP: 110
2344 #SUP: 110
885 #SUP: 110
514 #SUP: 110
414 #SUP: 110
406 #SUP: 110
56 #SUP: 110
47 #SUP: 110
1417 #SUP: 111
281 #SUP: 112
3827 #SUP: 113
2187 #SUP: 113
1585 #SUP: 113
50 #SUP: 113
2383 #SUP: 114
2990 #SUP: 115
2492 #SUP: 115
2284 #SUP: 115
1486 #SUP: 115
178 #SUP: 115
3502 #SUP: 116
3411 #SUP: 116
3735 #SUP: 117
1372 #SUP: 117
829 #SUP: 117
433 #SUP: 117
1938 #SUP: 118
798 #SUP: 118
727 #SUP: 119
2440 #SUP: 120
751 #SUP: 120
150 #SUP: 120
947 #SUP: 121
426 #SUP: 121
2103 #SUP: 122
1239 #SUP: 122
861 #SUP: 122
704 #SUP: 122
30 #SUP: 122
591 #SUP: 123
2515 #SUP: 124
2437 #SUP: 124
1930 #SUP: 124
1067 #SUP: 124
420 #SUP: 124
488 #SUP: 125
2325 #SUP: 127
1867 #SUP: 127
916 #SUP: 127
52 #SUP: 127
910 #SUP: 128
703 #SUP: 128
425 #SUP: 128
2343 #SUP: 130
1714 #SUP: 130
1013 #SUP: 132
571 #SUP: 132
2118 #SUP: 133
1144 #SUP: 135
1956 #SUP: 136
1956 48 #SUP: 111
1677 #SUP: 136
413 #SUP: 137
105 #SUP: 137
105 38 #SUP: 131
2552 #SUP: 138
1113 #SUP: 138
793 #SUP: 138
348 #SUP: 138
49 #SUP: 139
49 48 #SUP: 113
4650 #SUP: 140
978 #SUP: 140
2329 #SUP: 143
10 #SUP: 143
1966 #SUP: 144
1872 #SUP: 144
790 #SUP: 144
790 38 #SUP: 142
9555 #SUP: 145
1355 #SUP: 145
62 #SUP: 145
2425 #SUP: 146
2046 #SUP: 146
536 #SUP: 146
432 #SUP: 146
209 #SUP: 147
1765 #SUP: 148
806 #SUP: 148
2633 #SUP: 149
345 #SUP: 149
267 #SUP: 149
155 #SUP: 149
856 #SUP: 150
407 #SUP: 150
186 #SUP: 150
53 #SUP: 151
66 #SUP: 153
408 #SUP: 155
246 #SUP: 155
449 #SUP: 157
1783 #SUP: 158
269 #SUP: 158
1135 #SUP: 159
1135 48 #SUP: 127
1043 #SUP: 160
789 #SUP: 160
1214 #SUP: 162
297 #SUP: 162
297 39 #SUP: 110
259 #SUP: 162
2056 #SUP: 163
365 #SUP: 164
365 39 #SUP: 112
2199 #SUP: 165
384 #SUP: 165
55 #SUP: 165
55 38 #SUP: 141
766 #SUP: 166
396 #SUP: 167
251 #SUP: 167
379 #SUP: 168
379 39 #SUP: 110
374 #SUP: 169
229 #SUP: 170
664 #SUP: 171
1814 #SUP: 172
1814 48 #SUP: 111
1814 39 #SUP: 112
913 #SUP: 172
623 #SUP: 172
878 #SUP: 173
772 #SUP: 173
865 #SUP: 175
865 39 #SUP: 110
464 #SUP: 175
279 #SUP: 175
2168 #SUP: 177
2168 39 #SUP: 110
1435 #SUP: 177
1435 39 #SUP: 112
334 #SUP: 178
334 39 #SUP: 120
979 #SUP: 180
979 39 #SUP: 129
675 #SUP: 180
675 39 #SUP: 125
371 #SUP: 181
371 38 #SUP: 176
371 38 39 #SUP: 114
371 39 #SUP: 117
3966 #SUP: 183
3966 39 #SUP: 119
1593 #SUP: 184
1593 48 #SUP: 122
1593 39 #SUP: 124
681 #SUP: 184
107 #SUP: 186
107 48 #SUP: 118
1986 #SUP: 187
1986 39 #SUP: 119
549 #SUP: 189
549 48 #SUP: 118
549 39 #SUP: 124
340 #SUP: 189
340 48 #SUP: 112
340 39 #SUP: 112
535 #SUP: 191
272 #SUP: 194
272 48 #SUP: 116
272 39 #SUP: 131
2958 #SUP: 195
2958 48 #SUP: 165
2958 48 39 #SUP: 118
2958 39 #SUP: 137
31 #SUP: 195
479 #SUP: 197
479 39 #SUP: 131
9501 #SUP: 203
9501 48 #SUP: 122
9501 39 #SUP: 131
812 #SUP: 203
812 48 #SUP: 113
812 39 #SUP: 117
264 #SUP: 206
264 48 #SUP: 119
264 39 #SUP: 142
94 #SUP: 206
94 39 #SUP: 118
76 #SUP: 206
76 39 #SUP: 125
23 #SUP: 206
23 39 #SUP: 132
11 #SUP: 206
11 48 #SUP: 134
11 39 #SUP: 134
175 #SUP: 208
175 39 #SUP: 137
1600 #SUP: 210
1600 48 #SUP: 113
1600 39 #SUP: 113
1233 #SUP: 210
1233 48 #SUP: 112
1233 39 #SUP: 120
260 #SUP: 210
260 39 #SUP: 135
103 #SUP: 210
103 48 #SUP: 113
103 39 #SUP: 132
242 #SUP: 217
242 39 #SUP: 137
45 #SUP: 217
45 48 #SUP: 112
45 39 #SUP: 133
3270 #SUP: 218
3270 48 #SUP: 138
3270 39 #SUP: 132
956 #SUP: 221
956 48 #SUP: 121
956 39 #SUP: 142
19 #SUP: 222
19 48 #SUP: 123
19 39 #SUP: 133
258 #SUP: 223
258 48 #SUP: 141
258 39 #SUP: 147
647 #SUP: 225
647 769 #SUP: 143
570 #SUP: 226
570 48 #SUP: 159
570 48 39 #SUP: 130
570 39 #SUP: 170
1659 #SUP: 229
1659 48 #SUP: 129
1659 39 #SUP: 154
548 #SUP: 230
548 48 #SUP: 131
548 39 #SUP: 134
1578 #SUP: 237
1578 48 #SUP: 121
1578 39 #SUP: 155
749 #SUP: 237
749 48 #SUP: 119
749 39 #SUP: 132
200 #SUP: 239
200 48 #SUP: 139
200 39 #SUP: 146
18 #SUP: 239
18 48 #SUP: 124
18 39 #SUP: 147
179 #SUP: 245
179 48 #SUP: 157
179 48 39 #SUP: 114
179 39 #SUP: 158
3616 #SUP: 247
3616 1146 #SUP: 126
3616 41 #SUP: 123
3616 48 #SUP: 123
3616 39 #SUP: 159
544 #SUP: 249
544 48 #SUP: 138
544 39 #SUP: 155
189 #SUP: 257
189 48 #SUP: 131
189 39 #SUP: 153
37 #SUP: 257
37 38 #SUP: 254
37 38 48 #SUP: 141
37 38 39 #SUP: 158
37 48 #SUP: 141
37 39 #SUP: 160
855 #SUP: 260
855 48 #SUP: 151
855 39 #SUP: 156
161 #SUP: 260
161 48 #SUP: 120
161 39 #SUP: 151
156 #SUP: 263
156 48 #SUP: 141
156 48 39 #SUP: 111
156 39 #SUP: 170
1004 #SUP: 265
1004 48 #SUP: 148
1004 39 #SUP: 136
78 #SUP: 266
78 48 #SUP: 191
78 48 39 #SUP: 149
78 39 #SUP: 201
185 #SUP: 270
185 48 #SUP: 146
185 39 #SUP: 164
1034 #SUP: 275
1034 769 #SUP: 166
1034 39 #SUP: 132
286 #SUP: 281
286 38 #SUP: 266
286 38 48 #SUP: 123
286 38 39 #SUP: 156
286 48 #SUP: 124
286 39 #SUP: 161
249 #SUP: 284
249 48 #SUP: 163
249 48 39 #SUP: 118
249 39 #SUP: 187
677 #SUP: 291
677 48 #SUP: 170
677 48 39 #SUP: 128
677 39 #SUP: 191
301 #SUP: 293
301 48 #SUP: 161
301 48 39 #SUP: 115
301 39 #SUP: 173
1715 #SUP: 294
1715 41 #SUP: 110
1715 48 #SUP: 169
1715 48 39 #SUP: 115
1715 39 #SUP: 175
846 #SUP: 299
846 41 #SUP: 119
846 48 #SUP: 144
846 39 #SUP: 174
740 #SUP: 299
740 48 #SUP: 119
740 39 #SUP: 197
976 #SUP: 300
976 117 #SUP: 148
976 48 #SUP: 156
976 39 #SUP: 149
1393 #SUP: 303
1393 41 #SUP: 113
1393 48 #SUP: 167
1393 48 39 #SUP: 126
1393 39 #SUP: 195
769 #SUP: 306
769 39 #SUP: 125
783 #SUP: 308
783 41 #SUP: 128
783 48 #SUP: 198
783 48 39 #SUP: 141
783 39 #SUP: 196
201 #SUP: 310
201 48 #SUP: 185
201 48 39 #SUP: 115
201 39 #SUP: 172
589 #SUP: 311
589 48 #SUP: 158
589 39 #SUP: 192
208 #SUP: 314
208 41 #SUP: 128
208 48 #SUP: 190
208 48 39 #SUP: 135
208 39 #SUP: 200
592 #SUP: 320
592 41 #SUP: 135
592 48 #SUP: 197
592 48 39 #SUP: 146
592 39 #SUP: 202
123 #SUP: 327
123 48 #SUP: 192
123 48 39 #SUP: 123
123 39 #SUP: 185
8978 #SUP: 328
8978 41 #SUP: 151
8978 41 39 #SUP: 131
8978 48 #SUP: 179
8978 48 39 #SUP: 150
8978 39 #SUP: 237
338 #SUP: 332
338 41 #SUP: 120
338 48 #SUP: 202
338 48 39 #SUP: 126
338 39 #SUP: 182
522 #SUP: 340
522 41 #SUP: 115
522 48 #SUP: 200
522 48 39 #SUP: 143
522 39 #SUP: 223
1344 #SUP: 350
1344 41 #SUP: 146
1344 41 39 #SUP: 119
1344 48 #SUP: 185
1344 48 39 #SUP: 140
1344 39 #SUP: 232
824 #SUP: 357
824 41 #SUP: 136
824 48 #SUP: 204
824 48 39 #SUP: 142
824 39 #SUP: 213
79 #SUP: 367
79 41 #SUP: 194
79 41 48 #SUP: 116
79 41 39 #SUP: 143
79 48 #SUP: 190
79 48 39 #SUP: 146
79 39 #SUP: 255
270 #SUP: 385
270 271 #SUP: 129
270 32 #SUP: 118
270 41 #SUP: 194
270 41 48 #SUP: 121
270 41 39 #SUP: 140
270 48 #SUP: 195
270 48 39 #SUP: 138
270 39 #SUP: 241
2238 #SUP: 389
2238 41 #SUP: 190
2238 41 39 #SUP: 152
2238 48 #SUP: 184
2238 48 39 #SUP: 148
2238 39 #SUP: 283
1859 #SUP: 391
1859 352 #SUP: 161
1859 41 #SUP: 156
1859 41 39 #SUP: 113
1859 48 #SUP: 210
1859 48 39 #SUP: 134
1859 39 #SUP: 218
533 #SUP: 401
533 41 #SUP: 151
533 41 39 #SUP: 129
533 48 #SUP: 229
533 48 39 #SUP: 178
533 39 #SUP: 266
1121 #SUP: 403
1121 41 #SUP: 134
1121 48 #SUP: 234
1121 48 39 #SUP: 159
1121 39 #SUP: 245
9 #SUP: 404
9 41 #SUP: 145
9 48 #SUP: 232
9 48 39 #SUP: 146
9 39 #SUP: 240
255 #SUP: 406
255 41 #SUP: 137
255 41 39 #SUP: 114
255 48 #SUP: 288
255 48 39 #SUP: 224
255 39 #SUP: 290
1198 #SUP: 409
1198 41 #SUP: 153
1198 41 39 #SUP: 120
1198 48 #SUP: 221
1198 48 39 #SUP: 165
1198 39 #SUP: 253
117 #SUP: 412
117 41 #SUP: 148
117 41 39 #SUP: 115
117 48 #SUP: 243
117 48 39 #SUP: 147
117 39 #SUP: 222
147 #SUP: 419
147 41 #SUP: 178
147 41 39 #SUP: 135
147 48 #SUP: 247
147 48 39 #SUP: 163
147 39 #SUP: 252
352 #SUP: 438
352 32 #SUP: 117
352 41 #SUP: 170
352 41 48 #SUP: 119
352 41 39 #SUP: 124
352 48 #SUP: 246
352 48 39 #SUP: 151
352 39 #SUP: 224
271 #SUP: 459
271 32 #SUP: 130
271 41 #SUP: 214
271 41 48 #SUP: 112
271 41 39 #SUP: 169
271 48 #SUP: 206
271 48 39 #SUP: 159
271 39 #SUP: 307
604 #SUP: 477
604 41 #SUP: 162
604 41 39 #SUP: 131
604 48 #SUP: 239
604 48 39 #SUP: 181
604 39 #SUP: 299
60 #SUP: 484
60 41 #SUP: 147
60 41 39 #SUP: 121
60 48 #SUP: 239
60 48 39 #SUP: 173
60 39 #SUP: 307
101 #SUP: 521
101 32 #SUP: 118
101 41 #SUP: 196
101 41 48 #SUP: 130
101 41 39 #SUP: 149
101 48 #SUP: 296
101 48 39 #SUP: 212
101 39 #SUP: 310
438 #SUP: 542
438 41 #SUP: 165
438 41 39 #SUP: 141
438 48 #SUP: 285
438 48 39 #SUP: 215
438 39 #SUP: 360
1146 #SUP: 571
1146 38 #SUP: 111
1146 32 #SUP: 156
1146 41 #SUP: 286
1146 41 48 #SUP: 174
1146 41 48 39 #SUP: 145
1146 41 39 #SUP: 220
1146 48 #SUP: 308
1146 48 39 #SUP: 228
1146 39 #SUP: 383
110 #SUP: 636
110 38 #SUP: 617
110 38 41 #SUP: 252
110 38 41 48 #SUP: 149
110 38 41 48 39 #SUP: 129
110 38 41 39 #SUP: 204
110 38 48 #SUP: 274
110 38 48 39 #SUP: 212
110 38 39 #SUP: 386
110 41 #SUP: 253
110 41 48 #SUP: 149
110 41 48 39 #SUP: 129
110 41 39 #SUP: 204
110 48 #SUP: 276
110 48 39 #SUP: 212
110 39 #SUP: 390
475 #SUP: 671
475 32 #SUP: 160
475 32 39 #SUP: 114
475 41 #SUP: 286
475 41 48 #SUP: 199
475 41 48 39 #SUP: 169
475 41 39 #SUP: 230
475 48 #SUP: 430
475 48 39 #SUP: 328
475 39 #SUP: 457
225 #SUP: 685
225 38 #SUP: 137
225 32 #SUP: 159
225 32 39 #SUP: 120
225 41 #SUP: 319
225 41 48 #SUP: 181
225 41 48 39 #SUP: 158
225 41 39 #SUP: 267
225 48 #SUP: 330
225 48 39 #SUP: 265
225 39 #SUP: 486
36 #SUP: 724
36 38 #SUP: 697
36 38 32 #SUP: 118
36 38 41 #SUP: 276
36 38 41 48 #SUP: 142
36 38 41 48 39 #SUP: 126
36 38 41 39 #SUP: 229
36 38 48 #SUP: 310
36 38 48 39 #SUP: 235
36 38 39 #SUP: 469
36 32 #SUP: 121
36 41 #SUP: 292
36 41 48 #SUP: 148
36 41 48 39 #SUP: 130
36 41 39 #SUP: 239
36 48 #SUP: 320
36 48 39 #SUP: 240
36 39 #SUP: 483
310 #SUP: 746
310 38 #SUP: 134
310 32 #SUP: 179
310 32 48 #SUP: 122
310 32 39 #SUP: 129
310 41 #SUP: 337
310 41 48 #SUP: 243
310 41 48 39 #SUP: 217
310 41 39 #SUP: 291
310 48 #SUP: 465
310 48 39 #SUP: 375
310 39 #SUP: 541
237 #SUP: 764
237 38 #SUP: 162
237 38 39 #SUP: 121
237 32 #SUP: 152
237 41 #SUP: 256
237 41 48 #SUP: 151
237 41 48 39 #SUP: 125
237 41 39 #SUP: 202
237 48 #SUP: 401
237 48 39 #SUP: 290
237 39 #SUP: 490
1327 #SUP: 831
1327 38 #SUP: 175
1327 38 39 #SUP: 137
1327 32 #SUP: 135
1327 41 #SUP: 265
1327 41 48 #SUP: 169
1327 41 48 39 #SUP: 137
1327 41 39 #SUP: 215
1327 48 #SUP: 427
1327 48 39 #SUP: 322
1327 39 #SUP: 545
89 #SUP: 868
89 38 #SUP: 162
89 38 48 #SUP: 122
89 38 39 #SUP: 123
89 32 #SUP: 146
89 32 39 #SUP: 111
89 41 #SUP: 307
89 41 48 #SUP: 241
89 41 48 39 #SUP: 205
89 41 39 #SUP: 258
89 48 #SUP: 608
89 48 39 #SUP: 452
89 39 #SUP: 614
170 #SUP: 880
170 38 #SUP: 865
170 38 32 #SUP: 148
170 38 41 #SUP: 347
170 38 41 48 #SUP: 192
170 38 41 48 39 #SUP: 161
170 38 41 39 #SUP: 261
170 38 48 #SUP: 380
170 38 48 39 #SUP: 287
170 38 39 #SUP: 562
170 32 #SUP: 150
170 41 #SUP: 353
170 41 48 #SUP: 196
170 41 48 39 #SUP: 164
170 41 39 #SUP: 266
170 48 #SUP: 389
170 48 39 #SUP: 293
170 39 #SUP: 573
65 #SUP: 971
65 38 #SUP: 142
65 32 #SUP: 191
65 32 48 #SUP: 119
65 32 39 #SUP: 123
65 41 #SUP: 362
65 41 48 #SUP: 223
65 41 48 39 #SUP: 180
65 41 39 #SUP: 275
65 48 #SUP: 528
65 48 39 #SUP: 360
65 39 #SUP: 567
38 #SUP: 3872
38 32 #SUP: 710
38 32 41 #SUP: 347
38 32 41 48 #SUP: 219
38 32 41 48 39 #SUP: 184
38 32 41 39 #SUP: 264
38 32 48 #SUP: 384
38 32 48 39 #SUP: 292
38 32 39 #SUP: 453
38 41 #SUP: 1596
38 41 48 #SUP: 910
38 41 48 39 #SUP: 772
38 41 39 #SUP: 1244
38 48 #SUP: 1817
38 48 39 #SUP: 1382
38 39 #SUP: 2516
32 #SUP: 3955
32 41 #SUP: 1369
32 41 48 #SUP: 847
32 41 48 39 #SUP: 683
32 41 39 #SUP: 1011
32 48 #SUP: 2038
32 48 39 #SUP: 1350
32 39 #SUP: 2225
41 #SUP: 6121
41 48 #SUP: 3521
41 48 39 #SUP: 2888
41 39 #SUP: 4669
48 #SUP: 9916
48 39 #SUP: 6817
39 #SUP: 12497
