13043 #SUP: 220
3966 #SUP: 221
2147 #SUP: 221
1538 #SUP: 221
493 #SUP: 221
402 #SUP: 221
4720 #SUP: 222
2805 #SUP: 222
1744 #SUP: 222
1678 #SUP: 222
1593 #SUP: 222
880 #SUP: 222
583 #SUP: 222
2599 #SUP: 223
199 #SUP: 223
9843 #SUP: 224
3006 #SUP: 224
2394 #SUP: 224
660 #SUP: 224
529 #SUP: 224
337 #SUP: 224
9669 #SUP: 225
1964 #SUP: 225
896 #SUP: 225
525 #SUP: 225
171 #SUP: 225
3774 #SUP: 226
2113 #SUP: 226
1818 #SUP: 226
1345 #SUP: 226
3724 #SUP: 227
1996 #SUP: 227
560 #SUP: 227
10818 #SUP: 228
3149 #SUP: 228
1652 #SUP: 228
1527 #SUP: 228
650 #SUP: 228
406 #SUP: 228
222 #SUP: 228
4940 #SUP: 229
2706 #SUP: 229
1815 #SUP: 229
13182 #SUP: 230
10074 #SUP: 230
9001 #SUP: 230
3292 #SUP: 230
2746 #SUP: 230
2052 #SUP: 230
1012 #SUP: 230
220 #SUP: 230
3221 #SUP: 231
2983 #SUP: 231
2728 #SUP: 231
851 #SUP: 231
486 #SUP: 231
447 #SUP: 231
3553 #SUP: 232
1072 #SUP: 232
1071 #SUP: 232
151 #SUP: 232
98 #SUP: 232
6128 #SUP: 233
2990 #SUP: 233
2874 #SUP: 233
282 #SUP: 233
4630 #SUP: 234
849 #SUP: 234
108 #SUP: 234
12677 #SUP: 235
1085 #SUP: 235
887 #SUP: 235
759 #SUP: 235
599 #SUP: 235
440 #SUP: 235
399 #SUP: 235
4170 #SUP: 236
4316 #SUP: 237
2103 #SUP: 237
1476 #SUP: 237
1249 #SUP: 237
911 #SUP: 237
565 #SUP: 237
9304 #SUP: 238
2188 #SUP: 238
4209 #SUP: 239
1395 #SUP: 239
606 #SUP: 239
392 #SUP: 239
200 #SUP: 239
3683 #SUP: 240
1994 #SUP: 240
926 #SUP: 240
3311 #SUP: 241
1784 #SUP: 241
2634 #SUP: 242
4339 #SUP: 243
3404 #SUP: 243
2528 #SUP: 243
1332 #SUP: 243
760 #SUP: 243
15345 #SUP: 244
3321 #SUP: 244
3291 #SUP: 244
2350 #SUP: 244
1594 #SUP: 244
1378 #SUP: 244
708 #SUP: 244
491 #SUP: 244
104 #SUP: 244
133 #SUP: 245
69 #SUP: 246
1591 #SUP: 247
1160 #SUP: 247
1104 #SUP: 247
651 #SUP: 247
2998 #SUP: 248
2276 #SUP: 248
767 #SUP: 248
388 #SUP: 248
350 #SUP: 248
2815 #SUP: 249
2177 #SUP: 249
1609 #SUP: 249
1318 #SUP: 249
50 #SUP: 249
2441 #SUP: 250
256 #SUP: 250
77 #SUP: 250
2561 #SUP: 251
2186 #SUP: 251
1819 #SUP: 251
1804 #SUP: 251
795 #SUP: 251
597 #SUP: 251
3102 #SUP: 252
2406 #SUP: 252
1897 #SUP: 252
924 #SUP: 252
10568 #SUP: 253
2723 #SUP: 253
1497 #SUP: 253
1372 #SUP: 253
1143 #SUP: 253
925 #SUP: 253
5728 #SUP: 254
1595 #SUP: 254
2843 #SUP: 255
987 #SUP: 255
576 #SUP: 255
3451 #SUP: 256
1163 #SUP: 256
1026 #SUP: 256
167 #SUP: 256
2225 #SUP: 257
1966 #SUP: 257
837 #SUP: 257
206 #SUP: 257
4307 #SUP: 258
3189 #SUP: 258
1899 #SUP: 258
647 #SUP: 258
10513 #SUP: 259
3160 #SUP: 259
612 #SUP: 259
552 #SUP: 259
492 #SUP: 259
489 #SUP: 259
189 #SUP: 259
2915 #SUP: 260
2420 #SUP: 260
2259 #SUP: 260
1831 #SUP: 260
1831 38 #SUP: 252
1013 #SUP: 260
757 #SUP: 260
550 #SUP: 260
4344 #SUP: 261
2212 #SUP: 261
1014 #SUP: 261
753 #SUP: 261
749 #SUP: 261
587 #SUP: 261
3462 #SUP: 262
3151 #SUP: 262
932 #SUP: 262
536 #SUP: 262
344 #SUP: 262
205 #SUP: 262
3012 #SUP: 263
673 #SUP: 263
414 #SUP: 263
308 #SUP: 263
3635 #SUP: 264
2988 #SUP: 264
2763 #SUP: 264
1786 #SUP: 264
1629 #SUP: 264
347 #SUP: 264
10448 #SUP: 265
1938 #SUP: 265
1183 #SUP: 265
2370 #SUP: 266
2167 #SUP: 266
1903 #SUP: 266
1010 #SUP: 266
116 #SUP: 266
1 #SUP: 266
8867 #SUP: 267
12473 #SUP: 268
2856 #SUP: 268
285 #SUP: 268
10605 #SUP: 270
4685 #SUP: 270
1616 #SUP: 270
1602 #SUP: 270
563 #SUP: 270
2053 #SUP: 271
1096 #SUP: 271
95 #SUP: 271
5248 #SUP: 272
5124 #SUP: 272
1232 #SUP: 272
244 #SUP: 272
2997 #SUP: 273
3315 #SUP: 274
805 #SUP: 274
615 #SUP: 274
165 #SUP: 274
10420 #SUP: 275
4945 #SUP: 275
2573 #SUP: 275
1741 #SUP: 275
1188 #SUP: 276
1188 38 #SUP: 256
250 #SUP: 276
169 #SUP: 276
128 #SUP: 276
1294 #SUP: 277
1291 #SUP: 277
684 #SUP: 277
4070 #SUP: 278
3279 #SUP: 279
1269 #SUP: 279
2596 #SUP: 280
2344 #SUP: 280
764 #SUP: 280
611 #SUP: 280
2625 #SUP: 281
1976 #SUP: 281
1564 #SUP: 283
1379 #SUP: 283
1280 #SUP: 283
511 #SUP: 283
412 #SUP: 284
234 #SUP: 284
10551 #SUP: 285
2965 #SUP: 285
2635 #SUP: 285
3668 #SUP: 286
3194 #SUP: 286
662 #SUP: 286
4899 #SUP: 287
1001 #SUP: 287
907 #SUP: 287
718 #SUP: 287
82 #SUP: 287
5405 #SUP: 288
4642 #SUP: 288
2388 #SUP: 288
2388 39 #SUP: 223
423 #SUP: 288
5729 #SUP: 289
3294 #SUP: 289
1282 #SUP: 289
938 #SUP: 290
9579 #SUP: 291
1763 #SUP: 292
8068 #SUP: 293
2464 #SUP: 293
2164 #SUP: 293
1590 #SUP: 293
1590 38 #SUP: 281
168 #SUP: 293
5074 #SUP: 294
1172 #SUP: 295
1080 #SUP: 295
543 #SUP: 295
5 #SUP: 295
4994 #SUP: 296
2440 #SUP: 296
1842 #SUP: 296
682 #SUP: 296
5152 #SUP: 297
2054 #SUP: 297
1281 #SUP: 298
504 #SUP: 298
504 38 #SUP: 245
4779 #SUP: 299
1489 #SUP: 299
3316 #SUP: 300
2425 #SUP: 300
2375 #SUP: 300
1939 #SUP: 300
697 #SUP: 300
166 #SUP: 300
14386 #SUP: 301
2749 #SUP: 301
2364 #SUP: 301
927 #SUP: 301
10451 #SUP: 302
1956 #SUP: 302
1956 48 #SUP: 243
989 #SUP: 302
12981 #SUP: 303
4207 #SUP: 303
213 #SUP: 304
320 #SUP: 305
1991 #SUP: 306
1991 39 #SUP: 225
278 #SUP: 306
397 #SUP: 307
227 #SUP: 307
2792 #SUP: 309
2792 48 #SUP: 226
2792 39 #SUP: 225
309 #SUP: 309
235 #SUP: 309
2524 #SUP: 310
1034 #SUP: 310
10943 #SUP: 311
1655 #SUP: 311
1333 #SUP: 311
3759 #SUP: 312
1808 #SUP: 314
3317 #SUP: 316
2191 #SUP: 316
534 #SUP: 316
204 #SUP: 316
622 #SUP: 317
262 #SUP: 317
2629 #SUP: 318
2075 #SUP: 319
501 #SUP: 319
342 #SUP: 319
66 #SUP: 319
215 #SUP: 320
433 #SUP: 321
1529 #SUP: 322
1529 38 #SUP: 295
1529 39 #SUP: 223
921 #SUP: 322
13032 #SUP: 324
4524 #SUP: 324
3964 #SUP: 324
3964 39 #SUP: 225
2495 #SUP: 324
1209 #SUP: 324
1209 39 #SUP: 220
75 #SUP: 324
75 39 #SUP: 220
13174 #SUP: 325
12982 #SUP: 325
1196 #SUP: 325
652 #SUP: 325
2215 #SUP: 327
1698 #SUP: 327
203 #SUP: 327
15578 #SUP: 328
15578 39 #SUP: 233
751 #SUP: 328
4393 #SUP: 329
769 #SUP: 329
13334 #SUP: 330
3827 #SUP: 330
3827 39 #SUP: 239
164 #SUP: 330
164 48 #SUP: 224
2091 #SUP: 332
1185 #SUP: 332
2894 #SUP: 334
984 #SUP: 334
984 39 #SUP: 226
96 #SUP: 334
96 39 #SUP: 224
346 #SUP: 335
643 #SUP: 336
4650 #SUP: 337
1360 #SUP: 337
1081 #SUP: 337
195 #SUP: 337
10525 #SUP: 338
7975 #SUP: 339
2633 #SUP: 339
2325 #SUP: 339
1638 #SUP: 339
1638 48 #SUP: 226
1638 39 #SUP: 223
1444 #SUP: 339
653 #SUP: 339
10442 #SUP: 340
10442 48 #SUP: 229
3904 #SUP: 341
3904 38 #SUP: 333
3904 38 39 #SUP: 268
3904 39 #SUP: 275
1425 #SUP: 341
12933 #SUP: 342
12933 39 #SUP: 227
2468 #SUP: 343
1308 #SUP: 343
993 #SUP: 344
2065 #SUP: 345
2065 39 #SUP: 235
15 #SUP: 345
1027 #SUP: 346
1027 48 #SUP: 228
1027 39 #SUP: 221
610 #SUP: 346
497 #SUP: 346
2254 #SUP: 347
16431 #SUP: 351
16431 16430 #SUP: 348
3510 #SUP: 352
3510 39 #SUP: 225
829 #SUP: 352
424 #SUP: 352
2626 #SUP: 353
768 #SUP: 354
640 #SUP: 359
640 48 #SUP: 232
640 39 #SUP: 227
5051 #SUP: 363
1046 #SUP: 365
1046 32 #SUP: 339
7205 #SUP: 366
734 #SUP: 366
734 48 #SUP: 329
734 48 39 #SUP: 229
734 39 #SUP: 255
232 #SUP: 366
8691 #SUP: 369
8691 48 #SUP: 288
8691 39 #SUP: 259
2991 #SUP: 369
2991 39 #SUP: 230
817 #SUP: 369
785 #SUP: 369
785 39 #SUP: 222
730 #SUP: 369
730 39 #SUP: 241
2552 #SUP: 371
2552 48 #SUP: 221
1973 #SUP: 371
1973 48 #SUP: 236
978 #SUP: 371
978 39 #SUP: 273
1619 #SUP: 372
1619 48 #SUP: 236
1619 39 #SUP: 252
2187 #SUP: 374
2187 48 #SUP: 233
2187 39 #SUP: 221
1562 #SUP: 374
2115 #SUP: 375
2115 48 #SUP: 237
370 #SUP: 375
370 38 #SUP: 362
370 38 39 #SUP: 241
370 39 #SUP: 248
2015 #SUP: 376
2015 48 #SUP: 259
2015 39 #SUP: 230
903 #SUP: 376
903 39 #SUP: 264
390 #SUP: 376
390 38 #SUP: 354
390 38 39 #SUP: 241
390 39 #SUP: 258
1930 #SUP: 379
1930 39 #SUP: 226
1082 #SUP: 379
3502 #SUP: 381
3502 39 #SUP: 244
10490 #SUP: 382
10490 48 #SUP: 240
10490 39 #SUP: 237
715 #SUP: 382
715 48 #SUP: 254
2353 #SUP: 383
2353 39 #SUP: 253
1257 #SUP: 383
1257 48 #SUP: 248
1257 39 #SUP: 256
727 #SUP: 383
727 48 #SUP: 253
727 39 #SUP: 241
1003 #SUP: 387
1003 48 #SUP: 250
1003 39 #SUP: 252
2515 #SUP: 388
12935 #SUP: 390
12935 48 #SUP: 302
12935 39 #SUP: 267
1859 #SUP: 391
1214 #SUP: 391
1214 39 #SUP: 230
840 #SUP: 391
840 38 #SUP: 379
840 38 39 #SUP: 245
840 39 #SUP: 251
2492 #SUP: 392
2492 48 #SUP: 238
1313 #SUP: 392
1313 48 #SUP: 250
1313 39 #SUP: 250
13443 #SUP: 396
13443 39 #SUP: 229
341 #SUP: 396
341 48 #SUP: 235
341 39 #SUP: 228
2208 #SUP: 399
2208 48 #SUP: 222
2208 39 #SUP: 235
1361 #SUP: 400
1361 39 #SUP: 261
1052 #SUP: 401
1052 48 #SUP: 266
12951 #SUP: 403
12951 39 #SUP: 283
176 #SUP: 404
176 48 #SUP: 226
4698 #SUP: 405
4698 48 #SUP: 251
4698 39 #SUP: 263
246 #SUP: 405
246 48 #SUP: 265
246 39 #SUP: 259
1103 #SUP: 407
1103 48 #SUP: 250
1103 39 #SUP: 252
14099 #SUP: 409
14099 48 #SUP: 233
14099 39 #SUP: 242
3361 #SUP: 409
3361 48 #SUP: 229
3361 39 #SUP: 231
1481 #SUP: 409
1481 48 #SUP: 236
1481 39 #SUP: 272
12 #SUP: 409
12 48 #SUP: 238
12 39 #SUP: 230
2775 #SUP: 410
2775 48 #SUP: 239
2775 39 #SUP: 249
2673 #SUP: 411
2673 48 #SUP: 280
2673 39 #SUP: 246
1066 #SUP: 411
1066 48 #SUP: 250
1066 39 #SUP: 236
842 #SUP: 412
842 39 #SUP: 263
694 #SUP: 412
694 39 #SUP: 267
415 #SUP: 412
415 48 #SUP: 255
415 39 #SUP: 243
248 #SUP: 412
248 48 #SUP: 285
248 39 #SUP: 275
8985 #SUP: 414
8985 48 #SUP: 220
8985 39 #SUP: 276
10656 #SUP: 415
10656 48 #SUP: 245
10656 39 #SUP: 227
1557 #SUP: 415
1557 48 #SUP: 250
1557 39 #SUP: 252
12943 #SUP: 417
12943 39 #SUP: 253
10653 #SUP: 418
10653 48 #SUP: 252
10653 39 #SUP: 246
10491 #SUP: 418
10491 48 #SUP: 234
10491 39 #SUP: 257
2056 #SUP: 419
2056 48 #SUP: 258
2056 39 #SUP: 257
1543 #SUP: 419
1543 48 #SUP: 240
1543 39 #SUP: 290
2241 #SUP: 420
2241 48 #SUP: 284
2241 39 #SUP: 285
1277 #SUP: 420
1277 48 #SUP: 248
1277 39 #SUP: 241
351 #SUP: 420
351 48 #SUP: 221
351 39 #SUP: 220
9555 #SUP: 421
9555 48 #SUP: 224
9555 39 #SUP: 240
3799 #SUP: 421
3799 48 #SUP: 264
3799 39 #SUP: 284
1513 #SUP: 422
1513 48 #SUP: 248
1513 39 #SUP: 284
1486 #SUP: 423
1486 48 #SUP: 270
1486 39 #SUP: 256
1000 #SUP: 423
1000 48 #SUP: 221
1000 39 #SUP: 245
2343 #SUP: 425
2343 48 #SUP: 239
2343 39 #SUP: 233
1126 #SUP: 425
1126 48 #SUP: 246
1126 39 #SUP: 246
1121 #SUP: 425
1121 48 #SUP: 250
1121 39 #SUP: 257
16430 #SUP: 426
16430 39 #SUP: 221
2523 #SUP: 426
2523 48 #SUP: 269
2523 39 #SUP: 247
514 #SUP: 427
514 48 #SUP: 293
514 39 #SUP: 271
1158 #SUP: 428
1158 48 #SUP: 232
1158 39 #SUP: 242
830 #SUP: 428
830 48 #SUP: 294
830 39 #SUP: 256
547 #SUP: 428
547 48 #SUP: 252
547 39 #SUP: 254
9501 #SUP: 430
9501 48 #SUP: 232
9501 39 #SUP: 275
2987 #SUP: 431
2987 48 #SUP: 284
2987 39 #SUP: 238
591 #SUP: 432
591 48 #SUP: 280
591 39 #SUP: 289
2505 #SUP: 433
2505 48 #SUP: 256
2505 39 #SUP: 297
1062 #SUP: 433
1062 48 #SUP: 232
1062 39 #SUP: 268
319 #SUP: 435
319 48 #SUP: 261
319 39 #SUP: 270
384 #SUP: 437
384 48 #SUP: 247
384 39 #SUP: 279
13189 #SUP: 438
13189 48 #SUP: 236
13189 39 #SUP: 266
352 #SUP: 438
352 48 #SUP: 246
352 39 #SUP: 224
979 #SUP: 439
979 48 #SUP: 266
979 48 39 #SUP: 222
979 39 #SUP: 332
365 #SUP: 442
365 48 #SUP: 259
365 39 #SUP: 288
47 #SUP: 444
47 38 #SUP: 432
47 38 48 #SUP: 269
47 38 39 #SUP: 313
47 48 #SUP: 274
47 39 #SUP: 320
490 #SUP: 445
490 48 #SUP: 279
490 39 #SUP: 279
1404 #SUP: 446
1404 48 #SUP: 277
1404 39 #SUP: 273
1113 #SUP: 448
1113 48 #SUP: 248
1113 39 #SUP: 248
1704 #SUP: 450
1704 48 #SUP: 246
1704 39 #SUP: 287
1585 #SUP: 450
1585 48 #SUP: 292
1585 39 #SUP: 262
281 #SUP: 453
281 38 #SUP: 432
281 38 48 #SUP: 259
281 38 39 #SUP: 274
281 48 #SUP: 269
281 39 #SUP: 288
831 #SUP: 454
831 48 #SUP: 311
831 48 39 #SUP: 237
831 39 #SUP: 314
1659 #SUP: 459
1659 48 #SUP: 258
1659 39 #SUP: 307
2135 #SUP: 461
2135 48 #SUP: 293
2135 48 39 #SUP: 228
2135 39 #SUP: 317
2051 #SUP: 461
2051 48 #SUP: 300
2051 48 39 #SUP: 222
2051 39 #SUP: 308
2184 #SUP: 462
2184 48 #SUP: 288
2184 39 #SUP: 294
80 #SUP: 464
80 48 #SUP: 271
80 39 #SUP: 316
1020 #SUP: 465
1020 48 #SUP: 274
1020 39 #SUP: 284
432 #SUP: 466
432 48 #SUP: 251
432 39 #SUP: 286
1867 #SUP: 467
1867 48 #SUP: 275
1867 39 #SUP: 274
136 #SUP: 467
136 48 #SUP: 286
136 39 #SUP: 306
1677 #SUP: 468
1677 48 #SUP: 306
1677 39 #SUP: 291
1479 #SUP: 472
1479 48 #SUP: 273
1479 39 #SUP: 302
10444 #SUP: 473
10444 48 #SUP: 302
10444 48 39 #SUP: 221
10444 39 #SUP: 293
12959 #SUP: 476
12959 48 #SUP: 228
12959 39 #SUP: 262
14933 #SUP: 479
14933 48 #SUP: 274
14933 39 #SUP: 320
408 #SUP: 479
408 48 #SUP: 279
408 39 #SUP: 278
178 #SUP: 479
178 48 #SUP: 246
178 39 #SUP: 313
2879 #SUP: 481
2879 48 #SUP: 276
2879 39 #SUP: 292
2399 #SUP: 481
2399 48 #SUP: 276
2399 39 #SUP: 291
2080 #SUP: 481
2080 48 #SUP: 285
2080 39 #SUP: 281
418 #SUP: 481
418 48 #SUP: 267
418 39 #SUP: 293
1987 #SUP: 482
1987 48 #SUP: 298
1987 39 #SUP: 309
808 #SUP: 482
808 48 #SUP: 267
808 39 #SUP: 283
2329 #SUP: 488
2329 48 #SUP: 324
2329 39 #SUP: 270
345 #SUP: 490
345 48 #SUP: 316
345 39 #SUP: 300
856 #SUP: 494
856 48 #SUP: 271
856 39 #SUP: 291
793 #SUP: 494
793 48 #SUP: 304
793 39 #SUP: 312
2168 #SUP: 499
2168 48 #SUP: 265
2168 39 #SUP: 301
52 #SUP: 501
52 48 #SUP: 326
52 48 39 #SUP: 239
52 39 #SUP: 320
798 #SUP: 503
798 48 #SUP: 329
798 48 39 #SUP: 230
798 39 #SUP: 290
1714 #SUP: 507
1714 48 #SUP: 282
1714 39 #SUP: 317
2284 #SUP: 508
2284 48 #SUP: 292
2284 48 39 #SUP: 226
2284 39 #SUP: 349
426 #SUP: 508
426 48 #SUP: 327
426 48 39 #SUP: 250
426 39 #SUP: 334
53 #SUP: 509
53 48 #SUP: 322
53 48 39 #SUP: 253
53 39 #SUP: 351
1355 #SUP: 512
1355 48 #SUP: 260
1355 39 #SUP: 313
571 #SUP: 513
571 48 #SUP: 318
571 48 39 #SUP: 240
571 39 #SUP: 322
398 #SUP: 515
398 48 #SUP: 320
398 48 39 #SUP: 224
398 39 #SUP: 320
94 #SUP: 516
94 48 #SUP: 293
94 39 #SUP: 300
910 #SUP: 519
910 48 #SUP: 313
910 48 39 #SUP: 222
910 39 #SUP: 322
855 #SUP: 519
855 48 #SUP: 306
855 48 39 #SUP: 228
855 39 #SUP: 325
4883 #SUP: 521
4883 48 #SUP: 305
4883 39 #SUP: 313
790 #SUP: 523
790 38 #SUP: 508
790 38 48 #SUP: 307
790 38 48 39 #SUP: 235
790 38 39 #SUP: 356
790 48 #SUP: 315
790 48 39 #SUP: 239
790 39 #SUP: 364
261 #SUP: 523
261 48 #SUP: 330
261 48 39 #SUP: 244
261 39 #SUP: 349
1693 #SUP: 524
1693 48 #SUP: 316
1693 48 39 #SUP: 232
1693 39 #SUP: 347
2118 #SUP: 525
2118 48 #SUP: 341
2118 48 39 #SUP: 232
2118 39 #SUP: 311
623 #SUP: 525
623 48 #SUP: 310
623 39 #SUP: 315
297 #SUP: 525
297 48 #SUP: 328
297 48 39 #SUP: 242
297 39 #SUP: 356
704 #SUP: 526
704 48 #SUP: 307
704 39 #SUP: 279
208 #SUP: 529
208 48 #SUP: 330
208 48 39 #SUP: 222
208 39 #SUP: 326
12946 #SUP: 535
12946 48 #SUP: 286
12946 39 #SUP: 339
56 #SUP: 535
56 38 #SUP: 514
56 38 48 #SUP: 295
56 38 39 #SUP: 352
56 48 #SUP: 309
56 48 39 #SUP: 226
56 39 #SUP: 364
1417 #SUP: 536
1417 48 #SUP: 315
1417 39 #SUP: 321
961 #SUP: 540
961 48 #SUP: 327
961 48 39 #SUP: 240
961 39 #SUP: 331
30 #SUP: 540
30 48 #SUP: 298
30 39 #SUP: 344
916 #SUP: 543
916 48 #SUP: 311
916 48 39 #SUP: 241
916 39 #SUP: 350
913 #SUP: 543
913 48 #SUP: 320
913 48 39 #SUP: 232
913 39 #SUP: 336
62 #SUP: 543
62 48 #SUP: 314
62 39 #SUP: 281
155 #SUP: 546
155 48 #SUP: 314
155 39 #SUP: 347
2 #SUP: 549
2 48 #SUP: 268
2 39 #SUP: 324
1043 #SUP: 551
1043 48 #SUP: 306
1043 48 39 #SUP: 229
1043 39 #SUP: 342
2383 #SUP: 569
2383 48 #SUP: 356
2383 48 39 #SUP: 270
2383 39 #SUP: 377
1239 #SUP: 569
1239 48 #SUP: 346
1239 48 39 #SUP: 239
1239 39 #SUP: 350
878 #SUP: 570
878 48 #SUP: 310
878 48 39 #SUP: 231
878 39 #SUP: 344
2437 #SUP: 571
2437 48 #SUP: 346
2437 39 #SUP: 308
1872 #SUP: 572
1872 48 #SUP: 333
1872 39 #SUP: 331
581 #SUP: 574
581 48 #SUP: 353
581 48 39 #SUP: 264
581 39 #SUP: 368
885 #SUP: 576
885 48 #SUP: 307
885 48 39 #SUP: 222
885 39 #SUP: 354
1067 #SUP: 584
1067 48 #SUP: 369
1067 48 39 #SUP: 251
1067 39 #SUP: 332
374 #SUP: 584
374 48 #SUP: 340
374 48 39 #SUP: 250
374 39 #SUP: 376
267 #SUP: 584
267 48 #SUP: 368
267 48 39 #SUP: 292
267 39 #SUP: 407
4336 #SUP: 589
4336 48 #SUP: 330
4336 48 39 #SUP: 230
4336 39 #SUP: 345
1715 #SUP: 590
1715 48 #SUP: 350
1715 48 39 #SUP: 235
1715 39 #SUP: 356
947 #SUP: 591
947 48 #SUP: 324
947 39 #SUP: 324
846 #SUP: 595
846 48 #SUP: 297
846 39 #SUP: 328
2199 #SUP: 597
2199 48 #SUP: 383
2199 48 39 #SUP: 266
2199 39 #SUP: 349
150 #SUP: 597
150 48 #SUP: 353
150 48 39 #SUP: 255
150 39 #SUP: 364
1144 #SUP: 599
1144 48 #SUP: 336
1144 48 39 #SUP: 234
1144 39 #SUP: 344
1783 #SUP: 600
1783 48 #SUP: 335
1783 48 39 #SUP: 240
1783 39 #SUP: 372
420 #SUP: 600
420 48 #SUP: 311
420 39 #SUP: 340
675 #SUP: 601
675 48 #SUP: 374
675 48 39 #SUP: 291
675 39 #SUP: 414
8978 #SUP: 606
8978 41 #SUP: 290
8978 41 39 #SUP: 243
8978 48 #SUP: 344
8978 48 39 #SUP: 276
8978 39 #SUP: 433
425 #SUP: 606
425 48 #SUP: 408
425 48 39 #SUP: 299
425 39 #SUP: 396
441 #SUP: 609
441 48 #SUP: 341
441 48 39 #SUP: 260
441 39 #SUP: 393
209 #SUP: 611
209 48 #SUP: 312
209 39 #SUP: 323
15618 #SUP: 614
15618 48 #SUP: 323
15618 48 39 #SUP: 222
15618 39 #SUP: 352
1986 #SUP: 614
1986 48 #SUP: 346
1986 48 39 #SUP: 264
1986 39 #SUP: 413
10446 #SUP: 618
10446 48 #SUP: 345
10446 48 39 #SUP: 246
10446 39 #SUP: 368
251 #SUP: 621
251 48 #SUP: 338
251 48 39 #SUP: 220
251 39 #SUP: 349
2046 #SUP: 625
2046 48 #SUP: 305
2046 39 #SUP: 333
809 #SUP: 626
809 48 #SUP: 373
809 48 39 #SUP: 290
809 39 #SUP: 404
865 #SUP: 632
865 48 #SUP: 390
865 48 39 #SUP: 272
865 39 #SUP: 382
279 #SUP: 633
279 48 #SUP: 383
279 48 39 #SUP: 279
279 39 #SUP: 401
340 #SUP: 643
340 48 #SUP: 407
340 48 39 #SUP: 281
340 39 #SUP: 396
789 #SUP: 648
789 48 #SUP: 421
789 48 39 #SUP: 327
789 39 #SUP: 447
272 #SUP: 650
272 48 #SUP: 380
272 48 39 #SUP: 283
272 39 #SUP: 446
3616 #SUP: 654
3616 1146 #SUP: 293
3616 48 #SUP: 376
3616 48 39 #SUP: 270
3616 39 #SUP: 419
105 #SUP: 657
105 38 #SUP: 643
105 38 48 #SUP: 367
105 38 48 39 #SUP: 290
105 38 39 #SUP: 449
105 48 #SUP: 372
105 48 39 #SUP: 291
105 39 #SUP: 455
1198 #SUP: 660
1198 48 #SUP: 376
1198 48 39 #SUP: 277
1198 39 #SUP: 407
186 #SUP: 660
186 48 #SUP: 417
186 48 39 #SUP: 305
186 39 #SUP: 413
1135 #SUP: 667
1135 48 #SUP: 541
1135 48 39 #SUP: 386
1135 39 #SUP: 458
16011 #SUP: 669
16011 16010 #SUP: 651
16011 16010 41 #SUP: 236
16011 16010 48 #SUP: 362
16011 16010 48 39 #SUP: 269
16011 16010 39 #SUP: 419
16011 41 #SUP: 244
16011 48 #SUP: 374
16011 48 39 #SUP: 275
16011 39 #SUP: 427
396 #SUP: 674
396 48 #SUP: 378
396 48 39 #SUP: 278
396 39 #SUP: 436
379 #SUP: 677
379 48 #SUP: 348
379 48 39 #SUP: 253
379 39 #SUP: 429
259 #SUP: 684
259 48 #SUP: 380
259 48 39 #SUP: 255
259 39 #SUP: 374
1814 #SUP: 688
1814 48 #SUP: 451
1814 48 39 #SUP: 344
1814 39 #SUP: 471
449 #SUP: 690
449 48 #SUP: 382
449 48 39 #SUP: 239
449 39 #SUP: 372
260 #SUP: 691
260 48 #SUP: 379
260 48 39 #SUP: 271
260 39 #SUP: 428
407 #SUP: 693
407 48 #SUP: 422
407 48 39 #SUP: 304
407 39 #SUP: 418
464 #SUP: 695
464 48 #SUP: 422
464 48 39 #SUP: 289
464 39 #SUP: 412
269 #SUP: 701
269 48 #SUP: 439
269 48 39 #SUP: 310
269 39 #SUP: 441
681 #SUP: 704
681 48 #SUP: 378
681 48 39 #SUP: 275
681 39 #SUP: 422
55 #SUP: 704
55 38 #SUP: 657
55 38 48 #SUP: 309
55 38 48 39 #SUP: 243
55 38 39 #SUP: 422
55 48 #SUP: 325
55 48 39 #SUP: 251
55 39 #SUP: 452
11 #SUP: 711
11 48 #SUP: 463
11 48 39 #SUP: 346
11 39 #SUP: 472
10 #SUP: 712
10 48 #SUP: 427
10 48 39 #SUP: 322
10 39 #SUP: 452
535 #SUP: 718
535 48 #SUP: 409
535 48 39 #SUP: 275
535 39 #SUP: 400
488 #SUP: 720
488 48 #SUP: 432
488 48 39 #SUP: 287
488 39 #SUP: 389
806 #SUP: 741
806 48 #SUP: 396
806 48 39 #SUP: 302
806 39 #SUP: 493
12929 #SUP: 742
12929 48 #SUP: 430
12929 48 39 #SUP: 320
12929 39 #SUP: 470
772 #SUP: 752
772 48 #SUP: 442
772 48 39 #SUP: 275
772 39 #SUP: 406
664 #SUP: 752
664 48 #SUP: 387
664 48 39 #SUP: 296
664 39 #SUP: 481
1344 #SUP: 753
1344 41 #SUP: 258
1344 48 #SUP: 427
1344 48 39 #SUP: 314
1344 39 #SUP: 485
23 #SUP: 758
23 48 #SUP: 416
23 48 39 #SUP: 322
23 39 #SUP: 512
1435 #SUP: 765
1435 48 #SUP: 433
1435 48 39 #SUP: 307
1435 39 #SUP: 459
107 #SUP: 765
107 48 #SUP: 467
107 48 39 #SUP: 322
107 39 #SUP: 426
334 #SUP: 774
334 48 #SUP: 443
334 48 39 #SUP: 333
334 39 #SUP: 506
371 #SUP: 782
371 38 #SUP: 767
371 38 48 #SUP: 365
371 38 48 39 #SUP: 294
371 38 39 #SUP: 526
371 48 #SUP: 369
371 48 39 #SUP: 295
371 39 #SUP: 532
570 #SUP: 792
570 48 #SUP: 514
570 48 39 #SUP: 404
570 39 #SUP: 558
766 #SUP: 797
766 48 #SUP: 489
766 48 39 #SUP: 335
766 39 #SUP: 470
1600 #SUP: 801
1600 48 #SUP: 444
1600 48 39 #SUP: 307
1600 39 #SUP: 474
703 #SUP: 806
703 48 #SUP: 467
703 48 39 #SUP: 302
703 39 #SUP: 453
103 #SUP: 812
103 48 #SUP: 431
103 48 39 #SUP: 321
103 39 #SUP: 512
976 #SUP: 817
976 117 #SUP: 312
976 48 #SUP: 456
976 48 39 #SUP: 325
976 39 #SUP: 471
229 #SUP: 820
229 48 #SUP: 545
229 48 39 #SUP: 382
229 39 #SUP: 503
812 #SUP: 821
812 48 #SUP: 463
812 48 39 #SUP: 310
812 39 #SUP: 471
156 #SUP: 830
156 48 #SUP: 473
156 48 39 #SUP: 377
156 39 #SUP: 582
389 #SUP: 831
389 48 #SUP: 422
389 48 39 #SUP: 323
389 39 #SUP: 544
549 #SUP: 843
549 48 #SUP: 513
549 48 39 #SUP: 355
549 39 #SUP: 492
544 #SUP: 851
544 48 #SUP: 504
544 48 39 #SUP: 348
544 39 #SUP: 524
649 #SUP: 857
649 48 #SUP: 490
649 48 39 #SUP: 350
649 39 #SUP: 531
18 #SUP: 860
18 48 #SUP: 465
18 48 39 #SUP: 330
18 39 #SUP: 540
76 #SUP: 869
76 48 #SUP: 485
76 48 39 #SUP: 345
76 39 #SUP: 529
1578 #SUP: 874
1578 48 #SUP: 469
1578 48 39 #SUP: 350
1578 39 #SUP: 576
405 #SUP: 879
405 10515 #SUP: 294
405 48 #SUP: 525
405 48 39 #SUP: 340
405 39 #SUP: 500
10515 #SUP: 882
10515 48 #SUP: 524
10515 48 39 #SUP: 373
10515 39 #SUP: 528
264 #SUP: 895
264 38 #SUP: 251
264 48 #SUP: 534
264 48 39 #SUP: 403
264 39 #SUP: 599
2958 #SUP: 904
2958 48 #SUP: 779
2958 48 39 #SUP: 570
2958 39 #SUP: 655
956 #SUP: 911
956 41 #SUP: 225
956 48 #SUP: 540
956 48 39 #SUP: 405
956 39 #SUP: 600
242 #SUP: 911
242 48 #SUP: 399
242 48 39 #SUP: 300
242 39 #SUP: 564
45 #SUP: 911
45 48 #SUP: 492
45 48 39 #SUP: 361
45 39 #SUP: 559
31 #SUP: 920
31 48 #SUP: 493
31 48 39 #SUP: 336
31 39 #SUP: 538
479 #SUP: 926
479 48 #SUP: 513
479 48 39 #SUP: 358
479 39 #SUP: 580
3270 #SUP: 950
3270 48 #SUP: 592
3270 48 39 #SUP: 416
3270 39 #SUP: 576
783 #SUP: 965
783 48 #SUP: 583
783 48 39 #SUP: 439
783 39 #SUP: 640
175 #SUP: 970
175 41 #SUP: 293
175 41 39 #SUP: 239
175 38 #SUP: 272
175 48 #SUP: 493
175 48 39 #SUP: 383
175 39 #SUP: 631
522 #SUP: 974
522 48 #SUP: 582
522 48 39 #SUP: 425
522 39 #SUP: 648
258 #SUP: 987
258 41 #SUP: 254
258 48 #SUP: 643
258 48 39 #SUP: 452
258 39 #SUP: 628
179 #SUP: 998
179 41 #SUP: 224
179 32 #SUP: 228
179 48 #SUP: 624
179 48 39 #SUP: 452
179 39 #SUP: 653
19 #SUP: 1005
19 48 #SUP: 591
19 48 39 #SUP: 402
19 39 #SUP: 592
161 #SUP: 1010
161 48 #SUP: 517
161 48 39 #SUP: 356
161 39 #SUP: 622
117 #SUP: 1026
117 41 #SUP: 264
117 48 #SUP: 601
117 48 39 #SUP: 378
117 39 #SUP: 554
13041 #SUP: 1051
13041 41 #SUP: 390
13041 41 48 #SUP: 264
13041 41 39 #SUP: 311
13041 32 #SUP: 225
13041 48 #SUP: 602
13041 48 39 #SUP: 444
13041 39 #SUP: 688
78 #SUP: 1060
78 32 #SUP: 232
78 48 #SUP: 824
78 48 39 #SUP: 610
78 39 #SUP: 774
37 #SUP: 1074
37 41 #SUP: 247
37 41 38 #SUP: 246
37 38 #SUP: 1046
37 38 48 #SUP: 557
37 38 48 39 #SUP: 433
37 38 39 #SUP: 684
37 48 #SUP: 565
37 48 39 #SUP: 440
37 39 #SUP: 707
1004 #SUP: 1102
1004 32 #SUP: 285
1004 48 #SUP: 614
1004 48 39 #SUP: 381
1004 39 #SUP: 583
677 #SUP: 1110
677 41 #SUP: 229
677 32 #SUP: 266
677 48 #SUP: 666
677 48 39 #SUP: 446
677 39 #SUP: 635
589 #SUP: 1119
589 32 #SUP: 228
589 48 #SUP: 628
589 48 39 #SUP: 443
589 39 #SUP: 708
49 #SUP: 1120
49 41 #SUP: 220
49 38 #SUP: 224
49 48 #SUP: 843
49 48 39 #SUP: 617
49 39 #SUP: 768
201 #SUP: 1133
201 41 #SUP: 253
201 48 #SUP: 674
201 48 39 #SUP: 451
201 39 #SUP: 669
548 #SUP: 1137
548 41 #SUP: 242
548 32 #SUP: 280
548 48 #SUP: 658
548 48 39 #SUP: 467
548 39 #SUP: 663
15832 #SUP: 1143
15832 41 #SUP: 421
15832 41 48 #SUP: 260
15832 41 48 39 #SUP: 220
15832 41 39 #SUP: 322
15832 32 #SUP: 231
15832 48 #SUP: 585
15832 48 39 #SUP: 436
15832 39 #SUP: 718
249 #SUP: 1160
249 41 #SUP: 258
249 38 #SUP: 269
249 48 #SUP: 675
249 48 39 #SUP: 510
249 39 #SUP: 752
1393 #SUP: 1161
1393 32 #SUP: 231
1393 48 #SUP: 669
1393 48 39 #SUP: 507
1393 39 #SUP: 789
16217 #SUP: 1166
16217 41 #SUP: 433
16217 41 48 #SUP: 287
16217 41 48 39 #SUP: 234
16217 41 39 #SUP: 335
16217 48 #SUP: 647
16217 48 39 #SUP: 463
16217 39 #SUP: 728
740 #SUP: 1181
740 38 #SUP: 221
740 48 #SUP: 520
740 48 39 #SUP: 392
740 39 #SUP: 759
286 #SUP: 1183
286 41 #SUP: 268
286 41 38 #SUP: 259
286 32 #SUP: 229
286 32 38 #SUP: 222
286 38 #SUP: 1116
286 38 48 #SUP: 581
286 38 48 39 #SUP: 458
286 38 39 #SUP: 728
286 48 #SUP: 591
286 48 39 #SUP: 464
286 39 #SUP: 750
301 #SUP: 1204
301 41 #SUP: 256
301 32 #SUP: 279
301 48 #SUP: 658
301 48 39 #SUP: 473
301 39 #SUP: 715
604 #SUP: 1209
604 41 #SUP: 286
604 41 39 #SUP: 236
604 32 #SUP: 224
604 48 #SUP: 687
604 48 39 #SUP: 520
604 39 #SUP: 775
824 #SUP: 1210
824 41 #SUP: 320
824 41 39 #SUP: 238
824 32 #SUP: 262
824 48 #SUP: 701
824 48 39 #SUP: 471
824 39 #SUP: 703
592 #SUP: 1227
592 41 #SUP: 303
592 41 39 #SUP: 235
592 32 #SUP: 257
592 48 #SUP: 743
592 48 39 #SUP: 515
592 39 #SUP: 723
338 #SUP: 1274
338 41 #SUP: 256
338 32 #SUP: 229
338 48 #SUP: 779
338 48 39 #SUP: 516
338 39 #SUP: 742
14098 #SUP: 1291
14098 32 #SUP: 224
14098 48 #SUP: 698
14098 48 39 #SUP: 540
14098 39 #SUP: 801
123 #SUP: 1302
123 41 #SUP: 236
123 32 #SUP: 252
123 48 #SUP: 797
123 48 39 #SUP: 509
123 39 #SUP: 726
16010 #SUP: 1316
16010 41 #SUP: 467
16010 41 48 #SUP: 315
16010 41 48 39 #SUP: 261
16010 41 39 #SUP: 368
16010 32 #SUP: 281
16010 38 #SUP: 221
16010 48 #SUP: 730
16010 48 39 #SUP: 529
16010 39 #SUP: 829
9 #SUP: 1372
9 41 #SUP: 307
9 41 48 #SUP: 231
9 41 39 #SUP: 239
9 32 #SUP: 250
9 48 #SUP: 790
9 48 39 #SUP: 546
9 39 #SUP: 832
185 #SUP: 1376
185 41 #SUP: 298
185 41 39 #SUP: 223
185 32 #SUP: 289
185 48 #SUP: 816
185 48 39 #SUP: 555
185 39 #SUP: 828
1146 #SUP: 1426
1146 41 #SUP: 501
1146 41 48 #SUP: 313
1146 41 48 39 #SUP: 260
1146 41 39 #SUP: 391
1146 32 #SUP: 340
1146 38 #SUP: 306
1146 38 39 #SUP: 239
1146 48 #SUP: 811
1146 48 39 #SUP: 623
1146 39 #SUP: 983
12925 #SUP: 1467
12925 32 #SUP: 232
12925 38 #SUP: 294
12925 38 39 #SUP: 230
12925 48 #SUP: 817
12925 48 39 #SUP: 588
12925 39 #SUP: 938
255 #SUP: 1474
255 41 #SUP: 332
255 41 48 #SUP: 271
255 41 48 39 #SUP: 230
255 41 39 #SUP: 274
255 32 #SUP: 321
255 32 48 #SUP: 243
255 32 39 #SUP: 230
255 38 #SUP: 267
255 48 #SUP: 1057
255 48 39 #SUP: 813
255 39 #SUP: 1057
533 #SUP: 1487
533 41 #SUP: 336
533 41 48 #SUP: 248
533 41 39 #SUP: 275
533 32 #SUP: 300
533 38 #SUP: 235
533 48 #SUP: 861
533 48 39 #SUP: 632
533 39 #SUP: 922
60 #SUP: 1489
60 41 #SUP: 264
60 32 #SUP: 262
60 48 #SUP: 815
60 48 39 #SUP: 609
60 39 #SUP: 983
79 #SUP: 1600
79 41 #SUP: 499
79 41 48 #SUP: 332
79 41 48 39 #SUP: 270
79 41 39 #SUP: 378
79 32 #SUP: 384
79 32 48 #SUP: 231
79 32 39 #SUP: 244
79 38 #SUP: 313
79 38 39 #SUP: 231
79 48 #SUP: 893
79 48 39 #SUP: 699
79 39 #SUP: 1111
2238 #SUP: 1715
2238 270 #SUP: 264
2238 271 #SUP: 282
2238 271 39 #SUP: 221
2238 225 #SUP: 405
2238 225 39 #SUP: 317
2238 41 #SUP: 570
2238 41 48 #SUP: 371
2238 41 48 39 #SUP: 322
2238 41 39 #SUP: 472
2238 32 #SUP: 358
2238 32 39 #SUP: 257
2238 38 #SUP: 407
2238 38 48 #SUP: 247
2238 38 39 #SUP: 308
2238 48 #SUP: 955
2238 48 39 #SUP: 788
2238 39 #SUP: 1287
270 #SUP: 1734
270 271 #SUP: 680
270 271 48 #SUP: 369
270 271 48 39 #SUP: 284
270 271 39 #SUP: 484
270 225 #SUP: 295
270 225 39 #SUP: 236
270 41 #SUP: 508
270 41 48 #SUP: 315
270 41 48 39 #SUP: 258
270 41 39 #SUP: 399
270 32 #SUP: 437
270 32 48 #SUP: 265
270 32 39 #SUP: 276
270 38 #SUP: 390
270 38 48 #SUP: 239
270 38 39 #SUP: 291
270 48 #SUP: 957
270 48 39 #SUP: 733
270 39 #SUP: 1194
147 #SUP: 1779
147 41 #SUP: 438
147 41 48 #SUP: 280
147 41 48 39 #SUP: 234
147 41 39 #SUP: 336
147 32 #SUP: 359
147 32 48 #SUP: 223
147 32 39 #SUP: 249
147 38 #SUP: 328
147 38 39 #SUP: 253
147 48 #SUP: 1036
147 48 39 #SUP: 742
147 39 #SUP: 1137
1327 #SUP: 1786
1327 41 #SUP: 459
1327 41 48 #SUP: 307
1327 41 48 39 #SUP: 260
1327 41 39 #SUP: 380
1327 32 #SUP: 323
1327 38 #SUP: 347
1327 38 39 #SUP: 274
1327 48 #SUP: 968
1327 48 39 #SUP: 720
1327 39 #SUP: 1156
438 #SUP: 1863
438 41 #SUP: 428
438 41 48 #SUP: 296
438 41 48 39 #SUP: 265
438 41 39 #SUP: 365
438 32 #SUP: 349
438 32 48 #SUP: 227
438 32 39 #SUP: 244
438 38 #SUP: 389
438 38 39 #SUP: 272
438 48 #SUP: 1025
438 48 39 #SUP: 780
438 39 #SUP: 1260
413 #SUP: 1880
413 41 #SUP: 414
413 41 48 #SUP: 287
413 41 48 39 #SUP: 228
413 41 39 #SUP: 318
413 32 #SUP: 326
413 38 #SUP: 297
413 38 39 #SUP: 221
413 48 #SUP: 1135
413 48 39 #SUP: 781
413 39 #SUP: 1130
271 #SUP: 2094
271 225 #SUP: 395
271 225 48 #SUP: 220
271 225 39 #SUP: 309
271 41 #SUP: 584
271 41 48 #SUP: 346
271 41 48 39 #SUP: 272
271 41 39 #SUP: 451
271 32 #SUP: 470
271 32 48 #SUP: 256
271 32 39 #SUP: 310
271 38 #SUP: 392
271 38 48 #SUP: 232
271 38 39 #SUP: 290
271 48 #SUP: 1090
271 48 39 #SUP: 827
271 39 #SUP: 1434
475 #SUP: 2167
475 41 #SUP: 570
475 41 48 #SUP: 428
475 41 48 39 #SUP: 372
475 41 39 #SUP: 476
475 32 #SUP: 447
475 32 48 #SUP: 308
475 32 48 39 #SUP: 234
475 32 39 #SUP: 313
475 38 #SUP: 393
475 38 48 #SUP: 290
475 38 48 39 #SUP: 243
475 38 39 #SUP: 308
475 48 #SUP: 1428
475 48 39 #SUP: 1092
475 39 #SUP: 1500
101 #SUP: 2237
101 65 #SUP: 230
101 41 #SUP: 476
101 41 48 #SUP: 330
101 41 48 39 #SUP: 264
101 41 39 #SUP: 368
101 32 #SUP: 412
101 32 48 #SUP: 256
101 32 39 #SUP: 270
101 38 #SUP: 345
101 38 48 #SUP: 229
101 38 39 #SUP: 254
101 48 #SUP: 1311
101 48 39 #SUP: 946
101 39 #SUP: 1400
310 #SUP: 2594
310 89 #SUP: 228
310 65 #SUP: 226
310 41 #SUP: 719
310 41 48 #SUP: 547
310 41 48 39 #SUP: 486
310 41 39 #SUP: 625
310 32 #SUP: 541
310 32 48 #SUP: 391
310 32 48 39 #SUP: 307
310 32 39 #SUP: 382
310 38 #SUP: 433
310 38 48 #SUP: 298
310 38 48 39 #SUP: 251
310 38 39 #SUP: 336
310 48 #SUP: 1692
310 48 39 #SUP: 1347
310 39 #SUP: 1852
110 #SUP: 2794
110 41 #SUP: 677
110 41 38 #SUP: 666
110 41 38 48 #SUP: 419
110 41 38 48 39 #SUP: 346
110 41 38 39 #SUP: 511
110 41 48 #SUP: 423
110 41 48 39 #SUP: 347
110 41 39 #SUP: 515
110 32 #SUP: 449
110 32 38 #SUP: 443
110 32 38 48 #SUP: 264
110 32 38 39 #SUP: 284
110 32 48 #SUP: 267
110 32 39 #SUP: 286
110 38 #SUP: 2725
110 38 48 #SUP: 1361
110 38 48 39 #SUP: 1031
110 38 39 #SUP: 1740
110 48 #SUP: 1380
110 48 39 #SUP: 1037
110 39 #SUP: 1759
36 #SUP: 2936
36 41 #SUP: 700
36 41 38 #SUP: 671
36 41 38 48 #SUP: 377
36 41 38 48 39 #SUP: 334
36 41 38 39 #SUP: 553
36 41 48 #SUP: 388
36 41 48 39 #SUP: 343
36 41 39 #SUP: 572
36 32 #SUP: 494
36 32 38 #SUP: 472
36 32 38 48 #SUP: 254
36 32 38 39 #SUP: 308
36 32 48 #SUP: 262
36 32 39 #SUP: 324
36 38 #SUP: 2790
36 38 48 #SUP: 1360
36 38 48 39 #SUP: 1080
36 38 39 #SUP: 1945
36 48 #SUP: 1416
36 48 39 #SUP: 1116
36 39 #SUP: 2037
237 #SUP: 3032
237 89 #SUP: 232
237 41 #SUP: 597
237 41 48 #SUP: 375
237 41 48 39 #SUP: 312
237 41 39 #SUP: 477
237 32 #SUP: 568
237 32 48 #SUP: 363
237 32 48 39 #SUP: 256
237 32 39 #SUP: 349
237 38 #SUP: 683
237 38 48 #SUP: 414
237 38 48 39 #SUP: 352
237 38 39 #SUP: 512
237 48 #SUP: 1682
237 48 39 #SUP: 1244
237 39 #SUP: 1929
170 #SUP: 3099
170 41 #SUP: 805
170 41 38 #SUP: 794
170 41 38 48 #SUP: 484
170 41 38 48 39 #SUP: 413
170 41 38 39 #SUP: 615
170 41 48 #SUP: 492
170 41 48 39 #SUP: 419
170 41 39 #SUP: 624
170 32 #SUP: 540
170 32 38 #SUP: 532
170 32 38 48 #SUP: 305
170 32 38 39 #SUP: 326
170 32 48 #SUP: 308
170 32 39 #SUP: 332
170 38 #SUP: 3031
170 38 48 #SUP: 1538
170 38 48 39 #SUP: 1193
170 38 39 #SUP: 2019
170 48 #SUP: 1557
170 48 39 #SUP: 1206
170 39 #SUP: 2059
225 #SUP: 3257
225 41 #SUP: 877
225 41 38 #SUP: 224
225 41 48 #SUP: 537
225 41 48 39 #SUP: 469
225 41 39 #SUP: 726
225 32 #SUP: 655
225 32 48 #SUP: 366
225 32 48 39 #SUP: 298
225 32 39 #SUP: 466
225 38 #SUP: 681
225 38 48 #SUP: 398
225 38 48 39 #SUP: 337
225 38 39 #SUP: 535
225 48 #SUP: 1736
225 48 39 #SUP: 1400
225 39 #SUP: 2351
89 #SUP: 3837
89 65 #SUP: 314
89 65 48 #SUP: 243
89 65 39 #SUP: 225
89 41 #SUP: 732
89 41 48 #SUP: 606
89 41 48 39 #SUP: 522
89 41 39 #SUP: 619
89 32 #SUP: 713
89 32 48 #SUP: 573
89 32 48 39 #SUP: 451
89 32 39 #SUP: 532
89 38 #SUP: 764
89 38 48 #SUP: 578
89 38 48 39 #SUP: 467
89 38 39 #SUP: 589
89 48 #SUP: 2798
89 48 39 #SUP: 2125
89 39 #SUP: 2749
65 #SUP: 4472
65 41 #SUP: 995
65 41 32 #SUP: 221
65 41 38 #SUP: 227
65 41 48 #SUP: 663
65 41 48 39 #SUP: 547
65 41 39 #SUP: 792
65 32 #SUP: 774
65 32 48 #SUP: 492
65 32 48 39 #SUP: 357
65 32 39 #SUP: 512
65 38 #SUP: 643
65 38 48 #SUP: 408
65 38 48 39 #SUP: 325
65 38 39 #SUP: 488
65 48 #SUP: 2529
65 48 39 #SUP: 1797
65 39 #SUP: 2787
41 #SUP: 14945
41 32 #SUP: 3196
41 32 38 #SUP: 805
41 32 38 48 #SUP: 540
41 32 38 48 39 #SUP: 448
41 32 38 39 #SUP: 622
41 32 48 #SUP: 2063
41 32 48 39 #SUP: 1646
41 32 39 #SUP: 2359
41 38 #SUP: 3897
41 38 48 #SUP: 2374
41 38 48 39 #SUP: 1991
41 38 39 #SUP: 3051
41 48 #SUP: 9018
41 48 39 #SUP: 7366
41 39 #SUP: 11414
32 #SUP: 15167
32 38 #SUP: 2833
32 38 48 #SUP: 1646
32 38 48 39 #SUP: 1236
32 38 39 #SUP: 1840
32 48 #SUP: 8034
32 48 39 #SUP: 5402
32 39 #SUP: 8455
38 #SUP: 15596
38 48 #SUP: 7944
38 48 39 #SUP: 6102
38 39 #SUP: 10345
48 #SUP: 42135
48 39 #SUP: 29142
39 #SUP: 50675
