365 #SUP: 442
47 #SUP: 444
490 #SUP: 445
1404 #SUP: 446
1113 #SUP: 448
1704 #SUP: 450
1585 #SUP: 450
281 #SUP: 453
831 #SUP: 454
1659 #SUP: 459
2135 #SUP: 461
2051 #SUP: 461
2184 #SUP: 462
80 #SUP: 464
1020 #SUP: 465
432 #SUP: 466
1867 #SUP: 467
136 #SUP: 467
1677 #SUP: 468
1479 #SUP: 472
10444 #SUP: 473
12959 #SUP: 476
14933 #SUP: 479
408 #SUP: 479
178 #SUP: 479
2879 #SUP: 481
2399 #SUP: 481
2080 #SUP: 481
418 #SUP: 481
1987 #SUP: 482
808 #SUP: 482
2329 #SUP: 488
345 #SUP: 490
856 #SUP: 494
793 #SUP: 494
2168 #SUP: 499
52 #SUP: 501
798 #SUP: 503
1714 #SUP: 507
2284 #SUP: 508
426 #SUP: 508
53 #SUP: 509
1355 #SUP: 512
571 #SUP: 513
398 #SUP: 515
94 #SUP: 516
910 #SUP: 519
855 #SUP: 519
4883 #SUP: 521
790 #SUP: 523
790 38 #SUP: 508
261 #SUP: 523
1693 #SUP: 524
2118 #SUP: 525
623 #SUP: 525
297 #SUP: 525
704 #SUP: 526
208 #SUP: 529
12946 #SUP: 535
56 #SUP: 535
56 38 #SUP: 514
1417 #SUP: 536
961 #SUP: 540
30 #SUP: 540
916 #SUP: 543
913 #SUP: 543
62 #SUP: 543
155 #SUP: 546
2 #SUP: 549
1043 #SUP: 551
2383 #SUP: 569
1239 #SUP: 569
878 #SUP: 570
2437 #SUP: 571
1872 #SUP: 572
581 #SUP: 574
885 #SUP: 576
1067 #SUP: 584
374 #SUP: 584
267 #SUP: 584
4336 #SUP: 589
1715 #SUP: 590
947 #SUP: 591
846 #SUP: 595
2199 #SUP: 597
150 #SUP: 597
1144 #SUP: 599
1783 #SUP: 600
420 #SUP: 600
675 #SUP: 601
8978 #SUP: 606
425 #SUP: 606
441 #SUP: 609
209 #SUP: 611
15618 #SUP: 614
1986 #SUP: 614
10446 #SUP: 618
251 #SUP: 621
2046 #SUP: 625
809 #SUP: 626
865 #SUP: 632
279 #SUP: 633
340 #SUP: 643
789 #SUP: 648
789 39 #SUP: 447
272 #SUP: 650
272 39 #SUP: 446
3616 #SUP: 654
105 #SUP: 657
105 38 #SUP: 643
105 38 39 #SUP: 449
105 39 #SUP: 455
1198 #SUP: 660
186 #SUP: 660
1135 #SUP: 667
1135 48 #SUP: 541
1135 39 #SUP: 458
16011 #SUP: 669
16011 16010 #SUP: 651
396 #SUP: 674
379 #SUP: 677
259 #SUP: 684
1814 #SUP: 688
1814 48 #SUP: 451
1814 39 #SUP: 471
449 #SUP: 690
260 #SUP: 691
407 #SUP: 693
464 #SUP: 695
269 #SUP: 701
269 39 #SUP: 441
681 #SUP: 704
55 #SUP: 704
55 38 #SUP: 657
55 39 #SUP: 452
11 #SUP: 711
11 48 #SUP: 463
11 39 #SUP: 472
10 #SUP: 712
10 39 #SUP: 452
535 #SUP: 718
488 #SUP: 720
806 #SUP: 741
806 39 #SUP: 493
12929 #SUP: 742
12929 39 #SUP: 470
772 #SUP: 752
772 48 #SUP: 442
664 #SUP: 752
664 39 #SUP: 481
1344 #SUP: 753
1344 39 #SUP: 485
23 #SUP: 758
23 39 #SUP: 512
1435 #SUP: 765
1435 39 #SUP: 459
107 #SUP: 765
107 48 #SUP: 467
334 #SUP: 774
334 48 #SUP: 443
334 39 #SUP: 506
371 #SUP: 782
371 38 #SUP: 767
371 38 39 #SUP: 526
371 39 #SUP: 532
570 #SUP: 792
570 48 #SUP: 514
570 39 #SUP: 558
766 #SUP: 797
766 48 #SUP: 489
766 39 #SUP: 470
1600 #SUP: 801
1600 48 #SUP: 444
1600 39 #SUP: 474
703 #SUP: 806
703 48 #SUP: 467
703 39 #SUP: 453
103 #SUP: 812
103 39 #SUP: 512
976 #SUP: 817
976 48 #SUP: 456
976 39 #SUP: 471
229 #SUP: 820
229 48 #SUP: 545
229 39 #SUP: 503
812 #SUP: 821
812 48 #SUP: 463
812 39 #SUP: 471
156 #SUP: 830
156 48 #SUP: 473
156 39 #SUP: 582
389 #SUP: 831
389 39 #SUP: 544
549 #SUP: 843
549 48 #SUP: 513
549 39 #SUP: 492
544 #SUP: 851
544 48 #SUP: 504
544 39 #SUP: 524
649 #SUP: 857
649 48 #SUP: 490
649 39 #SUP: 531
18 #SUP: 860
18 48 #SUP: 465
18 39 #SUP: 540
76 #SUP: 869
76 48 #SUP: 485
76 39 #SUP: 529
1578 #SUP: 874
1578 48 #SUP: 469
1578 39 #SUP: 576
405 #SUP: 879
405 48 #SUP: 525
405 39 #SUP: 500
10515 #SUP: 882
10515 48 #SUP: 524
10515 39 #SUP: 528
264 #SUP: 895
264 48 #SUP: 534
264 39 #SUP: 599
2958 #SUP: 904
2958 48 #SUP: 779
2958 48 39 #SUP: 570
2958 39 #SUP: 655
956 #SUP: 911
956 48 #SUP: 540
956 39 #SUP: 600
242 #SUP: 911
242 39 #SUP: 564
45 #SUP: 911
45 48 #SUP: 492
45 39 #SUP: 559
31 #SUP: 920
31 48 #SUP: 493
31 39 #SUP: 538
479 #SUP: 926
479 48 #SUP: 513
479 39 #SUP: 580
3270 #SUP: 950
3270 48 #SUP: 592
3270 39 #SUP: 576
783 #SUP: 965
783 48 #SUP: 583
783 39 #SUP: 640
175 #SUP: 970
175 48 #SUP: 493
175 39 #SUP: 631
522 #SUP: 974
522 48 #SUP: 582
522 39 #SUP: 648
258 #SUP: 987
258 48 #SUP: 643
258 48 39 #SUP: 452
258 39 #SUP: 628
179 #SUP: 998
179 48 #SUP: 624
179 48 39 #SUP: 452
179 39 #SUP: 653
19 #SUP: 1005
19 48 #SUP: 591
19 39 #SUP: 592
161 #SUP: 1010
161 48 #SUP: 517
161 39 #SUP: 622
117 #SUP: 1026
117 48 #SUP: 601
117 39 #SUP: 554
13041 #SUP: 1051
13041 48 #SUP: 602
13041 48 39 #SUP: 444
13041 39 #SUP: 688
78 #SUP: 1060
78 48 #SUP: 824
78 48 39 #SUP: 610
78 39 #SUP: 774
37 #SUP: 1074
37 38 #SUP: 1046
37 38 48 #SUP: 557
37 38 39 #SUP: 684
37 48 #SUP: 565
37 39 #SUP: 707
1004 #SUP: 1102
1004 48 #SUP: 614
1004 39 #SUP: 583
677 #SUP: 1110
677 48 #SUP: 666
677 48 39 #SUP: 446
677 39 #SUP: 635
589 #SUP: 1119
589 48 #SUP: 628
589 48 39 #SUP: 443
589 39 #SUP: 708
49 #SUP: 1120
49 48 #SUP: 843
49 48 39 #SUP: 617
49 39 #SUP: 768
201 #SUP: 1133
201 48 #SUP: 674
201 48 39 #SUP: 451
201 39 #SUP: 669
548 #SUP: 1137
548 48 #SUP: 658
548 48 39 #SUP: 467
548 39 #SUP: 663
15832 #SUP: 1143
15832 48 #SUP: 585
15832 39 #SUP: 718
249 #SUP: 1160
249 48 #SUP: 675
249 48 39 #SUP: 510
249 39 #SUP: 752
1393 #SUP: 1161
1393 48 #SUP: 669
1393 48 39 #SUP: 507
1393 39 #SUP: 789
16217 #SUP: 1166
16217 48 #SUP: 647
16217 48 39 #SUP: 463
16217 39 #SUP: 728
740 #SUP: 1181
740 48 #SUP: 520
740 39 #SUP: 759
286 #SUP: 1183
286 38 #SUP: 1116
286 38 48 #SUP: 581
286 38 48 39 #SUP: 458
286 38 39 #SUP: 728
286 48 #SUP: 591
286 48 39 #SUP: 464
286 39 #SUP: 750
301 #SUP: 1204
301 48 #SUP: 658
301 48 39 #SUP: 473
301 39 #SUP: 715
604 #SUP: 1209
604 48 #SUP: 687
604 48 39 #SUP: 520
604 39 #SUP: 775
824 #SUP: 1210
824 48 #SUP: 701
824 48 39 #SUP: 471
824 39 #SUP: 703
592 #SUP: 1227
592 48 #SUP: 743
592 48 39 #SUP: 515
592 39 #SUP: 723
338 #SUP: 1274
338 48 #SUP: 779
338 48 39 #SUP: 516
338 39 #SUP: 742
14098 #SUP: 1291
14098 48 #SUP: 698
14098 48 39 #SUP: 540
14098 39 #SUP: 801
123 #SUP: 1302
123 48 #SUP: 797
123 48 39 #SUP: 509
123 39 #SUP: 726
16010 #SUP: 1316
16010 41 #SUP: 467
16010 48 #SUP: 730
16010 48 39 #SUP: 529
16010 39 #SUP: 829
9 #SUP: 1372
9 48 #SUP: 790
9 48 39 #SUP: 546
9 39 #SUP: 832
185 #SUP: 1376
185 48 #SUP: 816
185 48 39 #SUP: 555
185 39 #SUP: 828
1146 #SUP: 1426
1146 41 #SUP: 501
1146 48 #SUP: 811
1146 48 39 #SUP: 623
1146 39 #SUP: 983
12925 #SUP: 1467
12925 48 #SUP: 817
12925 48 39 #SUP: 588
12925 39 #SUP: 938
255 #SUP: 1474
255 48 #SUP: 1057
255 48 39 #SUP: 813
255 39 #SUP: 1057
533 #SUP: 1487
533 48 #SUP: 861
533 48 39 #SUP: 632
533 39 #SUP: 922
60 #SUP: 1489
60 48 #SUP: 815
60 48 39 #SUP: 609
60 39 #SUP: 983
79 #SUP: 1600
79 41 #SUP: 499
79 48 #SUP: 893
79 48 39 #SUP: 699
79 39 #SUP: 1111
2238 #SUP: 1715
2238 41 #SUP: 570
2238 41 39 #SUP: 472
2238 48 #SUP: 955
2238 48 39 #SUP: 788
2238 39 #SUP: 1287
270 #SUP: 1734
270 271 #SUP: 680
270 271 39 #SUP: 484
270 41 #SUP: 508
270 48 #SUP: 957
270 48 39 #SUP: 733
270 39 #SUP: 1194
147 #SUP: 1779
147 48 #SUP: 1036
147 48 39 #SUP: 742
147 39 #SUP: 1137
1327 #SUP: 1786
1327 41 #SUP: 459
1327 48 #SUP: 968
1327 48 39 #SUP: 720
1327 39 #SUP: 1156
438 #SUP: 1863
438 48 #SUP: 1025
438 48 39 #SUP: 780
438 39 #SUP: 1260
413 #SUP: 1880
413 48 #SUP: 1135
413 48 39 #SUP: 781
413 39 #SUP: 1130
271 #SUP: 2094
271 41 #SUP: 584
271 41 39 #SUP: 451
271 32 #SUP: 470
271 48 #SUP: 1090
271 48 39 #SUP: 827
271 39 #SUP: 1434
475 #SUP: 2167
475 41 #SUP: 570
475 41 39 #SUP: 476
475 32 #SUP: 447
475 48 #SUP: 1428
475 48 39 #SUP: 1092
475 39 #SUP: 1500
101 #SUP: 2237
101 41 #SUP: 476
101 48 #SUP: 1311
101 48 39 #SUP: 946
101 39 #SUP: 1400
310 #SUP: 2594
310 41 #SUP: 719
310 41 48 #SUP: 547
310 41 48 39 #SUP: 486
310 41 39 #SUP: 625
310 32 #SUP: 541
310 48 #SUP: 1692
310 48 39 #SUP: 1347
310 39 #SUP: 1852
110 #SUP: 2794
110 41 #SUP: 677
110 41 38 #SUP: 666
110 41 38 39 #SUP: 511
110 41 39 #SUP: 515
110 32 #SUP: 449
110 32 38 #SUP: 443
110 38 #SUP: 2725
110 38 48 #SUP: 1361
110 38 48 39 #SUP: 1031
110 38 39 #SUP: 1740
110 48 #SUP: 1380
110 48 39 #SUP: 1037
110 39 #SUP: 1759
36 #SUP: 2936
36 41 #SUP: 700
36 41 38 #SUP: 671
36 41 38 39 #SUP: 553
36 41 39 #SUP: 572
36 32 #SUP: 494
36 32 38 #SUP: 472
36 38 #SUP: 2790
36 38 48 #SUP: 1360
36 38 48 39 #SUP: 1080
36 38 39 #SUP: 1945
36 48 #SUP: 1416
36 48 39 #SUP: 1116
36 39 #SUP: 2037
237 #SUP: 3032
237 41 #SUP: 597
237 41 39 #SUP: 477
237 32 #SUP: 568
237 38 #SUP: 683
237 38 39 #SUP: 512
237 48 #SUP: 1682
237 48 39 #SUP: 1244
237 39 #SUP: 1929
170 #SUP: 3099
170 41 #SUP: 805
170 41 38 #SUP: 794
170 41 38 48 #SUP: 484
170 41 38 39 #SUP: 615
170 41 48 #SUP: 492
170 41 39 #SUP: 624
170 32 #SUP: 540
170 32 38 #SUP: 532
170 38 #SUP: 3031
170 38 48 #SUP: 1538
170 38 48 39 #SUP: 1193
170 38 39 #SUP: 2019
170 48 #SUP: 1557
170 48 39 #SUP: 1206
170 39 #SUP: 2059
225 #SUP: 3257
225 41 #SUP: 877
225 41 48 #SUP: 537
225 41 48 39 #SUP: 469
225 41 39 #SUP: 726
225 32 #SUP: 655
225 32 39 #SUP: 466
225 38 #SUP: 681
225 38 39 #SUP: 535
225 48 #SUP: 1736
225 48 39 #SUP: 1400
225 39 #SUP: 2351
89 #SUP: 3837
89 41 #SUP: 732
89 41 48 #SUP: 606
89 41 48 39 #SUP: 522
89 41 39 #SUP: 619
89 32 #SUP: 713
89 32 48 #SUP: 573
89 32 48 39 #SUP: 451
89 32 39 #SUP: 532
89 38 #SUP: 764
89 38 48 #SUP: 578
89 38 48 39 #SUP: 467
89 38 39 #SUP: 589
89 48 #SUP: 2798
89 48 39 #SUP: 2125
89 39 #SUP: 2749
65 #SUP: 4472
65 41 #SUP: 995
65 41 48 #SUP: 663
65 41 48 39 #SUP: 547
65 41 39 #SUP: 792
65 32 #SUP: 774
65 32 48 #SUP: 492
65 32 39 #SUP: 512
65 38 #SUP: 643
65 38 39 #SUP: 488
65 48 #SUP: 2529
65 48 39 #SUP: 1797
65 39 #SUP: 2787
41 #SUP: 14945
41 32 #SUP: 3196
41 32 38 #SUP: 805
41 32 38 48 #SUP: 540
41 32 38 48 39 #SUP: 448
41 32 38 39 #SUP: 622
41 32 48 #SUP: 2063
41 32 48 39 #SUP: 1646
41 32 39 #SUP: 2359
41 38 #SUP: 3897
41 38 48 #SUP: 2374
41 38 48 39 #SUP: 1991
41 38 39 #SUP: 3051
41 48 #SUP: 9018
41 48 39 #SUP: 7366
41 39 #SUP: 11414
32 #SUP: 15167
32 38 #SUP: 2833
32 38 48 #SUP: 1646
32 38 48 39 #SUP: 1236
32 38 39 #SUP: 1840
32 48 #SUP: 8034
32 48 39 #SUP: 5402
32 39 #SUP: 8455
38 #SUP: 15596
38 48 #SUP: 7944
38 48 39 #SUP: 6102
38 39 #SUP: 10345
48 #SUP: 42135
48 39 #SUP: 29142
39 #SUP: 50675
