842 #SUP: 752
518 #SUP: 759
187 #SUP: 759
938 #SUP: 766
533 #SUP: 772
544 #SUP: 773
690 #SUP: 778
298 #SUP: 778
212 #SUP: 778
633 #SUP: 780
252 #SUP: 781
215 #SUP: 781
241 #SUP: 784
406 #SUP: 785
256 #SUP: 785
759 #SUP: 788
505 #SUP: 791
762 #SUP: 792
595 #SUP: 797
732 #SUP: 799
345 #SUP: 801
456 #SUP: 804
304 #SUP: 805
318 #SUP: 812
18 #SUP: 813
590 #SUP: 814
474 #SUP: 815
114 #SUP: 816
689 #SUP: 817
943 #SUP: 821
622 #SUP: 826
80 #SUP: 826
723 #SUP: 829
642 #SUP: 830
801 #SUP: 835
659 #SUP: 835
830 #SUP: 841
95 #SUP: 841
712 #SUP: 845
314 #SUP: 846
464 #SUP: 848
969 #SUP: 849
969 458 #SUP: 788
969 458 208 #SUP: 755
969 458 888 #SUP: 756
969 208 #SUP: 806
969 208 290 #SUP: 764
969 208 888 #SUP: 771
969 290 #SUP: 797
969 290 888 #SUP: 765
969 888 #SUP: 810
831 #SUP: 852
839 #SUP: 854
585 #SUP: 856
203 #SUP: 861
447 #SUP: 863
879 #SUP: 865
858 #SUP: 866
626 #SUP: 874
626 496 #SUP: 761
415 #SUP: 877
158 #SUP: 884
347 #SUP: 885
268 #SUP: 885
705 #SUP: 888
481 #SUP: 888
66 #SUP: 888
629 #SUP: 893
980 #SUP: 899
352 #SUP: 902
44 #SUP: 903
745 #SUP: 909
624 #SUP: 915
118 #SUP: 916
224 #SUP: 919
193 #SUP: 925
640 #SUP: 932
388 #SUP: 938
855 #SUP: 939
108 #SUP: 940
785 #SUP: 947
507 #SUP: 950
838 #SUP: 953
742 #SUP: 953
568 #SUP: 956
558 #SUP: 957
355 #SUP: 958
329 #SUP: 964
484 #SUP: 971
417 #SUP: 971
96 #SUP: 975
277 #SUP: 982
432 #SUP: 985
160 #SUP: 987
922 #SUP: 990
395 #SUP: 990
7 #SUP: 997
608 #SUP: 999
912 #SUP: 1009
511 #SUP: 1015
428 #SUP: 1021
325 #SUP: 1022
266 #SUP: 1022
201 #SUP: 1029
823 #SUP: 1031
366 #SUP: 1031
928 #SUP: 1034
258 #SUP: 1036
429 #SUP: 1037
710 #SUP: 1044
546 #SUP: 1050
563 #SUP: 1065
490 #SUP: 1066
632 #SUP: 1070
336 #SUP: 1071
126 #SUP: 1075
173 #SUP: 1080
122 #SUP: 1081
468 #SUP: 1089
708 #SUP: 1090
790 #SUP: 1094
5 #SUP: 1094
171 #SUP: 1097
105 #SUP: 1100
628 #SUP: 1102
567 #SUP: 1102
361 #SUP: 1104
554 #SUP: 1114
992 #SUP: 1116
458 #SUP: 1124
458 208 #SUP: 796
458 208 290 #SUP: 751
458 208 888 #SUP: 757
458 290 #SUP: 786
458 290 888 #SUP: 750
458 888 #SUP: 796
941 #SUP: 1126
688 #SUP: 1132
157 #SUP: 1140
978 #SUP: 1141
733 #SUP: 1141
357 #SUP: 1142
394 #SUP: 1145
948 #SUP: 1149
378 #SUP: 1149
377 #SUP: 1149
322 #SUP: 1154
104 #SUP: 1158
414 #SUP: 1160
988 #SUP: 1164
900 #SUP: 1165
515 #SUP: 1166
515 33 #SUP: 824
515 33 346 #SUP: 797
515 33 346 283 #SUP: 763
515 33 346 217 #SUP: 764
515 33 283 #SUP: 786
515 33 283 217 #SUP: 755
515 33 217 #SUP: 789
515 346 #SUP: 849
515 346 283 #SUP: 806
515 346 283 217 #SUP: 773
515 346 217 #SUP: 809
515 283 #SUP: 835
515 283 217 #SUP: 799
515 217 #SUP: 843
111 #SUP: 1171
527 #SUP: 1185
600 #SUP: 1192
716 #SUP: 1199
517 #SUP: 1201
94 #SUP: 1201
550 #SUP: 1203
170 #SUP: 1203
207 #SUP: 1214
843 #SUP: 1222
348 #SUP: 1226
573 #SUP: 1229
197 #SUP: 1230
181 #SUP: 1235
718 #SUP: 1238
591 #SUP: 1241
859 #SUP: 1242
37 #SUP: 1249
899 #SUP: 1252
860 #SUP: 1255
422 #SUP: 1255
163 #SUP: 1256
819 #SUP: 1257
819 765 #SUP: 787
819 70 #SUP: 798
819 684 #SUP: 800
784 #SUP: 1257
309 #SUP: 1262
530 #SUP: 1263
810 #SUP: 1267
991 #SUP: 1268
701 #SUP: 1283
513 #SUP: 1287
125 #SUP: 1287
651 #SUP: 1288
989 #SUP: 1289
578 #SUP: 1290
649 #SUP: 1292
540 #SUP: 1293
504 #SUP: 1296
665 #SUP: 1297
574 #SUP: 1297
792 #SUP: 1306
804 #SUP: 1315
963 #SUP: 1327
678 #SUP: 1329
678 471 #SUP: 810
749 #SUP: 1330
58 #SUP: 1330
618 #SUP: 1337
576 #SUP: 1337
335 #SUP: 1345
946 #SUP: 1350
10 #SUP: 1351
41 #SUP: 1353
707 #SUP: 1354
815 #SUP: 1358
265 #SUP: 1359
448 #SUP: 1370
319 #SUP: 1371
834 #SUP: 1373
147 #SUP: 1383
583 #SUP: 1389
310 #SUP: 1390
4 #SUP: 1394
25 #SUP: 1395
240 #SUP: 1399
308 #SUP: 1402
423 #SUP: 1412
949 #SUP: 1414
234 #SUP: 1416
143 #SUP: 1417
496 #SUP: 1428
890 #SUP: 1437
906 #SUP: 1444
611 #SUP: 1444
500 #SUP: 1444
294 #SUP: 1445
154 #SUP: 1447
424 #SUP: 1448
162 #SUP: 1450
28 #SUP: 1454
33 #SUP: 1460
33 346 #SUP: 844
33 346 283 #SUP: 802
33 346 283 217 #SUP: 766
33 346 217 #SUP: 802
33 283 #SUP: 845
33 283 217 #SUP: 793
33 217 #SUP: 852
198 #SUP: 1461
950 #SUP: 1463
97 #SUP: 1466
736 #SUP: 1470
820 #SUP: 1473
846 #SUP: 1480
208 #SUP: 1483
208 290 #SUP: 803
208 290 888 #SUP: 764
208 888 #SUP: 829
326 #SUP: 1488
641 #SUP: 1494
686 #SUP: 1495
461 #SUP: 1498
469 #SUP: 1502
594 #SUP: 1516
964 #SUP: 1518
812 #SUP: 1518
995 #SUP: 1521
995 534 #SUP: 750
995 470 #SUP: 754
259 #SUP: 1522
630 #SUP: 1523
405 #SUP: 1525
185 #SUP: 1529
867 #SUP: 1530
534 #SUP: 1531
534 470 #SUP: 764
1 #SUP: 1535
168 #SUP: 1538
981 #SUP: 1542
516 #SUP: 1544
486 #SUP: 1547
129 #SUP: 1547
85 #SUP: 1555
639 #SUP: 1572
952 #SUP: 1574
521 #SUP: 1582
857 #SUP: 1588
572 #SUP: 1589
343 #SUP: 1599
68 #SUP: 1601
51 #SUP: 1612
769 #SUP: 1622
740 #SUP: 1632
673 #SUP: 1635
982 #SUP: 1640
351 #SUP: 1641
884 #SUP: 1645
605 #SUP: 1652
31 #SUP: 1666
580 #SUP: 1667
887 #SUP: 1671
814 #SUP: 1672
385 #SUP: 1676
17 #SUP: 1683
735 #SUP: 1689
275 #SUP: 1692
967 #SUP: 1695
910 #SUP: 1695
577 #SUP: 1695
765 #SUP: 1705
765 70 #SUP: 789
765 684 #SUP: 812
130 #SUP: 1711
43 #SUP: 1721
403 #SUP: 1722
45 #SUP: 1728
935 #SUP: 1742
935 192 #SUP: 775
100 #SUP: 1749
923 #SUP: 1753
923 947 #SUP: 859
984 #SUP: 1756
687 #SUP: 1762
975 #SUP: 1764
115 #SUP: 1775
932 #SUP: 1786
805 #SUP: 1789
290 #SUP: 1793
290 888 #SUP: 826
704 #SUP: 1794
704 825 #SUP: 1102
704 825 39 #SUP: 1035
704 39 #SUP: 1107
110 #SUP: 1801
853 #SUP: 1804
853 623 #SUP: 791
853 571 #SUP: 793
853 795 #SUP: 806
227 #SUP: 1818
227 390 #SUP: 1049
227 390 722 #SUP: 907
227 722 #SUP: 995
623 #SUP: 1845
623 571 #SUP: 783
623 795 #SUP: 805
427 #SUP: 1856
332 #SUP: 1861
763 #SUP: 1862
90 #SUP: 1875
658 #SUP: 1881
449 #SUP: 1890
214 #SUP: 1893
214 354 #SUP: 775
800 #SUP: 1916
706 #SUP: 1923
841 #SUP: 1927
897 #SUP: 1935
913 #SUP: 1939
440 #SUP: 1943
893 #SUP: 1947
55 #SUP: 1959
746 #SUP: 1982
52 #SUP: 1983
35 #SUP: 1984
192 #SUP: 2004
373 #SUP: 2007
210 #SUP: 2009
826 #SUP: 2022
349 #SUP: 2041
774 #SUP: 2046
878 #SUP: 2047
878 538 #SUP: 767
411 #SUP: 2047
411 803 #SUP: 826
832 #SUP: 2062
450 #SUP: 2082
970 #SUP: 2086
387 #SUP: 2089
196 #SUP: 2096
620 #SUP: 2100
280 #SUP: 2108
472 #SUP: 2125
738 #SUP: 2129
334 #SUP: 2146
6 #SUP: 2149
6 676 #SUP: 769
809 #SUP: 2163
579 #SUP: 2164
27 #SUP: 2165
204 #SUP: 2174
744 #SUP: 2177
73 #SUP: 2179
116 #SUP: 2193
296 #SUP: 2210
874 #SUP: 2237
803 #SUP: 2237
523 #SUP: 2244
229 #SUP: 2281
638 #SUP: 2288
780 #SUP: 2306
480 #SUP: 2309
161 #SUP: 2320
242 #SUP: 2325
663 #SUP: 2354
69 #SUP: 2370
69 362 #SUP: 757
788 #SUP: 2386
38 #SUP: 2402
70 #SUP: 2411
70 684 #SUP: 860
392 #SUP: 2420
392 489 #SUP: 866
392 862 #SUP: 881
921 #SUP: 2425
477 #SUP: 2462
78 #SUP: 2471
48 #SUP: 2472
276 #SUP: 2479
634 #SUP: 2492
778 #SUP: 2514
674 #SUP: 2527
752 #SUP: 2578
54 #SUP: 2595
285 #SUP: 2600
593 #SUP: 2601
151 #SUP: 2611
617 #SUP: 2614
236 #SUP: 2618
274 #SUP: 2628
653 #SUP: 2634
413 #SUP: 2637
413 21 #SUP: 756
413 793 #SUP: 766
132 #SUP: 2641
132 12 #SUP: 785
21 #SUP: 2666
21 793 #SUP: 765
606 #SUP: 2668
112 #SUP: 2680
797 #SUP: 2684
390 #SUP: 2685
390 722 #SUP: 1042
140 #SUP: 2687
661 #SUP: 2693
998 #SUP: 2713
676 #SUP: 2717
522 #SUP: 2725
960 #SUP: 2732
960 471 #SUP: 935
239 #SUP: 2742
57 #SUP: 2743
57 937 #SUP: 782
782 #SUP: 2767
782 598 #SUP: 800
782 529 #SUP: 862
93 #SUP: 2777
561 #SUP: 2783
175 #SUP: 2791
631 #SUP: 2793
526 #SUP: 2793
944 #SUP: 2794
871 #SUP: 2810
844 #SUP: 2814
569 #SUP: 2835
548 #SUP: 2843
854 #SUP: 2847
694 #SUP: 2847
72 #SUP: 2852
72 541 #SUP: 846
758 #SUP: 2860
597 #SUP: 2883
471 #SUP: 2894
571 #SUP: 2902
571 795 #SUP: 838
581 #SUP: 2943
381 #SUP: 2959
675 #SUP: 2976
675 886 #SUP: 823
918 #SUP: 3012
279 #SUP: 3014
885 #SUP: 3043
509 #SUP: 3044
886 #SUP: 3053
793 #SUP: 3063
350 #SUP: 3069
825 #SUP: 3085
825 39 #SUP: 1187
8 #SUP: 3090
798 #SUP: 3103
614 #SUP: 3134
487 #SUP: 3135
75 #SUP: 3151
75 775 #SUP: 787
75 438 #SUP: 772
75 684 #SUP: 797
598 #SUP: 3219
598 529 #SUP: 943
510 #SUP: 3281
795 #SUP: 3361
895 #SUP: 3385
12 #SUP: 3415
489 #SUP: 3420
346 #SUP: 3470
346 283 #SUP: 910
346 283 217 #SUP: 827
346 217 #SUP: 1336
71 #SUP: 3507
205 #SUP: 3605
956 #SUP: 3626
862 #SUP: 3649
401 #SUP: 3667
888 #SUP: 3686
947 #SUP: 3690
919 #SUP: 3710
541 #SUP: 3735
775 #SUP: 3771
720 #SUP: 3864
183 #SUP: 3883
966 #SUP: 3921
538 #SUP: 3982
914 #SUP: 4037
283 #SUP: 4082
283 217 #SUP: 926
682 #SUP: 4132
682 368 #SUP: 1193
470 #SUP: 4137
32 #SUP: 4248
39 #SUP: 4258
789 #SUP: 4309
789 829 #SUP: 1194
362 #SUP: 4388
460 #SUP: 4438
438 #SUP: 4511
438 684 #SUP: 825
145 #SUP: 4559
177 #SUP: 4629
937 #SUP: 4681
883 #SUP: 4902
120 #SUP: 4973
692 #SUP: 4993
692 368 #SUP: 928
419 #SUP: 5057
494 #SUP: 5102
494 368 #SUP: 860
217 #SUP: 5375
684 #SUP: 5408
354 #SUP: 5835
722 #SUP: 5845
766 #SUP: 6265
829 #SUP: 6810
829 368 #SUP: 1194
529 #SUP: 7057
368 #SUP: 7828
