469 #SUP: 1502
594 #SUP: 1516
964 #SUP: 1518
812 #SUP: 1518
995 #SUP: 1521
259 #SUP: 1522
630 #SUP: 1523
405 #SUP: 1525
185 #SUP: 1529
867 #SUP: 1530
534 #SUP: 1531
1 #SUP: 1535
168 #SUP: 1538
981 #SUP: 1542
516 #SUP: 1544
486 #SUP: 1547
129 #SUP: 1547
85 #SUP: 1555
639 #SUP: 1572
952 #SUP: 1574
521 #SUP: 1582
857 #SUP: 1588
572 #SUP: 1589
343 #SUP: 1599
68 #SUP: 1601
51 #SUP: 1612
769 #SUP: 1622
740 #SUP: 1632
673 #SUP: 1635
982 #SUP: 1640
351 #SUP: 1641
884 #SUP: 1645
605 #SUP: 1652
31 #SUP: 1666
580 #SUP: 1667
887 #SUP: 1671
814 #SUP: 1672
385 #SUP: 1676
17 #SUP: 1683
735 #SUP: 1689
275 #SUP: 1692
967 #SUP: 1695
910 #SUP: 1695
577 #SUP: 1695
765 #SUP: 1705
130 #SUP: 1711
43 #SUP: 1721
403 #SUP: 1722
45 #SUP: 1728
935 #SUP: 1742
100 #SUP: 1749
923 #SUP: 1753
984 #SUP: 1756
687 #SUP: 1762
975 #SUP: 1764
115 #SUP: 1775
932 #SUP: 1786
805 #SUP: 1789
290 #SUP: 1793
704 #SUP: 1794
110 #SUP: 1801
853 #SUP: 1804
227 #SUP: 1818
623 #SUP: 1845
427 #SUP: 1856
332 #SUP: 1861
763 #SUP: 1862
90 #SUP: 1875
658 #SUP: 1881
449 #SUP: 1890
214 #SUP: 1893
800 #SUP: 1916
706 #SUP: 1923
841 #SUP: 1927
897 #SUP: 1935
913 #SUP: 1939
440 #SUP: 1943
893 #SUP: 1947
55 #SUP: 1959
746 #SUP: 1982
52 #SUP: 1983
35 #SUP: 1984
192 #SUP: 2004
373 #SUP: 2007
210 #SUP: 2009
826 #SUP: 2022
349 #SUP: 2041
774 #SUP: 2046
878 #SUP: 2047
411 #SUP: 2047
832 #SUP: 2062
450 #SUP: 2082
970 #SUP: 2086
387 #SUP: 2089
196 #SUP: 2096
620 #SUP: 2100
280 #SUP: 2108
472 #SUP: 2125
738 #SUP: 2129
334 #SUP: 2146
6 #SUP: 2149
809 #SUP: 2163
579 #SUP: 2164
27 #SUP: 2165
204 #SUP: 2174
744 #SUP: 2177
73 #SUP: 2179
116 #SUP: 2193
296 #SUP: 2210
874 #SUP: 2237
803 #SUP: 2237
523 #SUP: 2244
229 #SUP: 2281
638 #SUP: 2288
780 #SUP: 2306
480 #SUP: 2309
161 #SUP: 2320
242 #SUP: 2325
663 #SUP: 2354
69 #SUP: 2370
788 #SUP: 2386
38 #SUP: 2402
70 #SUP: 2411
392 #SUP: 2420
921 #SUP: 2425
477 #SUP: 2462
78 #SUP: 2471
48 #SUP: 2472
276 #SUP: 2479
634 #SUP: 2492
778 #SUP: 2514
674 #SUP: 2527
752 #SUP: 2578
54 #SUP: 2595
285 #SUP: 2600
593 #SUP: 2601
151 #SUP: 2611
617 #SUP: 2614
236 #SUP: 2618
274 #SUP: 2628
653 #SUP: 2634
413 #SUP: 2637
132 #SUP: 2641
21 #SUP: 2666
606 #SUP: 2668
112 #SUP: 2680
797 #SUP: 2684
390 #SUP: 2685
140 #SUP: 2687
661 #SUP: 2693
998 #SUP: 2713
676 #SUP: 2717
522 #SUP: 2725
960 #SUP: 2732
239 #SUP: 2742
57 #SUP: 2743
782 #SUP: 2767
93 #SUP: 2777
561 #SUP: 2783
175 #SUP: 2791
631 #SUP: 2793
526 #SUP: 2793
944 #SUP: 2794
871 #SUP: 2810
844 #SUP: 2814
569 #SUP: 2835
548 #SUP: 2843
854 #SUP: 2847
694 #SUP: 2847
72 #SUP: 2852
758 #SUP: 2860
597 #SUP: 2883
471 #SUP: 2894
571 #SUP: 2902
581 #SUP: 2943
381 #SUP: 2959
675 #SUP: 2976
918 #SUP: 3012
279 #SUP: 3014
885 #SUP: 3043
509 #SUP: 3044
886 #SUP: 3053
793 #SUP: 3063
350 #SUP: 3069
825 #SUP: 3085
8 #SUP: 3090
798 #SUP: 3103
614 #SUP: 3134
487 #SUP: 3135
75 #SUP: 3151
598 #SUP: 3219
510 #SUP: 3281
795 #SUP: 3361
895 #SUP: 3385
12 #SUP: 3415
489 #SUP: 3420
346 #SUP: 3470
71 #SUP: 3507
205 #SUP: 3605
956 #SUP: 3626
862 #SUP: 3649
401 #SUP: 3667
888 #SUP: 3686
947 #SUP: 3690
919 #SUP: 3710
541 #SUP: 3735
775 #SUP: 3771
720 #SUP: 3864
183 #SUP: 3883
966 #SUP: 3921
538 #SUP: 3982
914 #SUP: 4037
283 #SUP: 4082
682 #SUP: 4132
470 #SUP: 4137
32 #SUP: 4248
39 #SUP: 4258
789 #SUP: 4309
362 #SUP: 4388
460 #SUP: 4438
438 #SUP: 4511
145 #SUP: 4559
177 #SUP: 4629
937 #SUP: 4681
883 #SUP: 4902
120 #SUP: 4973
692 #SUP: 4993
419 #SUP: 5057
494 #SUP: 5102
217 #SUP: 5375
684 #SUP: 5408
354 #SUP: 5835
722 #SUP: 5845
766 #SUP: 6265
829 #SUP: 6810
529 #SUP: 7057
368 #SUP: 7828
