365 #SUP: 442
47 #SUP: 444
490 #SUP: 445
1404 #SUP: 446
1113 #SUP: 448
1704 #SUP: 450
1585 #SUP: 450
281 #SUP: 453
831 #SUP: 454
1659 #SUP: 459
2135 #SUP: 461
2051 #SUP: 461
2184 #SUP: 462
80 #SUP: 464
1020 #SUP: 465
432 #SUP: 466
1867 #SUP: 467
136 #SUP: 467
1677 #SUP: 468
1479 #SUP: 472
10444 #SUP: 473
12959 #SUP: 476
14933 #SUP: 479
408 #SUP: 479
178 #SUP: 479
2879 #SUP: 481
2399 #SUP: 481
2080 #SUP: 481
418 #SUP: 481
1987 #SUP: 482
808 #SUP: 482
2329 #SUP: 488
345 #SUP: 490
856 #SUP: 494
793 #SUP: 494
2168 #SUP: 499
52 #SUP: 501
798 #SUP: 503
1714 #SUP: 507
2284 #SUP: 508
426 #SUP: 508
53 #SUP: 509
1355 #SUP: 512
571 #SUP: 513
398 #SUP: 515
94 #SUP: 516
910 #SUP: 519
855 #SUP: 519
4883 #SUP: 521
790 #SUP: 523
38 790 #SUP: 508
261 #SUP: 523
1693 #SUP: 524
2118 #SUP: 525
623 #SUP: 525
297 #SUP: 525
704 #SUP: 526
208 #SUP: 529
12946 #SUP: 535
56 #SUP: 535
38 56 #SUP: 514
1417 #SUP: 536
961 #SUP: 540
30 #SUP: 540
916 #SUP: 543
913 #SUP: 543
62 #SUP: 543
155 #SUP: 546
2 #SUP: 549
1043 #SUP: 551
2383 #SUP: 569
1239 #SUP: 569
878 #SUP: 570
2437 #SUP: 571
1872 #SUP: 572
581 #SUP: 574
885 #SUP: 576
1067 #SUP: 584
374 #SUP: 584
267 #SUP: 584
4336 #SUP: 589
1715 #SUP: 590
947 #SUP: 591
846 #SUP: 595
2199 #SUP: 597
150 #SUP: 597
1144 #SUP: 599
1783 #SUP: 600
420 #SUP: 600
675 #SUP: 601
8978 #SUP: 606
425 #SUP: 606
441 #SUP: 609
209 #SUP: 611
15618 #SUP: 614
1986 #SUP: 614
10446 #SUP: 618
251 #SUP: 621
2046 #SUP: 625
809 #SUP: 626
865 #SUP: 632
279 #SUP: 633
340 #SUP: 643
789 #SUP: 648
39 789 #SUP: 447
272 #SUP: 650
39 272 #SUP: 446
3616 #SUP: 654
105 #SUP: 657
39 105 #SUP: 455
38 105 #SUP: 643
38 39 105 #SUP: 449
1198 #SUP: 660
186 #SUP: 660
1135 #SUP: 667
39 1135 #SUP: 458
48 1135 #SUP: 541
16011 #SUP: 669
16010 16011 #SUP: 651
396 #SUP: 674
379 #SUP: 677
259 #SUP: 684
1814 #SUP: 688
48 1814 #SUP: 451
39 1814 #SUP: 471
449 #SUP: 690
260 #SUP: 691
407 #SUP: 693
464 #SUP: 695
269 #SUP: 701
39 269 #SUP: 441
681 #SUP: 704
55 #SUP: 704
39 55 #SUP: 452
38 55 #SUP: 657
11 #SUP: 711
11 48 #SUP: 463
11 39 #SUP: 472
10 #SUP: 712
10 39 #SUP: 452
535 #SUP: 718
488 #SUP: 720
806 #SUP: 741
39 806 #SUP: 493
12929 #SUP: 742
39 12929 #SUP: 470
772 #SUP: 752
48 772 #SUP: 442
664 #SUP: 752
39 664 #SUP: 481
1344 #SUP: 753
39 1344 #SUP: 485
23 #SUP: 758
23 39 #SUP: 512
1435 #SUP: 765
39 1435 #SUP: 459
107 #SUP: 765
48 107 #SUP: 467
334 #SUP: 774
48 334 #SUP: 443
39 334 #SUP: 506
371 #SUP: 782
39 371 #SUP: 532
38 371 #SUP: 767
38 39 371 #SUP: 526
570 #SUP: 792
48 570 #SUP: 514
39 570 #SUP: 558
766 #SUP: 797
39 766 #SUP: 470
48 766 #SUP: 489
1600 #SUP: 801
48 1600 #SUP: 444
39 1600 #SUP: 474
703 #SUP: 806
39 703 #SUP: 453
48 703 #SUP: 467
103 #SUP: 812
39 103 #SUP: 512
976 #SUP: 817
48 976 #SUP: 456
39 976 #SUP: 471
229 #SUP: 820
39 229 #SUP: 503
48 229 #SUP: 545
812 #SUP: 821
48 812 #SUP: 463
39 812 #SUP: 471
156 #SUP: 830
48 156 #SUP: 473
39 156 #SUP: 582
389 #SUP: 831
39 389 #SUP: 544
549 #SUP: 843
39 549 #SUP: 492
48 549 #SUP: 513
544 #SUP: 851
48 544 #SUP: 504
39 544 #SUP: 524
649 #SUP: 857
48 649 #SUP: 490
39 649 #SUP: 531
18 #SUP: 860
18 48 #SUP: 465
18 39 #SUP: 540
76 #SUP: 869
48 76 #SUP: 485
39 76 #SUP: 529
1578 #SUP: 874
48 1578 #SUP: 469
39 1578 #SUP: 576
405 #SUP: 879
39 405 #SUP: 500
48 405 #SUP: 525
10515 #SUP: 882
48 10515 #SUP: 524
39 10515 #SUP: 528
264 #SUP: 895
48 264 #SUP: 534
39 264 #SUP: 599
2958 #SUP: 904
39 2958 #SUP: 655
48 2958 #SUP: 779
39 48 2958 #SUP: 570
956 #SUP: 911
48 956 #SUP: 540
39 956 #SUP: 600
242 #SUP: 911
39 242 #SUP: 564
45 #SUP: 911
45 48 #SUP: 492
39 45 #SUP: 559
31 #SUP: 920
31 48 #SUP: 493
31 39 #SUP: 538
479 #SUP: 926
48 479 #SUP: 513
39 479 #SUP: 580
3270 #SUP: 950
39 3270 #SUP: 576
48 3270 #SUP: 592
783 #SUP: 965
48 783 #SUP: 583
39 783 #SUP: 640
175 #SUP: 970
48 175 #SUP: 493
39 175 #SUP: 631
522 #SUP: 974
48 522 #SUP: 582
39 522 #SUP: 648
258 #SUP: 987
39 258 #SUP: 628
48 258 #SUP: 643
39 48 258 #SUP: 452
179 #SUP: 998
48 179 #SUP: 624
39 48 179 #SUP: 452
39 179 #SUP: 653
19 #SUP: 1005
19 48 #SUP: 591
19 39 #SUP: 592
161 #SUP: 1010
48 161 #SUP: 517
39 161 #SUP: 622
117 #SUP: 1026
39 117 #SUP: 554
48 117 #SUP: 601
13041 #SUP: 1051
48 13041 #SUP: 602
39 48 13041 #SUP: 444
39 13041 #SUP: 688
78 #SUP: 1060
39 78 #SUP: 774
48 78 #SUP: 824
39 48 78 #SUP: 610
37 #SUP: 1074
37 48 #SUP: 565
37 39 #SUP: 707
37 38 #SUP: 1046
37 38 48 #SUP: 557
37 38 39 #SUP: 684
1004 #SUP: 1102
39 1004 #SUP: 583
48 1004 #SUP: 614
677 #SUP: 1110
39 677 #SUP: 635
48 677 #SUP: 666
39 48 677 #SUP: 446
589 #SUP: 1119
48 589 #SUP: 628
39 48 589 #SUP: 443
39 589 #SUP: 708
49 #SUP: 1120
39 49 #SUP: 768
48 49 #SUP: 843
39 48 49 #SUP: 617
201 #SUP: 1133
39 201 #SUP: 669
48 201 #SUP: 674
39 48 201 #SUP: 451
548 #SUP: 1137
48 548 #SUP: 658
39 48 548 #SUP: 467
39 548 #SUP: 663
15832 #SUP: 1143
48 15832 #SUP: 585
39 15832 #SUP: 718
249 #SUP: 1160
48 249 #SUP: 675
39 48 249 #SUP: 510
39 249 #SUP: 752
1393 #SUP: 1161
48 1393 #SUP: 669
39 48 1393 #SUP: 507
39 1393 #SUP: 789
16217 #SUP: 1166
48 16217 #SUP: 647
39 48 16217 #SUP: 463
39 16217 #SUP: 728
740 #SUP: 1181
48 740 #SUP: 520
39 740 #SUP: 759
286 #SUP: 1183
48 286 #SUP: 591
39 48 286 #SUP: 464
39 286 #SUP: 750
38 286 #SUP: 1116
38 48 286 #SUP: 581
38 39 48 286 #SUP: 458
38 39 286 #SUP: 728
301 #SUP: 1204
48 301 #SUP: 658
39 48 301 #SUP: 473
39 301 #SUP: 715
604 #SUP: 1209
48 604 #SUP: 687
39 48 604 #SUP: 520
39 604 #SUP: 775
824 #SUP: 1210
48 824 #SUP: 701
39 48 824 #SUP: 471
39 824 #SUP: 703
592 #SUP: 1227
39 592 #SUP: 723
48 592 #SUP: 743
39 48 592 #SUP: 515
338 #SUP: 1274
39 338 #SUP: 742
48 338 #SUP: 779
39 48 338 #SUP: 516
14098 #SUP: 1291
48 14098 #SUP: 698
39 48 14098 #SUP: 540
39 14098 #SUP: 801
123 #SUP: 1302
39 123 #SUP: 726
48 123 #SUP: 797
39 48 123 #SUP: 509
16010 #SUP: 1316
41 16010 #SUP: 467
48 16010 #SUP: 730
39 48 16010 #SUP: 529
39 16010 #SUP: 829
9 #SUP: 1372
9 48 #SUP: 790
9 39 48 #SUP: 546
9 39 #SUP: 832
185 #SUP: 1376
48 185 #SUP: 816
39 48 185 #SUP: 555
39 185 #SUP: 828
1146 #SUP: 1426
41 1146 #SUP: 501
48 1146 #SUP: 811
39 48 1146 #SUP: 623
39 1146 #SUP: 983
12925 #SUP: 1467
48 12925 #SUP: 817
39 48 12925 #SUP: 588
39 12925 #SUP: 938
255 #SUP: 1474
48 255 #SUP: 1057
39 48 255 #SUP: 813
39 255 #SUP: 1057
533 #SUP: 1487
48 533 #SUP: 861
39 48 533 #SUP: 632
39 533 #SUP: 922
60 #SUP: 1489
48 60 #SUP: 815
39 48 60 #SUP: 609
39 60 #SUP: 983
79 #SUP: 1600
41 79 #SUP: 499
48 79 #SUP: 893
39 48 79 #SUP: 699
39 79 #SUP: 1111
2238 #SUP: 1715
41 2238 #SUP: 570
39 41 2238 #SUP: 472
48 2238 #SUP: 955
39 48 2238 #SUP: 788
39 2238 #SUP: 1287
270 #SUP: 1734
41 270 #SUP: 508
270 271 #SUP: 680
39 270 271 #SUP: 484
48 270 #SUP: 957
39 48 270 #SUP: 733
39 270 #SUP: 1194
147 #SUP: 1779
48 147 #SUP: 1036
39 48 147 #SUP: 742
39 147 #SUP: 1137
1327 #SUP: 1786
41 1327 #SUP: 459
48 1327 #SUP: 968
39 48 1327 #SUP: 720
39 1327 #SUP: 1156
438 #SUP: 1863
48 438 #SUP: 1025
39 48 438 #SUP: 780
39 438 #SUP: 1260
413 #SUP: 1880
39 413 #SUP: 1130
48 413 #SUP: 1135
39 48 413 #SUP: 781
271 #SUP: 2094
32 271 #SUP: 470
41 271 #SUP: 584
39 41 271 #SUP: 451
48 271 #SUP: 1090
39 48 271 #SUP: 827
39 271 #SUP: 1434
475 #SUP: 2167
32 475 #SUP: 447
41 475 #SUP: 570
39 41 475 #SUP: 476
48 475 #SUP: 1428
39 48 475 #SUP: 1092
39 475 #SUP: 1500
101 #SUP: 2237
41 101 #SUP: 476
48 101 #SUP: 1311
39 48 101 #SUP: 946
39 101 #SUP: 1400
310 #SUP: 2594
32 310 #SUP: 541
41 310 #SUP: 719
41 48 310 #SUP: 547
39 41 48 310 #SUP: 486
39 41 310 #SUP: 625
48 310 #SUP: 1692
39 48 310 #SUP: 1347
39 310 #SUP: 1852
110 #SUP: 2794
32 110 #SUP: 449
32 38 110 #SUP: 443
41 110 #SUP: 677
39 41 110 #SUP: 515
38 41 110 #SUP: 666
38 39 41 110 #SUP: 511
48 110 #SUP: 1380
39 48 110 #SUP: 1037
39 110 #SUP: 1759
38 110 #SUP: 2725
38 48 110 #SUP: 1361
38 39 48 110 #SUP: 1031
38 39 110 #SUP: 1740
36 #SUP: 2936
32 36 #SUP: 494
32 36 38 #SUP: 472
36 41 #SUP: 700
36 39 41 #SUP: 572
36 38 41 #SUP: 671
36 38 39 41 #SUP: 553
36 48 #SUP: 1416
36 39 48 #SUP: 1116
36 39 #SUP: 2037
36 38 #SUP: 2790
36 38 48 #SUP: 1360
36 38 39 48 #SUP: 1080
36 38 39 #SUP: 1945
237 #SUP: 3032
32 237 #SUP: 568
41 237 #SUP: 597
39 41 237 #SUP: 477
38 237 #SUP: 683
38 39 237 #SUP: 512
48 237 #SUP: 1682
39 48 237 #SUP: 1244
39 237 #SUP: 1929
170 #SUP: 3099
32 170 #SUP: 540
32 38 170 #SUP: 532
41 170 #SUP: 805
41 48 170 #SUP: 492
39 41 170 #SUP: 624
38 41 170 #SUP: 794
38 41 48 170 #SUP: 484
38 39 41 170 #SUP: 615
48 170 #SUP: 1557
39 48 170 #SUP: 1206
39 170 #SUP: 2059
38 170 #SUP: 3031
38 48 170 #SUP: 1538
38 39 48 170 #SUP: 1193
38 39 170 #SUP: 2019
225 #SUP: 3257
32 225 #SUP: 655
32 39 225 #SUP: 466
38 225 #SUP: 681
38 39 225 #SUP: 535
41 225 #SUP: 877
41 48 225 #SUP: 537
39 41 48 225 #SUP: 469
39 41 225 #SUP: 726
48 225 #SUP: 1736
39 48 225 #SUP: 1400
39 225 #SUP: 2351
89 #SUP: 3837
32 89 #SUP: 713
32 39 89 #SUP: 532
32 48 89 #SUP: 573
32 39 48 89 #SUP: 451
41 89 #SUP: 732
41 48 89 #SUP: 606
39 41 48 89 #SUP: 522
39 41 89 #SUP: 619
38 89 #SUP: 764
38 48 89 #SUP: 578
38 39 48 89 #SUP: 467
38 39 89 #SUP: 589
39 89 #SUP: 2749
48 89 #SUP: 2798
39 48 89 #SUP: 2125
65 #SUP: 4472
38 65 #SUP: 643
38 39 65 #SUP: 488
32 65 #SUP: 774
32 48 65 #SUP: 492
32 39 65 #SUP: 512
41 65 #SUP: 995
41 48 65 #SUP: 663
39 41 48 65 #SUP: 547
39 41 65 #SUP: 792
48 65 #SUP: 2529
39 48 65 #SUP: 1797
39 65 #SUP: 2787
41 #SUP: 14945
32 41 #SUP: 3196
32 38 41 #SUP: 805
32 38 41 48 #SUP: 540
32 38 39 41 48 #SUP: 448
32 38 39 41 #SUP: 622
32 41 48 #SUP: 2063
32 39 41 48 #SUP: 1646
32 39 41 #SUP: 2359
38 41 #SUP: 3897
38 41 48 #SUP: 2374
38 39 41 48 #SUP: 1991
38 39 41 #SUP: 3051
41 48 #SUP: 9018
39 41 48 #SUP: 7366
39 41 #SUP: 11414
32 #SUP: 15167
32 38 #SUP: 2833
32 38 48 #SUP: 1646
32 38 39 48 #SUP: 1236
32 38 39 #SUP: 1840
32 48 #SUP: 8034
32 39 48 #SUP: 5402
32 39 #SUP: 8455
38 #SUP: 15596
38 48 #SUP: 7944
38 39 48 #SUP: 6102
38 39 #SUP: 10345
48 #SUP: 42135
39 48 #SUP: 29142
39 #SUP: 50675
