1 #SUP: 3916
2 #SUP: 4208
3 #SUP: 3656
23 #SUP: 3376
24 #SUP: 4748
28 #SUP: 3528
34 #SUP: 7914
36 #SUP: 6812
39 #SUP: 5612
52 #SUP: 3516
53 #SUP: 4608
56 #SUP: 3776
59 #SUP: 5176
63 #SUP: 4936
67 #SUP: 4464
76 #SUP: 4384
85 #SUP: 8124
86 #SUP: 7924
90 #SUP: 7488
93 #SUP: 3968
110 #SUP: 4040
1 24 #SUP: 3292
1 34 #SUP: 3898
1 36 #SUP: 3804
1 85 #SUP: 3916
1 86 #SUP: 3908
1 90 #SUP: 3808
2 28 #SUP: 3408
2 34 #SUP: 4016
2 39 #SUP: 3920
2 59 #SUP: 3640
2 63 #SUP: 3400
2 85 #SUP: 4208
2 86 #SUP: 4016
2 90 #SUP: 3680
3 34 #SUP: 3602
3 85 #SUP: 3656
3 86 #SUP: 3608
3 90 #SUP: 3464
23 34 #SUP: 3376
23 36 #SUP: 3272
23 85 #SUP: 3376
23 86 #SUP: 3376
24 34 #SUP: 4538
24 36 #SUP: 3540
24 85 #SUP: 4748
24 86 #SUP: 4548
24 90 #SUP: 4408
28 34 #SUP: 3336
28 39 #SUP: 3288
28 85 #SUP: 3528
28 86 #SUP: 3328
34 36 #SUP: 6602
34 39 #SUP: 5402
34 52 #SUP: 3306
34 53 #SUP: 4608
34 56 #SUP: 3776
34 59 #SUP: 4984
34 63 #SUP: 4744
34 67 #SUP: 4464
34 76 #SUP: 4384
34 85 #SUP: 7914
34 86 #SUP: 7906
34 90 #SUP: 7296
34 93 #SUP: 3776
34 110 #SUP: 3944
36 39 #SUP: 4556
36 53 #SUP: 3744
36 56 #SUP: 3528
36 59 #SUP: 4424
36 63 #SUP: 4184
36 85 #SUP: 6812
36 86 #SUP: 6620
36 90 #SUP: 6464
36 93 #SUP: 3480
36 110 #SUP: 3848
39 56 #SUP: 3432
39 59 #SUP: 3592
39 63 #SUP: 3400
39 85 #SUP: 5612
39 86 #SUP: 5420
39 90 #SUP: 4976
39 93 #SUP: 3320
52 85 #SUP: 3516
52 86 #SUP: 3316
53 85 #SUP: 4608
53 86 #SUP: 4608
53 90 #SUP: 4608
56 85 #SUP: 3776
56 86 #SUP: 3776
56 90 #SUP: 3656
59 63 #SUP: 4156
59 67 #SUP: 3304
59 76 #SUP: 3280
59 85 #SUP: 5176
59 86 #SUP: 4984
59 90 #SUP: 4736
59 93 #SUP: 3664
63 85 #SUP: 4936
63 86 #SUP: 4744
63 90 #SUP: 4496
63 93 #SUP: 3472
67 76 #SUP: 3520
67 85 #SUP: 4464
67 86 #SUP: 4464
67 90 #SUP: 3976
76 85 #SUP: 4384
76 86 #SUP: 4384
76 90 #SUP: 3896
85 86 #SUP: 7924
85 90 #SUP: 7488
85 93 #SUP: 3968
85 110 #SUP: 4040
86 90 #SUP: 7288
86 93 #SUP: 3776
86 110 #SUP: 3944
90 93 #SUP: 3560
90 110 #SUP: 3952
1 24 34 #SUP: 3274
1 24 85 #SUP: 3292
1 24 86 #SUP: 3284
1 24 90 #SUP: 3256
1 34 36 #SUP: 3786
1 34 85 #SUP: 3898
1 34 86 #SUP: 3890
1 34 90 #SUP: 3808
1 36 85 #SUP: 3804
1 36 86 #SUP: 3804
1 36 90 #SUP: 3696
1 85 86 #SUP: 3908
1 85 90 #SUP: 3808
1 86 90 #SUP: 3800
2 28 85 #SUP: 3408
2 34 39 #SUP: 3728
2 34 59 #SUP: 3448
2 34 85 #SUP: 4016
2 34 86 #SUP: 4016
2 34 90 #SUP: 3488
2 39 59 #SUP: 3376
2 39 85 #SUP: 3920
2 39 86 #SUP: 3728
2 39 90 #SUP: 3392
2 59 85 #SUP: 3640
2 59 86 #SUP: 3448
2 59 90 #SUP: 3272
2 63 85 #SUP: 3400
2 85 86 #SUP: 4016
2 85 90 #SUP: 3680
2 86 90 #SUP: 3488
3 34 85 #SUP: 3602
3 34 86 #SUP: 3602
3 34 90 #SUP: 3416
3 85 86 #SUP: 3608
3 85 90 #SUP: 3464
3 86 90 #SUP: 3416
23 34 36 #SUP: 3272
23 34 85 #SUP: 3376
23 34 86 #SUP: 3376
23 36 85 #SUP: 3272
23 36 86 #SUP: 3272
23 85 86 #SUP: 3376
24 34 36 #SUP: 3330
24 34 85 #SUP: 4538
24 34 86 #SUP: 4530
24 34 90 #SUP: 4216
24 36 85 #SUP: 3540
24 36 86 #SUP: 3348
24 36 90 #SUP: 3488
24 85 86 #SUP: 4548
24 85 90 #SUP: 4408
24 86 90 #SUP: 4208
28 34 85 #SUP: 3336
28 34 86 #SUP: 3328
28 39 85 #SUP: 3288
28 85 86 #SUP: 3328
34 36 39 #SUP: 4346
34 36 53 #SUP: 3744
34 36 56 #SUP: 3528
34 36 59 #SUP: 4232
34 36 63 #SUP: 3992
34 36 85 #SUP: 6602
34 36 86 #SUP: 6602
34 36 90 #SUP: 6272
34 36 93 #SUP: 3288
34 36 110 #SUP: 3752
34 39 56 #SUP: 3432
34 39 59 #SUP: 3400
34 39 85 #SUP: 5402
34 39 86 #SUP: 5402
34 39 90 #SUP: 4784
34 52 85 #SUP: 3306
34 52 86 #SUP: 3298
34 53 85 #SUP: 4608
34 53 86 #SUP: 4608
34 53 90 #SUP: 4608
34 56 85 #SUP: 3776
34 56 86 #SUP: 3776
34 56 90 #SUP: 3656
34 59 63 #SUP: 3964
34 59 67 #SUP: 3304
34 59 76 #SUP: 3280
34 59 85 #SUP: 4984
34 59 86 #SUP: 4984
34 59 90 #SUP: 4544
34 59 93 #SUP: 3472
34 63 85 #SUP: 4744
34 63 86 #SUP: 4744
34 63 90 #SUP: 4304
34 63 93 #SUP: 3280
34 67 76 #SUP: 3520
34 67 85 #SUP: 4464
34 67 86 #SUP: 4464
34 67 90 #SUP: 3976
34 76 85 #SUP: 4384
34 76 86 #SUP: 4384
34 76 90 #SUP: 3896
34 85 86 #SUP: 7906
34 85 90 #SUP: 7296
34 85 93 #SUP: 3776
34 85 110 #SUP: 3944
34 86 90 #SUP: 7288
34 86 93 #SUP: 3776
34 86 110 #SUP: 3944
34 90 93 #SUP: 3368
34 90 110 #SUP: 3856
36 39 56 #SUP: 3432
36 39 85 #SUP: 4556
36 39 86 #SUP: 4364
36 39 90 #SUP: 4208
36 53 85 #SUP: 3744
36 53 86 #SUP: 3744
36 53 90 #SUP: 3744
36 56 85 #SUP: 3528
36 56 86 #SUP: 3528
36 56 90 #SUP: 3408
36 59 63 #SUP: 3680
36 59 85 #SUP: 4424
36 59 86 #SUP: 4232
36 59 90 #SUP: 4128
36 59 93 #SUP: 3320
36 63 85 #SUP: 4184
36 63 86 #SUP: 3992
36 63 90 #SUP: 3888
36 85 86 #SUP: 6620
36 85 90 #SUP: 6464
36 85 93 #SUP: 3480
36 85 110 #SUP: 3848
36 86 90 #SUP: 6272
36 86 93 #SUP: 3288
36 86 110 #SUP: 3752
36 90 93 #SUP: 3360
36 90 110 #SUP: 3760
39 56 85 #SUP: 3432
39 56 86 #SUP: 3432
39 56 90 #SUP: 3312
39 59 85 #SUP: 3592
39 59 86 #SUP: 3400
39 63 85 #SUP: 3400
39 85 86 #SUP: 5420
39 85 90 #SUP: 4976
39 85 93 #SUP: 3320
39 86 90 #SUP: 4784
52 85 86 #SUP: 3316
53 85 86 #SUP: 4608
53 85 90 #SUP: 4608
53 86 90 #SUP: 4608
56 85 86 #SUP: 3776
56 85 90 #SUP: 3656
56 86 90 #SUP: 3656
59 63 85 #SUP: 4156
59 63 86 #SUP: 3964
59 63 90 #SUP: 3788
59 63 93 #SUP: 3328
59 67 85 #SUP: 3304
59 67 86 #SUP: 3304
59 76 85 #SUP: 3280
59 76 86 #SUP: 3280
59 85 86 #SUP: 4984
59 85 90 #SUP: 4736
59 85 93 #SUP: 3664
59 86 90 #SUP: 4544
59 86 93 #SUP: 3472
59 90 93 #SUP: 3416
63 85 86 #SUP: 4744
63 85 90 #SUP: 4496
63 85 93 #SUP: 3472
63 86 90 #SUP: 4304
63 86 93 #SUP: 3280
67 76 85 #SUP: 3520
67 76 86 #SUP: 3520
67 85 86 #SUP: 4464
67 85 90 #SUP: 3976
67 86 90 #SUP: 3976
76 85 86 #SUP: 4384
76 85 90 #SUP: 3896
76 86 90 #SUP: 3896
85 86 90 #SUP: 7288
85 86 93 #SUP: 3776
85 86 110 #SUP: 3944
85 90 93 #SUP: 3560
85 90 110 #SUP: 3952
86 90 93 #SUP: 3368
86 90 110 #SUP: 3856
1 24 34 85 #SUP: 3274
1 24 34 86 #SUP: 3266
1 24 34 90 #SUP: 3256
1 24 85 86 #SUP: 3284
1 24 85 90 #SUP: 3256
1 34 36 85 #SUP: 3786
1 34 36 86 #SUP: 3786
1 34 36 90 #SUP: 3696
1 34 85 86 #SUP: 3890
1 34 85 90 #SUP: 3808
1 34 86 90 #SUP: 3800
1 36 85 86 #SUP: 3804
1 36 85 90 #SUP: 3696
1 36 86 90 #SUP: 3696
1 85 86 90 #SUP: 3800
2 34 39 85 #SUP: 3728
2 34 39 86 #SUP: 3728
2 34 59 85 #SUP: 3448
2 34 59 86 #SUP: 3448
2 34 85 86 #SUP: 4016
2 34 85 90 #SUP: 3488
2 34 86 90 #SUP: 3488
2 39 59 85 #SUP: 3376
2 39 85 86 #SUP: 3728
2 39 85 90 #SUP: 3392
2 59 85 86 #SUP: 3448
2 59 85 90 #SUP: 3272
2 85 86 90 #SUP: 3488
3 34 85 86 #SUP: 3602
3 34 85 90 #SUP: 3416
3 34 86 90 #SUP: 3416
3 85 86 90 #SUP: 3416
23 34 36 85 #SUP: 3272
23 34 36 86 #SUP: 3272
23 34 85 86 #SUP: 3376
23 36 85 86 #SUP: 3272
24 34 36 85 #SUP: 3330
24 34 36 86 #SUP: 3330
24 34 36 90 #SUP: 3296
24 34 85 86 #SUP: 4530
24 34 85 90 #SUP: 4216
24 34 86 90 #SUP: 4208
24 36 85 86 #SUP: 3348
24 36 85 90 #SUP: 3488
24 36 86 90 #SUP: 3296
24 85 86 90 #SUP: 4208
28 34 85 86 #SUP: 3328
34 36 39 56 #SUP: 3432
34 36 39 85 #SUP: 4346
34 36 39 86 #SUP: 4346
34 36 39 90 #SUP: 4016
34 36 53 85 #SUP: 3744
34 36 53 86 #SUP: 3744
34 36 53 90 #SUP: 3744
34 36 56 85 #SUP: 3528
34 36 56 86 #SUP: 3528
34 36 56 90 #SUP: 3408
34 36 59 63 #SUP: 3488
34 36 59 85 #SUP: 4232
34 36 59 86 #SUP: 4232
34 36 59 90 #SUP: 3936
34 36 63 85 #SUP: 3992
34 36 63 86 #SUP: 3992
34 36 63 90 #SUP: 3696
34 36 85 86 #SUP: 6602
34 36 85 90 #SUP: 6272
34 36 85 93 #SUP: 3288
34 36 85 110 #SUP: 3752
34 36 86 90 #SUP: 6272
34 36 86 93 #SUP: 3288
34 36 86 110 #SUP: 3752
34 36 90 110 #SUP: 3664
34 39 56 85 #SUP: 3432
34 39 56 86 #SUP: 3432
34 39 56 90 #SUP: 3312
34 39 59 85 #SUP: 3400
34 39 59 86 #SUP: 3400
34 39 85 86 #SUP: 5402
34 39 85 90 #SUP: 4784
34 39 86 90 #SUP: 4784
34 52 85 86 #SUP: 3298
34 53 85 86 #SUP: 4608
34 53 85 90 #SUP: 4608
34 53 86 90 #SUP: 4608
34 56 85 86 #SUP: 3776
34 56 85 90 #SUP: 3656
34 56 86 90 #SUP: 3656
34 59 63 85 #SUP: 3964
34 59 63 86 #SUP: 3964
34 59 63 90 #SUP: 3596
34 59 67 85 #SUP: 3304
34 59 67 86 #SUP: 3304
34 59 76 85 #SUP: 3280
34 59 76 86 #SUP: 3280
34 59 85 86 #SUP: 4984
34 59 85 90 #SUP: 4544
34 59 85 93 #SUP: 3472
34 59 86 90 #SUP: 4544
34 59 86 93 #SUP: 3472
34 63 85 86 #SUP: 4744
34 63 85 90 #SUP: 4304
34 63 85 93 #SUP: 3280
34 63 86 90 #SUP: 4304
34 63 86 93 #SUP: 3280
34 67 76 85 #SUP: 3520
34 67 76 86 #SUP: 3520
34 67 85 86 #SUP: 4464
34 67 85 90 #SUP: 3976
34 67 86 90 #SUP: 3976
34 76 85 86 #SUP: 4384
34 76 85 90 #SUP: 3896
34 76 86 90 #SUP: 3896
34 85 86 90 #SUP: 7288
34 85 86 93 #SUP: 3776
34 85 86 110 #SUP: 3944
34 85 90 93 #SUP: 3368
34 85 90 110 #SUP: 3856
34 86 90 93 #SUP: 3368
34 86 90 110 #SUP: 3856
36 39 56 85 #SUP: 3432
36 39 56 86 #SUP: 3432
36 39 56 90 #SUP: 3312
36 39 85 86 #SUP: 4364
36 39 85 90 #SUP: 4208
36 39 86 90 #SUP: 4016
36 53 85 86 #SUP: 3744
36 53 85 90 #SUP: 3744
36 53 86 90 #SUP: 3744
36 56 85 86 #SUP: 3528
36 56 85 90 #SUP: 3408
36 56 86 90 #SUP: 3408
36 59 63 85 #SUP: 3680
36 59 63 86 #SUP: 3488
36 59 63 90 #SUP: 3384
36 59 85 86 #SUP: 4232
36 59 85 90 #SUP: 4128
36 59 85 93 #SUP: 3320
36 59 86 90 #SUP: 3936
36 63 85 86 #SUP: 3992
36 63 85 90 #SUP: 3888
36 63 86 90 #SUP: 3696
36 85 86 90 #SUP: 6272
36 85 86 93 #SUP: 3288
36 85 86 110 #SUP: 3752
36 85 90 93 #SUP: 3360
36 85 90 110 #SUP: 3760
36 86 90 110 #SUP: 3664
39 56 85 86 #SUP: 3432
39 56 85 90 #SUP: 3312
39 56 86 90 #SUP: 3312
39 59 85 86 #SUP: 3400
39 85 86 90 #SUP: 4784
53 85 86 90 #SUP: 4608
56 85 86 90 #SUP: 3656
59 63 85 86 #SUP: 3964
59 63 85 90 #SUP: 3788
59 63 85 93 #SUP: 3328
59 63 86 90 #SUP: 3596
59 67 85 86 #SUP: 3304
59 76 85 86 #SUP: 3280
59 85 86 90 #SUP: 4544
59 85 86 93 #SUP: 3472
59 85 90 93 #SUP: 3416
63 85 86 90 #SUP: 4304
63 85 86 93 #SUP: 3280
67 76 85 86 #SUP: 3520
67 85 86 90 #SUP: 3976
76 85 86 90 #SUP: 3896
85 86 90 93 #SUP: 3368
85 86 90 110 #SUP: 3856
1 24 34 85 86 #SUP: 3266
1 24 34 85 90 #SUP: 3256
1 34 36 85 86 #SUP: 3786
1 34 36 85 90 #SUP: 3696
1 34 36 86 90 #SUP: 3696
1 34 85 86 90 #SUP: 3800
1 36 85 86 90 #SUP: 3696
2 34 39 85 86 #SUP: 3728
2 34 59 85 86 #SUP: 3448
2 34 85 86 90 #SUP: 3488
3 34 85 86 90 #SUP: 3416
23 34 36 85 86 #SUP: 3272
24 34 36 85 86 #SUP: 3330
24 34 36 85 90 #SUP: 3296
24 34 36 86 90 #SUP: 3296
24 34 85 86 90 #SUP: 4208
24 36 85 86 90 #SUP: 3296
34 36 39 56 85 #SUP: 3432
34 36 39 56 86 #SUP: 3432
34 36 39 56 90 #SUP: 3312
34 36 39 85 86 #SUP: 4346
34 36 39 85 90 #SUP: 4016
34 36 39 86 90 #SUP: 4016
34 36 53 85 86 #SUP: 3744
34 36 53 85 90 #SUP: 3744
34 36 53 86 90 #SUP: 3744
34 36 56 85 86 #SUP: 3528
34 36 56 85 90 #SUP: 3408
34 36 56 86 90 #SUP: 3408
34 36 59 63 85 #SUP: 3488
34 36 59 63 86 #SUP: 3488
34 36 59 85 86 #SUP: 4232
34 36 59 85 90 #SUP: 3936
34 36 59 86 90 #SUP: 3936
34 36 63 85 86 #SUP: 3992
34 36 63 85 90 #SUP: 3696
34 36 63 86 90 #SUP: 3696
34 36 85 86 90 #SUP: 6272
34 36 85 86 93 #SUP: 3288
34 36 85 86 110 #SUP: 3752
34 36 85 90 110 #SUP: 3664
34 36 86 90 110 #SUP: 3664
34 39 56 85 86 #SUP: 3432
34 39 56 85 90 #SUP: 3312
34 39 56 86 90 #SUP: 3312
34 39 59 85 86 #SUP: 3400
34 39 85 86 90 #SUP: 4784
34 53 85 86 90 #SUP: 4608
34 56 85 86 90 #SUP: 3656
34 59 63 85 86 #SUP: 3964
34 59 63 85 90 #SUP: 3596
34 59 63 86 90 #SUP: 3596
34 59 67 85 86 #SUP: 3304
34 59 76 85 86 #SUP: 3280
34 59 85 86 90 #SUP: 4544
34 59 85 86 93 #SUP: 3472
34 63 85 86 90 #SUP: 4304
34 63 85 86 93 #SUP: 3280
34 67 76 85 86 #SUP: 3520
34 67 85 86 90 #SUP: 3976
34 76 85 86 90 #SUP: 3896
34 85 86 90 93 #SUP: 3368
34 85 86 90 110 #SUP: 3856
36 39 56 85 86 #SUP: 3432
36 39 56 85 90 #SUP: 3312
36 39 56 86 90 #SUP: 3312
36 39 85 86 90 #SUP: 4016
36 53 85 86 90 #SUP: 3744
36 56 85 86 90 #SUP: 3408
36 59 63 85 86 #SUP: 3488
36 59 63 85 90 #SUP: 3384
36 59 85 86 90 #SUP: 3936
36 63 85 86 90 #SUP: 3696
36 85 86 90 110 #SUP: 3664
39 56 85 86 90 #SUP: 3312
59 63 85 86 90 #SUP: 3596
1 34 36 85 86 90 #SUP: 3696
24 34 36 85 86 90 #SUP: 3296
34 36 39 56 85 86 #SUP: 3432
34 36 39 56 85 90 #SUP: 3312
34 36 39 56 86 90 #SUP: 3312
34 36 39 85 86 90 #SUP: 4016
34 36 53 85 86 90 #SUP: 3744
34 36 56 85 86 90 #SUP: 3408
34 36 59 63 85 86 #SUP: 3488
34 36 59 85 86 90 #SUP: 3936
34 36 63 85 86 90 #SUP: 3696
34 36 85 86 90 110 #SUP: 3664
34 39 56 85 86 90 #SUP: 3312
34 59 63 85 86 90 #SUP: 3596
36 39 56 85 86 90 #SUP: 3312
34 36 39 56 85 86 90 #SUP: 3312
