2 #SUP: 549
9 #SUP: 1372
10 #SUP: 712
11 #SUP: 711
18 #SUP: 860
19 #SUP: 1005
23 #SUP: 758
30 #SUP: 540
31 #SUP: 920
32 #SUP: 15167
36 #SUP: 2936
37 #SUP: 1074
38 #SUP: 15596
39 #SUP: 50675
41 #SUP: 14945
45 #SUP: 911
47 #SUP: 444
48 #SUP: 42135
49 #SUP: 1120
52 #SUP: 501
53 #SUP: 509
55 #SUP: 704
56 #SUP: 535
60 #SUP: 1489
62 #SUP: 543
65 #SUP: 4472
76 #SUP: 869
78 #SUP: 1060
79 #SUP: 1600
80 #SUP: 464
89 #SUP: 3837
94 #SUP: 516
101 #SUP: 2237
103 #SUP: 812
105 #SUP: 657
107 #SUP: 765
110 #SUP: 2794
117 #SUP: 1026
123 #SUP: 1302
136 #SUP: 467
147 #SUP: 1779
150 #SUP: 597
155 #SUP: 546
156 #SUP: 830
161 #SUP: 1010
170 #SUP: 3099
175 #SUP: 970
178 #SUP: 479
179 #SUP: 998
185 #SUP: 1376
186 #SUP: 660
201 #SUP: 1133
208 #SUP: 529
209 #SUP: 611
225 #SUP: 3257
229 #SUP: 820
237 #SUP: 3032
242 #SUP: 911
249 #SUP: 1160
251 #SUP: 621
255 #SUP: 1474
258 #SUP: 987
259 #SUP: 684
260 #SUP: 691
261 #SUP: 523
264 #SUP: 895
267 #SUP: 584
269 #SUP: 701
270 #SUP: 1734
271 #SUP: 2094
272 #SUP: 650
279 #SUP: 633
281 #SUP: 453
286 #SUP: 1183
297 #SUP: 525
301 #SUP: 1204
310 #SUP: 2594
334 #SUP: 774
338 #SUP: 1274
340 #SUP: 643
345 #SUP: 490
365 #SUP: 442
371 #SUP: 782
374 #SUP: 584
379 #SUP: 677
389 #SUP: 831
396 #SUP: 674
398 #SUP: 515
405 #SUP: 879
407 #SUP: 693
408 #SUP: 479
413 #SUP: 1880
418 #SUP: 481
420 #SUP: 600
425 #SUP: 606
426 #SUP: 508
432 #SUP: 466
438 #SUP: 1863
441 #SUP: 609
449 #SUP: 690
464 #SUP: 695
475 #SUP: 2167
479 #SUP: 926
488 #SUP: 720
490 #SUP: 445
522 #SUP: 974
533 #SUP: 1487
535 #SUP: 718
544 #SUP: 851
548 #SUP: 1137
549 #SUP: 843
570 #SUP: 792
571 #SUP: 513
581 #SUP: 574
589 #SUP: 1119
592 #SUP: 1227
604 #SUP: 1209
623 #SUP: 525
649 #SUP: 857
664 #SUP: 752
675 #SUP: 601
677 #SUP: 1110
681 #SUP: 704
703 #SUP: 806
704 #SUP: 526
740 #SUP: 1181
766 #SUP: 797
772 #SUP: 752
783 #SUP: 965
789 #SUP: 648
790 #SUP: 523
793 #SUP: 494
798 #SUP: 503
806 #SUP: 741
808 #SUP: 482
809 #SUP: 626
812 #SUP: 821
824 #SUP: 1210
831 #SUP: 454
846 #SUP: 595
855 #SUP: 519
856 #SUP: 494
865 #SUP: 632
878 #SUP: 570
885 #SUP: 576
910 #SUP: 519
913 #SUP: 543
916 #SUP: 543
947 #SUP: 591
956 #SUP: 911
961 #SUP: 540
976 #SUP: 817
1004 #SUP: 1102
1020 #SUP: 465
1043 #SUP: 551
1067 #SUP: 584
1113 #SUP: 448
1135 #SUP: 667
1144 #SUP: 599
1146 #SUP: 1426
1198 #SUP: 660
1239 #SUP: 569
1327 #SUP: 1786
1344 #SUP: 753
1355 #SUP: 512
1393 #SUP: 1161
1404 #SUP: 446
1417 #SUP: 536
1435 #SUP: 765
1479 #SUP: 472
1578 #SUP: 874
1585 #SUP: 450
1600 #SUP: 801
1659 #SUP: 459
1677 #SUP: 468
1693 #SUP: 524
1704 #SUP: 450
1714 #SUP: 507
1715 #SUP: 590
1783 #SUP: 600
1814 #SUP: 688
1867 #SUP: 467
1872 #SUP: 572
1986 #SUP: 614
1987 #SUP: 482
2046 #SUP: 625
2051 #SUP: 461
2080 #SUP: 481
2118 #SUP: 525
2135 #SUP: 461
2168 #SUP: 499
2184 #SUP: 462
2199 #SUP: 597
2238 #SUP: 1715
2284 #SUP: 508
2329 #SUP: 488
2383 #SUP: 569
2399 #SUP: 481
2437 #SUP: 571
2879 #SUP: 481
2958 #SUP: 904
3270 #SUP: 950
3616 #SUP: 654
4336 #SUP: 589
4883 #SUP: 521
8978 #SUP: 606
10444 #SUP: 473
10446 #SUP: 618
10515 #SUP: 882
12925 #SUP: 1467
12929 #SUP: 742
12946 #SUP: 535
12959 #SUP: 476
13041 #SUP: 1051
14098 #SUP: 1291
14933 #SUP: 479
15618 #SUP: 614
15832 #SUP: 1143
16010 #SUP: 1316
16011 #SUP: 669
16217 #SUP: 1166
9 39 #SUP: 832
9 48 #SUP: 790
10 39 #SUP: 452
11 39 #SUP: 472
11 48 #SUP: 463
18 39 #SUP: 540
18 48 #SUP: 465
19 39 #SUP: 592
19 48 #SUP: 591
23 39 #SUP: 512
31 39 #SUP: 538
31 48 #SUP: 493
32 36 #SUP: 494
32 38 #SUP: 2833
32 39 #SUP: 8455
32 41 #SUP: 3196
32 48 #SUP: 8034
32 65 #SUP: 774
32 89 #SUP: 713
32 110 #SUP: 449
32 170 #SUP: 540
32 225 #SUP: 655
32 237 #SUP: 568
32 271 #SUP: 470
32 310 #SUP: 541
32 475 #SUP: 447
36 38 #SUP: 2790
36 39 #SUP: 2037
36 41 #SUP: 700
36 48 #SUP: 1416
37 38 #SUP: 1046
37 39 #SUP: 707
37 48 #SUP: 565
38 39 #SUP: 10345
38 41 #SUP: 3897
38 48 #SUP: 7944
38 55 #SUP: 657
38 56 #SUP: 514
38 65 #SUP: 643
38 89 #SUP: 764
38 105 #SUP: 643
38 110 #SUP: 2725
38 170 #SUP: 3031
38 225 #SUP: 681
38 237 #SUP: 683
38 286 #SUP: 1116
38 371 #SUP: 767
38 790 #SUP: 508
39 41 #SUP: 11414
39 45 #SUP: 559
39 48 #SUP: 29142
39 49 #SUP: 768
39 55 #SUP: 452
39 60 #SUP: 983
39 65 #SUP: 2787
39 76 #SUP: 529
39 78 #SUP: 774
39 79 #SUP: 1111
39 89 #SUP: 2749
39 101 #SUP: 1400
39 103 #SUP: 512
39 105 #SUP: 455
39 110 #SUP: 1759
39 117 #SUP: 554
39 123 #SUP: 726
39 147 #SUP: 1137
39 156 #SUP: 582
39 161 #SUP: 622
39 170 #SUP: 2059
39 175 #SUP: 631
39 179 #SUP: 653
39 185 #SUP: 828
39 201 #SUP: 669
39 225 #SUP: 2351
39 229 #SUP: 503
39 237 #SUP: 1929
39 242 #SUP: 564
39 249 #SUP: 752
39 255 #SUP: 1057
39 258 #SUP: 628
39 264 #SUP: 599
39 269 #SUP: 441
39 270 #SUP: 1194
39 271 #SUP: 1434
39 272 #SUP: 446
39 286 #SUP: 750
39 301 #SUP: 715
39 310 #SUP: 1852
39 334 #SUP: 506
39 338 #SUP: 742
39 371 #SUP: 532
39 389 #SUP: 544
39 405 #SUP: 500
39 413 #SUP: 1130
39 438 #SUP: 1260
39 475 #SUP: 1500
39 479 #SUP: 580
39 522 #SUP: 648
39 533 #SUP: 922
39 544 #SUP: 524
39 548 #SUP: 663
39 549 #SUP: 492
39 570 #SUP: 558
39 589 #SUP: 708
39 592 #SUP: 723
39 604 #SUP: 775
39 649 #SUP: 531
39 664 #SUP: 481
39 677 #SUP: 635
39 703 #SUP: 453
39 740 #SUP: 759
39 766 #SUP: 470
39 783 #SUP: 640
39 789 #SUP: 447
39 806 #SUP: 493
39 812 #SUP: 471
39 824 #SUP: 703
39 956 #SUP: 600
39 976 #SUP: 471
39 1004 #SUP: 583
39 1135 #SUP: 458
39 1146 #SUP: 983
39 1327 #SUP: 1156
39 1344 #SUP: 485
39 1393 #SUP: 789
39 1435 #SUP: 459
39 1578 #SUP: 576
39 1600 #SUP: 474
39 1814 #SUP: 471
39 2238 #SUP: 1287
39 2958 #SUP: 655
39 3270 #SUP: 576
39 10515 #SUP: 528
39 12925 #SUP: 938
39 12929 #SUP: 470
39 13041 #SUP: 688
39 14098 #SUP: 801
39 15832 #SUP: 718
39 16010 #SUP: 829
39 16217 #SUP: 728
41 48 #SUP: 9018
41 65 #SUP: 995
41 79 #SUP: 499
41 89 #SUP: 732
41 101 #SUP: 476
41 110 #SUP: 677
41 170 #SUP: 805
41 225 #SUP: 877
41 237 #SUP: 597
41 270 #SUP: 508
41 271 #SUP: 584
41 310 #SUP: 719
41 475 #SUP: 570
41 1146 #SUP: 501
41 1327 #SUP: 459
41 2238 #SUP: 570
41 16010 #SUP: 467
45 48 #SUP: 492
48 49 #SUP: 843
48 60 #SUP: 815
48 65 #SUP: 2529
48 76 #SUP: 485
48 78 #SUP: 824
48 79 #SUP: 893
48 89 #SUP: 2798
48 101 #SUP: 1311
48 107 #SUP: 467
48 110 #SUP: 1380
48 117 #SUP: 601
48 123 #SUP: 797
48 147 #SUP: 1036
48 156 #SUP: 473
48 161 #SUP: 517
48 170 #SUP: 1557
48 175 #SUP: 493
48 179 #SUP: 624
48 185 #SUP: 816
48 201 #SUP: 674
48 225 #SUP: 1736
48 229 #SUP: 545
48 237 #SUP: 1682
48 249 #SUP: 675
48 255 #SUP: 1057
48 258 #SUP: 643
48 264 #SUP: 534
48 270 #SUP: 957
48 271 #SUP: 1090
48 286 #SUP: 591
48 301 #SUP: 658
48 310 #SUP: 1692
48 334 #SUP: 443
48 338 #SUP: 779
48 405 #SUP: 525
48 413 #SUP: 1135
48 438 #SUP: 1025
48 475 #SUP: 1428
48 479 #SUP: 513
48 522 #SUP: 582
48 533 #SUP: 861
48 544 #SUP: 504
48 548 #SUP: 658
48 549 #SUP: 513
48 570 #SUP: 514
48 589 #SUP: 628
48 592 #SUP: 743
48 604 #SUP: 687
48 649 #SUP: 490
48 677 #SUP: 666
48 703 #SUP: 467
48 740 #SUP: 520
48 766 #SUP: 489
48 772 #SUP: 442
48 783 #SUP: 583
48 812 #SUP: 463
48 824 #SUP: 701
48 956 #SUP: 540
48 976 #SUP: 456
48 1004 #SUP: 614
48 1135 #SUP: 541
48 1146 #SUP: 811
48 1327 #SUP: 968
48 1393 #SUP: 669
48 1578 #SUP: 469
48 1600 #SUP: 444
48 1814 #SUP: 451
48 2238 #SUP: 955
48 2958 #SUP: 779
48 3270 #SUP: 592
48 10515 #SUP: 524
48 12925 #SUP: 817
48 13041 #SUP: 602
48 14098 #SUP: 698
48 15832 #SUP: 585
48 16010 #SUP: 730
48 16217 #SUP: 647
270 271 #SUP: 680
16010 16011 #SUP: 651
9 39 48 #SUP: 546
32 36 38 #SUP: 472
32 38 39 #SUP: 1840
32 38 41 #SUP: 805
32 38 48 #SUP: 1646
32 38 110 #SUP: 443
32 38 170 #SUP: 532
32 39 41 #SUP: 2359
32 39 48 #SUP: 5402
32 39 65 #SUP: 512
32 39 89 #SUP: 532
32 39 225 #SUP: 466
32 41 48 #SUP: 2063
32 48 65 #SUP: 492
32 48 89 #SUP: 573
36 38 39 #SUP: 1945
36 38 41 #SUP: 671
36 38 48 #SUP: 1360
36 39 41 #SUP: 572
36 39 48 #SUP: 1116
37 38 39 #SUP: 684
37 38 48 #SUP: 557
38 39 41 #SUP: 3051
38 39 48 #SUP: 6102
38 39 65 #SUP: 488
38 39 89 #SUP: 589
38 39 105 #SUP: 449
38 39 110 #SUP: 1740
38 39 170 #SUP: 2019
38 39 225 #SUP: 535
38 39 237 #SUP: 512
38 39 286 #SUP: 728
38 39 371 #SUP: 526
38 41 48 #SUP: 2374
38 41 110 #SUP: 666
38 41 170 #SUP: 794
38 48 89 #SUP: 578
38 48 110 #SUP: 1361
38 48 170 #SUP: 1538
38 48 286 #SUP: 581
39 41 48 #SUP: 7366
39 41 65 #SUP: 792
39 41 89 #SUP: 619
39 41 110 #SUP: 515
39 41 170 #SUP: 624
39 41 225 #SUP: 726
39 41 237 #SUP: 477
39 41 271 #SUP: 451
39 41 310 #SUP: 625
39 41 475 #SUP: 476
39 41 2238 #SUP: 472
39 48 49 #SUP: 617
39 48 60 #SUP: 609
39 48 65 #SUP: 1797
39 48 78 #SUP: 610
39 48 79 #SUP: 699
39 48 89 #SUP: 2125
39 48 101 #SUP: 946
39 48 110 #SUP: 1037
39 48 123 #SUP: 509
39 48 147 #SUP: 742
39 48 170 #SUP: 1206
39 48 179 #SUP: 452
39 48 185 #SUP: 555
39 48 201 #SUP: 451
39 48 225 #SUP: 1400
39 48 237 #SUP: 1244
39 48 249 #SUP: 510
39 48 255 #SUP: 813
39 48 258 #SUP: 452
39 48 270 #SUP: 733
39 48 271 #SUP: 827
39 48 286 #SUP: 464
39 48 301 #SUP: 473
39 48 310 #SUP: 1347
39 48 338 #SUP: 516
39 48 413 #SUP: 781
39 48 438 #SUP: 780
39 48 475 #SUP: 1092
39 48 533 #SUP: 632
39 48 548 #SUP: 467
39 48 589 #SUP: 443
39 48 592 #SUP: 515
39 48 604 #SUP: 520
39 48 677 #SUP: 446
39 48 824 #SUP: 471
39 48 1146 #SUP: 623
39 48 1327 #SUP: 720
39 48 1393 #SUP: 507
39 48 2238 #SUP: 788
39 48 2958 #SUP: 570
39 48 12925 #SUP: 588
39 48 13041 #SUP: 444
39 48 14098 #SUP: 540
39 48 16010 #SUP: 529
39 48 16217 #SUP: 463
39 270 271 #SUP: 484
41 48 65 #SUP: 663
41 48 89 #SUP: 606
41 48 170 #SUP: 492
41 48 225 #SUP: 537
41 48 310 #SUP: 547
32 38 39 41 #SUP: 622
32 38 39 48 #SUP: 1236
32 38 41 48 #SUP: 540
32 39 41 48 #SUP: 1646
32 39 48 89 #SUP: 451
36 38 39 41 #SUP: 553
36 38 39 48 #SUP: 1080
38 39 41 48 #SUP: 1991
38 39 41 110 #SUP: 511
38 39 41 170 #SUP: 615
38 39 48 89 #SUP: 467
38 39 48 110 #SUP: 1031
38 39 48 170 #SUP: 1193
38 39 48 286 #SUP: 458
38 41 48 170 #SUP: 484
39 41 48 65 #SUP: 547
39 41 48 89 #SUP: 522
39 41 48 225 #SUP: 469
39 41 48 310 #SUP: 486
32 38 39 41 48 #SUP: 448
