9 #SUP: 404
10 #SUP: 143
11 #SUP: 206
18 #SUP: 239
19 #SUP: 222
23 #SUP: 206
30 #SUP: 122
31 #SUP: 195
32 #SUP: 3955
36 #SUP: 724
37 #SUP: 257
38 #SUP: 3872
39 #SUP: 12497
41 #SUP: 6121
45 #SUP: 217
47 #SUP: 110
48 #SUP: 9916
49 #SUP: 139
50 #SUP: 113
52 #SUP: 127
53 #SUP: 151
55 #SUP: 165
56 #SUP: 110
60 #SUP: 484
62 #SUP: 145
65 #SUP: 971
66 #SUP: 153
76 #SUP: 206
78 #SUP: 266
79 #SUP: 367
89 #SUP: 868
94 #SUP: 206
101 #SUP: 521
103 #SUP: 210
105 #SUP: 137
107 #SUP: 186
110 #SUP: 636
117 #SUP: 412
123 #SUP: 327
147 #SUP: 419
150 #SUP: 120
155 #SUP: 149
156 #SUP: 263
161 #SUP: 260
170 #SUP: 880
175 #SUP: 208
178 #SUP: 115
179 #SUP: 245
185 #SUP: 270
186 #SUP: 150
189 #SUP: 257
200 #SUP: 239
201 #SUP: 310
208 #SUP: 314
209 #SUP: 147
225 #SUP: 685
229 #SUP: 170
237 #SUP: 764
242 #SUP: 217
246 #SUP: 155
249 #SUP: 284
251 #SUP: 167
255 #SUP: 406
258 #SUP: 223
259 #SUP: 162
260 #SUP: 210
264 #SUP: 206
267 #SUP: 149
269 #SUP: 158
270 #SUP: 385
271 #SUP: 459
272 #SUP: 194
279 #SUP: 175
281 #SUP: 112
286 #SUP: 281
297 #SUP: 162
301 #SUP: 293
310 #SUP: 746
334 #SUP: 178
338 #SUP: 332
340 #SUP: 189
345 #SUP: 149
348 #SUP: 138
352 #SUP: 438
365 #SUP: 164
371 #SUP: 181
374 #SUP: 169
379 #SUP: 168
384 #SUP: 165
396 #SUP: 167
406 #SUP: 110
407 #SUP: 150
408 #SUP: 155
413 #SUP: 137
414 #SUP: 110
420 #SUP: 124
425 #SUP: 128
426 #SUP: 121
432 #SUP: 146
433 #SUP: 117
438 #SUP: 542
449 #SUP: 157
464 #SUP: 175
475 #SUP: 671
479 #SUP: 197
488 #SUP: 125
514 #SUP: 110
522 #SUP: 340
533 #SUP: 401
535 #SUP: 191
536 #SUP: 146
544 #SUP: 249
548 #SUP: 230
549 #SUP: 189
570 #SUP: 226
571 #SUP: 132
589 #SUP: 311
591 #SUP: 123
592 #SUP: 320
604 #SUP: 477
623 #SUP: 172
647 #SUP: 225
664 #SUP: 171
675 #SUP: 180
677 #SUP: 291
681 #SUP: 184
703 #SUP: 128
704 #SUP: 122
727 #SUP: 119
740 #SUP: 299
749 #SUP: 237
751 #SUP: 120
766 #SUP: 166
769 #SUP: 306
772 #SUP: 173
783 #SUP: 308
789 #SUP: 160
790 #SUP: 144
793 #SUP: 138
798 #SUP: 118
806 #SUP: 148
812 #SUP: 203
824 #SUP: 357
829 #SUP: 117
846 #SUP: 299
855 #SUP: 260
856 #SUP: 150
861 #SUP: 122
865 #SUP: 175
878 #SUP: 173
885 #SUP: 110
910 #SUP: 128
913 #SUP: 172
916 #SUP: 127
947 #SUP: 121
956 #SUP: 221
976 #SUP: 300
978 #SUP: 140
979 #SUP: 180
1004 #SUP: 265
1013 #SUP: 132
1034 #SUP: 275
1043 #SUP: 160
1067 #SUP: 124
1113 #SUP: 138
1121 #SUP: 403
1135 #SUP: 159
1144 #SUP: 135
1146 #SUP: 571
1198 #SUP: 409
1214 #SUP: 162
1233 #SUP: 210
1239 #SUP: 122
1327 #SUP: 831
1344 #SUP: 350
1355 #SUP: 145
1372 #SUP: 117
1393 #SUP: 303
1417 #SUP: 111
1435 #SUP: 177
1486 #SUP: 115
1578 #SUP: 237
1585 #SUP: 113
1593 #SUP: 184
1600 #SUP: 210
1659 #SUP: 229
1677 #SUP: 136
1714 #SUP: 130
1715 #SUP: 294
1765 #SUP: 148
1783 #SUP: 158
1814 #SUP: 172
1859 #SUP: 391
1867 #SUP: 127
1872 #SUP: 144
1930 #SUP: 124
1938 #SUP: 118
1956 #SUP: 136
1966 #SUP: 144
1986 #SUP: 187
2046 #SUP: 146
2056 #SUP: 163
2103 #SUP: 122
2118 #SUP: 133
2168 #SUP: 177
2187 #SUP: 113
2199 #SUP: 165
2238 #SUP: 389
2284 #SUP: 115
2325 #SUP: 127
2329 #SUP: 143
2343 #SUP: 130
2344 #SUP: 110
2383 #SUP: 114
2399 #SUP: 110
2425 #SUP: 146
2437 #SUP: 124
2440 #SUP: 120
2492 #SUP: 115
2515 #SUP: 124
2552 #SUP: 138
2633 #SUP: 149
2958 #SUP: 195
2990 #SUP: 115
3270 #SUP: 218
3411 #SUP: 116
3502 #SUP: 116
3616 #SUP: 247
3735 #SUP: 117
3827 #SUP: 113
3966 #SUP: 183
4650 #SUP: 140
8978 #SUP: 328
9501 #SUP: 203
9555 #SUP: 145
9 39 #SUP: 240
9 41 #SUP: 145
9 48 #SUP: 232
11 39 #SUP: 134
11 48 #SUP: 134
18 39 #SUP: 147
18 48 #SUP: 124
19 39 #SUP: 133
19 48 #SUP: 123
23 39 #SUP: 132
32 36 #SUP: 121
32 38 #SUP: 710
32 39 #SUP: 2225
32 41 #SUP: 1369
32 48 #SUP: 2038
32 65 #SUP: 191
32 89 #SUP: 146
32 101 #SUP: 118
32 170 #SUP: 150
32 225 #SUP: 159
32 237 #SUP: 152
32 270 #SUP: 118
32 271 #SUP: 130
32 310 #SUP: 179
32 352 #SUP: 117
32 475 #SUP: 160
32 1146 #SUP: 156
32 1327 #SUP: 135
36 38 #SUP: 697
36 39 #SUP: 483
36 41 #SUP: 292
36 48 #SUP: 320
37 38 #SUP: 254
37 39 #SUP: 160
37 48 #SUP: 141
38 39 #SUP: 2516
38 41 #SUP: 1596
38 48 #SUP: 1817
38 55 #SUP: 141
38 65 #SUP: 142
38 89 #SUP: 162
38 105 #SUP: 131
38 110 #SUP: 617
38 170 #SUP: 865
38 225 #SUP: 137
38 237 #SUP: 162
38 286 #SUP: 266
38 310 #SUP: 134
38 371 #SUP: 176
38 790 #SUP: 142
38 1146 #SUP: 111
38 1327 #SUP: 175
39 41 #SUP: 4669
39 45 #SUP: 133
39 48 #SUP: 6817
39 60 #SUP: 307
39 65 #SUP: 567
39 76 #SUP: 125
39 78 #SUP: 201
39 79 #SUP: 255
39 89 #SUP: 614
39 94 #SUP: 118
39 101 #SUP: 310
39 103 #SUP: 132
39 110 #SUP: 390
39 117 #SUP: 222
39 123 #SUP: 185
39 147 #SUP: 252
39 156 #SUP: 170
39 161 #SUP: 151
39 170 #SUP: 573
39 175 #SUP: 137
39 179 #SUP: 158
39 185 #SUP: 164
39 189 #SUP: 153
39 200 #SUP: 146
39 201 #SUP: 172
39 208 #SUP: 200
39 225 #SUP: 486
39 237 #SUP: 490
39 242 #SUP: 137
39 249 #SUP: 187
39 255 #SUP: 290
39 258 #SUP: 147
39 260 #SUP: 135
39 264 #SUP: 142
39 270 #SUP: 241
39 271 #SUP: 307
39 272 #SUP: 131
39 286 #SUP: 161
39 297 #SUP: 110
39 301 #SUP: 173
39 310 #SUP: 541
39 334 #SUP: 120
39 338 #SUP: 182
39 340 #SUP: 112
39 352 #SUP: 224
39 365 #SUP: 112
39 371 #SUP: 117
39 379 #SUP: 110
39 438 #SUP: 360
39 475 #SUP: 457
39 479 #SUP: 131
39 522 #SUP: 223
39 533 #SUP: 266
39 544 #SUP: 155
39 548 #SUP: 134
39 549 #SUP: 124
39 570 #SUP: 170
39 589 #SUP: 192
39 592 #SUP: 202
39 604 #SUP: 299
39 675 #SUP: 125
39 677 #SUP: 191
39 740 #SUP: 197
39 749 #SUP: 132
39 769 #SUP: 125
39 783 #SUP: 196
39 812 #SUP: 117
39 824 #SUP: 213
39 846 #SUP: 174
39 855 #SUP: 156
39 865 #SUP: 110
39 956 #SUP: 142
39 976 #SUP: 149
39 979 #SUP: 129
39 1004 #SUP: 136
39 1034 #SUP: 132
39 1121 #SUP: 245
39 1146 #SUP: 383
39 1198 #SUP: 253
39 1233 #SUP: 120
39 1327 #SUP: 545
39 1344 #SUP: 232
39 1393 #SUP: 195
39 1435 #SUP: 112
39 1578 #SUP: 155
39 1593 #SUP: 124
39 1600 #SUP: 113
39 1659 #SUP: 154
39 1715 #SUP: 175
39 1814 #SUP: 112
39 1859 #SUP: 218
39 1986 #SUP: 119
39 2168 #SUP: 110
39 2238 #SUP: 283
39 2958 #SUP: 137
39 3270 #SUP: 132
39 3616 #SUP: 159
39 3966 #SUP: 119
39 8978 #SUP: 237
39 9501 #SUP: 131
41 48 #SUP: 3521
41 60 #SUP: 147
41 65 #SUP: 362
41 79 #SUP: 194
41 89 #SUP: 307
41 101 #SUP: 196
41 110 #SUP: 253
41 117 #SUP: 148
41 147 #SUP: 178
41 170 #SUP: 353
41 208 #SUP: 128
41 225 #SUP: 319
41 237 #SUP: 256
41 255 #SUP: 137
41 270 #SUP: 194
41 271 #SUP: 214
41 310 #SUP: 337
41 338 #SUP: 120
41 352 #SUP: 170
41 438 #SUP: 165
41 475 #SUP: 286
41 522 #SUP: 115
41 533 #SUP: 151
41 592 #SUP: 135
41 604 #SUP: 162
41 783 #SUP: 128
41 824 #SUP: 136
41 846 #SUP: 119
41 1121 #SUP: 134
41 1146 #SUP: 286
41 1198 #SUP: 153
41 1327 #SUP: 265
41 1344 #SUP: 146
41 1393 #SUP: 113
41 1715 #SUP: 110
41 1859 #SUP: 156
41 2238 #SUP: 190
41 3616 #SUP: 123
41 8978 #SUP: 151
45 48 #SUP: 112
48 49 #SUP: 113
48 60 #SUP: 239
48 65 #SUP: 528
48 78 #SUP: 191
48 79 #SUP: 190
48 89 #SUP: 608
48 101 #SUP: 296
48 103 #SUP: 113
48 107 #SUP: 118
48 110 #SUP: 276
48 117 #SUP: 243
48 123 #SUP: 192
48 147 #SUP: 247
48 156 #SUP: 141
48 161 #SUP: 120
48 170 #SUP: 389
48 179 #SUP: 157
48 185 #SUP: 146
48 189 #SUP: 131
48 200 #SUP: 139
48 201 #SUP: 185
48 208 #SUP: 190
48 225 #SUP: 330
48 237 #SUP: 401
48 249 #SUP: 163
48 255 #SUP: 288
48 258 #SUP: 141
48 264 #SUP: 119
48 270 #SUP: 195
48 271 #SUP: 206
48 272 #SUP: 116
48 286 #SUP: 124
48 301 #SUP: 161
48 310 #SUP: 465
48 338 #SUP: 202
48 340 #SUP: 112
48 352 #SUP: 246
48 438 #SUP: 285
48 475 #SUP: 430
48 522 #SUP: 200
48 533 #SUP: 229
48 544 #SUP: 138
48 548 #SUP: 131
48 549 #SUP: 118
48 570 #SUP: 159
48 589 #SUP: 158
48 592 #SUP: 197
48 604 #SUP: 239
48 677 #SUP: 170
48 740 #SUP: 119
48 749 #SUP: 119
48 783 #SUP: 198
48 812 #SUP: 113
48 824 #SUP: 204
48 846 #SUP: 144
48 855 #SUP: 151
48 956 #SUP: 121
48 976 #SUP: 156
48 1004 #SUP: 148
48 1121 #SUP: 234
48 1135 #SUP: 127
48 1146 #SUP: 308
48 1198 #SUP: 221
48 1233 #SUP: 112
48 1327 #SUP: 427
48 1344 #SUP: 185
48 1393 #SUP: 167
48 1578 #SUP: 121
48 1593 #SUP: 122
48 1600 #SUP: 113
48 1659 #SUP: 129
48 1715 #SUP: 169
48 1814 #SUP: 111
48 1859 #SUP: 210
48 1956 #SUP: 111
48 2238 #SUP: 184
48 2958 #SUP: 165
48 3270 #SUP: 138
48 3616 #SUP: 123
48 8978 #SUP: 179
48 9501 #SUP: 122
117 976 #SUP: 148
270 271 #SUP: 129
352 1859 #SUP: 161
647 769 #SUP: 143
769 1034 #SUP: 166
1146 3616 #SUP: 126
9 39 48 #SUP: 146
32 36 38 #SUP: 118
32 38 39 #SUP: 453
32 38 41 #SUP: 347
32 38 48 #SUP: 384
32 38 170 #SUP: 148
32 39 41 #SUP: 1011
32 39 48 #SUP: 1350
32 39 65 #SUP: 123
32 39 89 #SUP: 111
32 39 225 #SUP: 120
32 39 310 #SUP: 129
32 39 475 #SUP: 114
32 41 48 #SUP: 847
32 48 65 #SUP: 119
32 48 310 #SUP: 122
36 38 39 #SUP: 469
36 38 41 #SUP: 276
36 38 48 #SUP: 310
36 39 41 #SUP: 239
36 39 48 #SUP: 240
36 41 48 #SUP: 148
37 38 39 #SUP: 158
37 38 48 #SUP: 141
38 39 41 #SUP: 1244
38 39 48 #SUP: 1382
38 39 89 #SUP: 123
38 39 110 #SUP: 386
38 39 170 #SUP: 562
38 39 237 #SUP: 121
38 39 286 #SUP: 156
38 39 371 #SUP: 114
38 39 1327 #SUP: 137
38 41 48 #SUP: 910
38 41 110 #SUP: 252
38 41 170 #SUP: 347
38 48 89 #SUP: 122
38 48 110 #SUP: 274
38 48 170 #SUP: 380
38 48 286 #SUP: 123
39 41 48 #SUP: 2888
39 41 60 #SUP: 121
39 41 65 #SUP: 275
39 41 79 #SUP: 143
39 41 89 #SUP: 258
39 41 101 #SUP: 149
39 41 110 #SUP: 204
39 41 117 #SUP: 115
39 41 147 #SUP: 135
39 41 170 #SUP: 266
39 41 225 #SUP: 267
39 41 237 #SUP: 202
39 41 255 #SUP: 114
39 41 270 #SUP: 140
39 41 271 #SUP: 169
39 41 310 #SUP: 291
39 41 352 #SUP: 124
39 41 438 #SUP: 141
39 41 475 #SUP: 230
39 41 533 #SUP: 129
39 41 604 #SUP: 131
39 41 1146 #SUP: 220
39 41 1198 #SUP: 120
39 41 1327 #SUP: 215
39 41 1344 #SUP: 119
39 41 1859 #SUP: 113
39 41 2238 #SUP: 152
39 41 8978 #SUP: 131
39 48 60 #SUP: 173
39 48 65 #SUP: 360
39 48 78 #SUP: 149
39 48 79 #SUP: 146
39 48 89 #SUP: 452
39 48 101 #SUP: 212
39 48 110 #SUP: 212
39 48 117 #SUP: 147
39 48 123 #SUP: 123
39 48 147 #SUP: 163
39 48 156 #SUP: 111
39 48 170 #SUP: 293
39 48 179 #SUP: 114
39 48 201 #SUP: 115
39 48 208 #SUP: 135
39 48 225 #SUP: 265
39 48 237 #SUP: 290
39 48 249 #SUP: 118
39 48 255 #SUP: 224
39 48 270 #SUP: 138
39 48 271 #SUP: 159
39 48 301 #SUP: 115
39 48 310 #SUP: 375
39 48 338 #SUP: 126
39 48 352 #SUP: 151
39 48 438 #SUP: 215
39 48 475 #SUP: 328
39 48 522 #SUP: 143
39 48 533 #SUP: 178
39 48 570 #SUP: 130
39 48 592 #SUP: 146
39 48 604 #SUP: 181
39 48 677 #SUP: 128
39 48 783 #SUP: 141
39 48 824 #SUP: 142
39 48 1121 #SUP: 159
39 48 1146 #SUP: 228
39 48 1198 #SUP: 165
39 48 1327 #SUP: 322
39 48 1344 #SUP: 140
39 48 1393 #SUP: 126
39 48 1715 #SUP: 115
39 48 1859 #SUP: 134
39 48 2238 #SUP: 148
39 48 2958 #SUP: 118
39 48 8978 #SUP: 150
41 48 65 #SUP: 223
41 48 79 #SUP: 116
41 48 89 #SUP: 241
41 48 101 #SUP: 130
41 48 110 #SUP: 149
41 48 170 #SUP: 196
41 48 225 #SUP: 181
41 48 237 #SUP: 151
41 48 270 #SUP: 121
41 48 271 #SUP: 112
41 48 310 #SUP: 243
41 48 352 #SUP: 119
41 48 475 #SUP: 199
41 48 1146 #SUP: 174
41 48 1327 #SUP: 169
32 38 39 41 #SUP: 264
32 38 39 48 #SUP: 292
32 38 41 48 #SUP: 219
32 39 41 48 #SUP: 683
36 38 39 41 #SUP: 229
36 38 39 48 #SUP: 235
36 38 41 48 #SUP: 142
36 39 41 48 #SUP: 130
38 39 41 48 #SUP: 772
38 39 41 110 #SUP: 204
38 39 41 170 #SUP: 261
38 39 48 110 #SUP: 212
38 39 48 170 #SUP: 287
38 41 48 110 #SUP: 149
38 41 48 170 #SUP: 192
39 41 48 65 #SUP: 180
39 41 48 89 #SUP: 205
39 41 48 110 #SUP: 129
39 41 48 170 #SUP: 164
39 41 48 225 #SUP: 158
39 41 48 237 #SUP: 125
39 41 48 310 #SUP: 217
39 41 48 475 #SUP: 169
39 41 48 1146 #SUP: 145
39 41 48 1327 #SUP: 137
32 38 39 41 48 #SUP: 184
36 38 39 41 48 #SUP: 126
38 39 41 48 110 #SUP: 129
38 39 41 48 170 #SUP: 161
