32 #SUP: 15167
36 #SUP: 2936
38 #SUP: 15596
39 #SUP: 50675
41 #SUP: 14945
48 #SUP: 42135
65 #SUP: 4472
89 #SUP: 3837
101 #SUP: 2237
110 #SUP: 2794
147 #SUP: 1779
170 #SUP: 3099
225 #SUP: 3257
237 #SUP: 3032
271 #SUP: 2094
310 #SUP: 2594
413 #SUP: 1880
438 #SUP: 1863
475 #SUP: 2167
1327 #SUP: 1786
32 38 #SUP: 2833
32 39 #SUP: 8455
32 41 #SUP: 3196
32 48 #SUP: 8034
36 38 #SUP: 2790
36 39 #SUP: 2037
38 39 #SUP: 10345
38 41 #SUP: 3897
38 48 #SUP: 7944
38 110 #SUP: 2725
38 170 #SUP: 3031
39 41 #SUP: 11414
39 48 #SUP: 29142
39 65 #SUP: 2787
39 89 #SUP: 2749
39 170 #SUP: 2059
39 225 #SUP: 2351
39 237 #SUP: 1929
39 310 #SUP: 1852
41 48 #SUP: 9018
48 65 #SUP: 2529
48 89 #SUP: 2798
32 38 39 #SUP: 1840
32 39 41 #SUP: 2359
32 39 48 #SUP: 5402
32 41 48 #SUP: 2063
36 38 39 #SUP: 1945
38 39 41 #SUP: 3051
38 39 48 #SUP: 6102
38 39 170 #SUP: 2019
38 41 48 #SUP: 2374
39 41 48 #SUP: 7366
39 48 65 #SUP: 1797
39 48 89 #SUP: 2125
38 39 41 48 #SUP: 1991
