9 #SUP: 163
11 #SUP: 74
18 #SUP: 75
19 #SUP: 108
23 #SUP: 85
30 #SUP: 51
31 #SUP: 79
32 #SUP: 1578
36 #SUP: 287
37 #SUP: 101
38 #SUP: 1549
39 #SUP: 4879
41 #SUP: 2293
45 #SUP: 74
47 #SUP: 51
48 #SUP: 3802
49 #SUP: 72
50 #SUP: 55
52 #SUP: 68
55 #SUP: 58
60 #SUP: 264
62 #SUP: 67
65 #SUP: 337
66 #SUP: 91
68 #SUP: 50
76 #SUP: 79
78 #SUP: 65
79 #SUP: 149
89 #SUP: 335
94 #SUP: 139
101 #SUP: 221
105 #SUP: 53
107 #SUP: 67
110 #SUP: 271
117 #SUP: 169
123 #SUP: 125
147 #SUP: 180
150 #SUP: 45
155 #SUP: 73
156 #SUP: 60
161 #SUP: 106
170 #SUP: 359
175 #SUP: 68
179 #SUP: 120
185 #SUP: 94
186 #SUP: 54
189 #SUP: 142
201 #SUP: 124
208 #SUP: 121
209 #SUP: 49
225 #SUP: 289
229 #SUP: 58
237 #SUP: 283
242 #SUP: 84
246 #SUP: 80
249 #SUP: 109
251 #SUP: 59
255 #SUP: 155
258 #SUP: 71
259 #SUP: 63
260 #SUP: 90
264 #SUP: 70
267 #SUP: 55
269 #SUP: 75
270 #SUP: 153
271 #SUP: 180
272 #SUP: 82
279 #SUP: 71
281 #SUP: 51
286 #SUP: 103
301 #SUP: 125
310 #SUP: 268
334 #SUP: 70
338 #SUP: 142
340 #SUP: 84
345 #SUP: 65
347 #SUP: 51
348 #SUP: 79
349 #SUP: 79
352 #SUP: 297
365 #SUP: 58
371 #SUP: 74
374 #SUP: 94
381 #SUP: 95
384 #SUP: 59
396 #SUP: 70
402 #SUP: 47
408 #SUP: 74
413 #SUP: 100
420 #SUP: 51
425 #SUP: 48
426 #SUP: 49
432 #SUP: 56
438 #SUP: 212
441 #SUP: 53
449 #SUP: 57
464 #SUP: 57
475 #SUP: 251
476 #SUP: 102
479 #SUP: 76
488 #SUP: 51
498 #SUP: 44
522 #SUP: 160
533 #SUP: 162
535 #SUP: 78
536 #SUP: 116
543 #SUP: 47
544 #SUP: 61
548 #SUP: 92
549 #SUP: 67
570 #SUP: 79
571 #SUP: 49
572 #SUP: 46
589 #SUP: 129
591 #SUP: 47
592 #SUP: 122
604 #SUP: 306
612 #SUP: 67
664 #SUP: 77
675 #SUP: 44
677 #SUP: 104
681 #SUP: 86
690 #SUP: 60
694 #SUP: 50
703 #SUP: 49
704 #SUP: 51
715 #SUP: 46
727 #SUP: 56
740 #SUP: 130
749 #SUP: 190
750 #SUP: 49
751 #SUP: 44
766 #SUP: 64
772 #SUP: 69
783 #SUP: 153
785 #SUP: 46
789 #SUP: 70
790 #SUP: 62
806 #SUP: 45
809 #SUP: 51
812 #SUP: 77
824 #SUP: 143
840 #SUP: 48
846 #SUP: 105
855 #SUP: 117
856 #SUP: 81
861 #SUP: 70
865 #SUP: 66
878 #SUP: 67
885 #SUP: 52
887 #SUP: 59
910 #SUP: 51
913 #SUP: 59
916 #SUP: 60
947 #SUP: 50
956 #SUP: 96
976 #SUP: 146
979 #SUP: 68
981 #SUP: 65
1004 #SUP: 98
1010 #SUP: 54
1013 #SUP: 82
1020 #SUP: 49
1043 #SUP: 66
1062 #SUP: 46
1096 #SUP: 49
1113 #SUP: 63
1121 #SUP: 222
1123 #SUP: 62
1126 #SUP: 52
1132 #SUP: 44
1135 #SUP: 71
1144 #SUP: 49
1146 #SUP: 179
1198 #SUP: 157
1233 #SUP: 121
1239 #SUP: 59
1257 #SUP: 47
1327 #SUP: 339
1344 #SUP: 111
1355 #SUP: 46
1372 #SUP: 75
1393 #SUP: 83
1425 #SUP: 61
1435 #SUP: 69
1481 #SUP: 45
1513 #SUP: 46
1568 #SUP: 47
1578 #SUP: 78
1585 #SUP: 44
1600 #SUP: 81
1624 #SUP: 44
1659 #SUP: 91
1704 #SUP: 44
1714 #SUP: 49
1715 #SUP: 228
1765 #SUP: 68
1783 #SUP: 64
1796 #SUP: 63
1809 #SUP: 72
1814 #SUP: 51
1859 #SUP: 216
1867 #SUP: 64
1872 #SUP: 69
1938 #SUP: 47
1956 #SUP: 65
1966 #SUP: 46
2006 #SUP: 47
2015 #SUP: 56
2046 #SUP: 68
2080 #SUP: 45
2103 #SUP: 52
2118 #SUP: 56
2126 #SUP: 58
2147 #SUP: 44
2168 #SUP: 66
2199 #SUP: 53
2212 #SUP: 45
2238 #SUP: 143
2284 #SUP: 51
2325 #SUP: 84
2343 #SUP: 65
2344 #SUP: 66
2374 #SUP: 67
2413 #SUP: 68
2424 #SUP: 51
2425 #SUP: 75
2441 #SUP: 50
2492 #SUP: 55
2505 #SUP: 54
2515 #SUP: 61
2552 #SUP: 53
2633 #SUP: 86
2638 #SUP: 57
2694 #SUP: 46
2741 #SUP: 44
2749 #SUP: 49
2775 #SUP: 49
2793 #SUP: 54
2815 #SUP: 63
2847 #SUP: 53
2894 #SUP: 65
2958 #SUP: 81
2990 #SUP: 96
2994 #SUP: 54
3186 #SUP: 61
3270 #SUP: 106
3291 #SUP: 47
3358 #SUP: 45
3411 #SUP: 87
3462 #SUP: 75
3616 #SUP: 73
3638 #SUP: 47
3693 #SUP: 71
3735 #SUP: 98
3774 #SUP: 49
3840 #SUP: 56
3966 #SUP: 132
3977 #SUP: 44
3981 #SUP: 80
4072 #SUP: 47
4111 #SUP: 57
4113 #SUP: 48
4156 #SUP: 44
4198 #SUP: 63
4251 #SUP: 58
4636 #SUP: 54
9 39 #SUP: 91
9 41 #SUP: 58
9 48 #SUP: 88
11 39 #SUP: 47
11 48 #SUP: 49
18 39 #SUP: 44
19 39 #SUP: 69
19 48 #SUP: 54
23 39 #SUP: 52
31 39 #SUP: 50
32 36 #SUP: 50
32 38 #SUP: 289
32 39 #SUP: 861
32 41 #SUP: 506
32 48 #SUP: 820
32 60 #SUP: 54
32 65 #SUP: 65
32 89 #SUP: 57
32 101 #SUP: 50
32 110 #SUP: 44
32 147 #SUP: 46
32 170 #SUP: 60
32 225 #SUP: 71
32 237 #SUP: 68
32 270 #SUP: 49
32 271 #SUP: 59
32 310 #SUP: 72
32 352 #SUP: 87
32 475 #SUP: 59
32 604 #SUP: 63
32 1146 #SUP: 51
32 1327 #SUP: 53
32 1715 #SUP: 65
32 1859 #SUP: 56
36 38 #SUP: 275
36 39 #SUP: 195
36 41 #SUP: 114
36 48 #SUP: 123
37 38 #SUP: 101
37 39 #SUP: 61
37 48 #SUP: 56
38 39 #SUP: 1004
38 41 #SUP: 619
38 47 #SUP: 50
38 48 #SUP: 699
38 55 #SUP: 50
38 65 #SUP: 54
38 89 #SUP: 73
38 105 #SUP: 49
38 110 #SUP: 259
38 170 #SUP: 351
38 225 #SUP: 62
38 237 #SUP: 59
38 281 #SUP: 49
38 286 #SUP: 98
38 371 #SUP: 74
38 438 #SUP: 46
38 604 #SUP: 51
38 790 #SUP: 61
38 840 #SUP: 47
38 1327 #SUP: 61
39 41 #SUP: 1713
39 48 #SUP: 2578
39 49 #SUP: 46
39 60 #SUP: 163
39 65 #SUP: 187
39 66 #SUP: 54
39 76 #SUP: 45
39 78 #SUP: 46
39 79 #SUP: 107
39 89 #SUP: 233
39 94 #SUP: 80
39 101 #SUP: 124
39 110 #SUP: 164
39 117 #SUP: 83
39 123 #SUP: 66
39 147 #SUP: 109
39 161 #SUP: 57
39 170 #SUP: 229
39 175 #SUP: 46
39 179 #SUP: 71
39 185 #SUP: 56
39 189 #SUP: 87
39 201 #SUP: 62
39 208 #SUP: 76
39 225 #SUP: 209
39 237 #SUP: 177
39 242 #SUP: 54
39 246 #SUP: 52
39 249 #SUP: 76
39 255 #SUP: 106
39 260 #SUP: 57
39 264 #SUP: 46
39 269 #SUP: 49
39 270 #SUP: 95
39 271 #SUP: 117
39 272 #SUP: 58
39 279 #SUP: 44
39 286 #SUP: 61
39 301 #SUP: 70
39 310 #SUP: 184
39 334 #SUP: 49
39 338 #SUP: 85
39 340 #SUP: 54
39 348 #SUP: 50
39 352 #SUP: 147
39 371 #SUP: 48
39 374 #SUP: 53
39 381 #SUP: 48
39 408 #SUP: 44
39 413 #SUP: 57
39 438 #SUP: 131
39 475 #SUP: 172
39 476 #SUP: 54
39 479 #SUP: 56
39 522 #SUP: 101
39 533 #SUP: 94
39 536 #SUP: 72
39 548 #SUP: 46
39 570 #SUP: 55
39 589 #SUP: 74
39 592 #SUP: 76
39 604 #SUP: 197
39 664 #SUP: 50
39 677 #SUP: 64
39 681 #SUP: 47
39 740 #SUP: 85
39 749 #SUP: 110
39 783 #SUP: 92
39 812 #SUP: 48
39 824 #SUP: 82
39 846 #SUP: 58
39 855 #SUP: 72
39 856 #SUP: 47
39 865 #SUP: 45
39 956 #SUP: 63
39 976 #SUP: 71
39 979 #SUP: 46
39 1004 #SUP: 51
39 1013 #SUP: 53
39 1121 #SUP: 124
39 1135 #SUP: 47
39 1146 #SUP: 118
39 1198 #SUP: 91
39 1233 #SUP: 71
39 1327 #SUP: 212
39 1344 #SUP: 66
39 1372 #SUP: 48
39 1393 #SUP: 48
39 1578 #SUP: 46
39 1659 #SUP: 54
39 1715 #SUP: 136
39 1809 #SUP: 49
39 1859 #SUP: 103
39 2238 #SUP: 105
39 2325 #SUP: 51
39 2374 #SUP: 48
39 2413 #SUP: 44
39 2633 #SUP: 55
39 2958 #SUP: 55
39 2990 #SUP: 56
39 3270 #SUP: 57
39 3411 #SUP: 55
39 3616 #SUP: 45
39 3735 #SUP: 54
39 3966 #SUP: 82
39 3981 #SUP: 55
41 48 #SUP: 1269
41 60 #SUP: 73
41 65 #SUP: 117
41 79 #SUP: 82
41 89 #SUP: 117
41 94 #SUP: 51
41 101 #SUP: 70
41 110 #SUP: 108
41 117 #SUP: 48
41 147 #SUP: 77
41 170 #SUP: 133
41 189 #SUP: 52
41 201 #SUP: 47
41 208 #SUP: 51
41 225 #SUP: 124
41 237 #SUP: 90
41 255 #SUP: 44
41 270 #SUP: 72
41 271 #SUP: 83
41 301 #SUP: 45
41 310 #SUP: 112
41 338 #SUP: 50
41 352 #SUP: 116
41 438 #SUP: 62
41 475 #SUP: 103
41 522 #SUP: 59
41 533 #SUP: 62
41 592 #SUP: 45
41 604 #SUP: 97
41 749 #SUP: 66
41 783 #SUP: 59
41 855 #SUP: 44
41 1121 #SUP: 72
41 1146 #SUP: 81
41 1198 #SUP: 56
41 1233 #SUP: 47
41 1327 #SUP: 105
41 1715 #SUP: 82
41 1859 #SUP: 77
41 2238 #SUP: 65
48 49 #SUP: 55
48 60 #SUP: 130
48 65 #SUP: 179
48 66 #SUP: 45
48 78 #SUP: 45
48 79 #SUP: 74
48 89 #SUP: 223
48 94 #SUP: 72
48 101 #SUP: 121
48 110 #SUP: 117
48 117 #SUP: 99
48 123 #SUP: 73
48 147 #SUP: 110
48 161 #SUP: 44
48 170 #SUP: 154
48 179 #SUP: 73
48 185 #SUP: 47
48 189 #SUP: 68
48 201 #SUP: 70
48 208 #SUP: 73
48 225 #SUP: 135
48 237 #SUP: 143
48 246 #SUP: 52
48 249 #SUP: 59
48 255 #SUP: 111
48 269 #SUP: 44
48 270 #SUP: 67
48 271 #SUP: 71
48 272 #SUP: 51
48 286 #SUP: 46
48 301 #SUP: 63
48 310 #SUP: 168
48 338 #SUP: 88
48 340 #SUP: 50
48 352 #SUP: 168
48 374 #SUP: 50
48 381 #SUP: 56
48 413 #SUP: 48
48 438 #SUP: 103
48 475 #SUP: 141
48 522 #SUP: 89
48 533 #SUP: 92
48 536 #SUP: 70
48 548 #SUP: 49
48 570 #SUP: 53
48 589 #SUP: 63
48 592 #SUP: 76
48 604 #SUP: 149
48 677 #SUP: 58
48 740 #SUP: 46
48 749 #SUP: 99
48 783 #SUP: 94
48 824 #SUP: 80
48 846 #SUP: 46
48 855 #SUP: 66
48 956 #SUP: 53
48 976 #SUP: 72
48 1004 #SUP: 58
48 1121 #SUP: 126
48 1123 #SUP: 45
48 1135 #SUP: 57
48 1146 #SUP: 98
48 1198 #SUP: 79
48 1233 #SUP: 57
48 1327 #SUP: 169
48 1344 #SUP: 60
48 1393 #SUP: 46
48 1715 #SUP: 129
48 1809 #SUP: 49
48 1859 #SUP: 114
48 1956 #SUP: 54
48 2238 #SUP: 67
48 2633 #SUP: 48
48 2958 #SUP: 70
48 2990 #SUP: 62
48 3270 #SUP: 66
48 3735 #SUP: 60
48 3966 #SUP: 62
60 604 #SUP: 46
117 976 #SUP: 75
270 271 #SUP: 56
352 1859 #SUP: 112
2990 3735 #SUP: 46
9 39 48 #SUP: 49
32 36 38 #SUP: 49
32 38 39 #SUP: 183
32 38 41 #SUP: 140
32 38 48 #SUP: 160
32 38 170 #SUP: 60
32 39 41 #SUP: 361
32 39 48 #SUP: 525
32 39 225 #SUP: 59
32 39 310 #SUP: 49
32 39 1715 #SUP: 44
32 41 48 #SUP: 307
32 48 310 #SUP: 51
32 48 352 #SUP: 56
36 38 39 #SUP: 187
36 38 41 #SUP: 107
36 38 48 #SUP: 118
36 39 41 #SUP: 93
36 39 48 #SUP: 92
36 41 48 #SUP: 55
37 38 39 #SUP: 61
37 38 48 #SUP: 56
38 39 41 #SUP: 477
38 39 48 #SUP: 530
38 39 89 #SUP: 54
38 39 110 #SUP: 160
38 39 170 #SUP: 222
38 39 225 #SUP: 56
38 39 237 #SUP: 46
38 39 286 #SUP: 58
38 39 371 #SUP: 48
38 39 1327 #SUP: 44
38 41 48 #SUP: 332
38 41 110 #SUP: 107
38 41 170 #SUP: 131
38 48 89 #SUP: 56
38 48 110 #SUP: 116
38 48 170 #SUP: 149
38 48 286 #SUP: 45
39 41 48 #SUP: 1029
39 41 60 #SUP: 58
39 41 65 #SUP: 84
39 41 79 #SUP: 60
39 41 89 #SUP: 94
39 41 101 #SUP: 53
39 41 110 #SUP: 87
39 41 147 #SUP: 57
39 41 170 #SUP: 98
39 41 225 #SUP: 104
39 41 237 #SUP: 69
39 41 270 #SUP: 54
39 41 271 #SUP: 63
39 41 310 #SUP: 95
39 41 352 #SUP: 85
39 41 438 #SUP: 48
39 41 475 #SUP: 85
39 41 533 #SUP: 49
39 41 604 #SUP: 79
39 41 749 #SUP: 53
39 41 783 #SUP: 46
39 41 1121 #SUP: 53
39 41 1146 #SUP: 57
39 41 1327 #SUP: 86
39 41 1715 #SUP: 64
39 41 1859 #SUP: 49
39 41 2238 #SUP: 55
39 48 60 #SUP: 95
39 48 65 #SUP: 115
39 48 79 #SUP: 58
39 48 89 #SUP: 165
39 48 94 #SUP: 53
39 48 101 #SUP: 82
39 48 110 #SUP: 92
39 48 117 #SUP: 56
39 48 147 #SUP: 76
39 48 170 #SUP: 112
39 48 179 #SUP: 50
39 48 189 #SUP: 55
39 48 208 #SUP: 56
39 48 225 #SUP: 113
39 48 237 #SUP: 107
39 48 249 #SUP: 46
39 48 255 #SUP: 83
39 48 270 #SUP: 45
39 48 271 #SUP: 54
39 48 301 #SUP: 44
39 48 310 #SUP: 126
39 48 338 #SUP: 60
39 48 352 #SUP: 101
39 48 438 #SUP: 76
39 48 475 #SUP: 113
39 48 522 #SUP: 63
39 48 533 #SUP: 68
39 48 536 #SUP: 47
39 48 592 #SUP: 57
39 48 604 #SUP: 118
39 48 749 #SUP: 73
39 48 783 #SUP: 62
39 48 824 #SUP: 54
39 48 855 #SUP: 46
39 48 976 #SUP: 47
39 48 1121 #SUP: 73
39 48 1146 #SUP: 71
39 48 1198 #SUP: 57
39 48 1327 #SUP: 130
39 48 1344 #SUP: 44
39 48 1715 #SUP: 86
39 48 1859 #SUP: 66
39 48 2238 #SUP: 56
39 48 2958 #SUP: 48
39 352 1859 #SUP: 51
41 48 60 #SUP: 44
41 48 65 #SUP: 70
41 48 79 #SUP: 44
41 48 89 #SUP: 85
41 48 101 #SUP: 45
41 48 110 #SUP: 63
41 48 147 #SUP: 49
41 48 170 #SUP: 70
41 48 225 #SUP: 69
41 48 237 #SUP: 50
41 48 310 #SUP: 86
41 48 352 #SUP: 81
41 48 475 #SUP: 71
41 48 533 #SUP: 46
41 48 604 #SUP: 64
41 48 1146 #SUP: 52
41 48 1327 #SUP: 62
41 48 1715 #SUP: 53
41 48 1859 #SUP: 48
48 352 1859 #SUP: 61
32 38 39 41 #SUP: 105
32 38 39 48 #SUP: 119
32 38 41 48 #SUP: 86
32 39 41 48 #SUP: 241
36 38 39 41 #SUP: 88
36 38 39 48 #SUP: 89
36 38 41 48 #SUP: 52
36 39 41 48 #SUP: 50
38 39 41 48 #SUP: 283
38 39 41 110 #SUP: 87
38 39 41 170 #SUP: 96
38 39 48 110 #SUP: 92
38 39 48 170 #SUP: 108
38 41 48 110 #SUP: 63
38 41 48 170 #SUP: 69
39 41 48 65 #SUP: 51
39 41 48 89 #SUP: 69
39 41 48 110 #SUP: 56
39 41 48 170 #SUP: 56
39 41 48 225 #SUP: 61
39 41 48 310 #SUP: 74
39 41 48 352 #SUP: 63
39 41 48 475 #SUP: 62
39 41 48 604 #SUP: 55
39 41 48 1327 #SUP: 52
39 41 48 1715 #SUP: 45
32 38 39 41 48 #SUP: 72
36 38 39 41 48 #SUP: 47
38 39 41 48 110 #SUP: 56
38 39 41 48 170 #SUP: 55
