9 #SUP: 1372
10 #SUP: 712
11 #SUP: 711
18 #SUP: 860
19 #SUP: 1005
23 #SUP: 758
31 #SUP: 920
32 #SUP: 15167
36 #SUP: 2936
37 #SUP: 1074
38 #SUP: 15596
39 #SUP: 50675
41 #SUP: 14945
45 #SUP: 911
48 #SUP: 42135
49 #SUP: 1120
55 #SUP: 704
60 #SUP: 1489
65 #SUP: 4472
76 #SUP: 869
78 #SUP: 1060
79 #SUP: 1600
89 #SUP: 3837
101 #SUP: 2237
103 #SUP: 812
107 #SUP: 765
110 #SUP: 2794
117 #SUP: 1026
123 #SUP: 1302
147 #SUP: 1779
156 #SUP: 830
161 #SUP: 1010
170 #SUP: 3099
175 #SUP: 970
179 #SUP: 998
185 #SUP: 1376
201 #SUP: 1133
225 #SUP: 3257
229 #SUP: 820
237 #SUP: 3032
242 #SUP: 911
249 #SUP: 1160
255 #SUP: 1474
258 #SUP: 987
259 #SUP: 684
260 #SUP: 691
264 #SUP: 895
269 #SUP: 701
270 #SUP: 1734
271 #SUP: 2094
286 #SUP: 1183
301 #SUP: 1204
310 #SUP: 2594
334 #SUP: 774
338 #SUP: 1274
371 #SUP: 782
379 #SUP: 677
389 #SUP: 831
396 #SUP: 674
405 #SUP: 879
407 #SUP: 693
413 #SUP: 1880
438 #SUP: 1863
449 #SUP: 690
464 #SUP: 695
475 #SUP: 2167
479 #SUP: 926
488 #SUP: 720
522 #SUP: 974
533 #SUP: 1487
535 #SUP: 718
544 #SUP: 851
548 #SUP: 1137
549 #SUP: 843
570 #SUP: 792
589 #SUP: 1119
592 #SUP: 1227
604 #SUP: 1209
649 #SUP: 857
664 #SUP: 752
677 #SUP: 1110
681 #SUP: 704
703 #SUP: 806
740 #SUP: 1181
766 #SUP: 797
772 #SUP: 752
783 #SUP: 965
806 #SUP: 741
812 #SUP: 821
824 #SUP: 1210
956 #SUP: 911
976 #SUP: 817
1004 #SUP: 1102
1135 #SUP: 667
1146 #SUP: 1426
1327 #SUP: 1786
1344 #SUP: 753
1393 #SUP: 1161
1435 #SUP: 765
1578 #SUP: 874
1600 #SUP: 801
1814 #SUP: 688
2238 #SUP: 1715
2958 #SUP: 904
3270 #SUP: 950
10515 #SUP: 882
12925 #SUP: 1467
12929 #SUP: 742
13041 #SUP: 1051
14098 #SUP: 1291
15832 #SUP: 1143
16010 #SUP: 1316
16011 #SUP: 669
16217 #SUP: 1166
9 39 #SUP: 832
9 48 #SUP: 790
32 38 #SUP: 2833
32 39 #SUP: 8455
32 41 #SUP: 3196
32 48 #SUP: 8034
32 65 #SUP: 774
32 89 #SUP: 713
36 38 #SUP: 2790
36 39 #SUP: 2037
36 41 #SUP: 700
36 48 #SUP: 1416
37 38 #SUP: 1046
37 39 #SUP: 707
38 39 #SUP: 10345
38 41 #SUP: 3897
38 48 #SUP: 7944
38 89 #SUP: 764
38 110 #SUP: 2725
38 170 #SUP: 3031
38 225 #SUP: 681
38 237 #SUP: 683
38 286 #SUP: 1116
38 371 #SUP: 767
39 41 #SUP: 11414
39 48 #SUP: 29142
39 49 #SUP: 768
39 60 #SUP: 983
39 65 #SUP: 2787
39 78 #SUP: 774
39 79 #SUP: 1111
39 89 #SUP: 2749
39 101 #SUP: 1400
39 110 #SUP: 1759
39 123 #SUP: 726
39 147 #SUP: 1137
39 170 #SUP: 2059
39 185 #SUP: 828
39 201 #SUP: 669
39 225 #SUP: 2351
39 237 #SUP: 1929
39 249 #SUP: 752
39 255 #SUP: 1057
39 270 #SUP: 1194
39 271 #SUP: 1434
39 286 #SUP: 750
39 301 #SUP: 715
39 310 #SUP: 1852
39 338 #SUP: 742
39 413 #SUP: 1130
39 438 #SUP: 1260
39 475 #SUP: 1500
39 533 #SUP: 922
39 548 #SUP: 663
39 589 #SUP: 708
39 592 #SUP: 723
39 604 #SUP: 775
39 740 #SUP: 759
39 824 #SUP: 703
39 1146 #SUP: 983
39 1327 #SUP: 1156
39 1393 #SUP: 789
39 2238 #SUP: 1287
39 12925 #SUP: 938
39 13041 #SUP: 688
39 14098 #SUP: 801
39 15832 #SUP: 718
39 16010 #SUP: 829
39 16217 #SUP: 728
41 48 #SUP: 9018
41 65 #SUP: 995
41 89 #SUP: 732
41 110 #SUP: 677
41 170 #SUP: 805
41 225 #SUP: 877
41 310 #SUP: 719
48 49 #SUP: 843
48 60 #SUP: 815
48 65 #SUP: 2529
48 78 #SUP: 824
48 79 #SUP: 893
48 89 #SUP: 2798
48 101 #SUP: 1311
48 110 #SUP: 1380
48 123 #SUP: 797
48 147 #SUP: 1036
48 170 #SUP: 1557
48 185 #SUP: 816
48 201 #SUP: 674
48 225 #SUP: 1736
48 237 #SUP: 1682
48 249 #SUP: 675
48 255 #SUP: 1057
48 270 #SUP: 957
48 271 #SUP: 1090
48 310 #SUP: 1692
48 338 #SUP: 779
48 413 #SUP: 1135
48 438 #SUP: 1025
48 475 #SUP: 1428
48 533 #SUP: 861
48 592 #SUP: 743
48 604 #SUP: 687
48 677 #SUP: 666
48 824 #SUP: 701
48 1146 #SUP: 811
48 1327 #SUP: 968
48 1393 #SUP: 669
48 2238 #SUP: 955
48 2958 #SUP: 779
48 12925 #SUP: 817
48 14098 #SUP: 698
48 16010 #SUP: 730
270 271 #SUP: 680
32 38 39 #SUP: 1840
32 38 41 #SUP: 805
32 38 48 #SUP: 1646
32 39 41 #SUP: 2359
32 39 48 #SUP: 5402
32 41 48 #SUP: 2063
36 38 39 #SUP: 1945
36 38 41 #SUP: 671
36 38 48 #SUP: 1360
36 39 48 #SUP: 1116
37 38 39 #SUP: 684
38 39 41 #SUP: 3051
38 39 48 #SUP: 6102
38 39 110 #SUP: 1740
38 39 170 #SUP: 2019
38 39 286 #SUP: 728
38 41 48 #SUP: 2374
38 41 110 #SUP: 666
38 41 170 #SUP: 794
38 48 110 #SUP: 1361
38 48 170 #SUP: 1538
39 41 48 #SUP: 7366
39 41 65 #SUP: 792
39 41 225 #SUP: 726
39 48 65 #SUP: 1797
39 48 79 #SUP: 699
39 48 89 #SUP: 2125
39 48 101 #SUP: 946
39 48 110 #SUP: 1037
39 48 147 #SUP: 742
39 48 170 #SUP: 1206
39 48 225 #SUP: 1400
39 48 237 #SUP: 1244
39 48 255 #SUP: 813
39 48 270 #SUP: 733
39 48 271 #SUP: 827
39 48 310 #SUP: 1347
39 48 413 #SUP: 781
39 48 438 #SUP: 780
39 48 475 #SUP: 1092
39 48 1327 #SUP: 720
39 48 2238 #SUP: 788
41 48 65 #SUP: 663
32 38 39 48 #SUP: 1236
32 39 41 48 #SUP: 1646
36 38 39 48 #SUP: 1080
38 39 41 48 #SUP: 1991
38 39 48 110 #SUP: 1031
38 39 48 170 #SUP: 1193
