2 #SUP: 246
9 #SUP: 724
10 #SUP: 372
11 #SUP: 359
18 #SUP: 405
19 #SUP: 461
23 #SUP: 398
30 #SUP: 277
31 #SUP: 462
32 #SUP: 7739
36 #SUP: 1479
37 #SUP: 527
38 #SUP: 7849
39 #SUP: 25174
41 #SUP: 10554
45 #SUP: 438
48 #SUP: 20899
49 #SUP: 570
52 #SUP: 272
53 #SUP: 274
55 #SUP: 352
56 #SUP: 261
60 #SUP: 833
62 #SUP: 301
65 #SUP: 2162
76 #SUP: 455
78 #SUP: 448
79 #SUP: 806
89 #SUP: 1685
94 #SUP: 312
101 #SUP: 1066
103 #SUP: 333
105 #SUP: 303
107 #SUP: 382
110 #SUP: 1310
117 #SUP: 632
123 #SUP: 642
147 #SUP: 900
150 #SUP: 267
155 #SUP: 279
156 #SUP: 439
161 #SUP: 505
170 #SUP: 1691
175 #SUP: 434
178 #SUP: 267
179 #SUP: 489
185 #SUP: 749
186 #SUP: 273
189 #SUP: 259
200 #SUP: 239
201 #SUP: 604
208 #SUP: 529
209 #SUP: 316
225 #SUP: 1723
229 #SUP: 384
237 #SUP: 1463
242 #SUP: 433
246 #SUP: 273
249 #SUP: 541
251 #SUP: 304
255 #SUP: 827
258 #SUP: 506
259 #SUP: 320
260 #SUP: 328
261 #SUP: 248
264 #SUP: 460
267 #SUP: 261
269 #SUP: 318
270 #SUP: 911
271 #SUP: 1106
272 #SUP: 357
279 #SUP: 335
281 #SUP: 232
286 #SUP: 557
297 #SUP: 290
301 #SUP: 606
310 #SUP: 1358
334 #SUP: 382
338 #SUP: 627
340 #SUP: 338
345 #SUP: 268
351 #SUP: 221
352 #SUP: 438
365 #SUP: 339
371 #SUP: 388
374 #SUP: 278
379 #SUP: 316
384 #SUP: 272
389 #SUP: 579
396 #SUP: 326
398 #SUP: 259
405 #SUP: 227
407 #SUP: 350
408 #SUP: 235
413 #SUP: 597
420 #SUP: 298
425 #SUP: 281
426 #SUP: 279
432 #SUP: 465
438 #SUP: 978
449 #SUP: 356
464 #SUP: 319
475 #SUP: 1146
479 #SUP: 434
488 #SUP: 347
497 #SUP: 265
522 #SUP: 496
533 #SUP: 733
535 #SUP: 385
544 #SUP: 471
548 #SUP: 516
549 #SUP: 425
570 #SUP: 401
571 #SUP: 313
581 #SUP: 227
589 #SUP: 561
592 #SUP: 664
604 #SUP: 753
623 #SUP: 287
647 #SUP: 225
649 #SUP: 311
664 #SUP: 357
675 #SUP: 324
677 #SUP: 574
681 #SUP: 359
703 #SUP: 316
704 #SUP: 283
727 #SUP: 227
734 #SUP: 246
740 #SUP: 568
749 #SUP: 247
766 #SUP: 341
769 #SUP: 307
772 #SUP: 361
783 #SUP: 574
789 #SUP: 361
790 #SUP: 283
793 #SUP: 267
798 #SUP: 233
806 #SUP: 330
812 #SUP: 420
824 #SUP: 566
846 #SUP: 519
855 #SUP: 448
856 #SUP: 248
865 #SUP: 309
878 #SUP: 298
910 #SUP: 244
913 #SUP: 269
916 #SUP: 263
947 #SUP: 280
956 #SUP: 446
961 #SUP: 261
976 #SUP: 472
979 #SUP: 267
1000 #SUP: 234
1004 #SUP: 497
1034 #SUP: 275
1043 #SUP: 300
1067 #SUP: 299
1113 #SUP: 270
1121 #SUP: 425
1135 #SUP: 328
1144 #SUP: 269
1146 #SUP: 894
1198 #SUP: 626
1214 #SUP: 320
1239 #SUP: 262
1327 #SUP: 1498
1344 #SUP: 644
1355 #SUP: 288
1393 #SUP: 513
1404 #SUP: 230
1417 #SUP: 225
1435 #SUP: 362
1578 #SUP: 475
1585 #SUP: 225
1593 #SUP: 222
1600 #SUP: 371
1659 #SUP: 404
1677 #SUP: 238
1714 #SUP: 255
1715 #SUP: 386
1783 #SUP: 307
1814 #SUP: 359
1859 #SUP: 391
1867 #SUP: 230
1872 #SUP: 299
1956 #SUP: 253
1966 #SUP: 257
1986 #SUP: 319
2046 #SUP: 369
2118 #SUP: 268
2168 #SUP: 316
2187 #SUP: 249
2199 #SUP: 313
2238 #SUP: 925
2241 #SUP: 233
2284 #SUP: 233
2329 #SUP: 266
2383 #SUP: 266
2399 #SUP: 255
2437 #SUP: 294
2440 #SUP: 230
2492 #SUP: 249
2515 #SUP: 220
2552 #SUP: 240
2775 #SUP: 224
2958 #SUP: 387
3270 #SUP: 419
3616 #SUP: 387
3799 #SUP: 221
3966 #SUP: 221
4336 #SUP: 297
8978 #SUP: 328
9501 #SUP: 379
9555 #SUP: 244
10446 #SUP: 400
10490 #SUP: 245
10491 #SUP: 223
10515 #SUP: 253
10525 #SUP: 222
9 39 #SUP: 434
9 41 #SUP: 232
9 48 #SUP: 425
10 48 #SUP: 220
11 39 #SUP: 234
11 48 #SUP: 238
18 39 #SUP: 250
19 39 #SUP: 280
19 48 #SUP: 263
23 39 #SUP: 273
31 39 #SUP: 272
31 48 #SUP: 245
32 36 #SUP: 262
32 38 #SUP: 1456
32 39 #SUP: 4355
32 41 #SUP: 2296
32 48 #SUP: 4113
32 65 #SUP: 384
32 89 #SUP: 311
32 170 #SUP: 295
32 225 #SUP: 356
32 237 #SUP: 281
32 270 #SUP: 242
32 271 #SUP: 250
32 310 #SUP: 306
32 475 #SUP: 249
32 1327 #SUP: 253
36 38 #SUP: 1412
36 39 #SUP: 1017
36 41 #SUP: 510
36 48 #SUP: 704
37 38 #SUP: 521
37 39 #SUP: 342
37 48 #SUP: 305
38 39 #SUP: 5171
38 41 #SUP: 2773
38 48 #SUP: 3968
38 55 #SUP: 323
38 56 #SUP: 248
38 65 #SUP: 323
38 89 #SUP: 335
38 105 #SUP: 293
38 110 #SUP: 1271
38 170 #SUP: 1661
38 225 #SUP: 371
38 237 #SUP: 307
38 281 #SUP: 222
38 286 #SUP: 520
38 310 #SUP: 222
38 371 #SUP: 383
38 790 #SUP: 277
38 1327 #SUP: 301
39 41 #SUP: 8058
39 45 #SUP: 270
39 48 #SUP: 14376
39 49 #SUP: 387
39 55 #SUP: 230
39 60 #SUP: 543
39 65 #SUP: 1348
39 76 #SUP: 278
39 78 #SUP: 328
39 79 #SUP: 568
39 89 #SUP: 1188
39 101 #SUP: 643
39 107 #SUP: 226
39 110 #SUP: 823
39 117 #SUP: 337
39 123 #SUP: 355
39 147 #SUP: 564
39 156 #SUP: 296
39 161 #SUP: 310
39 170 #SUP: 1113
39 175 #SUP: 274
39 179 #SUP: 329
39 185 #SUP: 472
39 201 #SUP: 350
39 208 #SUP: 326
39 225 #SUP: 1224
39 229 #SUP: 227
39 237 #SUP: 914
39 242 #SUP: 275
39 249 #SUP: 346
39 255 #SUP: 591
39 258 #SUP: 331
39 264 #SUP: 308
39 270 #SUP: 604
39 271 #SUP: 753
39 272 #SUP: 249
39 286 #SUP: 323
39 301 #SUP: 362
39 310 #SUP: 991
39 334 #SUP: 247
39 338 #SUP: 372
39 352 #SUP: 224
39 365 #SUP: 229
39 371 #SUP: 265
39 389 #SUP: 391
39 413 #SUP: 358
39 432 #SUP: 285
39 438 #SUP: 658
39 475 #SUP: 783
39 479 #SUP: 279
39 522 #SUP: 330
39 533 #SUP: 474
39 544 #SUP: 302
39 548 #SUP: 305
39 549 #SUP: 256
39 570 #SUP: 290
39 589 #SUP: 354
39 592 #SUP: 406
39 604 #SUP: 477
39 664 #SUP: 240
39 675 #SUP: 224
39 677 #SUP: 352
39 681 #SUP: 220
39 740 #SUP: 368
39 783 #SUP: 383
39 789 #SUP: 242
39 812 #SUP: 253
39 824 #SUP: 327
39 846 #SUP: 290
39 855 #SUP: 282
39 956 #SUP: 289
39 976 #SUP: 259
39 1004 #SUP: 263
39 1121 #SUP: 257
39 1135 #SUP: 232
39 1146 #SUP: 620
39 1198 #SUP: 387
39 1327 #SUP: 985
39 1344 #SUP: 421
39 1393 #SUP: 348
39 1578 #SUP: 310
39 1659 #SUP: 270
39 1715 #SUP: 231
39 1814 #SUP: 240
39 2238 #SUP: 678
39 2958 #SUP: 277
39 3270 #SUP: 261
39 3616 #SUP: 253
39 8978 #SUP: 237
39 9501 #SUP: 242
39 10446 #SUP: 247
41 48 #SUP: 6300
41 60 #SUP: 229
41 65 #SUP: 709
41 79 #SUP: 360
41 89 #SUP: 463
41 101 #SUP: 335
41 110 #SUP: 457
41 147 #SUP: 320
41 170 #SUP: 601
41 225 #SUP: 663
41 237 #SUP: 403
41 255 #SUP: 254
41 270 #SUP: 375
41 271 #SUP: 421
41 310 #SUP: 514
41 438 #SUP: 296
41 475 #SUP: 428
41 533 #SUP: 230
41 592 #SUP: 235
41 604 #SUP: 238
41 1146 #SUP: 412
41 1327 #SUP: 450
41 1344 #SUP: 253
41 2238 #SUP: 412
45 48 #SUP: 244
48 49 #SUP: 428
48 60 #SUP: 444
48 65 #SUP: 1232
48 76 #SUP: 262
48 78 #SUP: 341
48 79 #SUP: 455
48 89 #SUP: 1216
48 101 #SUP: 608
48 107 #SUP: 235
48 110 #SUP: 632
48 117 #SUP: 374
48 123 #SUP: 388
48 147 #SUP: 517
48 156 #SUP: 242
48 161 #SUP: 257
48 170 #SUP: 818
48 179 #SUP: 305
48 185 #SUP: 448
48 201 #SUP: 358
48 208 #SUP: 330
48 225 #SUP: 907
48 229 #SUP: 253
48 237 #SUP: 785
48 249 #SUP: 323
48 255 #SUP: 591
48 258 #SUP: 334
48 264 #SUP: 275
48 270 #SUP: 493
48 271 #SUP: 563
48 272 #SUP: 222
48 286 #SUP: 265
48 301 #SUP: 328
48 310 #SUP: 876
48 338 #SUP: 388
48 352 #SUP: 246
48 389 #SUP: 304
48 413 #SUP: 332
48 432 #SUP: 250
48 438 #SUP: 537
48 475 #SUP: 767
48 479 #SUP: 240
48 522 #SUP: 285
48 533 #SUP: 425
48 544 #SUP: 278
48 548 #SUP: 308
48 549 #SUP: 253
48 570 #SUP: 279
48 589 #SUP: 304
48 592 #SUP: 411
48 604 #SUP: 418
48 677 #SUP: 341
48 734 #SUP: 223
48 740 #SUP: 242
48 783 #SUP: 355
48 789 #SUP: 233
48 812 #SUP: 238
48 824 #SUP: 319
48 846 #SUP: 258
48 855 #SUP: 266
48 956 #SUP: 259
48 976 #SUP: 262
48 1004 #SUP: 284
48 1121 #SUP: 250
48 1135 #SUP: 257
48 1146 #SUP: 509
48 1198 #SUP: 355
48 1327 #SUP: 819
48 1344 #SUP: 363
48 1393 #SUP: 300
48 1578 #SUP: 254
48 1659 #SUP: 229
48 1715 #SUP: 227
48 1814 #SUP: 235
48 2238 #SUP: 492
48 2958 #SUP: 338
48 3270 #SUP: 266
48 10446 #SUP: 234
270 271 #SUP: 340
9 39 48 #SUP: 288
32 36 38 #SUP: 252
32 38 39 #SUP: 942
32 38 41 #SUP: 594
32 38 48 #SUP: 827
32 38 170 #SUP: 290
32 39 41 #SUP: 1703
32 39 48 #SUP: 2746
32 39 65 #SUP: 258
32 39 89 #SUP: 231
32 39 225 #SUP: 259
32 39 310 #SUP: 229
32 41 48 #SUP: 1465
32 48 65 #SUP: 241
32 48 89 #SUP: 246
36 38 39 #SUP: 977
36 38 41 #SUP: 486
36 38 48 #SUP: 681
36 39 41 #SUP: 420
36 39 48 #SUP: 539
36 41 48 #SUP: 277
37 38 39 #SUP: 338
37 38 48 #SUP: 303
37 39 48 #SUP: 236
38 39 41 #SUP: 2186
38 39 48 #SUP: 3018
38 39 65 #SUP: 249
38 39 89 #SUP: 255
38 39 110 #SUP: 810
38 39 170 #SUP: 1090
38 39 225 #SUP: 301
38 39 237 #SUP: 223
38 39 286 #SUP: 311
38 39 371 #SUP: 262
38 39 1327 #SUP: 242
38 41 48 #SUP: 1683
38 41 110 #SUP: 450
38 41 170 #SUP: 590
38 48 89 #SUP: 256
38 48 110 #SUP: 624
38 48 170 #SUP: 802
38 48 286 #SUP: 259
39 41 48 #SUP: 5142
39 41 65 #SUP: 547
39 41 79 #SUP: 272
39 41 89 #SUP: 385
39 41 101 #SUP: 253
39 41 110 #SUP: 363
39 41 147 #SUP: 247
39 41 170 #SUP: 462
39 41 225 #SUP: 549
39 41 237 #SUP: 319
39 41 270 #SUP: 288
39 41 271 #SUP: 323
39 41 310 #SUP: 444
39 41 438 #SUP: 253
39 41 475 #SUP: 352
39 41 1146 #SUP: 318
39 41 1327 #SUP: 372
39 41 2238 #SUP: 337
39 48 49 #SUP: 309
39 48 60 #SUP: 324
39 48 65 #SUP: 873
39 48 78 #SUP: 254
39 48 79 #SUP: 358
39 48 89 #SUP: 912
39 48 101 #SUP: 435
39 48 110 #SUP: 489
39 48 117 #SUP: 231
39 48 123 #SUP: 244
39 48 147 #SUP: 365
39 48 170 #SUP: 621
39 48 179 #SUP: 228
39 48 185 #SUP: 318
39 48 201 #SUP: 236
39 48 208 #SUP: 222
39 48 225 #SUP: 719
39 48 237 #SUP: 562
39 48 249 #SUP: 235
39 48 255 #SUP: 449
39 48 258 #SUP: 241
39 48 270 #SUP: 367
39 48 271 #SUP: 421
39 48 301 #SUP: 234
39 48 310 #SUP: 706
39 48 338 #SUP: 257
39 48 389 #SUP: 234
39 48 413 #SUP: 231
39 48 438 #SUP: 410
39 48 475 #SUP: 577
39 48 533 #SUP: 317
39 48 548 #SUP: 227
39 48 570 #SUP: 223
39 48 592 #SUP: 289
39 48 604 #SUP: 318
39 48 677 #SUP: 235
39 48 783 #SUP: 264
39 48 1146 #SUP: 388
39 48 1198 #SUP: 261
39 48 1327 #SUP: 617
39 48 1344 #SUP: 270
39 48 1393 #SUP: 234
39 48 2238 #SUP: 403
39 48 2958 #SUP: 245
39 270 271 #SUP: 238
41 48 65 #SUP: 461
41 48 79 #SUP: 232
41 48 89 #SUP: 375
41 48 101 #SUP: 226
41 48 110 #SUP: 295
41 48 170 #SUP: 359
41 48 225 #SUP: 402
41 48 237 #SUP: 254
41 48 270 #SUP: 240
41 48 271 #SUP: 254
41 48 310 #SUP: 379
41 48 475 #SUP: 315
41 48 1146 #SUP: 255
41 48 1327 #SUP: 299
41 48 2238 #SUP: 256
32 38 39 41 #SUP: 464
32 38 39 48 #SUP: 623
32 38 41 48 #SUP: 393
32 39 41 48 #SUP: 1176
36 38 39 41 #SUP: 404
36 38 39 48 #SUP: 528
36 38 41 48 #SUP: 268
36 39 41 48 #SUP: 245
37 38 39 48 #SUP: 234
38 39 41 48 #SUP: 1421
38 39 41 110 #SUP: 360
38 39 41 170 #SUP: 453
38 39 48 110 #SUP: 484
38 39 48 170 #SUP: 610
38 41 48 110 #SUP: 293
38 41 48 170 #SUP: 351
39 41 48 65 #SUP: 367
39 41 48 89 #SUP: 318
39 41 48 110 #SUP: 250
39 41 48 170 #SUP: 304
39 41 48 225 #SUP: 350
39 41 48 310 #SUP: 336
39 41 48 475 #SUP: 270
39 41 48 1327 #SUP: 253
39 41 48 2238 #SUP: 220
32 38 39 41 48 #SUP: 332
36 38 39 41 48 #SUP: 238
38 39 41 48 110 #SUP: 249
38 39 41 48 170 #SUP: 298
