1 #SUP: 266
2 #SUP: 549
5 #SUP: 295
9 #SUP: 1372
10 #SUP: 712
11 #SUP: 711
12 #SUP: 409
15 #SUP: 345
18 #SUP: 860
19 #SUP: 1005
23 #SUP: 758
30 #SUP: 540
31 #SUP: 920
32 #SUP: 15167
36 #SUP: 2936
37 #SUP: 1074
38 #SUP: 15596
39 #SUP: 50675
41 #SUP: 14945
45 #SUP: 911
47 #SUP: 444
48 #SUP: 42135
49 #SUP: 1120
50 #SUP: 249
52 #SUP: 501
53 #SUP: 509
55 #SUP: 704
56 #SUP: 535
60 #SUP: 1489
62 #SUP: 543
65 #SUP: 4472
66 #SUP: 319
69 #SUP: 246
75 #SUP: 324
76 #SUP: 869
77 #SUP: 250
78 #SUP: 1060
79 #SUP: 1600
80 #SUP: 464
82 #SUP: 287
89 #SUP: 3837
94 #SUP: 516
95 #SUP: 271
96 #SUP: 334
98 #SUP: 232
101 #SUP: 2237
103 #SUP: 812
104 #SUP: 244
105 #SUP: 657
107 #SUP: 765
108 #SUP: 234
110 #SUP: 2794
116 #SUP: 266
117 #SUP: 1026
123 #SUP: 1302
128 #SUP: 276
133 #SUP: 245
136 #SUP: 467
147 #SUP: 1779
150 #SUP: 597
151 #SUP: 232
155 #SUP: 546
156 #SUP: 830
161 #SUP: 1010
164 #SUP: 330
165 #SUP: 274
166 #SUP: 300
167 #SUP: 256
168 #SUP: 293
169 #SUP: 276
170 #SUP: 3099
171 #SUP: 225
175 #SUP: 970
176 #SUP: 404
178 #SUP: 479
179 #SUP: 998
185 #SUP: 1376
186 #SUP: 660
189 #SUP: 259
195 #SUP: 337
199 #SUP: 223
200 #SUP: 239
201 #SUP: 1133
203 #SUP: 327
204 #SUP: 316
205 #SUP: 262
206 #SUP: 257
208 #SUP: 529
209 #SUP: 611
213 #SUP: 304
215 #SUP: 320
220 #SUP: 230
222 #SUP: 228
225 #SUP: 3257
227 #SUP: 307
229 #SUP: 820
232 #SUP: 366
234 #SUP: 284
235 #SUP: 309
237 #SUP: 3032
242 #SUP: 911
244 #SUP: 272
246 #SUP: 405
248 #SUP: 412
249 #SUP: 1160
250 #SUP: 276
251 #SUP: 621
255 #SUP: 1474
256 #SUP: 250
258 #SUP: 987
259 #SUP: 684
260 #SUP: 691
261 #SUP: 523
262 #SUP: 317
264 #SUP: 895
267 #SUP: 584
269 #SUP: 701
270 #SUP: 1734
271 #SUP: 2094
272 #SUP: 650
278 #SUP: 306
279 #SUP: 633
281 #SUP: 453
282 #SUP: 233
285 #SUP: 268
286 #SUP: 1183
297 #SUP: 525
301 #SUP: 1204
308 #SUP: 263
309 #SUP: 309
310 #SUP: 2594
319 #SUP: 435
320 #SUP: 305
334 #SUP: 774
337 #SUP: 224
338 #SUP: 1274
340 #SUP: 643
341 #SUP: 396
342 #SUP: 319
344 #SUP: 262
345 #SUP: 490
346 #SUP: 335
347 #SUP: 264
350 #SUP: 248
351 #SUP: 420
352 #SUP: 438
365 #SUP: 442
370 #SUP: 375
371 #SUP: 782
374 #SUP: 584
379 #SUP: 677
384 #SUP: 437
388 #SUP: 248
389 #SUP: 831
390 #SUP: 376
392 #SUP: 239
396 #SUP: 674
397 #SUP: 307
398 #SUP: 515
399 #SUP: 235
402 #SUP: 221
405 #SUP: 879
406 #SUP: 228
407 #SUP: 693
408 #SUP: 479
412 #SUP: 284
413 #SUP: 1880
414 #SUP: 263
415 #SUP: 412
418 #SUP: 481
420 #SUP: 600
423 #SUP: 288
424 #SUP: 352
425 #SUP: 606
426 #SUP: 508
432 #SUP: 466
433 #SUP: 321
438 #SUP: 1863
440 #SUP: 235
441 #SUP: 609
447 #SUP: 231
449 #SUP: 690
464 #SUP: 695
475 #SUP: 2167
479 #SUP: 926
486 #SUP: 231
488 #SUP: 720
489 #SUP: 259
490 #SUP: 445
491 #SUP: 244
492 #SUP: 259
493 #SUP: 221
497 #SUP: 346
501 #SUP: 319
504 #SUP: 298
511 #SUP: 283
514 #SUP: 427
522 #SUP: 974
525 #SUP: 225
529 #SUP: 224
533 #SUP: 1487
534 #SUP: 316
535 #SUP: 718
536 #SUP: 262
543 #SUP: 295
544 #SUP: 851
547 #SUP: 428
548 #SUP: 1137
549 #SUP: 843
550 #SUP: 260
552 #SUP: 259
560 #SUP: 227
563 #SUP: 270
565 #SUP: 237
570 #SUP: 792
571 #SUP: 513
576 #SUP: 255
581 #SUP: 574
583 #SUP: 222
587 #SUP: 261
589 #SUP: 1119
591 #SUP: 432
592 #SUP: 1227
597 #SUP: 251
599 #SUP: 235
604 #SUP: 1209
606 #SUP: 239
610 #SUP: 346
611 #SUP: 280
612 #SUP: 259
615 #SUP: 274
622 #SUP: 317
623 #SUP: 525
640 #SUP: 359
643 #SUP: 336
647 #SUP: 258
649 #SUP: 857
650 #SUP: 228
651 #SUP: 247
652 #SUP: 325
653 #SUP: 339
660 #SUP: 224
662 #SUP: 286
664 #SUP: 752
673 #SUP: 263
675 #SUP: 601
677 #SUP: 1110
681 #SUP: 704
682 #SUP: 296
684 #SUP: 277
694 #SUP: 412
697 #SUP: 300
703 #SUP: 806
704 #SUP: 526
708 #SUP: 244
715 #SUP: 382
718 #SUP: 287
727 #SUP: 383
730 #SUP: 369
734 #SUP: 366
740 #SUP: 1181
749 #SUP: 261
751 #SUP: 328
753 #SUP: 261
757 #SUP: 260
759 #SUP: 235
760 #SUP: 243
764 #SUP: 280
766 #SUP: 797
767 #SUP: 248
768 #SUP: 354
769 #SUP: 329
772 #SUP: 752
783 #SUP: 965
785 #SUP: 369
789 #SUP: 648
790 #SUP: 523
793 #SUP: 494
795 #SUP: 251
798 #SUP: 503
805 #SUP: 274
806 #SUP: 741
808 #SUP: 482
809 #SUP: 626
812 #SUP: 821
817 #SUP: 369
824 #SUP: 1210
829 #SUP: 352
830 #SUP: 428
831 #SUP: 454
837 #SUP: 257
840 #SUP: 391
842 #SUP: 412
846 #SUP: 595
849 #SUP: 234
851 #SUP: 231
855 #SUP: 519
856 #SUP: 494
865 #SUP: 632
878 #SUP: 570
880 #SUP: 222
885 #SUP: 576
887 #SUP: 235
896 #SUP: 225
903 #SUP: 376
907 #SUP: 287
910 #SUP: 519
911 #SUP: 237
913 #SUP: 543
916 #SUP: 543
921 #SUP: 322
924 #SUP: 252
925 #SUP: 253
926 #SUP: 240
927 #SUP: 301
932 #SUP: 262
938 #SUP: 290
947 #SUP: 591
956 #SUP: 911
961 #SUP: 540
976 #SUP: 817
978 #SUP: 371
979 #SUP: 439
984 #SUP: 334
987 #SUP: 255
989 #SUP: 302
993 #SUP: 344
1000 #SUP: 423
1001 #SUP: 287
1003 #SUP: 387
1004 #SUP: 1102
1010 #SUP: 266
1012 #SUP: 230
1013 #SUP: 260
1014 #SUP: 261
1020 #SUP: 465
1026 #SUP: 256
1027 #SUP: 346
1034 #SUP: 310
1043 #SUP: 551
1046 #SUP: 365
1052 #SUP: 401
1062 #SUP: 433
1066 #SUP: 411
1067 #SUP: 584
1071 #SUP: 232
1072 #SUP: 232
1080 #SUP: 295
1081 #SUP: 337
1082 #SUP: 379
1085 #SUP: 235
1096 #SUP: 271
1103 #SUP: 407
1104 #SUP: 247
1113 #SUP: 448
1121 #SUP: 425
1126 #SUP: 425
1135 #SUP: 667
1143 #SUP: 253
1144 #SUP: 599
1146 #SUP: 1426
1158 #SUP: 428
1160 #SUP: 247
1163 #SUP: 256
1172 #SUP: 295
1183 #SUP: 265
1185 #SUP: 332
1188 #SUP: 276
1196 #SUP: 325
1198 #SUP: 660
1209 #SUP: 324
1214 #SUP: 391
1232 #SUP: 272
1239 #SUP: 569
1249 #SUP: 237
1257 #SUP: 383
1269 #SUP: 279
1277 #SUP: 420
1280 #SUP: 283
1281 #SUP: 298
1282 #SUP: 289
1291 #SUP: 277
1294 #SUP: 277
1308 #SUP: 343
1313 #SUP: 392
1318 #SUP: 249
1327 #SUP: 1786
1332 #SUP: 243
1333 #SUP: 311
1344 #SUP: 753
1345 #SUP: 226
1355 #SUP: 512
1360 #SUP: 337
1361 #SUP: 400
1372 #SUP: 253
1378 #SUP: 244
1379 #SUP: 283
1393 #SUP: 1161
1395 #SUP: 239
1404 #SUP: 446
1417 #SUP: 536
1425 #SUP: 341
1435 #SUP: 765
1444 #SUP: 339
1476 #SUP: 237
1479 #SUP: 472
1481 #SUP: 409
1486 #SUP: 423
1489 #SUP: 299
1497 #SUP: 253
1513 #SUP: 422
1527 #SUP: 228
1529 #SUP: 322
1538 #SUP: 221
1543 #SUP: 419
1557 #SUP: 415
1562 #SUP: 374
1564 #SUP: 283
1578 #SUP: 874
1585 #SUP: 450
1590 #SUP: 293
1591 #SUP: 247
1593 #SUP: 222
1594 #SUP: 244
1595 #SUP: 254
1600 #SUP: 801
1602 #SUP: 270
1609 #SUP: 249
1616 #SUP: 270
1619 #SUP: 372
1629 #SUP: 264
1638 #SUP: 339
1652 #SUP: 228
1655 #SUP: 311
1659 #SUP: 459
1677 #SUP: 468
1678 #SUP: 222
1693 #SUP: 524
1698 #SUP: 327
1704 #SUP: 450
1714 #SUP: 507
1715 #SUP: 590
1741 #SUP: 275
1744 #SUP: 222
1763 #SUP: 292
1783 #SUP: 600
1784 #SUP: 241
1786 #SUP: 264
1804 #SUP: 251
1808 #SUP: 314
1814 #SUP: 688
1815 #SUP: 229
1818 #SUP: 226
1819 #SUP: 251
1831 #SUP: 260
1842 #SUP: 296
1859 #SUP: 391
1867 #SUP: 467
1872 #SUP: 572
1897 #SUP: 252
1899 #SUP: 258
1903 #SUP: 266
1930 #SUP: 379
1938 #SUP: 265
1939 #SUP: 300
1956 #SUP: 302
1964 #SUP: 225
1966 #SUP: 257
1973 #SUP: 371
1976 #SUP: 281
1986 #SUP: 614
1987 #SUP: 482
1991 #SUP: 306
1994 #SUP: 240
1996 #SUP: 227
2015 #SUP: 376
2046 #SUP: 625
2051 #SUP: 461
2052 #SUP: 230
2053 #SUP: 271
2054 #SUP: 297
2056 #SUP: 419
2065 #SUP: 345
2075 #SUP: 319
2080 #SUP: 481
2091 #SUP: 332
2103 #SUP: 237
2113 #SUP: 226
2115 #SUP: 375
2118 #SUP: 525
2135 #SUP: 461
2147 #SUP: 221
2164 #SUP: 293
2167 #SUP: 266
2168 #SUP: 499
2177 #SUP: 249
2184 #SUP: 462
2186 #SUP: 251
2187 #SUP: 374
2188 #SUP: 238
2191 #SUP: 316
2199 #SUP: 597
2208 #SUP: 399
2212 #SUP: 261
2215 #SUP: 327
2225 #SUP: 257
2238 #SUP: 1715
2241 #SUP: 420
2254 #SUP: 347
2259 #SUP: 260
2276 #SUP: 248
2284 #SUP: 508
2325 #SUP: 339
2329 #SUP: 488
2343 #SUP: 425
2344 #SUP: 280
2350 #SUP: 244
2353 #SUP: 383
2364 #SUP: 301
2370 #SUP: 266
2375 #SUP: 300
2383 #SUP: 569
2388 #SUP: 288
2394 #SUP: 224
2399 #SUP: 481
2406 #SUP: 252
2420 #SUP: 260
2425 #SUP: 300
2437 #SUP: 571
2440 #SUP: 296
2441 #SUP: 250
2464 #SUP: 293
2468 #SUP: 343
2492 #SUP: 392
2495 #SUP: 324
2505 #SUP: 433
2515 #SUP: 388
2523 #SUP: 426
2524 #SUP: 310
2528 #SUP: 243
2552 #SUP: 371
2561 #SUP: 251
2573 #SUP: 275
2596 #SUP: 280
2599 #SUP: 223
2625 #SUP: 281
2626 #SUP: 353
2629 #SUP: 318
2633 #SUP: 339
2634 #SUP: 242
2635 #SUP: 285
2673 #SUP: 411
2706 #SUP: 229
2723 #SUP: 253
2728 #SUP: 231
2746 #SUP: 230
2749 #SUP: 301
2763 #SUP: 264
2775 #SUP: 410
2792 #SUP: 309
2805 #SUP: 222
2815 #SUP: 249
2843 #SUP: 255
2856 #SUP: 268
2874 #SUP: 233
2879 #SUP: 481
2894 #SUP: 334
2915 #SUP: 260
2958 #SUP: 904
2965 #SUP: 285
2983 #SUP: 231
2987 #SUP: 431
2988 #SUP: 264
2990 #SUP: 233
2991 #SUP: 369
2997 #SUP: 273
2998 #SUP: 248
3006 #SUP: 224
3012 #SUP: 263
3102 #SUP: 252
3149 #SUP: 228
3151 #SUP: 262
3160 #SUP: 259
3189 #SUP: 258
3194 #SUP: 286
3221 #SUP: 231
3270 #SUP: 950
3279 #SUP: 279
3291 #SUP: 244
3292 #SUP: 230
3294 #SUP: 289
3311 #SUP: 241
3315 #SUP: 274
3316 #SUP: 300
3317 #SUP: 316
3321 #SUP: 244
3361 #SUP: 409
3404 #SUP: 243
3451 #SUP: 256
3462 #SUP: 262
3502 #SUP: 381
3510 #SUP: 352
3553 #SUP: 232
3616 #SUP: 654
3635 #SUP: 264
3668 #SUP: 286
3683 #SUP: 240
3724 #SUP: 227
3759 #SUP: 312
3774 #SUP: 226
3799 #SUP: 421
3827 #SUP: 330
3904 #SUP: 341
3964 #SUP: 324
3966 #SUP: 221
4070 #SUP: 278
4170 #SUP: 236
4207 #SUP: 303
4209 #SUP: 239
4307 #SUP: 258
4316 #SUP: 237
4336 #SUP: 589
4339 #SUP: 243
4344 #SUP: 261
4393 #SUP: 329
4524 #SUP: 324
4630 #SUP: 234
4642 #SUP: 288
4650 #SUP: 337
4685 #SUP: 270
4698 #SUP: 405
4720 #SUP: 222
4779 #SUP: 299
4883 #SUP: 521
4899 #SUP: 287
4940 #SUP: 229
4945 #SUP: 275
4994 #SUP: 296
5051 #SUP: 363
5074 #SUP: 294
5124 #SUP: 272
5152 #SUP: 297
5248 #SUP: 272
5405 #SUP: 288
5728 #SUP: 254
5729 #SUP: 289
6128 #SUP: 233
7205 #SUP: 366
7975 #SUP: 339
8068 #SUP: 293
8691 #SUP: 369
8867 #SUP: 267
8978 #SUP: 606
8985 #SUP: 414
9001 #SUP: 230
9304 #SUP: 238
9501 #SUP: 430
9555 #SUP: 421
9579 #SUP: 291
9669 #SUP: 225
9843 #SUP: 224
10074 #SUP: 230
10420 #SUP: 275
10442 #SUP: 340
10444 #SUP: 473
10446 #SUP: 618
10448 #SUP: 265
10451 #SUP: 302
10490 #SUP: 382
10491 #SUP: 418
10513 #SUP: 259
10515 #SUP: 882
10525 #SUP: 338
10551 #SUP: 285
10568 #SUP: 253
10605 #SUP: 270
10653 #SUP: 418
10656 #SUP: 415
10818 #SUP: 228
10943 #SUP: 311
12473 #SUP: 268
12677 #SUP: 235
12925 #SUP: 1467
12929 #SUP: 742
12933 #SUP: 342
12935 #SUP: 390
12943 #SUP: 417
12946 #SUP: 535
12951 #SUP: 403
12959 #SUP: 476
12981 #SUP: 303
12982 #SUP: 325
13032 #SUP: 324
13041 #SUP: 1051
13043 #SUP: 220
13174 #SUP: 325
13182 #SUP: 230
13189 #SUP: 438
13334 #SUP: 330
13443 #SUP: 396
14098 #SUP: 1291
14099 #SUP: 409
14386 #SUP: 301
14933 #SUP: 479
15345 #SUP: 244
15578 #SUP: 328
15618 #SUP: 614
15832 #SUP: 1143
16010 #SUP: 1316
16011 #SUP: 669
16217 #SUP: 1166
16430 #SUP: 426
16431 #SUP: 351
2 39 #SUP: 324
2 48 #SUP: 268
9 32 #SUP: 250
9 39 #SUP: 832
9 41 #SUP: 307
9 48 #SUP: 790
10 39 #SUP: 452
10 48 #SUP: 427
11 39 #SUP: 472
11 48 #SUP: 463
12 39 #SUP: 230
12 48 #SUP: 238
18 39 #SUP: 540
18 48 #SUP: 465
19 39 #SUP: 592
19 48 #SUP: 591
23 39 #SUP: 512
23 48 #SUP: 416
30 39 #SUP: 344
30 48 #SUP: 298
31 39 #SUP: 538
31 48 #SUP: 493
32 36 #SUP: 494
32 38 #SUP: 2833
32 39 #SUP: 8455
32 41 #SUP: 3196
32 48 #SUP: 8034
32 60 #SUP: 262
32 65 #SUP: 774
32 78 #SUP: 232
32 79 #SUP: 384
32 89 #SUP: 713
32 101 #SUP: 412
32 110 #SUP: 449
32 123 #SUP: 252
32 147 #SUP: 359
32 170 #SUP: 540
32 179 #SUP: 228
32 185 #SUP: 289
32 225 #SUP: 655
32 237 #SUP: 568
32 255 #SUP: 321
32 270 #SUP: 437
32 271 #SUP: 470
32 286 #SUP: 229
32 301 #SUP: 279
32 310 #SUP: 541
32 338 #SUP: 229
32 413 #SUP: 326
32 438 #SUP: 349
32 475 #SUP: 447
32 533 #SUP: 300
32 548 #SUP: 280
32 589 #SUP: 228
32 592 #SUP: 257
32 604 #SUP: 224
32 677 #SUP: 266
32 824 #SUP: 262
32 1004 #SUP: 285
32 1046 #SUP: 339
32 1146 #SUP: 340
32 1327 #SUP: 323
32 1393 #SUP: 231
32 2238 #SUP: 358
32 12925 #SUP: 232
32 13041 #SUP: 225
32 14098 #SUP: 224
32 15832 #SUP: 231
32 16010 #SUP: 281
36 38 #SUP: 2790
36 39 #SUP: 2037
36 41 #SUP: 700
36 48 #SUP: 1416
37 38 #SUP: 1046
37 39 #SUP: 707
37 41 #SUP: 247
37 48 #SUP: 565
38 39 #SUP: 10345
38 41 #SUP: 3897
38 47 #SUP: 432
38 48 #SUP: 7944
38 49 #SUP: 224
38 55 #SUP: 657
38 56 #SUP: 514
38 65 #SUP: 643
38 79 #SUP: 313
38 89 #SUP: 764
38 101 #SUP: 345
38 105 #SUP: 643
38 110 #SUP: 2725
38 147 #SUP: 328
38 170 #SUP: 3031
38 175 #SUP: 272
38 225 #SUP: 681
38 237 #SUP: 683
38 249 #SUP: 269
38 255 #SUP: 267
38 264 #SUP: 251
38 270 #SUP: 390
38 271 #SUP: 392
38 281 #SUP: 432
38 286 #SUP: 1116
38 310 #SUP: 433
38 370 #SUP: 362
38 371 #SUP: 767
38 390 #SUP: 354
38 413 #SUP: 297
38 438 #SUP: 389
38 475 #SUP: 393
38 504 #SUP: 245
38 533 #SUP: 235
38 740 #SUP: 221
38 790 #SUP: 508
38 840 #SUP: 379
38 1146 #SUP: 306
38 1188 #SUP: 256
38 1327 #SUP: 347
38 1529 #SUP: 295
38 1590 #SUP: 281
38 1831 #SUP: 252
38 2238 #SUP: 407
38 3904 #SUP: 333
38 12925 #SUP: 294
38 16010 #SUP: 221
39 41 #SUP: 11414
39 45 #SUP: 559
39 47 #SUP: 320
39 48 #SUP: 29142
39 49 #SUP: 768
39 52 #SUP: 320
39 53 #SUP: 351
39 55 #SUP: 452
39 56 #SUP: 364
39 60 #SUP: 983
39 62 #SUP: 281
39 65 #SUP: 2787
39 75 #SUP: 220
39 76 #SUP: 529
39 78 #SUP: 774
39 79 #SUP: 1111
39 80 #SUP: 316
39 89 #SUP: 2749
39 94 #SUP: 300
39 96 #SUP: 224
39 101 #SUP: 1400
39 103 #SUP: 512
39 105 #SUP: 455
39 107 #SUP: 426
39 110 #SUP: 1759
39 117 #SUP: 554
39 123 #SUP: 726
39 136 #SUP: 306
39 147 #SUP: 1137
39 150 #SUP: 364
39 155 #SUP: 347
39 156 #SUP: 582
39 161 #SUP: 622
39 170 #SUP: 2059
39 175 #SUP: 631
39 178 #SUP: 313
39 179 #SUP: 653
39 185 #SUP: 828
39 186 #SUP: 413
39 201 #SUP: 669
39 208 #SUP: 326
39 209 #SUP: 323
39 225 #SUP: 2351
39 229 #SUP: 503
39 237 #SUP: 1929
39 242 #SUP: 564
39 246 #SUP: 259
39 248 #SUP: 275
39 249 #SUP: 752
39 251 #SUP: 349
39 255 #SUP: 1057
39 258 #SUP: 628
39 259 #SUP: 374
39 260 #SUP: 428
39 261 #SUP: 349
39 264 #SUP: 599
39 267 #SUP: 407
39 269 #SUP: 441
39 270 #SUP: 1194
39 271 #SUP: 1434
39 272 #SUP: 446
39 279 #SUP: 401
39 281 #SUP: 288
39 286 #SUP: 750
39 297 #SUP: 356
39 301 #SUP: 715
39 310 #SUP: 1852
39 319 #SUP: 270
39 334 #SUP: 506
39 338 #SUP: 742
39 340 #SUP: 396
39 341 #SUP: 228
39 345 #SUP: 300
39 351 #SUP: 220
39 352 #SUP: 224
39 365 #SUP: 288
39 370 #SUP: 248
39 371 #SUP: 532
39 374 #SUP: 376
39 379 #SUP: 429
39 384 #SUP: 279
39 389 #SUP: 544
39 390 #SUP: 258
39 396 #SUP: 436
39 398 #SUP: 320
39 405 #SUP: 500
39 407 #SUP: 418
39 408 #SUP: 278
39 413 #SUP: 1130
39 415 #SUP: 243
39 418 #SUP: 293
39 420 #SUP: 340
39 425 #SUP: 396
39 426 #SUP: 334
39 432 #SUP: 286
39 438 #SUP: 1260
39 441 #SUP: 393
39 449 #SUP: 372
39 464 #SUP: 412
39 475 #SUP: 1500
39 479 #SUP: 580
39 488 #SUP: 389
39 490 #SUP: 279
39 514 #SUP: 271
39 522 #SUP: 648
39 533 #SUP: 922
39 535 #SUP: 400
39 544 #SUP: 524
39 547 #SUP: 254
39 548 #SUP: 663
39 549 #SUP: 492
39 570 #SUP: 558
39 571 #SUP: 322
39 581 #SUP: 368
39 589 #SUP: 708
39 591 #SUP: 289
39 592 #SUP: 723
39 604 #SUP: 775
39 623 #SUP: 315
39 640 #SUP: 227
39 649 #SUP: 531
39 664 #SUP: 481
39 675 #SUP: 414
39 677 #SUP: 635
39 681 #SUP: 422
39 694 #SUP: 267
39 703 #SUP: 453
39 704 #SUP: 279
39 727 #SUP: 241
39 730 #SUP: 241
39 734 #SUP: 255
39 740 #SUP: 759
39 766 #SUP: 470
39 772 #SUP: 406
39 783 #SUP: 640
39 785 #SUP: 222
39 789 #SUP: 447
39 790 #SUP: 364
39 793 #SUP: 312
39 798 #SUP: 290
39 806 #SUP: 493
39 808 #SUP: 283
39 809 #SUP: 404
39 812 #SUP: 471
39 824 #SUP: 703
39 830 #SUP: 256
39 831 #SUP: 314
39 840 #SUP: 251
39 842 #SUP: 263
39 846 #SUP: 328
39 855 #SUP: 325
39 856 #SUP: 291
39 865 #SUP: 382
39 878 #SUP: 344
39 885 #SUP: 354
39 903 #SUP: 264
39 910 #SUP: 322
39 913 #SUP: 336
39 916 #SUP: 350
39 947 #SUP: 324
39 956 #SUP: 600
39 961 #SUP: 331
39 976 #SUP: 471
39 978 #SUP: 273
39 979 #SUP: 332
39 984 #SUP: 226
39 1000 #SUP: 245
39 1003 #SUP: 252
39 1004 #SUP: 583
39 1020 #SUP: 284
39 1027 #SUP: 221
39 1043 #SUP: 342
39 1062 #SUP: 268
39 1066 #SUP: 236
39 1067 #SUP: 332
39 1103 #SUP: 252
39 1113 #SUP: 248
39 1121 #SUP: 257
39 1126 #SUP: 246
39 1135 #SUP: 458
39 1144 #SUP: 344
39 1146 #SUP: 983
39 1158 #SUP: 242
39 1198 #SUP: 407
39 1209 #SUP: 220
39 1214 #SUP: 230
39 1239 #SUP: 350
39 1257 #SUP: 256
39 1277 #SUP: 241
39 1313 #SUP: 250
39 1327 #SUP: 1156
39 1344 #SUP: 485
39 1355 #SUP: 313
39 1361 #SUP: 261
39 1393 #SUP: 789
39 1404 #SUP: 273
39 1417 #SUP: 321
39 1435 #SUP: 459
39 1479 #SUP: 302
39 1481 #SUP: 272
39 1486 #SUP: 256
39 1513 #SUP: 284
39 1529 #SUP: 223
39 1543 #SUP: 290
39 1557 #SUP: 252
39 1578 #SUP: 576
39 1585 #SUP: 262
39 1600 #SUP: 474
39 1619 #SUP: 252
39 1638 #SUP: 223
39 1659 #SUP: 307
39 1677 #SUP: 291
39 1693 #SUP: 347
39 1704 #SUP: 287
39 1714 #SUP: 317
39 1715 #SUP: 356
39 1783 #SUP: 372
39 1814 #SUP: 471
39 1867 #SUP: 274
39 1872 #SUP: 331
39 1930 #SUP: 226
39 1986 #SUP: 413
39 1987 #SUP: 309
39 1991 #SUP: 225
39 2015 #SUP: 230
39 2046 #SUP: 333
39 2051 #SUP: 308
39 2056 #SUP: 257
39 2065 #SUP: 235
39 2080 #SUP: 281
39 2118 #SUP: 311
39 2135 #SUP: 317
39 2168 #SUP: 301
39 2184 #SUP: 294
39 2187 #SUP: 221
39 2199 #SUP: 349
39 2208 #SUP: 235
39 2238 #SUP: 1287
39 2241 #SUP: 285
39 2284 #SUP: 349
39 2329 #SUP: 270
39 2343 #SUP: 233
39 2353 #SUP: 253
39 2383 #SUP: 377
39 2388 #SUP: 223
39 2399 #SUP: 291
39 2437 #SUP: 308
39 2505 #SUP: 297
39 2523 #SUP: 247
39 2673 #SUP: 246
39 2775 #SUP: 249
39 2792 #SUP: 225
39 2879 #SUP: 292
39 2958 #SUP: 655
39 2987 #SUP: 238
39 2991 #SUP: 230
39 3270 #SUP: 576
39 3361 #SUP: 231
39 3502 #SUP: 244
39 3510 #SUP: 225
39 3616 #SUP: 419
39 3799 #SUP: 284
39 3827 #SUP: 239
39 3904 #SUP: 275
39 3964 #SUP: 225
39 4336 #SUP: 345
39 4698 #SUP: 263
39 4883 #SUP: 313
39 8691 #SUP: 259
39 8978 #SUP: 433
39 8985 #SUP: 276
39 9501 #SUP: 275
39 9555 #SUP: 240
39 10444 #SUP: 293
39 10446 #SUP: 368
39 10490 #SUP: 237
39 10491 #SUP: 257
39 10515 #SUP: 528
39 10653 #SUP: 246
39 10656 #SUP: 227
39 12925 #SUP: 938
39 12929 #SUP: 470
39 12933 #SUP: 227
39 12935 #SUP: 267
39 12943 #SUP: 253
39 12946 #SUP: 339
39 12951 #SUP: 283
39 12959 #SUP: 262
39 13041 #SUP: 688
39 13189 #SUP: 266
39 13443 #SUP: 229
39 14098 #SUP: 801
39 14099 #SUP: 242
39 14933 #SUP: 320
39 15578 #SUP: 233
39 15618 #SUP: 352
39 15832 #SUP: 718
39 16010 #SUP: 829
39 16011 #SUP: 427
39 16217 #SUP: 728
39 16430 #SUP: 221
41 48 #SUP: 9018
41 49 #SUP: 220
41 60 #SUP: 264
41 65 #SUP: 995
41 79 #SUP: 499
41 89 #SUP: 732
41 101 #SUP: 476
41 110 #SUP: 677
41 117 #SUP: 264
41 123 #SUP: 236
41 147 #SUP: 438
41 170 #SUP: 805
41 175 #SUP: 293
41 179 #SUP: 224
41 185 #SUP: 298
41 201 #SUP: 253
41 225 #SUP: 877
41 237 #SUP: 597
41 249 #SUP: 258
41 255 #SUP: 332
41 258 #SUP: 254
41 270 #SUP: 508
41 271 #SUP: 584
41 286 #SUP: 268
41 301 #SUP: 256
41 310 #SUP: 719
41 338 #SUP: 256
41 413 #SUP: 414
41 438 #SUP: 428
41 475 #SUP: 570
41 533 #SUP: 336
41 548 #SUP: 242
41 592 #SUP: 303
41 604 #SUP: 286
41 677 #SUP: 229
41 824 #SUP: 320
41 956 #SUP: 225
41 1146 #SUP: 501
41 1327 #SUP: 459
41 1344 #SUP: 258
41 2238 #SUP: 570
41 8978 #SUP: 290
41 13041 #SUP: 390
41 15832 #SUP: 421
41 16010 #SUP: 467
41 16011 #SUP: 244
41 16217 #SUP: 433
45 48 #SUP: 492
47 48 #SUP: 274
48 49 #SUP: 843
48 52 #SUP: 326
48 53 #SUP: 322
48 55 #SUP: 325
48 56 #SUP: 309
48 60 #SUP: 815
48 62 #SUP: 314
48 65 #SUP: 2529
48 76 #SUP: 485
48 78 #SUP: 824
48 79 #SUP: 893
48 80 #SUP: 271
48 89 #SUP: 2798
48 94 #SUP: 293
48 101 #SUP: 1311
48 103 #SUP: 431
48 105 #SUP: 372
48 107 #SUP: 467
48 110 #SUP: 1380
48 117 #SUP: 601
48 123 #SUP: 797
48 136 #SUP: 286
48 147 #SUP: 1036
48 150 #SUP: 353
48 155 #SUP: 314
48 156 #SUP: 473
48 161 #SUP: 517
48 164 #SUP: 224
48 170 #SUP: 1557
48 175 #SUP: 493
48 176 #SUP: 226
48 178 #SUP: 246
48 179 #SUP: 624
48 185 #SUP: 816
48 186 #SUP: 417
48 201 #SUP: 674
48 208 #SUP: 330
48 209 #SUP: 312
48 225 #SUP: 1736
48 229 #SUP: 545
48 237 #SUP: 1682
48 242 #SUP: 399
48 246 #SUP: 265
48 248 #SUP: 285
48 249 #SUP: 675
48 251 #SUP: 338
48 255 #SUP: 1057
48 258 #SUP: 643
48 259 #SUP: 380
48 260 #SUP: 379
48 261 #SUP: 330
48 264 #SUP: 534
48 267 #SUP: 368
48 269 #SUP: 439
48 270 #SUP: 957
48 271 #SUP: 1090
48 272 #SUP: 380
48 279 #SUP: 383
48 281 #SUP: 269
48 286 #SUP: 591
48 297 #SUP: 328
48 301 #SUP: 658
48 310 #SUP: 1692
48 319 #SUP: 261
48 334 #SUP: 443
48 338 #SUP: 779
48 340 #SUP: 407
48 341 #SUP: 235
48 345 #SUP: 316
48 351 #SUP: 221
48 352 #SUP: 246
48 365 #SUP: 259
48 371 #SUP: 369
48 374 #SUP: 340
48 379 #SUP: 348
48 384 #SUP: 247
48 389 #SUP: 422
48 396 #SUP: 378
48 398 #SUP: 320
48 405 #SUP: 525
48 407 #SUP: 422
48 408 #SUP: 279
48 413 #SUP: 1135
48 415 #SUP: 255
48 418 #SUP: 267
48 420 #SUP: 311
48 425 #SUP: 408
48 426 #SUP: 327
48 432 #SUP: 251
48 438 #SUP: 1025
48 441 #SUP: 341
48 449 #SUP: 382
48 464 #SUP: 422
48 475 #SUP: 1428
48 479 #SUP: 513
48 488 #SUP: 432
48 490 #SUP: 279
48 514 #SUP: 293
48 522 #SUP: 582
48 533 #SUP: 861
48 535 #SUP: 409
48 544 #SUP: 504
48 547 #SUP: 252
48 548 #SUP: 658
48 549 #SUP: 513
48 570 #SUP: 514
48 571 #SUP: 318
48 581 #SUP: 353
48 589 #SUP: 628
48 591 #SUP: 280
48 592 #SUP: 743
48 604 #SUP: 687
48 623 #SUP: 310
48 640 #SUP: 232
48 649 #SUP: 490
48 664 #SUP: 387
48 675 #SUP: 374
48 677 #SUP: 666
48 681 #SUP: 378
48 703 #SUP: 467
48 704 #SUP: 307
48 715 #SUP: 254
48 727 #SUP: 253
48 734 #SUP: 329
48 740 #SUP: 520
48 766 #SUP: 489
48 772 #SUP: 442
48 783 #SUP: 583
48 789 #SUP: 421
48 790 #SUP: 315
48 793 #SUP: 304
48 798 #SUP: 329
48 806 #SUP: 396
48 808 #SUP: 267
48 809 #SUP: 373
48 812 #SUP: 463
48 824 #SUP: 701
48 830 #SUP: 294
48 831 #SUP: 311
48 846 #SUP: 297
48 855 #SUP: 306
48 856 #SUP: 271
48 865 #SUP: 390
48 878 #SUP: 310
48 885 #SUP: 307
48 910 #SUP: 313
48 913 #SUP: 320
48 916 #SUP: 311
48 947 #SUP: 324
48 956 #SUP: 540
48 961 #SUP: 327
48 976 #SUP: 456
48 979 #SUP: 266
48 1000 #SUP: 221
48 1003 #SUP: 250
48 1004 #SUP: 614
48 1020 #SUP: 274
48 1027 #SUP: 228
48 1043 #SUP: 306
48 1052 #SUP: 266
48 1062 #SUP: 232
48 1066 #SUP: 250
48 1067 #SUP: 369
48 1103 #SUP: 250
48 1113 #SUP: 248
48 1121 #SUP: 250
48 1126 #SUP: 246
48 1135 #SUP: 541
48 1144 #SUP: 336
48 1146 #SUP: 811
48 1158 #SUP: 232
48 1198 #SUP: 376
48 1239 #SUP: 346
48 1257 #SUP: 248
48 1277 #SUP: 248
48 1313 #SUP: 250
48 1327 #SUP: 968
48 1344 #SUP: 427
48 1355 #SUP: 260
48 1393 #SUP: 669
48 1404 #SUP: 277
48 1417 #SUP: 315
48 1435 #SUP: 433
48 1479 #SUP: 273
48 1481 #SUP: 236
48 1486 #SUP: 270
48 1513 #SUP: 248
48 1543 #SUP: 240
48 1557 #SUP: 250
48 1578 #SUP: 469
48 1585 #SUP: 292
48 1600 #SUP: 444
48 1619 #SUP: 236
48 1638 #SUP: 226
48 1659 #SUP: 258
48 1677 #SUP: 306
48 1693 #SUP: 316
48 1704 #SUP: 246
48 1714 #SUP: 282
48 1715 #SUP: 350
48 1783 #SUP: 335
48 1814 #SUP: 451
48 1867 #SUP: 275
48 1872 #SUP: 333
48 1956 #SUP: 243
48 1973 #SUP: 236
48 1986 #SUP: 346
48 1987 #SUP: 298
48 2015 #SUP: 259
48 2046 #SUP: 305
48 2051 #SUP: 300
48 2056 #SUP: 258
48 2080 #SUP: 285
48 2115 #SUP: 237
48 2118 #SUP: 341
48 2135 #SUP: 293
48 2168 #SUP: 265
48 2184 #SUP: 288
48 2187 #SUP: 233
48 2199 #SUP: 383
48 2208 #SUP: 222
48 2238 #SUP: 955
48 2241 #SUP: 284
48 2284 #SUP: 292
48 2329 #SUP: 324
48 2343 #SUP: 239
48 2383 #SUP: 356
48 2399 #SUP: 276
48 2437 #SUP: 346
48 2492 #SUP: 238
48 2505 #SUP: 256
48 2523 #SUP: 269
48 2552 #SUP: 221
48 2673 #SUP: 280
48 2775 #SUP: 239
48 2792 #SUP: 226
48 2879 #SUP: 276
48 2958 #SUP: 779
48 2987 #SUP: 284
48 3270 #SUP: 592
48 3361 #SUP: 229
48 3616 #SUP: 376
48 3799 #SUP: 264
48 4336 #SUP: 330
48 4698 #SUP: 251
48 4883 #SUP: 305
48 8691 #SUP: 288
48 8978 #SUP: 344
48 8985 #SUP: 220
48 9501 #SUP: 232
48 9555 #SUP: 224
48 10442 #SUP: 229
48 10444 #SUP: 302
48 10446 #SUP: 345
48 10490 #SUP: 240
48 10491 #SUP: 234
48 10515 #SUP: 524
48 10653 #SUP: 252
48 10656 #SUP: 245
48 12925 #SUP: 817
48 12929 #SUP: 430
48 12935 #SUP: 302
48 12946 #SUP: 286
48 12959 #SUP: 228
48 13041 #SUP: 602
48 13189 #SUP: 236
48 14098 #SUP: 698
48 14099 #SUP: 233
48 14933 #SUP: 274
48 15618 #SUP: 323
48 15832 #SUP: 585
48 16010 #SUP: 730
48 16011 #SUP: 374
48 16217 #SUP: 647
65 89 #SUP: 314
65 101 #SUP: 230
65 310 #SUP: 226
89 237 #SUP: 232
89 310 #SUP: 228
117 976 #SUP: 312
225 270 #SUP: 295
225 271 #SUP: 395
225 2238 #SUP: 405
270 271 #SUP: 680
270 2238 #SUP: 264
271 2238 #SUP: 282
405 10515 #SUP: 294
1146 3616 #SUP: 293
16010 16011 #SUP: 651
16430 16431 #SUP: 348
9 39 41 #SUP: 239
9 39 48 #SUP: 546
9 41 48 #SUP: 231
10 39 48 #SUP: 322
11 39 48 #SUP: 346
18 39 48 #SUP: 330
19 39 48 #SUP: 402
23 39 48 #SUP: 322
31 39 48 #SUP: 336
32 36 38 #SUP: 472
32 36 39 #SUP: 324
32 36 48 #SUP: 262
32 38 39 #SUP: 1840
32 38 41 #SUP: 805
32 38 48 #SUP: 1646
32 38 110 #SUP: 443
32 38 170 #SUP: 532
32 38 286 #SUP: 222
32 39 41 #SUP: 2359
32 39 48 #SUP: 5402
32 39 65 #SUP: 512
32 39 79 #SUP: 244
32 39 89 #SUP: 532
32 39 101 #SUP: 270
32 39 110 #SUP: 286
32 39 147 #SUP: 249
32 39 170 #SUP: 332
32 39 225 #SUP: 466
32 39 237 #SUP: 349
32 39 255 #SUP: 230
32 39 270 #SUP: 276
32 39 271 #SUP: 310
32 39 310 #SUP: 382
32 39 438 #SUP: 244
32 39 475 #SUP: 313
32 39 2238 #SUP: 257
32 41 48 #SUP: 2063
32 41 65 #SUP: 221
32 48 65 #SUP: 492
32 48 79 #SUP: 231
32 48 89 #SUP: 573
32 48 101 #SUP: 256
32 48 110 #SUP: 267
32 48 147 #SUP: 223
32 48 170 #SUP: 308
32 48 225 #SUP: 366
32 48 237 #SUP: 363
32 48 255 #SUP: 243
32 48 270 #SUP: 265
32 48 271 #SUP: 256
32 48 310 #SUP: 391
32 48 438 #SUP: 227
32 48 475 #SUP: 308
36 38 39 #SUP: 1945
36 38 41 #SUP: 671
36 38 48 #SUP: 1360
36 39 41 #SUP: 572
36 39 48 #SUP: 1116
36 41 48 #SUP: 388
37 38 39 #SUP: 684
37 38 41 #SUP: 246
37 38 48 #SUP: 557
37 39 48 #SUP: 440
38 39 41 #SUP: 3051
38 39 47 #SUP: 313
38 39 48 #SUP: 6102
38 39 55 #SUP: 422
38 39 56 #SUP: 352
38 39 65 #SUP: 488
38 39 79 #SUP: 231
38 39 89 #SUP: 589
38 39 101 #SUP: 254
38 39 105 #SUP: 449
38 39 110 #SUP: 1740
38 39 147 #SUP: 253
38 39 170 #SUP: 2019
38 39 225 #SUP: 535
38 39 237 #SUP: 512
38 39 270 #SUP: 291
38 39 271 #SUP: 290
38 39 281 #SUP: 274
38 39 286 #SUP: 728
38 39 310 #SUP: 336
38 39 370 #SUP: 241
38 39 371 #SUP: 526
38 39 390 #SUP: 241
38 39 413 #SUP: 221
38 39 438 #SUP: 272
38 39 475 #SUP: 308
38 39 790 #SUP: 356
38 39 840 #SUP: 245
38 39 1146 #SUP: 239
38 39 1327 #SUP: 274
38 39 2238 #SUP: 308
38 39 3904 #SUP: 268
38 39 12925 #SUP: 230
38 41 48 #SUP: 2374
38 41 65 #SUP: 227
38 41 110 #SUP: 666
38 41 170 #SUP: 794
38 41 225 #SUP: 224
38 41 286 #SUP: 259
38 47 48 #SUP: 269
38 48 55 #SUP: 309
38 48 56 #SUP: 295
38 48 65 #SUP: 408
38 48 89 #SUP: 578
38 48 101 #SUP: 229
38 48 105 #SUP: 367
38 48 110 #SUP: 1361
38 48 170 #SUP: 1538
38 48 225 #SUP: 398
38 48 237 #SUP: 414
38 48 270 #SUP: 239
38 48 271 #SUP: 232
38 48 281 #SUP: 259
38 48 286 #SUP: 581
38 48 310 #SUP: 298
38 48 371 #SUP: 365
38 48 475 #SUP: 290
38 48 790 #SUP: 307
38 48 2238 #SUP: 247
39 41 48 #SUP: 7366
39 41 65 #SUP: 792
39 41 79 #SUP: 378
39 41 89 #SUP: 619
39 41 101 #SUP: 368
39 41 110 #SUP: 515
39 41 147 #SUP: 336
39 41 170 #SUP: 624
39 41 175 #SUP: 239
39 41 185 #SUP: 223
39 41 225 #SUP: 726
39 41 237 #SUP: 477
39 41 255 #SUP: 274
39 41 270 #SUP: 399
39 41 271 #SUP: 451
39 41 310 #SUP: 625
39 41 413 #SUP: 318
39 41 438 #SUP: 365
39 41 475 #SUP: 476
39 41 533 #SUP: 275
39 41 592 #SUP: 235
39 41 604 #SUP: 236
39 41 824 #SUP: 238
39 41 1146 #SUP: 391
39 41 1327 #SUP: 380
39 41 2238 #SUP: 472
39 41 8978 #SUP: 243
39 41 13041 #SUP: 311
39 41 15832 #SUP: 322
39 41 16010 #SUP: 368
39 41 16217 #SUP: 335
39 45 48 #SUP: 361
39 48 49 #SUP: 617
39 48 52 #SUP: 239
39 48 53 #SUP: 253
39 48 55 #SUP: 251
39 48 56 #SUP: 226
39 48 60 #SUP: 609
39 48 65 #SUP: 1797
39 48 76 #SUP: 345
39 48 78 #SUP: 610
39 48 79 #SUP: 699
39 48 89 #SUP: 2125
39 48 101 #SUP: 946
39 48 103 #SUP: 321
39 48 105 #SUP: 291
39 48 107 #SUP: 322
39 48 110 #SUP: 1037
39 48 117 #SUP: 378
39 48 123 #SUP: 509
39 48 147 #SUP: 742
39 48 150 #SUP: 255
39 48 156 #SUP: 377
39 48 161 #SUP: 356
39 48 170 #SUP: 1206
39 48 175 #SUP: 383
39 48 179 #SUP: 452
39 48 185 #SUP: 555
39 48 186 #SUP: 305
39 48 201 #SUP: 451
39 48 208 #SUP: 222
39 48 225 #SUP: 1400
39 48 229 #SUP: 382
39 48 237 #SUP: 1244
39 48 242 #SUP: 300
39 48 249 #SUP: 510
39 48 251 #SUP: 220
39 48 255 #SUP: 813
39 48 258 #SUP: 452
39 48 259 #SUP: 255
39 48 260 #SUP: 271
39 48 261 #SUP: 244
39 48 264 #SUP: 403
39 48 267 #SUP: 292
39 48 269 #SUP: 310
39 48 270 #SUP: 733
39 48 271 #SUP: 827
39 48 272 #SUP: 283
39 48 279 #SUP: 279
39 48 286 #SUP: 464
39 48 297 #SUP: 242
39 48 301 #SUP: 473
39 48 310 #SUP: 1347
39 48 334 #SUP: 333
39 48 338 #SUP: 516
39 48 340 #SUP: 281
39 48 371 #SUP: 295
39 48 374 #SUP: 250
39 48 379 #SUP: 253
39 48 389 #SUP: 323
39 48 396 #SUP: 278
39 48 398 #SUP: 224
39 48 405 #SUP: 340
39 48 407 #SUP: 304
39 48 413 #SUP: 781
39 48 425 #SUP: 299
39 48 426 #SUP: 250
39 48 438 #SUP: 780
39 48 441 #SUP: 260
39 48 449 #SUP: 239
39 48 464 #SUP: 289
39 48 475 #SUP: 1092
39 48 479 #SUP: 358
39 48 488 #SUP: 287
39 48 522 #SUP: 425
39 48 533 #SUP: 632
39 48 535 #SUP: 275
39 48 544 #SUP: 348
39 48 548 #SUP: 467
39 48 549 #SUP: 355
39 48 570 #SUP: 404
39 48 571 #SUP: 240
39 48 581 #SUP: 264
39 48 589 #SUP: 443
39 48 592 #SUP: 515
39 48 604 #SUP: 520
39 48 649 #SUP: 350
39 48 664 #SUP: 296
39 48 675 #SUP: 291
39 48 677 #SUP: 446
39 48 681 #SUP: 275
39 48 703 #SUP: 302
39 48 734 #SUP: 229
39 48 740 #SUP: 392
39 48 766 #SUP: 335
39 48 772 #SUP: 275
39 48 783 #SUP: 439
39 48 789 #SUP: 327
39 48 790 #SUP: 239
39 48 798 #SUP: 230
39 48 806 #SUP: 302
39 48 809 #SUP: 290
39 48 812 #SUP: 310
39 48 824 #SUP: 471
39 48 831 #SUP: 237
39 48 855 #SUP: 228
39 48 865 #SUP: 272
39 48 878 #SUP: 231
39 48 885 #SUP: 222
39 48 910 #SUP: 222
39 48 913 #SUP: 232
39 48 916 #SUP: 241
39 48 956 #SUP: 405
39 48 961 #SUP: 240
39 48 976 #SUP: 325
39 48 979 #SUP: 222
39 48 1004 #SUP: 381
39 48 1043 #SUP: 229
39 48 1067 #SUP: 251
39 48 1135 #SUP: 386
39 48 1144 #SUP: 234
39 48 1146 #SUP: 623
39 48 1198 #SUP: 277
39 48 1239 #SUP: 239
39 48 1327 #SUP: 720
39 48 1344 #SUP: 314
39 48 1393 #SUP: 507
39 48 1435 #SUP: 307
39 48 1578 #SUP: 350
39 48 1600 #SUP: 307
39 48 1693 #SUP: 232
39 48 1715 #SUP: 235
39 48 1783 #SUP: 240
39 48 1814 #SUP: 344
39 48 1986 #SUP: 264
39 48 2051 #SUP: 222
39 48 2118 #SUP: 232
39 48 2135 #SUP: 228
39 48 2199 #SUP: 266
39 48 2238 #SUP: 788
39 48 2284 #SUP: 226
39 48 2383 #SUP: 270
39 48 2958 #SUP: 570
39 48 3270 #SUP: 416
39 48 3616 #SUP: 270
39 48 4336 #SUP: 230
39 48 8978 #SUP: 276
39 48 10444 #SUP: 221
39 48 10446 #SUP: 246
39 48 10515 #SUP: 373
39 48 12925 #SUP: 588
39 48 12929 #SUP: 320
39 48 13041 #SUP: 444
39 48 14098 #SUP: 540
39 48 15618 #SUP: 222
39 48 15832 #SUP: 436
39 48 16010 #SUP: 529
39 48 16011 #SUP: 275
39 48 16217 #SUP: 463
39 65 89 #SUP: 225
39 225 270 #SUP: 236
39 225 271 #SUP: 309
39 225 2238 #SUP: 317
39 270 271 #SUP: 484
39 271 2238 #SUP: 221
39 16010 16011 #SUP: 419
41 48 65 #SUP: 663
41 48 79 #SUP: 332
41 48 89 #SUP: 606
41 48 101 #SUP: 330
41 48 110 #SUP: 423
41 48 147 #SUP: 280
41 48 170 #SUP: 492
41 48 225 #SUP: 537
41 48 237 #SUP: 375
41 48 255 #SUP: 271
41 48 270 #SUP: 315
41 48 271 #SUP: 346
41 48 310 #SUP: 547
41 48 413 #SUP: 287
41 48 438 #SUP: 296
41 48 475 #SUP: 428
41 48 533 #SUP: 248
41 48 1146 #SUP: 313
41 48 1327 #SUP: 307
41 48 2238 #SUP: 371
41 48 13041 #SUP: 264
41 48 15832 #SUP: 260
41 48 16010 #SUP: 315
41 48 16217 #SUP: 287
41 16010 16011 #SUP: 236
48 65 89 #SUP: 243
48 225 271 #SUP: 220
48 270 271 #SUP: 369
48 16010 16011 #SUP: 362
32 36 38 39 #SUP: 308
32 36 38 48 #SUP: 254
32 38 39 41 #SUP: 622
32 38 39 48 #SUP: 1236
32 38 39 110 #SUP: 284
32 38 39 170 #SUP: 326
32 38 41 48 #SUP: 540
32 38 48 110 #SUP: 264
32 38 48 170 #SUP: 305
32 39 41 48 #SUP: 1646
32 39 48 65 #SUP: 357
32 39 48 89 #SUP: 451
32 39 48 225 #SUP: 298
32 39 48 237 #SUP: 256
32 39 48 310 #SUP: 307
32 39 48 475 #SUP: 234
36 38 39 41 #SUP: 553
36 38 39 48 #SUP: 1080
36 38 41 48 #SUP: 377
36 39 41 48 #SUP: 343
37 38 39 48 #SUP: 433
38 39 41 48 #SUP: 1991
38 39 41 110 #SUP: 511
38 39 41 170 #SUP: 615
38 39 48 55 #SUP: 243
38 39 48 65 #SUP: 325
38 39 48 89 #SUP: 467
38 39 48 105 #SUP: 290
38 39 48 110 #SUP: 1031
38 39 48 170 #SUP: 1193
38 39 48 225 #SUP: 337
38 39 48 237 #SUP: 352
38 39 48 286 #SUP: 458
38 39 48 310 #SUP: 251
38 39 48 371 #SUP: 294
38 39 48 475 #SUP: 243
38 39 48 790 #SUP: 235
38 41 48 110 #SUP: 419
38 41 48 170 #SUP: 484
39 41 48 65 #SUP: 547
39 41 48 79 #SUP: 270
39 41 48 89 #SUP: 522
39 41 48 101 #SUP: 264
39 41 48 110 #SUP: 347
39 41 48 147 #SUP: 234
39 41 48 170 #SUP: 419
39 41 48 225 #SUP: 469
39 41 48 237 #SUP: 312
39 41 48 255 #SUP: 230
39 41 48 270 #SUP: 258
39 41 48 271 #SUP: 272
39 41 48 310 #SUP: 486
39 41 48 413 #SUP: 228
39 41 48 438 #SUP: 265
39 41 48 475 #SUP: 372
39 41 48 1146 #SUP: 260
39 41 48 1327 #SUP: 260
39 41 48 2238 #SUP: 322
39 41 48 15832 #SUP: 220
39 41 48 16010 #SUP: 261
39 41 48 16217 #SUP: 234
39 48 270 271 #SUP: 284
39 48 16010 16011 #SUP: 269
32 38 39 41 48 #SUP: 448
36 38 39 41 48 #SUP: 334
38 39 41 48 110 #SUP: 346
38 39 41 48 170 #SUP: 413
