9 #SUP: 1372
19 #SUP: 1005
31 #SUP: 920
32 #SUP: 15167
36 #SUP: 2936
37 #SUP: 1074
38 #SUP: 15596
39 #SUP: 50675
41 #SUP: 14945
45 #SUP: 911
48 #SUP: 42135
49 #SUP: 1120
60 #SUP: 1489
65 #SUP: 4472
78 #SUP: 1060
79 #SUP: 1600
89 #SUP: 3837
101 #SUP: 2237
110 #SUP: 2794
117 #SUP: 1026
123 #SUP: 1302
147 #SUP: 1779
161 #SUP: 1010
170 #SUP: 3099
175 #SUP: 970
179 #SUP: 998
185 #SUP: 1376
201 #SUP: 1133
225 #SUP: 3257
237 #SUP: 3032
242 #SUP: 911
249 #SUP: 1160
255 #SUP: 1474
258 #SUP: 987
264 #SUP: 895
270 #SUP: 1734
271 #SUP: 2094
286 #SUP: 1183
301 #SUP: 1204
310 #SUP: 2594
338 #SUP: 1274
413 #SUP: 1880
438 #SUP: 1863
475 #SUP: 2167
479 #SUP: 926
522 #SUP: 974
533 #SUP: 1487
548 #SUP: 1137
589 #SUP: 1119
592 #SUP: 1227
604 #SUP: 1209
677 #SUP: 1110
740 #SUP: 1181
783 #SUP: 965
824 #SUP: 1210
956 #SUP: 911
1004 #SUP: 1102
1146 #SUP: 1426
1327 #SUP: 1786
1393 #SUP: 1161
2238 #SUP: 1715
2958 #SUP: 904
3270 #SUP: 950
10515 #SUP: 882
12925 #SUP: 1467
13041 #SUP: 1051
14098 #SUP: 1291
15832 #SUP: 1143
16010 #SUP: 1316
16217 #SUP: 1166
32 38 #SUP: 2833
32 39 #SUP: 8455
32 41 #SUP: 3196
32 48 #SUP: 8034
36 38 #SUP: 2790
36 39 #SUP: 2037
36 48 #SUP: 1416
37 38 #SUP: 1046
38 39 #SUP: 10345
38 41 #SUP: 3897
38 48 #SUP: 7944
38 110 #SUP: 2725
38 170 #SUP: 3031
38 286 #SUP: 1116
39 41 #SUP: 11414
39 48 #SUP: 29142
39 60 #SUP: 983
39 65 #SUP: 2787
39 79 #SUP: 1111
39 89 #SUP: 2749
39 101 #SUP: 1400
39 110 #SUP: 1759
39 147 #SUP: 1137
39 170 #SUP: 2059
39 225 #SUP: 2351
39 237 #SUP: 1929
39 255 #SUP: 1057
39 270 #SUP: 1194
39 271 #SUP: 1434
39 310 #SUP: 1852
39 413 #SUP: 1130
39 438 #SUP: 1260
39 475 #SUP: 1500
39 533 #SUP: 922
39 1146 #SUP: 983
39 1327 #SUP: 1156
39 2238 #SUP: 1287
39 12925 #SUP: 938
41 48 #SUP: 9018
41 65 #SUP: 995
48 65 #SUP: 2529
48 79 #SUP: 893
48 89 #SUP: 2798
48 101 #SUP: 1311
48 110 #SUP: 1380
48 147 #SUP: 1036
48 170 #SUP: 1557
48 225 #SUP: 1736
48 237 #SUP: 1682
48 255 #SUP: 1057
48 270 #SUP: 957
48 271 #SUP: 1090
48 310 #SUP: 1692
48 413 #SUP: 1135
48 438 #SUP: 1025
48 475 #SUP: 1428
48 1327 #SUP: 968
48 2238 #SUP: 955
32 38 39 #SUP: 1840
32 38 48 #SUP: 1646
32 39 41 #SUP: 2359
32 39 48 #SUP: 5402
32 41 48 #SUP: 2063
36 38 39 #SUP: 1945
36 38 48 #SUP: 1360
36 39 48 #SUP: 1116
38 39 41 #SUP: 3051
38 39 48 #SUP: 6102
38 39 110 #SUP: 1740
38 39 170 #SUP: 2019
38 41 48 #SUP: 2374
38 48 110 #SUP: 1361
38 48 170 #SUP: 1538
39 41 48 #SUP: 7366
39 48 65 #SUP: 1797
39 48 89 #SUP: 2125
39 48 101 #SUP: 946
39 48 110 #SUP: 1037
39 48 170 #SUP: 1206
39 48 225 #SUP: 1400
39 48 237 #SUP: 1244
39 48 310 #SUP: 1347
39 48 475 #SUP: 1092
32 38 39 48 #SUP: 1236
32 39 41 48 #SUP: 1646
36 38 39 48 #SUP: 1080
38 39 41 48 #SUP: 1991
38 39 48 110 #SUP: 1031
38 39 48 170 #SUP: 1193
