2 #SUP: 409
9 #SUP: 1021
10 #SUP: 525
11 #SUP: 534
18 #SUP: 616
19 #SUP: 748
23 #SUP: 565
30 #SUP: 408
31 #SUP: 693
32 #SUP: 11448
36 #SUP: 2247
37 #SUP: 798
38 #SUP: 11748
39 #SUP: 37875
41 #SUP: 10554
45 #SUP: 666
47 #SUP: 331
48 #SUP: 31286
49 #SUP: 824
52 #SUP: 390
53 #SUP: 365
55 #SUP: 534
56 #SUP: 400
60 #SUP: 1295
62 #SUP: 420
65 #SUP: 3385
76 #SUP: 642
78 #SUP: 776
79 #SUP: 1184
89 #SUP: 2867
94 #SUP: 409
101 #SUP: 1659
103 #SUP: 668
105 #SUP: 476
107 #SUP: 575
110 #SUP: 2058
117 #SUP: 836
123 #SUP: 975
136 #SUP: 337
147 #SUP: 1357
150 #SUP: 392
155 #SUP: 419
156 #SUP: 628
161 #SUP: 732
170 #SUP: 2400
175 #SUP: 595
178 #SUP: 366
179 #SUP: 727
185 #SUP: 1068
186 #SUP: 489
201 #SUP: 853
208 #SUP: 529
209 #SUP: 484
225 #SUP: 2515
229 #SUP: 613
237 #SUP: 2260
242 #SUP: 670
246 #SUP: 343
249 #SUP: 837
251 #SUP: 464
255 #SUP: 1147
258 #SUP: 736
259 #SUP: 492
260 #SUP: 507
261 #SUP: 390
264 #SUP: 682
267 #SUP: 393
269 #SUP: 488
270 #SUP: 1347
271 #SUP: 1622
272 #SUP: 523
279 #SUP: 503
281 #SUP: 335
286 #SUP: 849
297 #SUP: 415
301 #SUP: 891
310 #SUP: 1916
334 #SUP: 589
338 #SUP: 944
340 #SUP: 481
345 #SUP: 378
351 #SUP: 372
352 #SUP: 438
365 #SUP: 442
371 #SUP: 578
374 #SUP: 428
379 #SUP: 572
384 #SUP: 345
389 #SUP: 689
396 #SUP: 498
398 #SUP: 383
405 #SUP: 542
407 #SUP: 515
408 #SUP: 394
413 #SUP: 1121
418 #SUP: 336
420 #SUP: 437
425 #SUP: 435
426 #SUP: 376
432 #SUP: 466
438 #SUP: 1316
441 #SUP: 349
449 #SUP: 511
464 #SUP: 461
475 #SUP: 1658
479 #SUP: 665
488 #SUP: 560
522 #SUP: 764
533 #SUP: 1092
535 #SUP: 554
544 #SUP: 680
548 #SUP: 841
549 #SUP: 649
570 #SUP: 578
571 #SUP: 417
581 #SUP: 389
589 #SUP: 837
591 #SUP: 331
592 #SUP: 976
604 #SUP: 948
623 #SUP: 373
649 #SUP: 513
664 #SUP: 563
675 #SUP: 451
677 #SUP: 829
681 #SUP: 540
703 #SUP: 543
704 #SUP: 411
740 #SUP: 890
766 #SUP: 598
772 #SUP: 543
783 #SUP: 798
789 #SUP: 491
790 #SUP: 399
793 #SUP: 381
798 #SUP: 352
806 #SUP: 473
809 #SUP: 345
812 #SUP: 609
824 #SUP: 827
831 #SUP: 334
846 #SUP: 581
855 #SUP: 513
856 #SUP: 373
865 #SUP: 460
878 #SUP: 409
910 #SUP: 371
913 #SUP: 381
916 #SUP: 408
947 #SUP: 434
956 #SUP: 647
961 #SUP: 399
976 #SUP: 651
979 #SUP: 346
1004 #SUP: 825
1043 #SUP: 430
1067 #SUP: 449
1113 #SUP: 354
1121 #SUP: 425
1135 #SUP: 487
1144 #SUP: 441
1146 #SUP: 1208
1198 #SUP: 657
1214 #SUP: 381
1239 #SUP: 404
1327 #SUP: 1729
1344 #SUP: 736
1355 #SUP: 404
1393 #SUP: 837
1417 #SUP: 425
1435 #SUP: 543
1486 #SUP: 336
1578 #SUP: 692
1585 #SUP: 332
1600 #SUP: 564
1659 #SUP: 452
1677 #SUP: 376
1714 #SUP: 369
1715 #SUP: 452
1783 #SUP: 446
1814 #SUP: 548
1859 #SUP: 391
1867 #SUP: 359
1872 #SUP: 421
1986 #SUP: 434
1987 #SUP: 358
2046 #SUP: 512
2051 #SUP: 357
2080 #SUP: 377
2118 #SUP: 402
2168 #SUP: 408
2199 #SUP: 447
2238 #SUP: 1309
2284 #SUP: 374
2329 #SUP: 398
2343 #SUP: 350
2383 #SUP: 437
2399 #SUP: 375
2437 #SUP: 441
2879 #SUP: 351
2958 #SUP: 580
3270 #SUP: 636
3616 #SUP: 531
4336 #SUP: 449
4883 #SUP: 336
9501 #SUP: 429
9555 #SUP: 421
10446 #SUP: 529
10491 #SUP: 353
10515 #SUP: 558
12925 #SUP: 707
12929 #SUP: 347
12935 #SUP: 390
12946 #SUP: 446
14098 #SUP: 503
9 39 #SUP: 617
9 48 #SUP: 586
11 39 #SUP: 348
11 48 #SUP: 345
18 39 #SUP: 386
19 39 #SUP: 447
19 48 #SUP: 426
23 39 #SUP: 374
31 39 #SUP: 400
31 48 #SUP: 351
32 36 #SUP: 396
32 38 #SUP: 2168
32 39 #SUP: 6394
32 41 #SUP: 2296
32 48 #SUP: 6028
32 65 #SUP: 562
32 89 #SUP: 529
32 110 #SUP: 337
32 170 #SUP: 428
32 225 #SUP: 523
32 237 #SUP: 422
32 270 #SUP: 347
32 271 #SUP: 373
32 310 #SUP: 417
32 475 #SUP: 340
36 38 #SUP: 2136
36 39 #SUP: 1550
36 41 #SUP: 510
36 48 #SUP: 1092
37 38 #SUP: 784
37 39 #SUP: 531
37 48 #SUP: 430
38 39 #SUP: 7782
38 41 #SUP: 2773
38 48 #SUP: 5951
38 55 #SUP: 496
38 56 #SUP: 382
38 65 #SUP: 497
38 89 #SUP: 561
38 105 #SUP: 464
38 110 #SUP: 2000
38 170 #SUP: 2347
38 225 #SUP: 541
38 237 #SUP: 506
38 286 #SUP: 797
38 371 #SUP: 571
38 790 #SUP: 388
38 1327 #SUP: 336
39 41 #SUP: 8058
39 45 #SUP: 406
39 48 #SUP: 21553
39 49 #SUP: 555
39 55 #SUP: 348
39 60 #SUP: 850
39 65 #SUP: 2096
39 76 #SUP: 393
39 78 #SUP: 572
39 79 #SUP: 822
39 89 #SUP: 2029
39 101 #SUP: 1020
39 103 #SUP: 426
39 105 #SUP: 333
39 110 #SUP: 1301
39 117 #SUP: 454
39 123 #SUP: 544
39 147 #SUP: 874
39 156 #SUP: 440
39 161 #SUP: 449
39 170 #SUP: 1575
39 175 #SUP: 375
39 179 #SUP: 473
39 185 #SUP: 649
39 201 #SUP: 495
39 225 #SUP: 1807
39 229 #SUP: 365
39 237 #SUP: 1428
39 242 #SUP: 413
39 249 #SUP: 539
39 255 #SUP: 814
39 258 #SUP: 469
39 264 #SUP: 457
39 270 #SUP: 921
39 271 #SUP: 1106
39 272 #SUP: 364
39 286 #SUP: 513
39 301 #SUP: 541
39 310 #SUP: 1372
39 334 #SUP: 384
39 338 #SUP: 552
39 371 #SUP: 406
39 379 #SUP: 360
39 389 #SUP: 459
39 413 #SUP: 666
39 438 #SUP: 886
39 475 #SUP: 1142
39 479 #SUP: 421
39 522 #SUP: 513
39 533 #SUP: 687
39 544 #SUP: 420
39 548 #SUP: 489
39 549 #SUP: 377
39 570 #SUP: 410
39 589 #SUP: 535
39 592 #SUP: 575
39 604 #SUP: 604
39 664 #SUP: 365
39 677 #SUP: 480
39 740 #SUP: 566
39 766 #SUP: 348
39 783 #SUP: 526
39 789 #SUP: 333
39 812 #SUP: 356
39 824 #SUP: 488
39 956 #SUP: 419
39 976 #SUP: 368
39 1004 #SUP: 441
39 1135 #SUP: 338
39 1146 #SUP: 840
39 1198 #SUP: 405
39 1327 #SUP: 1126
39 1344 #SUP: 473
39 1393 #SUP: 565
39 1578 #SUP: 454
39 1814 #SUP: 370
39 2238 #SUP: 977
39 2958 #SUP: 422
39 3270 #SUP: 390
39 3616 #SUP: 335
39 10515 #SUP: 336
39 12925 #SUP: 443
41 48 #SUP: 6300
41 65 #SUP: 709
41 79 #SUP: 360
41 89 #SUP: 463
41 101 #SUP: 335
41 110 #SUP: 457
41 170 #SUP: 601
41 225 #SUP: 663
41 237 #SUP: 403
41 270 #SUP: 375
41 271 #SUP: 421
41 310 #SUP: 514
41 475 #SUP: 428
41 1146 #SUP: 412
41 1327 #SUP: 450
41 2238 #SUP: 412
45 48 #SUP: 357
48 49 #SUP: 618
48 60 #SUP: 704
48 65 #SUP: 1893
48 76 #SUP: 357
48 78 #SUP: 595
48 79 #SUP: 654
48 89 #SUP: 2063
48 101 #SUP: 945
48 103 #SUP: 357
48 107 #SUP: 351
48 110 #SUP: 1019
48 117 #SUP: 491
48 123 #SUP: 587
48 147 #SUP: 786
48 156 #SUP: 355
48 161 #SUP: 369
48 170 #SUP: 1173
48 179 #SUP: 451
48 185 #SUP: 631
48 201 #SUP: 504
48 225 #SUP: 1319
48 229 #SUP: 407
48 237 #SUP: 1244
48 249 #SUP: 486
48 255 #SUP: 815
48 258 #SUP: 489
48 264 #SUP: 399
48 270 #SUP: 741
48 271 #SUP: 844
48 286 #SUP: 413
48 301 #SUP: 479
48 310 #SUP: 1233
48 334 #SUP: 331
48 338 #SUP: 581
48 389 #SUP: 351
48 413 #SUP: 651
48 438 #SUP: 727
48 475 #SUP: 1084
48 479 #SUP: 358
48 522 #SUP: 447
48 533 #SUP: 631
48 544 #SUP: 400
48 548 #SUP: 480
48 549 #SUP: 383
48 570 #SUP: 390
48 589 #SUP: 460
48 592 #SUP: 599
48 604 #SUP: 535
48 677 #SUP: 491
48 740 #SUP: 373
48 766 #SUP: 360
48 783 #SUP: 480
48 812 #SUP: 339
48 824 #SUP: 471
48 956 #SUP: 381
48 976 #SUP: 363
48 1004 #SUP: 455
48 1135 #SUP: 391
48 1146 #SUP: 686
48 1198 #SUP: 374
48 1327 #SUP: 933
48 1344 #SUP: 418
48 1393 #SUP: 478
48 1578 #SUP: 364
48 1814 #SUP: 360
48 2238 #SUP: 709
48 2958 #SUP: 504
48 3270 #SUP: 396
48 10515 #SUP: 332
48 12925 #SUP: 370
270 271 #SUP: 524
9 39 48 #SUP: 404
32 36 38 #SUP: 379
32 38 39 #SUP: 1401
32 38 41 #SUP: 594
32 38 48 #SUP: 1243
32 38 110 #SUP: 331
32 38 170 #SUP: 421
32 39 41 #SUP: 1703
32 39 48 #SUP: 4041
32 39 65 #SUP: 382
32 39 89 #SUP: 394
32 39 225 #SUP: 375
32 41 48 #SUP: 1465
32 48 65 #SUP: 350
32 48 89 #SUP: 423
36 38 39 #SUP: 1480
36 38 41 #SUP: 486
36 38 48 #SUP: 1049
36 39 41 #SUP: 420
36 39 48 #SUP: 851
37 38 39 #SUP: 520
37 38 48 #SUP: 424
37 39 48 #SUP: 337
38 39 41 #SUP: 2186
38 39 48 #SUP: 4551
38 39 65 #SUP: 378
38 39 89 #SUP: 425
38 39 110 #SUP: 1286
38 39 170 #SUP: 1542
38 39 225 #SUP: 429
38 39 237 #SUP: 380
38 39 286 #SUP: 497
38 39 371 #SUP: 402
38 41 48 #SUP: 1683
38 41 110 #SUP: 450
38 41 170 #SUP: 590
38 48 89 #SUP: 429
38 48 110 #SUP: 1004
38 48 170 #SUP: 1154
38 48 286 #SUP: 404
39 41 48 #SUP: 5142
39 41 65 #SUP: 547
39 41 89 #SUP: 385
39 41 110 #SUP: 363
39 41 170 #SUP: 462
39 41 225 #SUP: 549
39 41 310 #SUP: 444
39 41 475 #SUP: 352
39 41 1327 #SUP: 372
39 41 2238 #SUP: 337
39 48 49 #SUP: 443
39 48 60 #SUP: 522
39 48 65 #SUP: 1336
39 48 78 #SUP: 445
39 48 79 #SUP: 508
39 48 89 #SUP: 1560
39 48 101 #SUP: 677
39 48 110 #SUP: 773
39 48 123 #SUP: 376
39 48 147 #SUP: 569
39 48 170 #SUP: 894
39 48 185 #SUP: 434
39 48 225 #SUP: 1058
39 48 237 #SUP: 911
39 48 249 #SUP: 362
39 48 255 #SUP: 618
39 48 258 #SUP: 344
39 48 270 #SUP: 569
39 48 271 #SUP: 639
39 48 301 #SUP: 350
39 48 310 #SUP: 981
39 48 338 #SUP: 382
39 48 413 #SUP: 448
39 48 438 #SUP: 546
39 48 475 #SUP: 825
39 48 533 #SUP: 466
39 48 548 #SUP: 341
39 48 592 #SUP: 414
39 48 604 #SUP: 406
39 48 677 #SUP: 333
39 48 783 #SUP: 357
39 48 1146 #SUP: 528
39 48 1327 #SUP: 699
39 48 1393 #SUP: 366
39 48 2238 #SUP: 586
39 48 2958 #SUP: 371
39 270 271 #SUP: 378
41 48 65 #SUP: 461
41 48 89 #SUP: 375
41 48 170 #SUP: 359
41 48 225 #SUP: 402
41 48 310 #SUP: 379
32 38 39 41 #SUP: 464
32 38 39 48 #SUP: 927
32 38 41 48 #SUP: 393
32 39 41 48 #SUP: 1176
32 39 48 89 #SUP: 335
36 38 39 41 #SUP: 404
36 38 39 48 #SUP: 824
37 38 39 48 #SUP: 332
38 39 41 48 #SUP: 1421
38 39 41 110 #SUP: 360
38 39 41 170 #SUP: 453
38 39 48 89 #SUP: 342
38 39 48 110 #SUP: 768
38 39 48 170 #SUP: 881
38 41 48 170 #SUP: 351
39 41 48 65 #SUP: 367
39 41 48 225 #SUP: 350
39 41 48 310 #SUP: 336
32 38 39 41 48 #SUP: 332
