2 #SUP: 103
7 #SUP: 101
8 #SUP: 106
9 #SUP: 100
10 #SUP: 111
11 #SUP: 103
13 #SUP: 104
16 #SUP: 115
17 #SUP: 103
18 #SUP: 107
20 #SUP: 100
24 #SUP: 108
25 #SUP: 116
26 #SUP: 101
27 #SUP: 100
29 #SUP: 108
31 #SUP: 105
33 #SUP: 113
34 #SUP: 106
36 #SUP: 106
40 #SUP: 113
41 #SUP: 102
43 #SUP: 104
47 #SUP: 103
50 #SUP: 116
54 #SUP: 102
56 #SUP: 106
60 #SUP: 102
62 #SUP: 103
65 #SUP: 105
68 #SUP: 104
72 #SUP: 107
74 #SUP: 115
77 #SUP: 103
78 #SUP: 113
84 #SUP: 104
86 #SUP: 104
91 #SUP: 100
93 #SUP: 120
94 #SUP: 108
101 #SUP: 110
102 #SUP: 108
104 #SUP: 106
105 #SUP: 108
106 #SUP: 120
107 #SUP: 118
108 #SUP: 121
111 #SUP: 102
112 #SUP: 108
113 #SUP: 109
114 #SUP: 112
116 #SUP: 104
122 #SUP: 121
124 #SUP: 103
127 #SUP: 100
130 #SUP: 118
132 #SUP: 128
135 #SUP: 107
136 #SUP: 104
137 #SUP: 112
138 #SUP: 102
140 #SUP: 101
141 #SUP: 109
142 #SUP: 105
144 #SUP: 111
145 #SUP: 113
150 #SUP: 111
153 #SUP: 110
155 #SUP: 111
157 #SUP: 107
158 #SUP: 110
163 #SUP: 106
164 #SUP: 103
166 #SUP: 107
170 #SUP: 104
171 #SUP: 106
172 #SUP: 104
174 #SUP: 105
175 #SUP: 106
177 #SUP: 106
180 #SUP: 108
181 #SUP: 106
182 #SUP: 106
185 #SUP: 103
188 #SUP: 101
189 #SUP: 124
192 #SUP: 110
194 #SUP: 121
196 #SUP: 108
199 #SUP: 102
201 #SUP: 112
202 #SUP: 101
203 #SUP: 104
204 #SUP: 100
205 #SUP: 103
207 #SUP: 113
208 #SUP: 100
213 #SUP: 102
214 #SUP: 111
215 #SUP: 104
220 #SUP: 105
221 #SUP: 109
222 #SUP: 110
224 #SUP: 109
225 #SUP: 103
227 #SUP: 108
228 #SUP: 114
229 #SUP: 102
230 #SUP: 105
231 #SUP: 104
234 #SUP: 105
237 #SUP: 124
238 #SUP: 104
239 #SUP: 108
243 #SUP: 115
245 #SUP: 102
248 #SUP: 101
249 #SUP: 112
250 #SUP: 103
252 #SUP: 104
254 #SUP: 118
255 #SUP: 123
256 #SUP: 102
257 #SUP: 109
258 #SUP: 102
260 #SUP: 110
262 #SUP: 102
263 #SUP: 102
266 #SUP: 101
269 #SUP: 107
270 #SUP: 110
274 #SUP: 111
277 #SUP: 102
280 #SUP: 104
281 #SUP: 103
283 #SUP: 112
284 #SUP: 102
285 #SUP: 109
287 #SUP: 109
288 #SUP: 101
289 #SUP: 111
290 #SUP: 114
291 #SUP: 114
292 #SUP: 120
293 #SUP: 104
294 #SUP: 132
295 #SUP: 114
296 #SUP: 101
297 #SUP: 107
298 #SUP: 103
299 #SUP: 104
303 #SUP: 110
304 #SUP: 102
305 #SUP: 127
307 #SUP: 103
309 #SUP: 101
312 #SUP: 108
313 #SUP: 105
314 #SUP: 109
316 #SUP: 109
317 #SUP: 114
318 #SUP: 103
321 #SUP: 100
324 #SUP: 108
325 #SUP: 138
327 #SUP: 100
334 #SUP: 125
338 #SUP: 112
340 #SUP: 105
341 #SUP: 102
343 #SUP: 108
344 #SUP: 101
345 #SUP: 102
347 #SUP: 103
350 #SUP: 107
353 #SUP: 117
354 #SUP: 102
355 #SUP: 100
356 #SUP: 117
357 #SUP: 121
358 #SUP: 104
359 #SUP: 101
360 #SUP: 113
361 #SUP: 107
362 #SUP: 113
363 #SUP: 101
365 #SUP: 109
366 #SUP: 104
368 #SUP: 107
369 #SUP: 101
370 #SUP: 109
375 #SUP: 105
377 #SUP: 104
378 #SUP: 108
379 #SUP: 100
383 #SUP: 108
390 #SUP: 116
391 #SUP: 107
392 #SUP: 104
393 #SUP: 108
394 #SUP: 103
397 #SUP: 124
398 #SUP: 106
400 #SUP: 116
401 #SUP: 113
407 #SUP: 113
408 #SUP: 100
409 #SUP: 110
410 #SUP: 100
411 #SUP: 111
412 #SUP: 103
413 #SUP: 116
414 #SUP: 106
415 #SUP: 119
416 #SUP: 111
423 #SUP: 100
424 #SUP: 101
425 #SUP: 110
426 #SUP: 104
428 #SUP: 112
429 #SUP: 109
433 #SUP: 111
438 #SUP: 102
439 #SUP: 109
440 #SUP: 105
441 #SUP: 100
449 #SUP: 109
450 #SUP: 103
456 #SUP: 123
457 #SUP: 105
459 #SUP: 102
461 #SUP: 113
462 #SUP: 106
464 #SUP: 111
465 #SUP: 103
467 #SUP: 121
468 #SUP: 114
469 #SUP: 107
470 #SUP: 109
471 #SUP: 102
474 #SUP: 115
476 #SUP: 110
477 #SUP: 106
478 #SUP: 100
479 #SUP: 100
480 #SUP: 100
485 #SUP: 114
489 #SUP: 103
490 #SUP: 109
491 #SUP: 110
493 #SUP: 100
495 #SUP: 100
497 #SUP: 107
500 #SUP: 115
501 #SUP: 102
502 #SUP: 108
508 #SUP: 102
511 #SUP: 101
513 #SUP: 109
514 #SUP: 114
515 #SUP: 107
516 #SUP: 112
517 #SUP: 116
519 #SUP: 116
521 #SUP: 109
522 #SUP: 100
523 #SUP: 100
529 #SUP: 103
530 #SUP: 108
532 #SUP: 108
533 #SUP: 104
536 #SUP: 115
537 #SUP: 109
539 #SUP: 117
540 #SUP: 108
542 #SUP: 111
543 #SUP: 105
547 #SUP: 113
548 #SUP: 108
549 #SUP: 135
550 #SUP: 108
552 #SUP: 109
553 #SUP: 115
554 #SUP: 102
555 #SUP: 102
556 #SUP: 110
557 #SUP: 103
558 #SUP: 101
559 #SUP: 104
560 #SUP: 102
561 #SUP: 100
562 #SUP: 113
564 #SUP: 111
567 #SUP: 119
568 #SUP: 105
570 #SUP: 112
572 #SUP: 100
573 #SUP: 100
574 #SUP: 104
575 #SUP: 104
576 #SUP: 109
577 #SUP: 106
579 #SUP: 103
581 #SUP: 104
583 #SUP: 117
585 #SUP: 101
586 #SUP: 106
588 #SUP: 102
592 #SUP: 103
596 #SUP: 101
597 #SUP: 116
599 #SUP: 101
600 #SUP: 111
601 #SUP: 107
602 #SUP: 115
605 #SUP: 110
608 #SUP: 100
609 #SUP: 102
611 #SUP: 120
612 #SUP: 102
613 #SUP: 107
614 #SUP: 107
619 #SUP: 114
621 #SUP: 109
622 #SUP: 114
623 #SUP: 112
626 #SUP: 116
628 #SUP: 105
631 #SUP: 117
632 #SUP: 112
633 #SUP: 108
635 #SUP: 109
636 #SUP: 110
637 #SUP: 120
638 #SUP: 119
639 #SUP: 112
640 #SUP: 104
642 #SUP: 101
643 #SUP: 103
644 #SUP: 107
646 #SUP: 100
647 #SUP: 112
648 #SUP: 101
649 #SUP: 109
654 #SUP: 120
655 #SUP: 102
656 #SUP: 105
658 #SUP: 101
659 #SUP: 116
661 #SUP: 109
663 #SUP: 101
666 #SUP: 109
667 #SUP: 107
670 #SUP: 102
671 #SUP: 118
672 #SUP: 114
674 #SUP: 110
676 #SUP: 113
677 #SUP: 109
684 #SUP: 115
688 #SUP: 109
694 #SUP: 108
695 #SUP: 105
698 #SUP: 100
699 #SUP: 104
700 #SUP: 110
705 #SUP: 102
706 #SUP: 116
707 #SUP: 105
709 #SUP: 107
710 #SUP: 105
711 #SUP: 106
712 #SUP: 114
716 #SUP: 100
717 #SUP: 111
718 #SUP: 102
720 #SUP: 117
725 #SUP: 101
726 #SUP: 111
727 #SUP: 106
729 #SUP: 112
733 #SUP: 102
734 #SUP: 101
735 #SUP: 106
736 #SUP: 101
738 #SUP: 100
741 #SUP: 102
742 #SUP: 104
743 #SUP: 118
746 #SUP: 104
747 #SUP: 109
749 #SUP: 109
750 #SUP: 108
753 #SUP: 110
756 #SUP: 114
757 #SUP: 114
758 #SUP: 110
761 #SUP: 103
762 #SUP: 112
763 #SUP: 105
765 #SUP: 102
766 #SUP: 125
767 #SUP: 107
769 #SUP: 103
770 #SUP: 102
771 #SUP: 115
777 #SUP: 111
782 #SUP: 100
783 #SUP: 114
785 #SUP: 100
786 #SUP: 122
787 #SUP: 105
788 #SUP: 105
789 #SUP: 101
791 #SUP: 107
792 #SUP: 117
795 #SUP: 104
798 #SUP: 123
799 #SUP: 102
800 #SUP: 108
803 #SUP: 101
804 #SUP: 106
805 #SUP: 103
806 #SUP: 107
808 #SUP: 120
815 #SUP: 109
818 #SUP: 111
819 #SUP: 103
821 #SUP: 106
823 #SUP: 104
824 #SUP: 101
828 #SUP: 106
829 #SUP: 102
832 #SUP: 103
834 #SUP: 105
842 #SUP: 109
844 #SUP: 105
846 #SUP: 114
847 #SUP: 108
848 #SUP: 102
851 #SUP: 105
852 #SUP: 107
854 #SUP: 111
855 #SUP: 114
857 #SUP: 102
858 #SUP: 104
859 #SUP: 103
863 #SUP: 104
865 #SUP: 100
867 #SUP: 109
868 #SUP: 107
873 #SUP: 107
875 #SUP: 108
876 #SUP: 107
880 #SUP: 110
881 #SUP: 100
882 #SUP: 103
883 #SUP: 117
884 #SUP: 121
887 #SUP: 116
891 #SUP: 101
892 #SUP: 105
896 #SUP: 109
900 #SUP: 102
903 #SUP: 101
904 #SUP: 106
905 #SUP: 107
907 #SUP: 100
908 #SUP: 113
909 #SUP: 105
910 #SUP: 110
912 #SUP: 101
913 #SUP: 114
914 #SUP: 108
917 #SUP: 107
919 #SUP: 108
922 #SUP: 106
924 #SUP: 100
925 #SUP: 107
926 #SUP: 101
928 #SUP: 110
930 #SUP: 115
932 #SUP: 113
933 #SUP: 103
935 #SUP: 112
936 #SUP: 104
938 #SUP: 104
940 #SUP: 116
942 #SUP: 100
944 #SUP: 113
947 #SUP: 114
953 #SUP: 104
954 #SUP: 105
959 #SUP: 101
961 #SUP: 107
963 #SUP: 115
965 #SUP: 102
966 #SUP: 113
967 #SUP: 112
968 #SUP: 108
969 #SUP: 100
970 #SUP: 101
973 #SUP: 101
975 #SUP: 102
978 #SUP: 101
979 #SUP: 101
980 #SUP: 104
983 #SUP: 107
985 #SUP: 108
987 #SUP: 102
991 #SUP: 110
997 #SUP: 120
999 #SUP: 114
1000 #SUP: 117
