1 #SUP: 398
2 #SUP: 418
3 #SUP: 417
4 #SUP: 425
5 #SUP: 385
6 #SUP: 410
7 #SUP: 440
8 #SUP: 356
9 #SUP: 404
10 #SUP: 399
11 #SUP: 393
12 #SUP: 404
13 #SUP: 384
14 #SUP: 406
15 #SUP: 382
16 #SUP: 409
17 #SUP: 392
18 #SUP: 370
19 #SUP: 403
20 #SUP: 427
21 #SUP: 382
22 #SUP: 396
23 #SUP: 397
24 #SUP: 379
25 #SUP: 398
26 #SUP: 397
27 #SUP: 382
28 #SUP: 410
29 #SUP: 400
30 #SUP: 411
31 #SUP: 409
32 #SUP: 436
33 #SUP: 421
34 #SUP: 367
35 #SUP: 426
36 #SUP: 427
37 #SUP: 411
38 #SUP: 418
39 #SUP: 390
40 #SUP: 415
41 #SUP: 423
42 #SUP: 421
43 #SUP: 386
44 #SUP: 410
45 #SUP: 377
46 #SUP: 374
47 #SUP: 407
48 #SUP: 414
49 #SUP: 423
50 #SUP: 403
51 #SUP: 401
52 #SUP: 408
53 #SUP: 429
54 #SUP: 413
55 #SUP: 410
56 #SUP: 401
57 #SUP: 417
58 #SUP: 402
59 #SUP: 379
60 #SUP: 387
61 #SUP: 389
62 #SUP: 425
63 #SUP: 398
64 #SUP: 405
65 #SUP: 382
66 #SUP: 425
67 #SUP: 414
68 #SUP: 390
69 #SUP: 425
70 #SUP: 423
71 #SUP: 385
72 #SUP: 395
73 #SUP: 381
74 #SUP: 413
75 #SUP: 429
76 #SUP: 395
77 #SUP: 391
78 #SUP: 417
79 #SUP: 433
80 #SUP: 403
81 #SUP: 395
82 #SUP: 414
83 #SUP: 394
84 #SUP: 421
85 #SUP: 378
86 #SUP: 440
87 #SUP: 386
88 #SUP: 436
89 #SUP: 436
90 #SUP: 433
91 #SUP: 423
92 #SUP: 407
93 #SUP: 424
94 #SUP: 420
95 #SUP: 421
96 #SUP: 398
97 #SUP: 422
98 #SUP: 409
99 #SUP: 391
100 #SUP: 411
101 #SUP: 391
102 #SUP: 426
103 #SUP: 389
104 #SUP: 396
105 #SUP: 405
106 #SUP: 421
107 #SUP: 413
108 #SUP: 431
109 #SUP: 394
110 #SUP: 401
111 #SUP: 460
112 #SUP: 387
113 #SUP: 419
114 #SUP: 390
115 #SUP: 448
116 #SUP: 375
117 #SUP: 420
118 #SUP: 417
119 #SUP: 406
120 #SUP: 383
121 #SUP: 431
122 #SUP: 423
123 #SUP: 443
124 #SUP: 428
125 #SUP: 400
126 #SUP: 421
127 #SUP: 410
128 #SUP: 423
129 #SUP: 433
130 #SUP: 395
131 #SUP: 398
132 #SUP: 424
133 #SUP: 394
134 #SUP: 417
135 #SUP: 405
136 #SUP: 401
137 #SUP: 410
138 #SUP: 421
139 #SUP: 413
140 #SUP: 426
141 #SUP: 413
142 #SUP: 394
143 #SUP: 400
144 #SUP: 449
145 #SUP: 370
146 #SUP: 377
147 #SUP: 442
148 #SUP: 393
149 #SUP: 392
150 #SUP: 397
151 #SUP: 418
152 #SUP: 443
153 #SUP: 416
154 #SUP: 420
155 #SUP: 395
156 #SUP: 400
157 #SUP: 421
158 #SUP: 370
159 #SUP: 440
160 #SUP: 392
161 #SUP: 437
162 #SUP: 387
163 #SUP: 430
164 #SUP: 422
165 #SUP: 396
166 #SUP: 456
167 #SUP: 413
168 #SUP: 395
169 #SUP: 403
170 #SUP: 399
171 #SUP: 412
172 #SUP: 375
173 #SUP: 426
174 #SUP: 392
175 #SUP: 420
176 #SUP: 397
177 #SUP: 396
178 #SUP: 409
179 #SUP: 397
180 #SUP: 412
181 #SUP: 389
182 #SUP: 365
183 #SUP: 415
184 #SUP: 435
185 #SUP: 407
186 #SUP: 390
187 #SUP: 406
188 #SUP: 418
189 #SUP: 376
190 #SUP: 420
191 #SUP: 384
192 #SUP: 402
193 #SUP: 402
194 #SUP: 423
195 #SUP: 416
196 #SUP: 465
197 #SUP: 415
198 #SUP: 412
199 #SUP: 422
200 #SUP: 370
201 #SUP: 426
202 #SUP: 395
203 #SUP: 383
204 #SUP: 420
205 #SUP: 388
206 #SUP: 412
207 #SUP: 404
208 #SUP: 399
209 #SUP: 456
210 #SUP: 397
211 #SUP: 447
212 #SUP: 396
213 #SUP: 438
214 #SUP: 379
215 #SUP: 423
216 #SUP: 425
217 #SUP: 417
218 #SUP: 431
219 #SUP: 395
220 #SUP: 412
221 #SUP: 423
222 #SUP: 438
223 #SUP: 395
224 #SUP: 404
225 #SUP: 400
226 #SUP: 403
227 #SUP: 431
228 #SUP: 408
229 #SUP: 426
230 #SUP: 457
231 #SUP: 414
232 #SUP: 406
233 #SUP: 406
234 #SUP: 402
235 #SUP: 388
236 #SUP: 420
237 #SUP: 393
238 #SUP: 400
239 #SUP: 425
240 #SUP: 418
241 #SUP: 418
242 #SUP: 422
243 #SUP: 409
244 #SUP: 424
245 #SUP: 352
246 #SUP: 407
247 #SUP: 386
248 #SUP: 389
249 #SUP: 402
250 #SUP: 400
251 #SUP: 407
252 #SUP: 401
253 #SUP: 389
254 #SUP: 387
255 #SUP: 442
256 #SUP: 427
257 #SUP: 391
258 #SUP: 400
259 #SUP: 409
260 #SUP: 403
261 #SUP: 397
262 #SUP: 399
263 #SUP: 401
264 #SUP: 405
265 #SUP: 438
266 #SUP: 388
267 #SUP: 429
268 #SUP: 415
269 #SUP: 436
270 #SUP: 429
271 #SUP: 415
272 #SUP: 402
273 #SUP: 387
274 #SUP: 386
275 #SUP: 422
276 #SUP: 388
277 #SUP: 410
278 #SUP: 370
279 #SUP: 379
280 #SUP: 415
281 #SUP: 388
282 #SUP: 368
283 #SUP: 389
284 #SUP: 391
285 #SUP: 391
286 #SUP: 378
287 #SUP: 391
288 #SUP: 367
289 #SUP: 420
290 #SUP: 387
291 #SUP: 390
292 #SUP: 402
293 #SUP: 350
294 #SUP: 437
295 #SUP: 408
296 #SUP: 412
297 #SUP: 394
298 #SUP: 434
299 #SUP: 436
300 #SUP: 391
301 #SUP: 402
302 #SUP: 397
303 #SUP: 422
304 #SUP: 413
305 #SUP: 398
306 #SUP: 411
307 #SUP: 430
308 #SUP: 403
309 #SUP: 378
310 #SUP: 403
311 #SUP: 436
312 #SUP: 427
313 #SUP: 424
314 #SUP: 444
315 #SUP: 402
316 #SUP: 446
317 #SUP: 419
318 #SUP: 423
319 #SUP: 390
320 #SUP: 443
321 #SUP: 406
322 #SUP: 435
323 #SUP: 434
324 #SUP: 403
325 #SUP: 442
326 #SUP: 432
327 #SUP: 412
328 #SUP: 390
329 #SUP: 413
330 #SUP: 410
331 #SUP: 376
332 #SUP: 412
333 #SUP: 391
334 #SUP: 411
335 #SUP: 402
336 #SUP: 406
337 #SUP: 424
338 #SUP: 381
339 #SUP: 404
340 #SUP: 379
341 #SUP: 441
342 #SUP: 382
343 #SUP: 388
344 #SUP: 448
345 #SUP: 419
346 #SUP: 404
347 #SUP: 392
348 #SUP: 423
349 #SUP: 379
350 #SUP: 400
351 #SUP: 431
352 #SUP: 381
353 #SUP: 398
354 #SUP: 395
355 #SUP: 412
356 #SUP: 421
357 #SUP: 400
358 #SUP: 371
359 #SUP: 448
360 #SUP: 386
361 #SUP: 397
362 #SUP: 365
363 #SUP: 388
364 #SUP: 384
365 #SUP: 393
366 #SUP: 427
367 #SUP: 419
368 #SUP: 433
369 #SUP: 396
370 #SUP: 415
371 #SUP: 420
372 #SUP: 404
373 #SUP: 423
374 #SUP: 421
375 #SUP: 406
376 #SUP: 390
377 #SUP: 401
378 #SUP: 420
379 #SUP: 424
380 #SUP: 417
381 #SUP: 409
382 #SUP: 384
383 #SUP: 424
384 #SUP: 375
385 #SUP: 403
386 #SUP: 402
387 #SUP: 408
388 #SUP: 434
389 #SUP: 406
390 #SUP: 419
391 #SUP: 390
392 #SUP: 393
393 #SUP: 405
394 #SUP: 426
395 #SUP: 420
396 #SUP: 393
397 #SUP: 444
398 #SUP: 420
399 #SUP: 413
400 #SUP: 426
401 #SUP: 426
402 #SUP: 431
403 #SUP: 412
404 #SUP: 454
405 #SUP: 393
406 #SUP: 383
407 #SUP: 437
408 #SUP: 412
409 #SUP: 386
410 #SUP: 374
411 #SUP: 418
412 #SUP: 420
413 #SUP: 380
414 #SUP: 407
415 #SUP: 395
416 #SUP: 421
417 #SUP: 382
418 #SUP: 396
419 #SUP: 433
420 #SUP: 424
421 #SUP: 401
422 #SUP: 401
423 #SUP: 429
424 #SUP: 432
425 #SUP: 395
426 #SUP: 442
427 #SUP: 419
428 #SUP: 405
429 #SUP: 396
430 #SUP: 412
431 #SUP: 420
432 #SUP: 396
433 #SUP: 414
434 #SUP: 425
435 #SUP: 409
436 #SUP: 423
437 #SUP: 427
438 #SUP: 393
439 #SUP: 405
440 #SUP: 377
441 #SUP: 445
442 #SUP: 393
443 #SUP: 432
444 #SUP: 410
445 #SUP: 394
446 #SUP: 401
447 #SUP: 397
448 #SUP: 372
449 #SUP: 407
450 #SUP: 387
451 #SUP: 413
452 #SUP: 396
453 #SUP: 408
454 #SUP: 360
455 #SUP: 424
456 #SUP: 415
457 #SUP: 406
458 #SUP: 402
459 #SUP: 388
460 #SUP: 400
461 #SUP: 409
462 #SUP: 377
463 #SUP: 392
464 #SUP: 396
465 #SUP: 411
466 #SUP: 409
467 #SUP: 437
468 #SUP: 409
469 #SUP: 461
470 #SUP: 400
471 #SUP: 404
472 #SUP: 414
473 #SUP: 414
474 #SUP: 396
475 #SUP: 391
476 #SUP: 443
477 #SUP: 405
478 #SUP: 427
479 #SUP: 382
480 #SUP: 430
481 #SUP: 431
482 #SUP: 393
483 #SUP: 404
484 #SUP: 424
485 #SUP: 431
486 #SUP: 413
487 #SUP: 399
488 #SUP: 415
489 #SUP: 413
490 #SUP: 404
491 #SUP: 383
492 #SUP: 442
493 #SUP: 401
494 #SUP: 404
495 #SUP: 383
496 #SUP: 432
497 #SUP: 430
498 #SUP: 435
499 #SUP: 399
500 #SUP: 399
501 #SUP: 426
502 #SUP: 429
503 #SUP: 414
504 #SUP: 382
505 #SUP: 402
506 #SUP: 388
507 #SUP: 424
508 #SUP: 377
509 #SUP: 389
510 #SUP: 401
511 #SUP: 383
512 #SUP: 395
513 #SUP: 375
514 #SUP: 390
515 #SUP: 421
516 #SUP: 406
517 #SUP: 417
518 #SUP: 409
519 #SUP: 424
520 #SUP: 419
521 #SUP: 430
522 #SUP: 409
523 #SUP: 394
524 #SUP: 432
525 #SUP: 406
526 #SUP: 405
527 #SUP: 408
528 #SUP: 392
529 #SUP: 405
530 #SUP: 435
531 #SUP: 390
532 #SUP: 430
533 #SUP: 393
534 #SUP: 415
535 #SUP: 409
536 #SUP: 442
537 #SUP: 405
538 #SUP: 411
539 #SUP: 416
540 #SUP: 422
541 #SUP: 472
542 #SUP: 410
543 #SUP: 402
544 #SUP: 411
545 #SUP: 399
546 #SUP: 414
547 #SUP: 426
548 #SUP: 416
549 #SUP: 398
550 #SUP: 393
551 #SUP: 469
552 #SUP: 410
553 #SUP: 426
554 #SUP: 379
555 #SUP: 406
556 #SUP: 404
557 #SUP: 402
558 #SUP: 393
559 #SUP: 356
560 #SUP: 397
561 #SUP: 362
562 #SUP: 427
563 #SUP: 405
564 #SUP: 394
565 #SUP: 407
566 #SUP: 417
567 #SUP: 415
568 #SUP: 400
569 #SUP: 428
570 #SUP: 411
571 #SUP: 357
572 #SUP: 381
573 #SUP: 418
574 #SUP: 395
575 #SUP: 381
576 #SUP: 419
577 #SUP: 407
578 #SUP: 429
579 #SUP: 412
580 #SUP: 396
581 #SUP: 414
582 #SUP: 413
583 #SUP: 402
584 #SUP: 386
585 #SUP: 403
586 #SUP: 416
587 #SUP: 403
588 #SUP: 398
589 #SUP: 388
590 #SUP: 408
591 #SUP: 389
592 #SUP: 403
593 #SUP: 388
594 #SUP: 429
595 #SUP: 387
596 #SUP: 433
597 #SUP: 423
598 #SUP: 397
599 #SUP: 415
600 #SUP: 386
601 #SUP: 382
602 #SUP: 421
603 #SUP: 403
604 #SUP: 386
605 #SUP: 434
606 #SUP: 411
607 #SUP: 394
608 #SUP: 439
609 #SUP: 418
610 #SUP: 400
611 #SUP: 398
612 #SUP: 449
613 #SUP: 431
614 #SUP: 429
615 #SUP: 394
616 #SUP: 421
617 #SUP: 380
618 #SUP: 396
619 #SUP: 430
620 #SUP: 402
621 #SUP: 435
622 #SUP: 400
623 #SUP: 399
624 #SUP: 430
625 #SUP: 401
626 #SUP: 432
627 #SUP: 410
628 #SUP: 439
629 #SUP: 423
630 #SUP: 408
631 #SUP: 403
632 #SUP: 440
633 #SUP: 411
634 #SUP: 404
635 #SUP: 409
636 #SUP: 402
637 #SUP: 407
638 #SUP: 425
639 #SUP: 384
640 #SUP: 417
641 #SUP: 419
642 #SUP: 430
643 #SUP: 398
644 #SUP: 383
645 #SUP: 443
646 #SUP: 431
647 #SUP: 401
648 #SUP: 391
649 #SUP: 398
650 #SUP: 416
651 #SUP: 439
652 #SUP: 428
653 #SUP: 454
654 #SUP: 398
655 #SUP: 427
656 #SUP: 420
657 #SUP: 418
658 #SUP: 407
659 #SUP: 427
660 #SUP: 390
661 #SUP: 396
662 #SUP: 410
663 #SUP: 425
664 #SUP: 394
665 #SUP: 427
666 #SUP: 375
667 #SUP: 428
668 #SUP: 404
669 #SUP: 414
670 #SUP: 407
671 #SUP: 400
672 #SUP: 399
673 #SUP: 413
674 #SUP: 436
675 #SUP: 441
676 #SUP: 390
677 #SUP: 416
678 #SUP: 414
679 #SUP: 384
680 #SUP: 447
681 #SUP: 385
682 #SUP: 421
683 #SUP: 455
684 #SUP: 411
685 #SUP: 434
686 #SUP: 444
687 #SUP: 362
688 #SUP: 429
689 #SUP: 411
690 #SUP: 412
691 #SUP: 464
692 #SUP: 396
693 #SUP: 374
694 #SUP: 411
695 #SUP: 432
696 #SUP: 388
697 #SUP: 417
698 #SUP: 397
699 #SUP: 369
700 #SUP: 403
701 #SUP: 403
702 #SUP: 412
703 #SUP: 396
704 #SUP: 443
705 #SUP: 426
706 #SUP: 425
707 #SUP: 399
708 #SUP: 412
709 #SUP: 429
710 #SUP: 403
711 #SUP: 372
712 #SUP: 397
713 #SUP: 403
714 #SUP: 422
715 #SUP: 371
716 #SUP: 416
717 #SUP: 385
718 #SUP: 429
719 #SUP: 399
720 #SUP: 387
721 #SUP: 383
722 #SUP: 442
723 #SUP: 446
724 #SUP: 413
725 #SUP: 410
726 #SUP: 389
727 #SUP: 414
728 #SUP: 390
729 #SUP: 427
730 #SUP: 428
731 #SUP: 401
732 #SUP: 391
733 #SUP: 391
734 #SUP: 399
735 #SUP: 431
736 #SUP: 412
737 #SUP: 408
738 #SUP: 414
739 #SUP: 384
740 #SUP: 405
741 #SUP: 409
742 #SUP: 455
743 #SUP: 386
744 #SUP: 381
745 #SUP: 378
746 #SUP: 399
747 #SUP: 397
748 #SUP: 410
749 #SUP: 419
750 #SUP: 397
751 #SUP: 405
752 #SUP: 395
753 #SUP: 382
754 #SUP: 368
755 #SUP: 452
756 #SUP: 365
757 #SUP: 445
758 #SUP: 420
759 #SUP: 381
760 #SUP: 405
761 #SUP: 418
762 #SUP: 400
763 #SUP: 397
764 #SUP: 416
765 #SUP: 386
766 #SUP: 409
767 #SUP: 389
768 #SUP: 409
769 #SUP: 391
770 #SUP: 426
771 #SUP: 400
772 #SUP: 381
773 #SUP: 400
774 #SUP: 410
775 #SUP: 397
776 #SUP: 408
777 #SUP: 398
778 #SUP: 406
779 #SUP: 407
780 #SUP: 422
781 #SUP: 405
782 #SUP: 402
783 #SUP: 401
784 #SUP: 414
785 #SUP: 442
786 #SUP: 391
787 #SUP: 433
788 #SUP: 403
789 #SUP: 396
790 #SUP: 401
791 #SUP: 385
792 #SUP: 418
793 #SUP: 442
794 #SUP: 418
795 #SUP: 423
796 #SUP: 384
797 #SUP: 386
798 #SUP: 390
799 #SUP: 408
800 #SUP: 392
801 #SUP: 412
802 #SUP: 405
803 #SUP: 393
804 #SUP: 387
805 #SUP: 374
806 #SUP: 415
807 #SUP: 401
808 #SUP: 387
809 #SUP: 407
810 #SUP: 406
811 #SUP: 449
812 #SUP: 390
813 #SUP: 390
814 #SUP: 405
815 #SUP: 437
816 #SUP: 416
817 #SUP: 385
818 #SUP: 405
819 #SUP: 380
820 #SUP: 397
821 #SUP: 415
822 #SUP: 404
823 #SUP: 395
824 #SUP: 402
825 #SUP: 432
826 #SUP: 389
827 #SUP: 396
828 #SUP: 394
829 #SUP: 432
830 #SUP: 381
831 #SUP: 427
832 #SUP: 419
833 #SUP: 462
834 #SUP: 385
835 #SUP: 387
836 #SUP: 408
837 #SUP: 437
838 #SUP: 418
839 #SUP: 374
840 #SUP: 411
841 #SUP: 396
842 #SUP: 420
843 #SUP: 417
844 #SUP: 458
845 #SUP: 401
846 #SUP: 403
847 #SUP: 371
848 #SUP: 391
849 #SUP: 380
850 #SUP: 409
851 #SUP: 443
852 #SUP: 394
853 #SUP: 414
854 #SUP: 442
855 #SUP: 425
856 #SUP: 444
857 #SUP: 395
858 #SUP: 420
859 #SUP: 404
860 #SUP: 392
861 #SUP: 422
862 #SUP: 361
863 #SUP: 421
864 #SUP: 388
865 #SUP: 417
866 #SUP: 407
867 #SUP: 423
868 #SUP: 434
869 #SUP: 405
870 #SUP: 418
871 #SUP: 397
872 #SUP: 428
873 #SUP: 376
874 #SUP: 386
875 #SUP: 420
876 #SUP: 414
877 #SUP: 416
878 #SUP: 444
879 #SUP: 417
880 #SUP: 392
881 #SUP: 390
882 #SUP: 438
883 #SUP: 415
884 #SUP: 414
885 #SUP: 403
886 #SUP: 425
887 #SUP: 399
888 #SUP: 416
889 #SUP: 457
890 #SUP: 376
891 #SUP: 407
892 #SUP: 418
893 #SUP: 415
894 #SUP: 437
895 #SUP: 449
896 #SUP: 389
897 #SUP: 385
898 #SUP: 407
899 #SUP: 415
900 #SUP: 425
901 #SUP: 407
902 #SUP: 394
903 #SUP: 397
904 #SUP: 397
905 #SUP: 397
906 #SUP: 435
907 #SUP: 413
908 #SUP: 394
909 #SUP: 451
910 #SUP: 434
911 #SUP: 390
912 #SUP: 432
913 #SUP: 401
914 #SUP: 407
915 #SUP: 361
916 #SUP: 420
917 #SUP: 408
918 #SUP: 411
919 #SUP: 383
920 #SUP: 401
921 #SUP: 374
922 #SUP: 438
923 #SUP: 434
924 #SUP: 418
925 #SUP: 426
926 #SUP: 409
927 #SUP: 405
928 #SUP: 406
929 #SUP: 403
930 #SUP: 397
931 #SUP: 419
932 #SUP: 386
933 #SUP: 417
934 #SUP: 422
935 #SUP: 420
936 #SUP: 418
937 #SUP: 414
938 #SUP: 396
939 #SUP: 416
940 #SUP: 379
941 #SUP: 413
942 #SUP: 402
943 #SUP: 428
944 #SUP: 416
945 #SUP: 382
946 #SUP: 407
947 #SUP: 410
948 #SUP: 414
949 #SUP: 398
950 #SUP: 421
951 #SUP: 410
952 #SUP: 394
953 #SUP: 389
954 #SUP: 387
955 #SUP: 387
956 #SUP: 420
957 #SUP: 385
958 #SUP: 432
959 #SUP: 406
960 #SUP: 435
961 #SUP: 442
962 #SUP: 408
963 #SUP: 404
964 #SUP: 415
965 #SUP: 382
966 #SUP: 433
967 #SUP: 381
968 #SUP: 432
969 #SUP: 401
970 #SUP: 419
971 #SUP: 393
972 #SUP: 406
973 #SUP: 396
974 #SUP: 420
975 #SUP: 420
976 #SUP: 416
977 #SUP: 411
978 #SUP: 440
979 #SUP: 394
980 #SUP: 417
981 #SUP: 416
982 #SUP: 397
983 #SUP: 417
984 #SUP: 417
985 #SUP: 411
986 #SUP: 385
987 #SUP: 423
988 #SUP: 386
989 #SUP: 425
990 #SUP: 418
991 #SUP: 401
992 #SUP: 419
993 #SUP: 423
994 #SUP: 447
995 #SUP: 389
996 #SUP: 397
997 #SUP: 409
998 #SUP: 435
999 #SUP: 434
1000 #SUP: 398
