1 #SUP: 222
2 #SUP: 232
3 #SUP: 210
4 #SUP: 185
5 #SUP: 195
6 #SUP: 200
7 #SUP: 182
8 #SUP: 204
9 #SUP: 225
10 #SUP: 195
11 #SUP: 195
12 #SUP: 195
13 #SUP: 191
14 #SUP: 196
15 #SUP: 195
16 #SUP: 192
17 #SUP: 195
18 #SUP: 188
19 #SUP: 188
20 #SUP: 186
21 #SUP: 215
22 #SUP: 180
23 #SUP: 174
24 #SUP: 213
25 #SUP: 208
26 #SUP: 203
27 #SUP: 205
28 #SUP: 203
29 #SUP: 191
30 #SUP: 203
31 #SUP: 180
32 #SUP: 205
33 #SUP: 208
34 #SUP: 227
35 #SUP: 197
36 #SUP: 182
37 #SUP: 209
38 #SUP: 188
39 #SUP: 215
40 #SUP: 200
41 #SUP: 185
42 #SUP: 186
43 #SUP: 202
44 #SUP: 217
45 #SUP: 200
46 #SUP: 192
47 #SUP: 186
48 #SUP: 222
49 #SUP: 194
50 #SUP: 184
51 #SUP: 190
52 #SUP: 210
53 #SUP: 192
54 #SUP: 204
55 #SUP: 199
56 #SUP: 198
57 #SUP: 222
58 #SUP: 181
59 #SUP: 208
60 #SUP: 202
61 #SUP: 207
62 #SUP: 176
63 #SUP: 226
64 #SUP: 211
65 #SUP: 228
66 #SUP: 196
67 #SUP: 193
68 #SUP: 210
69 #SUP: 196
70 #SUP: 180
71 #SUP: 198
72 #SUP: 185
73 #SUP: 197
74 #SUP: 209
75 #SUP: 195
76 #SUP: 191
77 #SUP: 208
78 #SUP: 204
79 #SUP: 191
80 #SUP: 194
81 #SUP: 190
82 #SUP: 216
83 #SUP: 208
84 #SUP: 197
85 #SUP: 200
86 #SUP: 191
87 #SUP: 190
88 #SUP: 211
89 #SUP: 223
90 #SUP: 190
91 #SUP: 191
92 #SUP: 228
93 #SUP: 189
94 #SUP: 204
95 #SUP: 172
96 #SUP: 200
97 #SUP: 195
98 #SUP: 215
99 #SUP: 195
100 #SUP: 179
101 #SUP: 192
102 #SUP: 196
103 #SUP: 185
104 #SUP: 185
105 #SUP: 196
106 #SUP: 197
107 #SUP: 225
108 #SUP: 196
109 #SUP: 195
110 #SUP: 196
111 #SUP: 212
112 #SUP: 178
113 #SUP: 207
114 #SUP: 216
115 #SUP: 205
116 #SUP: 211
117 #SUP: 193
118 #SUP: 189
119 #SUP: 197
120 #SUP: 186
121 #SUP: 185
122 #SUP: 192
123 #SUP: 205
124 #SUP: 191
125 #SUP: 217
126 #SUP: 216
127 #SUP: 190
128 #SUP: 197
129 #SUP: 201
130 #SUP: 198
131 #SUP: 186
132 #SUP: 214
133 #SUP: 200
134 #SUP: 197
135 #SUP: 198
136 #SUP: 190
137 #SUP: 211
138 #SUP: 197
139 #SUP: 210
140 #SUP: 222
141 #SUP: 196
142 #SUP: 188
143 #SUP: 213
144 #SUP: 186
145 #SUP: 198
146 #SUP: 193
147 #SUP: 190
148 #SUP: 215
149 #SUP: 187
150 #SUP: 218
151 #SUP: 192
152 #SUP: 194
153 #SUP: 180
154 #SUP: 191
155 #SUP: 225
156 #SUP: 198
157 #SUP: 200
158 #SUP: 182
159 #SUP: 194
160 #SUP: 195
161 #SUP: 183
162 #SUP: 200
163 #SUP: 178
164 #SUP: 223
165 #SUP: 185
166 #SUP: 203
167 #SUP: 195
168 #SUP: 184
169 #SUP: 176
170 #SUP: 182
171 #SUP: 210
172 #SUP: 189
173 #SUP: 203
174 #SUP: 212
175 #SUP: 215
176 #SUP: 205
177 #SUP: 201
178 #SUP: 195
179 #SUP: 195
180 #SUP: 208
181 #SUP: 219
182 #SUP: 190
183 #SUP: 198
184 #SUP: 191
185 #SUP: 201
186 #SUP: 174
187 #SUP: 188
188 #SUP: 214
189 #SUP: 232
190 #SUP: 197
191 #SUP: 218
192 #SUP: 208
193 #SUP: 218
194 #SUP: 217
195 #SUP: 192
196 #SUP: 187
197 #SUP: 180
198 #SUP: 198
199 #SUP: 201
200 #SUP: 197
201 #SUP: 231
202 #SUP: 199
203 #SUP: 209
204 #SUP: 205
205 #SUP: 198
206 #SUP: 179
207 #SUP: 225
208 #SUP: 203
209 #SUP: 202
210 #SUP: 171
211 #SUP: 211
212 #SUP: 230
213 #SUP: 209
214 #SUP: 171
215 #SUP: 212
216 #SUP: 195
217 #SUP: 191
218 #SUP: 204
219 #SUP: 225
220 #SUP: 170
221 #SUP: 201
222 #SUP: 186
223 #SUP: 217
224 #SUP: 210
225 #SUP: 213
226 #SUP: 202
227 #SUP: 214
228 #SUP: 213
229 #SUP: 231
230 #SUP: 208
231 #SUP: 170
232 #SUP: 205
233 #SUP: 167
234 #SUP: 186
235 #SUP: 219
236 #SUP: 197
237 #SUP: 210
238 #SUP: 191
239 #SUP: 185
240 #SUP: 204
241 #SUP: 207
242 #SUP: 199
243 #SUP: 190
244 #SUP: 173
245 #SUP: 190
246 #SUP: 204
247 #SUP: 173
248 #SUP: 200
249 #SUP: 193
250 #SUP: 198
251 #SUP: 188
252 #SUP: 211
253 #SUP: 185
254 #SUP: 191
255 #SUP: 194
256 #SUP: 184
257 #SUP: 180
258 #SUP: 180
259 #SUP: 196
260 #SUP: 187
261 #SUP: 199
262 #SUP: 210
263 #SUP: 193
264 #SUP: 188
265 #SUP: 195
266 #SUP: 213
267 #SUP: 202
268 #SUP: 206
269 #SUP: 214
270 #SUP: 190
271 #SUP: 188
272 #SUP: 169
273 #SUP: 220
274 #SUP: 196
275 #SUP: 200
276 #SUP: 196
277 #SUP: 182
278 #SUP: 215
279 #SUP: 212
280 #SUP: 205
281 #SUP: 200
282 #SUP: 207
283 #SUP: 209
284 #SUP: 204
285 #SUP: 211
286 #SUP: 203
287 #SUP: 203
288 #SUP: 194
289 #SUP: 202
290 #SUP: 207
291 #SUP: 188
292 #SUP: 205
293 #SUP: 195
294 #SUP: 201
295 #SUP: 211
296 #SUP: 225
297 #SUP: 188
298 #SUP: 203
299 #SUP: 218
300 #SUP: 207
301 #SUP: 170
302 #SUP: 206
303 #SUP: 192
304 #SUP: 213
305 #SUP: 214
306 #SUP: 206
307 #SUP: 198
308 #SUP: 175
309 #SUP: 227
310 #SUP: 197
311 #SUP: 201
312 #SUP: 202
313 #SUP: 185
314 #SUP: 204
315 #SUP: 202
316 #SUP: 192
317 #SUP: 213
318 #SUP: 226
319 #SUP: 219
320 #SUP: 180
321 #SUP: 188
322 #SUP: 205
323 #SUP: 187
324 #SUP: 212
325 #SUP: 215
326 #SUP: 192
327 #SUP: 177
328 #SUP: 177
329 #SUP: 208
330 #SUP: 189
331 #SUP: 171
332 #SUP: 215
333 #SUP: 218
334 #SUP: 180
335 #SUP: 198
336 #SUP: 207
337 #SUP: 214
338 #SUP: 211
339 #SUP: 188
340 #SUP: 195
341 #SUP: 205
342 #SUP: 175
343 #SUP: 204
344 #SUP: 188
345 #SUP: 194
346 #SUP: 205
347 #SUP: 224
348 #SUP: 194
349 #SUP: 168
350 #SUP: 190
351 #SUP: 209
352 #SUP: 200
353 #SUP: 204
354 #SUP: 188
355 #SUP: 229
356 #SUP: 211
357 #SUP: 185
358 #SUP: 181
359 #SUP: 212
360 #SUP: 190
361 #SUP: 195
362 #SUP: 197
363 #SUP: 217
364 #SUP: 194
365 #SUP: 206
366 #SUP: 196
367 #SUP: 191
368 #SUP: 192
369 #SUP: 208
370 #SUP: 214
371 #SUP: 199
372 #SUP: 200
373 #SUP: 203
374 #SUP: 201
375 #SUP: 205
376 #SUP: 185
377 #SUP: 195
378 #SUP: 197
379 #SUP: 194
380 #SUP: 209
381 #SUP: 194
382 #SUP: 194
383 #SUP: 182
384 #SUP: 181
385 #SUP: 225
386 #SUP: 208
387 #SUP: 195
388 #SUP: 173
389 #SUP: 196
390 #SUP: 189
391 #SUP: 187
392 #SUP: 204
393 #SUP: 194
394 #SUP: 185
395 #SUP: 193
396 #SUP: 189
397 #SUP: 203
398 #SUP: 207
399 #SUP: 226
400 #SUP: 204
401 #SUP: 190
402 #SUP: 216
403 #SUP: 204
404 #SUP: 196
405 #SUP: 209
406 #SUP: 184
407 #SUP: 192
408 #SUP: 189
409 #SUP: 195
410 #SUP: 193
411 #SUP: 216
412 #SUP: 197
413 #SUP: 195
414 #SUP: 215
415 #SUP: 203
416 #SUP: 208
417 #SUP: 208
418 #SUP: 194
419 #SUP: 237
420 #SUP: 188
421 #SUP: 209
422 #SUP: 186
423 #SUP: 216
424 #SUP: 224
425 #SUP: 182
426 #SUP: 164
427 #SUP: 173
428 #SUP: 217
429 #SUP: 215
430 #SUP: 193
431 #SUP: 197
432 #SUP: 196
433 #SUP: 201
434 #SUP: 205
435 #SUP: 205
436 #SUP: 195
437 #SUP: 205
438 #SUP: 181
439 #SUP: 186
440 #SUP: 209
441 #SUP: 190
442 #SUP: 193
443 #SUP: 213
444 #SUP: 202
445 #SUP: 212
446 #SUP: 172
447 #SUP: 204
448 #SUP: 198
449 #SUP: 217
450 #SUP: 195
451 #SUP: 210
452 #SUP: 185
453 #SUP: 223
454 #SUP: 196
455 #SUP: 203
456 #SUP: 195
457 #SUP: 187
458 #SUP: 186
459 #SUP: 220
460 #SUP: 207
461 #SUP: 195
462 #SUP: 184
463 #SUP: 212
464 #SUP: 206
465 #SUP: 195
466 #SUP: 192
467 #SUP: 208
468 #SUP: 207
469 #SUP: 210
470 #SUP: 212
471 #SUP: 218
472 #SUP: 222
473 #SUP: 202
474 #SUP: 195
475 #SUP: 211
476 #SUP: 162
477 #SUP: 194
478 #SUP: 191
479 #SUP: 204
480 #SUP: 174
481 #SUP: 202
482 #SUP: 203
483 #SUP: 202
484 #SUP: 209
485 #SUP: 210
486 #SUP: 197
487 #SUP: 188
488 #SUP: 223
489 #SUP: 204
490 #SUP: 193
491 #SUP: 208
492 #SUP: 211
493 #SUP: 187
494 #SUP: 212
495 #SUP: 209
496 #SUP: 165
497 #SUP: 187
498 #SUP: 193
499 #SUP: 193
500 #SUP: 211
501 #SUP: 218
502 #SUP: 204
503 #SUP: 186
504 #SUP: 166
505 #SUP: 195
506 #SUP: 198
507 #SUP: 177
508 #SUP: 189
509 #SUP: 196
510 #SUP: 182
511 #SUP: 205
512 #SUP: 189
513 #SUP: 212
514 #SUP: 207
515 #SUP: 218
516 #SUP: 210
517 #SUP: 197
518 #SUP: 179
519 #SUP: 210
520 #SUP: 190
521 #SUP: 219
522 #SUP: 198
523 #SUP: 186
524 #SUP: 178
525 #SUP: 189
526 #SUP: 194
527 #SUP: 177
528 #SUP: 211
529 #SUP: 206
530 #SUP: 196
531 #SUP: 221
532 #SUP: 190
533 #SUP: 200
534 #SUP: 200
535 #SUP: 192
536 #SUP: 195
537 #SUP: 216
538 #SUP: 199
539 #SUP: 193
540 #SUP: 187
541 #SUP: 198
542 #SUP: 214
543 #SUP: 196
544 #SUP: 202
545 #SUP: 199
546 #SUP: 189
547 #SUP: 187
548 #SUP: 208
549 #SUP: 179
550 #SUP: 192
551 #SUP: 205
552 #SUP: 187
553 #SUP: 205
554 #SUP: 206
555 #SUP: 207
556 #SUP: 181
557 #SUP: 196
558 #SUP: 204
559 #SUP: 188
560 #SUP: 191
561 #SUP: 198
562 #SUP: 195
563 #SUP: 176
564 #SUP: 153
565 #SUP: 208
566 #SUP: 191
567 #SUP: 197
568 #SUP: 206
569 #SUP: 199
570 #SUP: 191
571 #SUP: 208
572 #SUP: 213
573 #SUP: 158
574 #SUP: 217
575 #SUP: 190
576 #SUP: 210
577 #SUP: 182
578 #SUP: 183
579 #SUP: 172
580 #SUP: 190
581 #SUP: 175
582 #SUP: 201
583 #SUP: 214
584 #SUP: 174
585 #SUP: 214
586 #SUP: 196
587 #SUP: 186
588 #SUP: 192
589 #SUP: 191
590 #SUP: 231
591 #SUP: 208
592 #SUP: 204
593 #SUP: 184
594 #SUP: 188
595 #SUP: 212
596 #SUP: 210
597 #SUP: 198
598 #SUP: 196
599 #SUP: 192
600 #SUP: 196
601 #SUP: 203
602 #SUP: 189
603 #SUP: 211
604 #SUP: 193
605 #SUP: 204
606 #SUP: 228
607 #SUP: 192
608 #SUP: 180
609 #SUP: 202
610 #SUP: 182
611 #SUP: 190
612 #SUP: 191
613 #SUP: 190
614 #SUP: 198
615 #SUP: 198
616 #SUP: 216
617 #SUP: 216
618 #SUP: 209
619 #SUP: 176
620 #SUP: 199
621 #SUP: 183
622 #SUP: 201
623 #SUP: 185
624 #SUP: 205
625 #SUP: 217
626 #SUP: 201
627 #SUP: 209
628 #SUP: 208
629 #SUP: 183
630 #SUP: 202
631 #SUP: 204
632 #SUP: 174
633 #SUP: 208
634 #SUP: 184
635 #SUP: 170
636 #SUP: 194
637 #SUP: 188
638 #SUP: 175
639 #SUP: 188
640 #SUP: 191
641 #SUP: 205
642 #SUP: 180
643 #SUP: 198
644 #SUP: 208
645 #SUP: 219
646 #SUP: 189
647 #SUP: 228
648 #SUP: 219
649 #SUP: 193
650 #SUP: 200
651 #SUP: 195
652 #SUP: 192
653 #SUP: 203
654 #SUP: 199
655 #SUP: 186
656 #SUP: 204
657 #SUP: 182
658 #SUP: 188
659 #SUP: 209
660 #SUP: 185
661 #SUP: 196
662 #SUP: 185
663 #SUP: 202
664 #SUP: 203
665 #SUP: 199
666 #SUP: 205
667 #SUP: 182
668 #SUP: 221
669 #SUP: 199
670 #SUP: 202
671 #SUP: 189
672 #SUP: 204
673 #SUP: 187
674 #SUP: 195
675 #SUP: 209
676 #SUP: 177
677 #SUP: 190
678 #SUP: 194
679 #SUP: 186
680 #SUP: 206
681 #SUP: 210
682 #SUP: 213
683 #SUP: 189
684 #SUP: 177
685 #SUP: 191
686 #SUP: 182
687 #SUP: 185
688 #SUP: 217
689 #SUP: 180
690 #SUP: 206
691 #SUP: 199
692 #SUP: 222
693 #SUP: 204
694 #SUP: 187
695 #SUP: 202
696 #SUP: 210
697 #SUP: 178
698 #SUP: 193
699 #SUP: 217
700 #SUP: 177
701 #SUP: 186
702 #SUP: 212
703 #SUP: 183
704 #SUP: 198
705 #SUP: 210
706 #SUP: 196
707 #SUP: 194
708 #SUP: 210
709 #SUP: 184
710 #SUP: 203
711 #SUP: 208
712 #SUP: 196
713 #SUP: 169
714 #SUP: 215
715 #SUP: 198
716 #SUP: 199
717 #SUP: 185
718 #SUP: 189
719 #SUP: 206
720 #SUP: 184
721 #SUP: 215
722 #SUP: 221
723 #SUP: 187
724 #SUP: 209
725 #SUP: 188
726 #SUP: 196
727 #SUP: 186
728 #SUP: 200
729 #SUP: 217
730 #SUP: 190
731 #SUP: 166
732 #SUP: 206
733 #SUP: 210
734 #SUP: 210
735 #SUP: 202
736 #SUP: 195
737 #SUP: 186
738 #SUP: 198
739 #SUP: 193
740 #SUP: 191
741 #SUP: 206
742 #SUP: 196
743 #SUP: 184
744 #SUP: 199
745 #SUP: 202
746 #SUP: 232
747 #SUP: 164
748 #SUP: 200
749 #SUP: 202
750 #SUP: 206
751 #SUP: 200
752 #SUP: 186
753 #SUP: 186
754 #SUP: 201
755 #SUP: 164
756 #SUP: 194
757 #SUP: 234
758 #SUP: 205
759 #SUP: 196
760 #SUP: 215
761 #SUP: 206
762 #SUP: 214
763 #SUP: 182
764 #SUP: 217
765 #SUP: 194
766 #SUP: 217
767 #SUP: 213
768 #SUP: 213
769 #SUP: 187
770 #SUP: 176
771 #SUP: 206
772 #SUP: 197
773 #SUP: 199
774 #SUP: 188
775 #SUP: 209
776 #SUP: 196
777 #SUP: 200
778 #SUP: 191
779 #SUP: 193
780 #SUP: 219
781 #SUP: 195
782 #SUP: 210
783 #SUP: 211
784 #SUP: 219
785 #SUP: 213
786 #SUP: 195
787 #SUP: 224
788 #SUP: 176
789 #SUP: 191
790 #SUP: 204
791 #SUP: 185
792 #SUP: 212
793 #SUP: 179
794 #SUP: 217
795 #SUP: 187
796 #SUP: 214
797 #SUP: 210
798 #SUP: 193
799 #SUP: 189
800 #SUP: 185
801 #SUP: 208
802 #SUP: 211
803 #SUP: 202
804 #SUP: 208
805 #SUP: 200
806 #SUP: 202
807 #SUP: 213
808 #SUP: 189
809 #SUP: 232
810 #SUP: 170
811 #SUP: 200
812 #SUP: 199
813 #SUP: 198
814 #SUP: 226
815 #SUP: 202
816 #SUP: 211
817 #SUP: 178
818 #SUP: 192
819 #SUP: 230
820 #SUP: 195
821 #SUP: 199
822 #SUP: 195
823 #SUP: 201
824 #SUP: 185
825 #SUP: 203
826 #SUP: 195
827 #SUP: 181
828 #SUP: 209
829 #SUP: 199
830 #SUP: 194
831 #SUP: 201
832 #SUP: 177
833 #SUP: 199
834 #SUP: 220
835 #SUP: 218
836 #SUP: 207
837 #SUP: 196
838 #SUP: 179
839 #SUP: 215
840 #SUP: 193
841 #SUP: 203
842 #SUP: 191
843 #SUP: 208
844 #SUP: 181
845 #SUP: 221
846 #SUP: 184
847 #SUP: 205
848 #SUP: 207
849 #SUP: 189
850 #SUP: 202
851 #SUP: 229
852 #SUP: 185
853 #SUP: 186
854 #SUP: 191
855 #SUP: 197
856 #SUP: 183
857 #SUP: 209
858 #SUP: 212
859 #SUP: 178
860 #SUP: 212
861 #SUP: 194
862 #SUP: 188
863 #SUP: 205
864 #SUP: 190
865 #SUP: 205
866 #SUP: 163
867 #SUP: 209
868 #SUP: 216
869 #SUP: 215
870 #SUP: 198
871 #SUP: 197
872 #SUP: 207
873 #SUP: 191
874 #SUP: 202
875 #SUP: 199
876 #SUP: 200
877 #SUP: 202
878 #SUP: 186
879 #SUP: 183
880 #SUP: 177
881 #SUP: 191
882 #SUP: 204
883 #SUP: 176
884 #SUP: 193
885 #SUP: 202
886 #SUP: 175
887 #SUP: 213
888 #SUP: 216
889 #SUP: 186
890 #SUP: 198
891 #SUP: 183
892 #SUP: 182
893 #SUP: 208
894 #SUP: 215
895 #SUP: 197
896 #SUP: 214
897 #SUP: 198
898 #SUP: 201
899 #SUP: 180
900 #SUP: 207
901 #SUP: 210
902 #SUP: 203
903 #SUP: 208
904 #SUP: 188
905 #SUP: 212
906 #SUP: 210
907 #SUP: 166
908 #SUP: 193
909 #SUP: 167
910 #SUP: 186
911 #SUP: 200
912 #SUP: 207
913 #SUP: 214
914 #SUP: 199
915 #SUP: 211
916 #SUP: 220
917 #SUP: 198
918 #SUP: 221
919 #SUP: 210
920 #SUP: 185
921 #SUP: 181
922 #SUP: 194
923 #SUP: 182
924 #SUP: 176
925 #SUP: 201
926 #SUP: 197
927 #SUP: 194
928 #SUP: 197
929 #SUP: 191
930 #SUP: 205
931 #SUP: 199
932 #SUP: 219
933 #SUP: 191
934 #SUP: 210
935 #SUP: 189
936 #SUP: 238
937 #SUP: 218
938 #SUP: 208
939 #SUP: 185
940 #SUP: 190
941 #SUP: 204
942 #SUP: 195
943 #SUP: 205
944 #SUP: 200
945 #SUP: 177
946 #SUP: 181
947 #SUP: 202
948 #SUP: 220
949 #SUP: 198
950 #SUP: 184
951 #SUP: 211
952 #SUP: 155
953 #SUP: 194
954 #SUP: 186
955 #SUP: 183
956 #SUP: 186
957 #SUP: 187
958 #SUP: 195
959 #SUP: 200
960 #SUP: 199
961 #SUP: 206
962 #SUP: 194
963 #SUP: 182
964 #SUP: 205
965 #SUP: 198
966 #SUP: 190
967 #SUP: 196
968 #SUP: 180
969 #SUP: 201
970 #SUP: 193
971 #SUP: 203
972 #SUP: 199
973 #SUP: 216
974 #SUP: 189
975 #SUP: 232
976 #SUP: 176
977 #SUP: 204
978 #SUP: 218
979 #SUP: 201
980 #SUP: 227
981 #SUP: 181
982 #SUP: 179
983 #SUP: 205
984 #SUP: 197
985 #SUP: 180
986 #SUP: 199
987 #SUP: 223
988 #SUP: 197
989 #SUP: 184
990 #SUP: 228
991 #SUP: 197
992 #SUP: 220
993 #SUP: 218
994 #SUP: 237
995 #SUP: 190
996 #SUP: 225
997 #SUP: 225
998 #SUP: 188
999 #SUP: 210
1000 #SUP: 194
