6 #SUP: 2149
8 #SUP: 3090
12 #SUP: 3415
21 #SUP: 2666
27 #SUP: 2165
32 #SUP: 4248
38 #SUP: 2402
39 #SUP: 4258
48 #SUP: 2472
54 #SUP: 2595
57 #SUP: 2743
69 #SUP: 2370
70 #SUP: 2411
71 #SUP: 3507
72 #SUP: 2852
73 #SUP: 2179
75 #SUP: 3151
78 #SUP: 2471
93 #SUP: 2777
112 #SUP: 2680
116 #SUP: 2193
120 #SUP: 4973
132 #SUP: 2641
140 #SUP: 2687
145 #SUP: 4559
151 #SUP: 2611
161 #SUP: 2320
175 #SUP: 2791
177 #SUP: 4629
183 #SUP: 3883
192 #SUP: 2004
196 #SUP: 2096
204 #SUP: 2174
205 #SUP: 3605
210 #SUP: 2009
217 #SUP: 5375
229 #SUP: 2281
236 #SUP: 2618
239 #SUP: 2742
242 #SUP: 2325
274 #SUP: 2628
276 #SUP: 2479
279 #SUP: 3014
280 #SUP: 2108
283 #SUP: 4082
285 #SUP: 2600
296 #SUP: 2210
334 #SUP: 2146
346 #SUP: 3470
349 #SUP: 2041
350 #SUP: 3069
354 #SUP: 5835
362 #SUP: 4388
368 #SUP: 7828
373 #SUP: 2007
381 #SUP: 2959
387 #SUP: 2089
390 #SUP: 2685
392 #SUP: 2420
401 #SUP: 3667
411 #SUP: 2047
413 #SUP: 2637
419 #SUP: 5057
438 #SUP: 4511
450 #SUP: 2082
460 #SUP: 4438
470 #SUP: 4137
471 #SUP: 2894
472 #SUP: 2125
477 #SUP: 2462
480 #SUP: 2309
487 #SUP: 3135
489 #SUP: 3420
494 #SUP: 5102
509 #SUP: 3044
510 #SUP: 3281
522 #SUP: 2725
523 #SUP: 2244
526 #SUP: 2793
529 #SUP: 7057
538 #SUP: 3982
541 #SUP: 3735
548 #SUP: 2843
561 #SUP: 2783
569 #SUP: 2835
571 #SUP: 2902
579 #SUP: 2164
581 #SUP: 2943
593 #SUP: 2601
597 #SUP: 2883
598 #SUP: 3219
606 #SUP: 2668
614 #SUP: 3134
617 #SUP: 2614
620 #SUP: 2100
631 #SUP: 2793
634 #SUP: 2492
638 #SUP: 2288
653 #SUP: 2634
661 #SUP: 2693
663 #SUP: 2354
674 #SUP: 2527
675 #SUP: 2976
676 #SUP: 2717
682 #SUP: 4132
684 #SUP: 5408
692 #SUP: 4993
694 #SUP: 2847
720 #SUP: 3864
722 #SUP: 5845
738 #SUP: 2129
744 #SUP: 2177
752 #SUP: 2578
758 #SUP: 2860
766 #SUP: 6265
774 #SUP: 2046
775 #SUP: 3771
778 #SUP: 2514
780 #SUP: 2306
782 #SUP: 2767
788 #SUP: 2386
789 #SUP: 4309
793 #SUP: 3063
795 #SUP: 3361
797 #SUP: 2684
798 #SUP: 3103
803 #SUP: 2237
809 #SUP: 2163
825 #SUP: 3085
826 #SUP: 2022
829 #SUP: 6810
832 #SUP: 2062
844 #SUP: 2814
854 #SUP: 2847
862 #SUP: 3649
871 #SUP: 2810
874 #SUP: 2237
878 #SUP: 2047
883 #SUP: 4902
885 #SUP: 3043
886 #SUP: 3053
888 #SUP: 3686
895 #SUP: 3385
914 #SUP: 4037
918 #SUP: 3012
919 #SUP: 3710
921 #SUP: 2425
937 #SUP: 4681
944 #SUP: 2794
947 #SUP: 3690
956 #SUP: 3626
960 #SUP: 2732
966 #SUP: 3921
970 #SUP: 2086
998 #SUP: 2713
