1 #SUP: 1535
4 #SUP: 1394
5 #SUP: 1094
6 #SUP: 2149
7 #SUP: 997
8 #SUP: 3090
10 #SUP: 1351
12 #SUP: 3415
17 #SUP: 1683
18 #SUP: 813
21 #SUP: 2666
25 #SUP: 1395
27 #SUP: 2165
28 #SUP: 1454
31 #SUP: 1666
32 #SUP: 4248
33 #SUP: 1460
35 #SUP: 1984
37 #SUP: 1249
38 #SUP: 2402
39 #SUP: 4258
41 #SUP: 1353
43 #SUP: 1721
44 #SUP: 903
45 #SUP: 1728
48 #SUP: 2472
51 #SUP: 1612
52 #SUP: 1983
54 #SUP: 2595
55 #SUP: 1959
57 #SUP: 2743
58 #SUP: 1330
66 #SUP: 888
68 #SUP: 1601
69 #SUP: 2370
70 #SUP: 2411
71 #SUP: 3507
72 #SUP: 2852
73 #SUP: 2179
75 #SUP: 3151
78 #SUP: 2471
80 #SUP: 826
85 #SUP: 1555
90 #SUP: 1875
93 #SUP: 2777
94 #SUP: 1201
95 #SUP: 841
96 #SUP: 975
97 #SUP: 1466
100 #SUP: 1749
104 #SUP: 1158
105 #SUP: 1100
108 #SUP: 940
110 #SUP: 1801
111 #SUP: 1171
112 #SUP: 2680
114 #SUP: 816
115 #SUP: 1775
116 #SUP: 2193
118 #SUP: 916
120 #SUP: 4973
122 #SUP: 1081
125 #SUP: 1287
126 #SUP: 1075
129 #SUP: 1547
130 #SUP: 1711
132 #SUP: 2641
140 #SUP: 2687
143 #SUP: 1417
145 #SUP: 4559
147 #SUP: 1383
151 #SUP: 2611
154 #SUP: 1447
157 #SUP: 1140
158 #SUP: 884
160 #SUP: 987
161 #SUP: 2320
162 #SUP: 1450
163 #SUP: 1256
168 #SUP: 1538
170 #SUP: 1203
171 #SUP: 1097
173 #SUP: 1080
175 #SUP: 2791
177 #SUP: 4629
181 #SUP: 1235
183 #SUP: 3883
185 #SUP: 1529
187 #SUP: 759
192 #SUP: 2004
193 #SUP: 925
196 #SUP: 2096
197 #SUP: 1230
198 #SUP: 1461
201 #SUP: 1029
203 #SUP: 861
204 #SUP: 2174
205 #SUP: 3605
207 #SUP: 1214
208 #SUP: 1483
210 #SUP: 2009
212 #SUP: 778
214 #SUP: 1893
215 #SUP: 781
217 #SUP: 5375
224 #SUP: 919
227 #SUP: 1818
229 #SUP: 2281
234 #SUP: 1416
236 #SUP: 2618
239 #SUP: 2742
240 #SUP: 1399
241 #SUP: 784
242 #SUP: 2325
252 #SUP: 781
256 #SUP: 785
258 #SUP: 1036
259 #SUP: 1522
265 #SUP: 1359
266 #SUP: 1022
268 #SUP: 885
274 #SUP: 2628
275 #SUP: 1692
276 #SUP: 2479
277 #SUP: 982
279 #SUP: 3014
280 #SUP: 2108
283 #SUP: 4082
285 #SUP: 2600
290 #SUP: 1793
294 #SUP: 1445
296 #SUP: 2210
298 #SUP: 778
304 #SUP: 805
308 #SUP: 1402
309 #SUP: 1262
310 #SUP: 1390
314 #SUP: 846
318 #SUP: 812
319 #SUP: 1371
322 #SUP: 1154
325 #SUP: 1022
326 #SUP: 1488
329 #SUP: 964
332 #SUP: 1861
334 #SUP: 2146
335 #SUP: 1345
336 #SUP: 1071
343 #SUP: 1599
345 #SUP: 801
346 #SUP: 3470
347 #SUP: 885
348 #SUP: 1226
349 #SUP: 2041
350 #SUP: 3069
351 #SUP: 1641
352 #SUP: 902
354 #SUP: 5835
355 #SUP: 958
357 #SUP: 1142
361 #SUP: 1104
362 #SUP: 4388
366 #SUP: 1031
368 #SUP: 7828
373 #SUP: 2007
377 #SUP: 1149
378 #SUP: 1149
381 #SUP: 2959
385 #SUP: 1676
387 #SUP: 2089
388 #SUP: 938
390 #SUP: 2685
392 #SUP: 2420
394 #SUP: 1145
395 #SUP: 990
401 #SUP: 3667
403 #SUP: 1722
405 #SUP: 1525
406 #SUP: 785
411 #SUP: 2047
413 #SUP: 2637
414 #SUP: 1160
415 #SUP: 877
417 #SUP: 971
419 #SUP: 5057
422 #SUP: 1255
423 #SUP: 1412
424 #SUP: 1448
427 #SUP: 1856
428 #SUP: 1021
429 #SUP: 1037
432 #SUP: 985
438 #SUP: 4511
440 #SUP: 1943
447 #SUP: 863
448 #SUP: 1370
449 #SUP: 1890
450 #SUP: 2082
456 #SUP: 804
458 #SUP: 1124
460 #SUP: 4438
461 #SUP: 1498
464 #SUP: 848
468 #SUP: 1089
469 #SUP: 1502
470 #SUP: 4137
471 #SUP: 2894
472 #SUP: 2125
474 #SUP: 815
477 #SUP: 2462
480 #SUP: 2309
481 #SUP: 888
484 #SUP: 971
486 #SUP: 1547
487 #SUP: 3135
489 #SUP: 3420
490 #SUP: 1066
494 #SUP: 5102
496 #SUP: 1428
500 #SUP: 1444
504 #SUP: 1296
505 #SUP: 791
507 #SUP: 950
509 #SUP: 3044
510 #SUP: 3281
511 #SUP: 1015
513 #SUP: 1287
515 #SUP: 1166
516 #SUP: 1544
517 #SUP: 1201
518 #SUP: 759
521 #SUP: 1582
522 #SUP: 2725
523 #SUP: 2244
526 #SUP: 2793
527 #SUP: 1185
529 #SUP: 7057
530 #SUP: 1263
533 #SUP: 772
534 #SUP: 1531
538 #SUP: 3982
540 #SUP: 1293
541 #SUP: 3735
544 #SUP: 773
546 #SUP: 1050
548 #SUP: 2843
550 #SUP: 1203
554 #SUP: 1114
558 #SUP: 957
561 #SUP: 2783
563 #SUP: 1065
567 #SUP: 1102
568 #SUP: 956
569 #SUP: 2835
571 #SUP: 2902
572 #SUP: 1589
573 #SUP: 1229
574 #SUP: 1297
576 #SUP: 1337
577 #SUP: 1695
578 #SUP: 1290
579 #SUP: 2164
580 #SUP: 1667
581 #SUP: 2943
583 #SUP: 1389
585 #SUP: 856
590 #SUP: 814
591 #SUP: 1241
593 #SUP: 2601
594 #SUP: 1516
595 #SUP: 797
597 #SUP: 2883
598 #SUP: 3219
600 #SUP: 1192
605 #SUP: 1652
606 #SUP: 2668
608 #SUP: 999
611 #SUP: 1444
614 #SUP: 3134
617 #SUP: 2614
618 #SUP: 1337
620 #SUP: 2100
622 #SUP: 826
623 #SUP: 1845
624 #SUP: 915
626 #SUP: 874
628 #SUP: 1102
629 #SUP: 893
630 #SUP: 1523
631 #SUP: 2793
632 #SUP: 1070
633 #SUP: 780
634 #SUP: 2492
638 #SUP: 2288
639 #SUP: 1572
640 #SUP: 932
641 #SUP: 1494
642 #SUP: 830
649 #SUP: 1292
651 #SUP: 1288
653 #SUP: 2634
658 #SUP: 1881
659 #SUP: 835
661 #SUP: 2693
663 #SUP: 2354
665 #SUP: 1297
673 #SUP: 1635
674 #SUP: 2527
675 #SUP: 2976
676 #SUP: 2717
678 #SUP: 1329
682 #SUP: 4132
684 #SUP: 5408
686 #SUP: 1495
687 #SUP: 1762
688 #SUP: 1132
689 #SUP: 817
690 #SUP: 778
692 #SUP: 4993
694 #SUP: 2847
701 #SUP: 1283
704 #SUP: 1794
705 #SUP: 888
706 #SUP: 1923
707 #SUP: 1354
708 #SUP: 1090
710 #SUP: 1044
712 #SUP: 845
716 #SUP: 1199
718 #SUP: 1238
720 #SUP: 3864
722 #SUP: 5845
723 #SUP: 829
732 #SUP: 799
733 #SUP: 1141
735 #SUP: 1689
736 #SUP: 1470
738 #SUP: 2129
740 #SUP: 1632
742 #SUP: 953
744 #SUP: 2177
745 #SUP: 909
746 #SUP: 1982
749 #SUP: 1330
752 #SUP: 2578
758 #SUP: 2860
759 #SUP: 788
762 #SUP: 792
763 #SUP: 1862
765 #SUP: 1705
766 #SUP: 6265
769 #SUP: 1622
774 #SUP: 2046
775 #SUP: 3771
778 #SUP: 2514
780 #SUP: 2306
782 #SUP: 2767
784 #SUP: 1257
785 #SUP: 947
788 #SUP: 2386
789 #SUP: 4309
790 #SUP: 1094
792 #SUP: 1306
793 #SUP: 3063
795 #SUP: 3361
797 #SUP: 2684
798 #SUP: 3103
800 #SUP: 1916
801 #SUP: 835
803 #SUP: 2237
804 #SUP: 1315
805 #SUP: 1789
809 #SUP: 2163
810 #SUP: 1267
812 #SUP: 1518
814 #SUP: 1672
815 #SUP: 1358
819 #SUP: 1257
820 #SUP: 1473
823 #SUP: 1031
825 #SUP: 3085
826 #SUP: 2022
829 #SUP: 6810
830 #SUP: 841
831 #SUP: 852
832 #SUP: 2062
834 #SUP: 1373
838 #SUP: 953
839 #SUP: 854
841 #SUP: 1927
842 #SUP: 752
843 #SUP: 1222
844 #SUP: 2814
846 #SUP: 1480
853 #SUP: 1804
854 #SUP: 2847
855 #SUP: 939
857 #SUP: 1588
858 #SUP: 866
859 #SUP: 1242
860 #SUP: 1255
862 #SUP: 3649
867 #SUP: 1530
871 #SUP: 2810
874 #SUP: 2237
878 #SUP: 2047
879 #SUP: 865
883 #SUP: 4902
884 #SUP: 1645
885 #SUP: 3043
886 #SUP: 3053
887 #SUP: 1671
888 #SUP: 3686
890 #SUP: 1437
893 #SUP: 1947
895 #SUP: 3385
897 #SUP: 1935
899 #SUP: 1252
900 #SUP: 1165
906 #SUP: 1444
910 #SUP: 1695
912 #SUP: 1009
913 #SUP: 1939
914 #SUP: 4037
918 #SUP: 3012
919 #SUP: 3710
921 #SUP: 2425
922 #SUP: 990
923 #SUP: 1753
928 #SUP: 1034
932 #SUP: 1786
935 #SUP: 1742
937 #SUP: 4681
938 #SUP: 766
941 #SUP: 1126
943 #SUP: 821
944 #SUP: 2794
946 #SUP: 1350
947 #SUP: 3690
948 #SUP: 1149
949 #SUP: 1414
950 #SUP: 1463
952 #SUP: 1574
956 #SUP: 3626
960 #SUP: 2732
963 #SUP: 1327
964 #SUP: 1518
966 #SUP: 3921
967 #SUP: 1695
969 #SUP: 849
970 #SUP: 2086
975 #SUP: 1764
978 #SUP: 1141
980 #SUP: 899
981 #SUP: 1542
982 #SUP: 1640
984 #SUP: 1756
988 #SUP: 1164
989 #SUP: 1289
991 #SUP: 1268
992 #SUP: 1116
995 #SUP: 1521
998 #SUP: 2713
6 676 #SUP: 769
12 132 #SUP: 785
21 413 #SUP: 756
21 793 #SUP: 765
33 217 #SUP: 852
33 283 #SUP: 845
33 346 #SUP: 844
33 515 #SUP: 824
39 704 #SUP: 1107
39 825 #SUP: 1187
57 937 #SUP: 782
69 362 #SUP: 757
70 684 #SUP: 860
70 765 #SUP: 789
70 819 #SUP: 798
72 541 #SUP: 846
75 438 #SUP: 772
75 684 #SUP: 797
75 775 #SUP: 787
192 935 #SUP: 775
208 290 #SUP: 803
208 458 #SUP: 796
208 888 #SUP: 829
208 969 #SUP: 806
214 354 #SUP: 775
217 283 #SUP: 926
217 346 #SUP: 1336
217 515 #SUP: 843
227 390 #SUP: 1049
227 722 #SUP: 995
283 346 #SUP: 910
283 515 #SUP: 835
290 458 #SUP: 786
290 888 #SUP: 826
290 969 #SUP: 797
346 515 #SUP: 849
368 494 #SUP: 860
368 682 #SUP: 1193
368 692 #SUP: 928
368 829 #SUP: 1194
390 722 #SUP: 1042
392 489 #SUP: 866
392 862 #SUP: 881
411 803 #SUP: 826
413 793 #SUP: 766
438 684 #SUP: 825
458 888 #SUP: 796
458 969 #SUP: 788
470 534 #SUP: 764
470 995 #SUP: 754
471 678 #SUP: 810
471 960 #SUP: 935
496 626 #SUP: 761
529 598 #SUP: 943
529 782 #SUP: 862
534 995 #SUP: 750
538 878 #SUP: 767
571 623 #SUP: 783
571 795 #SUP: 838
571 853 #SUP: 793
598 782 #SUP: 800
623 795 #SUP: 805
623 853 #SUP: 791
675 886 #SUP: 823
684 765 #SUP: 812
684 819 #SUP: 800
704 825 #SUP: 1102
765 819 #SUP: 787
789 829 #SUP: 1194
795 853 #SUP: 806
888 969 #SUP: 810
923 947 #SUP: 859
33 217 283 #SUP: 793
33 217 346 #SUP: 802
33 217 515 #SUP: 789
33 283 346 #SUP: 802
33 283 515 #SUP: 786
33 346 515 #SUP: 797
39 704 825 #SUP: 1035
208 290 458 #SUP: 751
208 290 888 #SUP: 764
208 290 969 #SUP: 764
208 458 888 #SUP: 757
208 458 969 #SUP: 755
208 888 969 #SUP: 771
217 283 346 #SUP: 827
217 283 515 #SUP: 799
217 346 515 #SUP: 809
227 390 722 #SUP: 907
283 346 515 #SUP: 806
290 458 888 #SUP: 750
290 888 969 #SUP: 765
458 888 969 #SUP: 756
33 217 283 346 #SUP: 766
33 217 283 515 #SUP: 755
33 217 346 515 #SUP: 764
33 283 346 515 #SUP: 763
217 283 346 515 #SUP: 773
