1 #SUP: 1535
6 #SUP: 2149
8 #SUP: 3090
12 #SUP: 3415
17 #SUP: 1683
21 #SUP: 2666
27 #SUP: 2165
31 #SUP: 1666
32 #SUP: 4248
35 #SUP: 1984
38 #SUP: 2402
39 #SUP: 4258
43 #SUP: 1721
45 #SUP: 1728
48 #SUP: 2472
51 #SUP: 1612
52 #SUP: 1983
54 #SUP: 2595
55 #SUP: 1959
57 #SUP: 2743
68 #SUP: 1601
69 #SUP: 2370
70 #SUP: 2411
71 #SUP: 3507
72 #SUP: 2852
73 #SUP: 2179
75 #SUP: 3151
78 #SUP: 2471
85 #SUP: 1555
90 #SUP: 1875
93 #SUP: 2777
100 #SUP: 1749
110 #SUP: 1801
112 #SUP: 2680
115 #SUP: 1775
116 #SUP: 2193
120 #SUP: 4973
129 #SUP: 1547
130 #SUP: 1711
132 #SUP: 2641
140 #SUP: 2687
145 #SUP: 4559
151 #SUP: 2611
161 #SUP: 2320
168 #SUP: 1538
175 #SUP: 2791
177 #SUP: 4629
183 #SUP: 3883
185 #SUP: 1529
192 #SUP: 2004
196 #SUP: 2096
204 #SUP: 2174
205 #SUP: 3605
210 #SUP: 2009
214 #SUP: 1893
217 #SUP: 5375
227 #SUP: 1818
229 #SUP: 2281
236 #SUP: 2618
239 #SUP: 2742
242 #SUP: 2325
259 #SUP: 1522
274 #SUP: 2628
275 #SUP: 1692
276 #SUP: 2479
279 #SUP: 3014
280 #SUP: 2108
283 #SUP: 4082
285 #SUP: 2600
290 #SUP: 1793
296 #SUP: 2210
332 #SUP: 1861
334 #SUP: 2146
343 #SUP: 1599
346 #SUP: 3470
349 #SUP: 2041
350 #SUP: 3069
351 #SUP: 1641
354 #SUP: 5835
362 #SUP: 4388
368 #SUP: 7828
373 #SUP: 2007
381 #SUP: 2959
385 #SUP: 1676
387 #SUP: 2089
390 #SUP: 2685
392 #SUP: 2420
401 #SUP: 3667
403 #SUP: 1722
405 #SUP: 1525
411 #SUP: 2047
413 #SUP: 2637
419 #SUP: 5057
427 #SUP: 1856
438 #SUP: 4511
440 #SUP: 1943
449 #SUP: 1890
450 #SUP: 2082
460 #SUP: 4438
469 #SUP: 1502
470 #SUP: 4137
471 #SUP: 2894
472 #SUP: 2125
477 #SUP: 2462
480 #SUP: 2309
486 #SUP: 1547
487 #SUP: 3135
489 #SUP: 3420
494 #SUP: 5102
509 #SUP: 3044
510 #SUP: 3281
516 #SUP: 1544
521 #SUP: 1582
522 #SUP: 2725
523 #SUP: 2244
526 #SUP: 2793
529 #SUP: 7057
534 #SUP: 1531
538 #SUP: 3982
541 #SUP: 3735
548 #SUP: 2843
561 #SUP: 2783
569 #SUP: 2835
571 #SUP: 2902
572 #SUP: 1589
577 #SUP: 1695
579 #SUP: 2164
580 #SUP: 1667
581 #SUP: 2943
593 #SUP: 2601
594 #SUP: 1516
597 #SUP: 2883
598 #SUP: 3219
605 #SUP: 1652
606 #SUP: 2668
614 #SUP: 3134
617 #SUP: 2614
620 #SUP: 2100
623 #SUP: 1845
630 #SUP: 1523
631 #SUP: 2793
634 #SUP: 2492
638 #SUP: 2288
639 #SUP: 1572
653 #SUP: 2634
658 #SUP: 1881
661 #SUP: 2693
663 #SUP: 2354
673 #SUP: 1635
674 #SUP: 2527
675 #SUP: 2976
676 #SUP: 2717
682 #SUP: 4132
684 #SUP: 5408
687 #SUP: 1762
692 #SUP: 4993
694 #SUP: 2847
704 #SUP: 1794
706 #SUP: 1923
720 #SUP: 3864
722 #SUP: 5845
735 #SUP: 1689
738 #SUP: 2129
740 #SUP: 1632
744 #SUP: 2177
746 #SUP: 1982
752 #SUP: 2578
758 #SUP: 2860
763 #SUP: 1862
765 #SUP: 1705
766 #SUP: 6265
769 #SUP: 1622
774 #SUP: 2046
775 #SUP: 3771
778 #SUP: 2514
780 #SUP: 2306
782 #SUP: 2767
788 #SUP: 2386
789 #SUP: 4309
793 #SUP: 3063
795 #SUP: 3361
797 #SUP: 2684
798 #SUP: 3103
800 #SUP: 1916
803 #SUP: 2237
805 #SUP: 1789
809 #SUP: 2163
812 #SUP: 1518
814 #SUP: 1672
825 #SUP: 3085
826 #SUP: 2022
829 #SUP: 6810
832 #SUP: 2062
841 #SUP: 1927
844 #SUP: 2814
853 #SUP: 1804
854 #SUP: 2847
857 #SUP: 1588
862 #SUP: 3649
867 #SUP: 1530
871 #SUP: 2810
874 #SUP: 2237
878 #SUP: 2047
883 #SUP: 4902
884 #SUP: 1645
885 #SUP: 3043
886 #SUP: 3053
887 #SUP: 1671
888 #SUP: 3686
893 #SUP: 1947
895 #SUP: 3385
897 #SUP: 1935
910 #SUP: 1695
913 #SUP: 1939
914 #SUP: 4037
918 #SUP: 3012
919 #SUP: 3710
921 #SUP: 2425
923 #SUP: 1753
932 #SUP: 1786
935 #SUP: 1742
937 #SUP: 4681
944 #SUP: 2794
947 #SUP: 3690
952 #SUP: 1574
956 #SUP: 3626
960 #SUP: 2732
964 #SUP: 1518
966 #SUP: 3921
967 #SUP: 1695
970 #SUP: 2086
975 #SUP: 1764
981 #SUP: 1542
982 #SUP: 1640
984 #SUP: 1756
995 #SUP: 1521
998 #SUP: 2713
